Archive member included because of file (symbol)

c:/altera/12.1/nios2eds/bin/gnu/h-i686-mingw32/bin/../lib/gcc/nios2-elf/4.1.2/../../../../nios2-elf/lib/mno-hw-mul\libstdc++.a(eh_personality.o)
                              obj/default/COMM_CarProtocol/ADCInfoMessage.o (__gxx_personality_sj0)
c:/altera/12.1/nios2eds/bin/gnu/h-i686-mingw32/bin/../lib/gcc/nios2-elf/4.1.2/../../../../nios2-elf/lib/mno-hw-mul\libstdc++.a(eh_exception.o)
                              c:/altera/12.1/nios2eds/bin/gnu/h-i686-mingw32/bin/../lib/gcc/nios2-elf/4.1.2/../../../../nios2-elf/lib/mno-hw-mul\libstdc++.a(eh_personality.o) (vtable for std::bad_exception)
c:/altera/12.1/nios2eds/bin/gnu/h-i686-mingw32/bin/../lib/gcc/nios2-elf/4.1.2/../../../../nios2-elf/lib/mno-hw-mul\libstdc++.a(del_op.o)
                              obj/default/COMM_CarProtocol/ADCInfoMessage.o (operator delete(void*))
c:/altera/12.1/nios2eds/bin/gnu/h-i686-mingw32/bin/../lib/gcc/nios2-elf/4.1.2/../../../../nios2-elf/lib/mno-hw-mul\libstdc++.a(eh_call.o)
                              c:/altera/12.1/nios2eds/bin/gnu/h-i686-mingw32/bin/../lib/gcc/nios2-elf/4.1.2/../../../../nios2-elf/lib/mno-hw-mul\libstdc++.a(eh_personality.o) (__cxa_call_terminate)
c:/altera/12.1/nios2eds/bin/gnu/h-i686-mingw32/bin/../lib/gcc/nios2-elf/4.1.2/../../../../nios2-elf/lib/mno-hw-mul\libstdc++.a(class_type_info.o)
                              obj/default/COMM_CarProtocol/CarMessage.o (vtable for __cxxabiv1::__class_type_info)
c:/altera/12.1/nios2eds/bin/gnu/h-i686-mingw32/bin/../lib/gcc/nios2-elf/4.1.2/../../../../nios2-elf/lib/mno-hw-mul\libstdc++.a(new_op.o)
                              obj/default/COMM_CarProtocol/CarProtocol.o (operator new(unsigned long))
c:/altera/12.1/nios2eds/bin/gnu/h-i686-mingw32/bin/../lib/gcc/nios2-elf/4.1.2/../../../../nios2-elf/lib/mno-hw-mul\libstdc++.a(si_class_type_info.o)
                              obj/default/COMM_CarProtocol/ADCInfoMessage.o (vtable for __cxxabiv1::__si_class_type_info)
c:/altera/12.1/nios2eds/bin/gnu/h-i686-mingw32/bin/../lib/gcc/nios2-elf/4.1.2/../../../../nios2-elf/lib/mno-hw-mul\libstdc++.a(eh_alloc.o)
                              c:/altera/12.1/nios2eds/bin/gnu/h-i686-mingw32/bin/../lib/gcc/nios2-elf/4.1.2/../../../../nios2-elf/lib/mno-hw-mul\libstdc++.a(eh_personality.o) (__cxa_allocate_exception)
c:/altera/12.1/nios2eds/bin/gnu/h-i686-mingw32/bin/../lib/gcc/nios2-elf/4.1.2/../../../../nios2-elf/lib/mno-hw-mul\libstdc++.a(tinfo.o)
                              c:/altera/12.1/nios2eds/bin/gnu/h-i686-mingw32/bin/../lib/gcc/nios2-elf/4.1.2/../../../../nios2-elf/lib/mno-hw-mul\libstdc++.a(class_type_info.o) (std::type_info::__is_pointer_p() const)
c:/altera/12.1/nios2eds/bin/gnu/h-i686-mingw32/bin/../lib/gcc/nios2-elf/4.1.2/../../../../nios2-elf/lib/mno-hw-mul\libstdc++.a(eh_throw.o)
                              c:/altera/12.1/nios2eds/bin/gnu/h-i686-mingw32/bin/../lib/gcc/nios2-elf/4.1.2/../../../../nios2-elf/lib/mno-hw-mul\libstdc++.a(eh_personality.o) (__cxa_rethrow)
c:/altera/12.1/nios2eds/bin/gnu/h-i686-mingw32/bin/../lib/gcc/nios2-elf/4.1.2/../../../../nios2-elf/lib/mno-hw-mul\libstdc++.a(eh_terminate.o)
                              c:/altera/12.1/nios2eds/bin/gnu/h-i686-mingw32/bin/../lib/gcc/nios2-elf/4.1.2/../../../../nios2-elf/lib/mno-hw-mul\libstdc++.a(eh_personality.o) (__cxxabiv1::__terminate(void (*)()))
c:/altera/12.1/nios2eds/bin/gnu/h-i686-mingw32/bin/../lib/gcc/nios2-elf/4.1.2/../../../../nios2-elf/lib/mno-hw-mul\libstdc++.a(eh_globals.o)
                              c:/altera/12.1/nios2eds/bin/gnu/h-i686-mingw32/bin/../lib/gcc/nios2-elf/4.1.2/../../../../nios2-elf/lib/mno-hw-mul\libstdc++.a(eh_personality.o) (__cxa_get_globals_fast)
c:/altera/12.1/nios2eds/bin/gnu/h-i686-mingw32/bin/../lib/gcc/nios2-elf/4.1.2/../../../../nios2-elf/lib/mno-hw-mul\libstdc++.a(eh_unex_handler.o)
                              c:/altera/12.1/nios2eds/bin/gnu/h-i686-mingw32/bin/../lib/gcc/nios2-elf/4.1.2/../../../../nios2-elf/lib/mno-hw-mul\libstdc++.a(eh_throw.o) (__cxxabiv1::__unexpected_handler)
c:/altera/12.1/nios2eds/bin/gnu/h-i686-mingw32/bin/../lib/gcc/nios2-elf/4.1.2/../../../../nios2-elf/lib/mno-hw-mul\libstdc++.a(new_handler.o)
                              c:/altera/12.1/nios2eds/bin/gnu/h-i686-mingw32/bin/../lib/gcc/nios2-elf/4.1.2/../../../../nios2-elf/lib/mno-hw-mul\libstdc++.a(new_op.o) (__new_handler)
c:/altera/12.1/nios2eds/bin/gnu/h-i686-mingw32/bin/../lib/gcc/nios2-elf/4.1.2/../../../../nios2-elf/lib/mno-hw-mul\libstdc++.a(eh_catch.o)
                              c:/altera/12.1/nios2eds/bin/gnu/h-i686-mingw32/bin/../lib/gcc/nios2-elf/4.1.2/../../../../nios2-elf/lib/mno-hw-mul\libstdc++.a(eh_personality.o) (__cxa_end_catch)
c:/altera/12.1/nios2eds/bin/gnu/h-i686-mingw32/bin/../lib/gcc/nios2-elf/4.1.2/../../../../nios2-elf/lib/mno-hw-mul\libstdc++.a(eh_term_handler.o)
[...]
Memory Configuration

Name             Origin             Length             Attributes
com_memory_BEFORE_RESET 0x04000000         0x00005000
reset            0x04005000         0x00000020
com_memory       0x04005020         0x03ffafe0
ethernet_subsystem_descriptor_memory 0x08000000         0x00002000
shared_memory    0x08002000         0x00001000
com_ocmemory     0x08004000         0x00000c00
*default*        0x00000000         0xffffffff

Linker script and memory map

LOAD ../Car2X_communication_bsp//obj/HAL/src/crt0.o
LOAD obj/default/alt_error_handler.o
LOAD obj/default/main.o
LOAD obj/default/network_utilities.o
LOAD obj/default/tse_my_system.o
LOAD obj/default/COMM_CarProtocol/ADCInfoMessage.o
LOAD obj/default/COMM_CarProtocol/ADCValuesMessage.o
LOAD obj/default/COMM_CarProtocol/AccelerationValuesMessage.o
LOAD obj/default/COMM_CarProtocol/CarMessage.o
LOAD obj/default/COMM_CarProtocol/CarProtocol.o
LOAD obj/default/COMM_CarProtocol/MotorMeasurementMessage.o
LOAD obj/default/COMM_CarProtocol/MotorVelocityMessage.o
LOAD obj/default/COMM_CarProtocol/UltrasoundDistanceMessage.o
LOAD obj/default/COMM_CarProtocol/WelcomeMessage.o
LOAD obj/default/CarMessages/CControlMessage.o
LOAD obj/default/CarMessages/CEmergencyBrakeMessage.o
LOAD obj/default/etc/utility.o
LOAD obj/default/external_drivers/accelerometer_interface.o
LOAD obj/default/external_drivers/adc_interface.o
LOAD obj/default/external_drivers/ultrasound_interface.o
LOAD obj/default/sensors/ADCSensor.o
LOAD obj/default/sensors/AccelerationSensor.o
LOAD obj/default/sensors/SensorState.o
LOAD obj/default/sensors/UltrasoundSensor.o
LOAD obj/default/socketserver.o
LOAD obj/default/terasic_lib/I2C.o
LOAD obj/default/terasic_lib/accelerometer_adxl345_spi.o
LOAD obj/default/terasic_lib/adc_spi_read.o
LOAD obj/default/terasic_lib/terasic_spi.o
LOAD c:/altera/12.1/nios2eds/bin/gnu/h-i686-mingw32/bin/../lib/gcc/nios2-elf/4.1.2/../../../../nios2-elf/lib/mno-hw-mul\libstdc++.a
LOAD c:/altera/12.1/nios2eds/bin/gnu/h-i686-mingw32/bin/../lib/gcc/nios2-elf/4.1.2/../../../../nios2-elf/lib/mno-hw-mul\libm.a
LOAD c:/altera/12.1/nios2eds/bin/gnu/h-i686-mingw32/bin/../lib/gcc/nios2-elf/4.1.2/mno-hw-mul\libgcc.a
START GROUP
LOAD c:/altera/12.1/nios2eds/bin/gnu/h-i686-mingw32/bin/../lib/gcc/nios2-elf/4.1.2/../../../../nios2-elf/lib/mno-hw-mul\libc.a
LOAD c:/altera/12.1/nios2eds/bin/gnu/h-i686-mingw32/bin/../lib/gcc/nios2-elf/4.1.2/mno-hw-mul\libgcc.a
LOAD ../Car2X_communication_bsp/\libucosii_bsp.a
END GROUP
LOAD c:/altera/12.1/nios2eds/bin/gnu/h-i686-mingw32/bin/../lib/gcc/nios2-elf/4.1.2/mno-hw-mul\libgcc.a
                0x04000000                __alt_mem_com_memory = 0x4000000
                0x08000000                __alt_mem_ethernet_subsystem_descriptor_memory = 0x8000000
                0x08002000                __alt_mem_shared_memory = 0x8002000
                0x08004000                __alt_mem_com_ocmemory = 0x8004000

.entry          0x04005000       0x20
 *(.entry)
 .entry         0x04005000       0x20 ../Car2X_communication_bsp//obj/HAL/src/crt0.o
                0x04005000                __reset

.exceptions     0x04005020      0x19c
                0x04005020                PROVIDE (__ram_exceptions_start, ABSOLUTE (.))
                0x04005020                . = ALIGN (0x20)
 *(.irq)
 *(.exceptions.entry.label)
 .exceptions.entry.label
                0x04005020        0x0 ../Car2X_communication_bsp/\libucosii_bsp.a(alt_irq_entry.o)
                0x04005020                alt_irq_entry
 .exceptions.entry.label
                0x04005020        0x0 ../Car2X_communication_bsp/\libucosii_bsp.a(alt_exception_entry.o)
                0x04005020                alt_exception
 *(.exceptions.entry.user)
 *(.exceptions.entry)
 .exceptions.entry
                0x04005020       0x54 ../Car2X_communication_bsp/\libucosii_bsp.a(alt_exception_entry.o)
 *(.exceptions.irqtest.user)
 *(.exceptions.irqtest)
 .exceptions.irqtest
                0x04005074       0x10 ../Car2X_communication_bsp/\libucosii_bsp.a(alt_irq_entry.o)
 *(.exceptions.irqhandler.user)
 *(.exceptions.irqhandler)
 .exceptions.irqhandler
                0x04005084        0x4 ../Car2X_communication_bsp/\libucosii_bsp.a(alt_irq_entry.o)
 *(.exceptions.irqreturn.user)
 *(.exceptions.irqreturn)
 .exceptions.irqreturn
                0x04005088        0x4 ../Car2X_communication_bsp/\libucosii_bsp.a(alt_irq_entry.o)
 *(.exceptions.notirq.label)
 .exceptions.notirq.label
                0x0400508c        0x0 ../Car2X_communication_bsp/\libucosii_bsp.a(alt_irq_entry.o)
 *(.exceptions.notirq.user)
 *(.exceptions.notirq)
 .exceptions.notirq
                0x0400508c        0x8 ../Car2X_communication_bsp/\libucosii_bsp.a(alt_exception_entry.o)
 *(.exceptions.soft.user)
 *(.exceptions.soft)
 *(.exceptions.unknown.user)
 *(.exceptions.unknown)
 .exceptions.unknown
                0x04005094        0x4 ../Car2X_communication_bsp/\libucosii_bsp.a(alt_exception_entry.o)
 *(.exceptions.exit.label)
 .exceptions.exit.label
                0x04005098        0x0 ../Car2X_communication_bsp/\libucosii_bsp.a(alt_irq_entry.o)
 .exceptions.exit.label
                0x04005098        0x0 ../Car2X_communication_bsp/\libucosii_bsp.a(alt_exception_entry.o)
 *(.exceptions.exit.user)
 *(.exceptions.exit)
 .exceptions.exit
                0x04005098       0x54 ../Car2X_communication_bsp/\libucosii_bsp.a(alt_exception_entry.o)
 *(.exceptions)
 .exceptions    0x040050ec       0xd0 ../Car2X_communication_bsp/\libucosii_bsp.a(alt_irq_handler.o)
                0x040050ec                alt_irq_handler
                0x040051bc                PROVIDE (__ram_exceptions_end, ABSOLUTE (.))
                0x04005020                PROVIDE (__flash_exceptions_start, LOADADDR (.exceptions))

.text           0x040051bc    0x4f07c
                0x040051bc                PROVIDE (stext, ABSOLUTE (.))
 *(.interp)
 *(.hash)
 *(.dynsym)
 *(.dynstr)
 *(.gnu.version)
 *(.gnu.version_d)
 *(.gnu.version_r)
 *(.rel.init)
 *(.rela.init)
 *(.rel.text .rel.text.* .rel.gnu.linkonce.t.*)
 *(.rela.text .rela.text.* .rela.gnu.linkonce.t.*)
 *(.rel.fini)
 *(.rela.fini)
 *(.rel.rodata .rel.rodata.* .rel.gnu.linkonce.r.*)
 *(.rela.rodata .rela.rodata.* .rela.gnu.linkonce.r.*)
 *(.rel.data .rel.data.* .rel.gnu.linkonce.d.*)
 *(.rela.data .rela.data.* .rela.gnu.linkonce.d.*)
 *(.rel.tdata .rel.tdata.* .rel.gnu.linkonce.td.*)
 *(.rela.tdata .rela.tdata.* .rela.gnu.linkonce.td.*)
 *(.rel.tbss .rel.tbss.* .rel.gnu.linkonce.tb.*)
 *(.rela.tbss .rela.tbss.* .rela.gnu.linkonce.tb.*)
 *(.rel.ctors)
 *(.rela.ctors)
 *(.rel.dtors)
 *(.rela.dtors)
 *(.rel.got)
 *(.rela.got)
 *(.rel.sdata .rel.sdata.* .rel.gnu.linkonce.s.*)
 *(.rela.sdata .rela.sdata.* .rela.gnu.linkonce.s.*)
 *(.rel.sbss .rel.sbss.* .rel.gnu.linkonce.sb.*)
 *(.rela.sbss .rela.sbss.* .rela.gnu.linkonce.sb.*)
 *(.rel.sdata2 .rel.sdata2.* .rel.gnu.linkonce.s2.*)
 *(.rela.sdata2 .rela.sdata2.* .rela.gnu.linkonce.s2.*)
 *(.rel.sbss2 .rel.sbss2.* .rel.gnu.linkonce.sb2.*)
 *(.rela.sbss2 .rela.sbss2.* .rela.gnu.linkonce.sb2.*)
 *(.rel.bss .rel.bss.* .rel.gnu.linkonce.b.*)
 *(.rela.bss .rela.bss.* .rela.gnu.linkonce.b.*)
 *(.rel.plt)
 *(.rela.plt)
 *(.rel.dyn)
 *(.init)
 *(.plt)
 *(.text .stub .text.* .gnu.linkonce.t.*)
 .text          0x040051bc       0x3c ../Car2X_communication_bsp//obj/HAL/src/crt0.o
                0x040051bc                _start
 .text          0x040051f8      0xba8 obj/default/alt_error_handler.o
                0x040051f8                alt_uCOSIIErrorHandler
                0x0400581c                alt_NetworkErrorHandler
                0x04005ab4                alt_SSSErrorHandler
 .text          0x04005da0       0xec obj/default/main.o
                0x04005da0                SSSInitialTask
                0x04005e10                main
 .text          0x04005e8c      0x604 obj/default/network_utilities.o
                0x04005e8c                get_mac_addr
                0x04005ee4                get_ip_addr
                0x040060b0                get_serial_number
                0x04006290                generate_and_store_mac_addr
                0x040062bc                generate_mac_addr
                0x040063f8                get_board_mac_addr
                0x04006468                FindLastFlashSectorOffset
 .text          0x04006490        0x0 obj/default/tse_my_system.o
 .text          0x04006490      0xb90 obj/default/COMM_CarProtocol/ADCInfoMessage.o
                0x04006490                CADCInfoMessage::doAction()
                0x040064b0                CADCInfoMessage::answerMessage(unsigned char, unsigned char*, unsigned char*)
                0x04006628                CADCInfoMessage::getLength()
                0x0400664c                CADCInfoMessage::parseMessage(unsigned char*, int)
                0x040067dc                CADCInfoMessage::getBytes(unsigned char*)
                0x04006998                CADCInfoMessage::~CADCInfoMessage()
                0x040069f0                CADCInfoMessage::~CADCInfoMessage()
                0x04006a48                CADCInfoMessage::~CADCInfoMessage()
                0x04006aa0                CADCInfoMessage::CADCInfoMessage(unsigned char*, int)
                0x04006bfc                CADCInfoMessage::CADCInfoMessage(unsigned char*, int)
                0x04006d58                CADCInfoMessage::CADCInfoMessage(unsigned char*)
                0x04006ebc                CADCInfoMessage::CADCInfoMessage(unsigned char*)
 .text          0x04007020      0x914 obj/default/COMM_CarProtocol/ADCValuesMessage.o
                0x04007020                CADCValuesMessage::doAction()
                0x04007040                CADCValuesMessage::answerMessage(unsigned char*, unsigned short*)
                0x040070a4                CADCValuesMessage::getLength()
                0x040070c8                CADCValuesMessage::parseMessage(unsigned char*, int)
                0x040071a8                CADCValuesMessage::getBytes(unsigned char*)
                0x040072bc                CADCValuesMessage::~CADCValuesMessage()
                0x04007314                CADCValuesMessage::~CADCValuesMessage()
                0x0400736c                CADCValuesMessage::~CADCValuesMessage()
                0x040073c4                CADCValuesMessage::CADCValuesMessage(unsigned char*, int)
                0x04007520                CADCValuesMessage::CADCValuesMessage(unsigned char*, int)
                0x0400767c                CADCValuesMessage::CADCValuesMessage(unsigned char*)
                0x040077d8                CADCValuesMessage::CADCValuesMessage(unsigned char*)
 .text          0x04007934      0xa48 obj/default/COMM_CarProtocol/AccelerationValuesMessage.o
                0x04007934                CAccelerationValuesMessage::answerMessage(short, short, short, unsigned char)
                0x040079b0                CAccelerationValuesMessage::getLength()
                0x040079d4                CAccelerationValuesMessage::parseMessage(unsigned char*, int)
                0x04007acc                CAccelerationValuesMessage::getBytes(unsigned char*)
                0x04007c50                CAccelerationValuesMessage::doAction()
                0x04007d14                CAccelerationValuesMessage::~CAccelerationValuesMessage()
                0x04007d6c                CAccelerationValuesMessage::~CAccelerationValuesMessage()
                0x04007dc4                CAccelerationValuesMessage::~CAccelerationValuesMessage()
                0x04007e1c                CAccelerationValuesMessage::CAccelerationValuesMessage(unsigned char*, int)
                0x04007f78                CAccelerationValuesMessage::CAccelerationValuesMessage(unsigned char*, int)
                0x040080d4                CAccelerationValuesMessage::CAccelerationValuesMessage()
                0x04008228                CAccelerationValuesMessage::CAccelerationValuesMessage()
 .text          0x0400837c      0x614 obj/default/COMM_CarProtocol/CarMessage.o
                0x0400837c                CCarMessage::CCarMessage()
                0x040083b4                CCarMessage::CCarMessage()
                0x040083ec                CCarMessage::doAction()
                0x0400840c                CCarMessage::getBytes(unsigned char*)
                0x040084a8                CCarMessage::getLength()
                0x040084cc                CCarMessage::getType()
                0x040084f8                CCarMessage::getSubType()
                0x04008524                CCarMessage::isValid()
                0x04008550                CCarMessage::setHeader(unsigned char, unsigned char, bool)
                0x040085b4                CCarMessage::CCarMessage(unsigned char, unsigned char, bool)
                0x0400860c                CCarMessage::CCarMessage(unsigned char, unsigned char, bool)
                0x04008664                CCarMessage::setHeader(unsigned char, unsigned char, unsigned char, bool)
                0x040086d4                CCarMessage::parseHeader(unsigned char*, int)
                0x04008760                CCarMessage::CCarMessage(unsigned char*, int)
                0x040087b8                CCarMessage::CCarMessage(unsigned char*, int)
                0x04008810                CCarMessage::writeHeaderToBuffer(unsigned char*, int)
                0x040088a0                CCarMessage::~CCarMessage()
                0x040088f0                CCarMessage::~CCarMessage()
                0x04008940                CCarMessage::~CCarMessage()
 .text          0x04008990     0x1688 obj/default/COMM_CarProtocol/CarProtocol.o
                0x04008990                CCarProtocol::CCarProtocol(unsigned short, CCarMessage**, unsigned long)
                0x04008a50                CCarProtocol::CCarProtocol(unsigned short, CCarMessage**, unsigned long)
                0x04008b10                CCarProtocol::isValid()
                0x04008b3c                CCarProtocol::getLength()
                0x04008bec                CCarProtocol::getNthMessage(unsigned long)
                0x04008c4c                CCarProtocol::getMessageCount()
                0x04008c74                CCarProtocol::getBytes(unsigned char*)
                0x04008e80                CCarProtocol::~CCarProtocol()
                0x04008fa0                CCarProtocol::~CCarProtocol()
                0x040090c0                CCarProtocol::~CCarProtocol()
                0x040091e0                CCarProtocol::parsePacket(unsigned char*, int)
                0x04009f58                CCarProtocol::CCarProtocol(unsigned char*, int)
                0x04009fb8                CCarProtocol::CCarProtocol(unsigned char*, int)
 .text          0x0400a018      0x9e0 obj/default/COMM_CarProtocol/MotorMeasurementMessage.o
                0x0400a018                CMotorMeasurementMessage::doAction()
                0x0400a038                CMotorMeasurementMessage::getLength()
                0x0400a05c                CMotorMeasurementMessage::answerMessage(short, unsigned short, short, short, short)
                0x0400a0ec                CMotorMeasurementMessage::getBytes(unsigned char*)
                0x0400a220                CMotorMeasurementMessage::parseMessage(unsigned char*, int)
                0x0400a358                CMotorMeasurementMessage::~CMotorMeasurementMessage()
                0x0400a3b0                CMotorMeasurementMessage::~CMotorMeasurementMessage()
                0x0400a408                CMotorMeasurementMessage::~CMotorMeasurementMessage()
                0x0400a460                CMotorMeasurementMessage::CMotorMeasurementMessage(unsigned char*, int)
                0x0400a5bc                CMotorMeasurementMessage::CMotorMeasurementMessage(unsigned char*, int)
                0x0400a718                CMotorMeasurementMessage::CMotorMeasurementMessage()
                0x0400a888                CMotorMeasurementMessage::CMotorMeasurementMessage()
 .text          0x0400a9f8      0x824 obj/default/COMM_CarProtocol/MotorVelocityMessage.o
                0x0400a9f8                CMotorVelocityMessage::doAction()
                0x0400aa18                CMotorVelocityMessage::getLength()
                0x0400aa3c                CMotorVelocityMessage::answerMessage(short)
                0x0400aa84                CMotorVelocityMessage::parseMessage(unsigned char*, int)
                0x0400ab18                CMotorVelocityMessage::getBytes(unsigned char*)
                0x0400abac                CMotorVelocityMessage::~CMotorVelocityMessage()
                0x0400ac04                CMotorVelocityMessage::~CMotorVelocityMessage()
                0x0400ac5c                CMotorVelocityMessage::~CMotorVelocityMessage()
                0x0400acb4                CMotorVelocityMessage::CMotorVelocityMessage(unsigned char*, int)
                0x0400ae10                CMotorVelocityMessage::CMotorVelocityMessage(unsigned char*, int)
                0x0400af6c                CMotorVelocityMessage::CMotorVelocityMessage(short)
                0x0400b0c4                CMotorVelocityMessage::CMotorVelocityMessage(short)
 .text          0x0400b21c      0x864 obj/default/COMM_CarProtocol/UltrasoundDistanceMessage.o
                0x0400b21c                CUltrasoundDistanceMessage::doAction()
                0x0400b23c                CUltrasoundDistanceMessage::answerMessage(long)
                0x0400b2ac                CUltrasoundDistanceMessage::getLength()
                0x0400b2d0                CUltrasoundDistanceMessage::parseMessage(unsigned char*, int)
                0x0400b364                CUltrasoundDistanceMessage::getBytes(unsigned char*)
                0x0400b420                CUltrasoundDistanceMessage::~CUltrasoundDistanceMessage()
                0x0400b478                CUltrasoundDistanceMessage::~CUltrasoundDistanceMessage()
                0x0400b4d0                CUltrasoundDistanceMessage::~CUltrasoundDistanceMessage()
                0x0400b528                CUltrasoundDistanceMessage::CUltrasoundDistanceMessage(unsigned char*, int)
                0x0400b684                CUltrasoundDistanceMessage::CUltrasoundDistanceMessage(unsigned char*, int)
                0x0400b7e0                CUltrasoundDistanceMessage::CUltrasoundDistanceMessage()
                0x0400b930                CUltrasoundDistanceMessage::CUltrasoundDistanceMessage()
 .text          0x0400ba80      0x9b0 obj/default/COMM_CarProtocol/WelcomeMessage.o
                0x0400ba80                CWelcomeMessage::doAction()
                0x0400baa0                CWelcomeMessage::getLength()
                0x0400bac4                CWelcomeMessage::parseMessage(unsigned char*, int)
                0x0400bb98                CWelcomeMessage::answerMessage(unsigned char, unsigned char, unsigned char, unsigned char*)
                0x0400bc5c                CWelcomeMessage::getBytes(unsigned char*)
                0x0400bd38                CWelcomeMessage::~CWelcomeMessage()
                0x0400bd90                CWelcomeMessage::~CWelcomeMessage()
                0x0400bde8                CWelcomeMessage::~CWelcomeMessage()
                0x0400be40                CWelcomeMessage::CWelcomeMessage(unsigned char)
                0x0400bfdc                CWelcomeMessage::CWelcomeMessage(unsigned char)
                0x0400c178                CWelcomeMessage::CWelcomeMessage(unsigned char*, int)
                0x0400c2d4                CWelcomeMessage::CWelcomeMessage(unsigned char*, int)
 .text          0x0400c430      0x2d0 obj/default/CarMessages/CControlMessage.o
                0x0400c430                CControlMessage::answerMessage(bool)
                0x0400c454                CControlMessage::doAction()
                0x0400c474                CControlMessage::getBytes(unsigned char*)
                0x0400c49c                CControlMessage::getLength()
                0x0400c4c0                CControlMessage::parseMessage(unsigned char*, int)
                0x0400c4e8                CControlMessage::~CControlMessage()
                0x0400c540                CControlMessage::~CControlMessage()
                0x0400c598                CControlMessage::~CControlMessage()
                0x0400c5f0                CControlMessage::CControlMessage(unsigned char*, int)
                0x0400c638                CControlMessage::CControlMessage(unsigned char*, int)
                0x0400c680                CControlMessage::CControlMessage()
                0x0400c6c0                CControlMessage::CControlMessage()
 .text          0x0400c700      0x2d0 obj/default/CarMessages/CEmergencyBrakeMessage.o
                0x0400c700                CEmergencyBrakeMessage::answerMessage(bool)
                0x0400c724                CEmergencyBrakeMessage::doAction()
                0x0400c744                CEmergencyBrakeMessage::getBytes(unsigned char*)
                0x0400c76c                CEmergencyBrakeMessage::getLength()
                0x0400c790                CEmergencyBrakeMessage::parseMessage(unsigned char*, int)
                0x0400c7b8                CEmergencyBrakeMessage::~CEmergencyBrakeMessage()
                0x0400c810                CEmergencyBrakeMessage::~CEmergencyBrakeMessage()
                0x0400c868                CEmergencyBrakeMessage::~CEmergencyBrakeMessage()
                0x0400c8c0                CEmergencyBrakeMessage::CEmergencyBrakeMessage(unsigned char*, int)
                0x0400c908                CEmergencyBrakeMessage::CEmergencyBrakeMessage(unsigned char*, int)
                0x0400c950                CEmergencyBrakeMessage::CEmergencyBrakeMessage()
                0x0400c990                CEmergencyBrakeMessage::CEmergencyBrakeMessage()
 .text          0x0400c9d0      0x104 obj/default/etc/utility.o
                0x0400c9d0                delay(unsigned int)
                0x0400ca24                swapEndianess(unsigned char*, unsigned long)
 .text          0x0400cad4      0x110 obj/default/external_drivers/accelerometer_interface.o
                0x0400cad4                getAcceleration(short*)
 .text          0x0400cbe4      0x204 obj/default/external_drivers/adc_interface.o
                0x0400cbe4                ReadADCChannels(unsigned char*, unsigned char, unsigned long*)
 .text          0x0400cde8      0x104 obj/default/external_drivers/ultrasound_interface.o
                0x0400cde8                measuredistance(unsigned long)
 .text          0x0400ceec      0x4c4 obj/default/sensors/ADCSensor.o
                0x0400ceec                CADCSensor::updateSensorState(CCarMessage*)
                0x0400cf14                CADCSensor::getValueByChannel(unsigned char)
                0x0400cf94                CADCSensor::getChannelAliasStrings()
                0x0400cfbc                CADCSensor::getCarMessage()
                0x0400d1d0                CADCSensor::~CADCSensor()
                0x0400d228                CADCSensor::~CADCSensor()
                0x0400d280                CADCSensor::~CADCSensor()
                0x0400d2d8                CADCSensor::CADCSensor()
                0x0400d344                CADCSensor::CADCSensor()
 .text          0x0400d3b0      0x3bc obj/default/sensors/AccelerationSensor.o
                0x0400d3b0                CAccelerationSensor::updateSensorState(CCarMessage*)
                0x0400d3d8                CAccelerationSensor::getXAcceleration()
                0x0400d40c                CAccelerationSensor::getYAcceleration()
                0x0400d440                CAccelerationSensor::getZAcceleration()
                0x0400d474                CAccelerationSensor::isAccelerationValid()
                0x0400d4a0                CAccelerationSensor::getCarMessage()
                0x0400d5bc                CAccelerationSensor::~CAccelerationSensor()
                0x0400d614                CAccelerationSensor::~CAccelerationSensor()
                0x0400d66c                CAccelerationSensor::~CAccelerationSensor()
                0x0400d6c4                CAccelerationSensor::CAccelerationSensor()
                0x0400d718                CAccelerationSensor::CAccelerationSensor()
 .text          0x0400d76c      0x1f4 obj/default/sensors/SensorState.o
                0x0400d76c                CSensorState::CSensorState()
                0x0400d79c                CSensorState::CSensorState()
                0x0400d7cc                CSensorState::getCarMessage()
                0x0400d7f0                CSensorState::updateSensorState(CCarMessage*)
                0x0400d818                CSensorState::getType()
                0x0400d844                CSensorState::isValid()
                0x0400d870                CSensorState::~CSensorState()
                0x0400d8c0                CSensorState::~CSensorState()
                0x0400d910                CSensorState::~CSensorState()
 .text          0x0400d960      0x340 obj/default/sensors/UltrasoundSensor.o
                0x0400d960                CUltrasoundSensor::updateSensorState(CCarMessage*)
                0x0400d988                CUltrasoundSensor::getDistance()
                0x0400d9b4                CUltrasoundSensor::isDistanceValid()
                0x0400d9e4                CUltrasoundSensor::getCarMessage()
                0x0400db00                CUltrasoundSensor::~CUltrasoundSensor()
                0x0400db58                CUltrasoundSensor::~CUltrasoundSensor()
                0x0400dbb0                CUltrasoundSensor::~CUltrasoundSensor()
                0x0400dc08                CUltrasoundSensor::CUltrasoundSensor()
                0x0400dc54                CUltrasoundSensor::CUltrasoundSensor()
 .text          0x0400dca0      0x904 obj/default/socketserver.o
                0x0400dca0                sss_reset_connection(SSS_SOCKET*)
                0x0400dd00                receive_bytes(SSS_SOCKET*)
                0x0400dd8c                sss_exec_command(CCarProtocol*)
                0x0400def4                sss_handle_receive(SSS_SOCKET*)
                0x0400e2e0                sss_handle_accept(int, SSS_SOCKET*)
                0x0400e3a0                SSSSimpleSocketServerTask
 .text          0x0400e5a4      0xb44 obj/default/terasic_lib/I2C.o
                0x0400e5a4                i2c_stop(unsigned long, unsigned long)
                0x0400e61c                i2c_start(unsigned long, unsigned long)
                0x0400e6a4                i2c_read(unsigned long, unsigned long, unsigned char*, bool)
                0x0400e7f8                i2c_write(unsigned long, unsigned long, unsigned char)
                0x0400e918                I2C_MultipleRead(unsigned long, unsigned long, signed char, unsigned char, unsigned char*, unsigned short)
                0x0400eae4                I2C_MultipleWrite(unsigned long, unsigned long, signed char, unsigned char, unsigned char*, unsigned short)
                0x0400ec30                I2C_Read(unsigned long, unsigned long, signed char, unsigned char, unsigned char*)
                0x0400eda4                I2C_Write(unsigned long, unsigned long, signed char, unsigned char, unsigned char)
                0x0400eeec                i2c_data_verify(unsigned long, unsigned long, unsigned char)
                0x0400f064                I2C_Verify(unsigned long, unsigned long, unsigned long)
 .text          0x0400f0e8      0x324 obj/default/terasic_lib/accelerometer_adxl345_spi.o
                0x0400f0e8                ADXL345_SPI_IdRead(unsigned long, unsigned char*)
                0x0400f12c                ADXL345_SPI_IsDataReady(unsigned long)
                0x0400f198                ADXL345_SPI_XYZ_Read(unsigned long, unsigned short*)
                0x0400f264                ADXL345_SPI_Init(unsigned long)
                0x0400f334                ADXL345_SPI_WaitDataReady(unsigned long)
 .text          0x0400f40c      0x108 obj/default/terasic_lib/adc_spi_read.o
                0x0400f40c                ADC_Read(unsigned char)
 .text          0x0400f514      0x3c4 obj/default/terasic_lib/terasic_spi.o
                0x0400f514                SPI_Init(unsigned long)
                0x0400f560                SPI_MultipleRead(unsigned long, unsigned char, unsigned char*, unsigned char)
                0x0400f6e4                SPI_Read(unsigned long, unsigned char, unsigned char*)
                0x0400f72c                SPI_MultipleWrite(unsigned long, unsigned char, unsigned char*, unsigned char)
                0x0400f890                SPI_Write(unsigned long, unsigned char, unsigned char)
 .text          0x0400f8d8      0xbec c:/altera/12.1/nios2eds/bin/gnu/h-i686-mingw32/bin/../lib/gcc/nios2-elf/4.1.2/../../../../nios2-elf/lib/mno-hw-mul\libstdc++.a(eh_personality.o)
                0x0400fe64                __cxa_call_unexpected
                0x0400ffe4                __gxx_personality_sj0
 .text          0x040104c4       0x94 c:/altera/12.1/nios2eds/bin/gnu/h-i686-mingw32/bin/../lib/gcc/nios2-elf/4.1.2/../../../../nios2-elf/lib/mno-hw-mul\libstdc++.a(eh_exception.o)
                0x040104c4                std::exception::what() const
                0x040104d4                std::exception::~exception()
                0x040104e4                std::exception::~exception()
                0x040104f4                std::exception::~exception()
                0x04010504                std::bad_exception::~bad_exception()
                0x04010538                std::bad_exception::~bad_exception()
                0x04010548                std::bad_exception::~bad_exception()
 .text          0x04010558        0xc c:/altera/12.1/nios2eds/bin/gnu/h-i686-mingw32/bin/../lib/gcc/nios2-elf/4.1.2/../../../../nios2-elf/lib/mno-hw-mul\libstdc++.a(del_op.o)
                0x04010558                operator delete(void*)
 .text          0x04010564       0x44 c:/altera/12.1/nios2eds/bin/gnu/h-i686-mingw32/bin/../lib/gcc/nios2-elf/4.1.2/../../../../nios2-elf/lib/mno-hw-mul\libstdc++.a(eh_call.o)
                0x04010564                __cxa_call_terminate
 .text          0x040105a8      0x1bc c:/altera/12.1/nios2eds/bin/gnu/h-i686-mingw32/bin/../lib/gcc/nios2-elf/4.1.2/../../../../nios2-elf/lib/mno-hw-mul\libstdc++.a(class_type_info.o)
                0x040105a8                __cxxabiv1::__class_type_info::__do_upcast(__cxxabiv1::__class_type_info const*, void**) const
                0x04010614                __cxxabiv1::__class_type_info::__do_find_public_src(long, void const*, __cxxabiv1::__class_type_info const*, void const*) const
                0x04010634                __cxxabiv1::__class_type_info::~__class_type_info()
                0x04010668                __cxxabiv1::__class_type_info::~__class_type_info()
                0x04010678                __cxxabiv1::__class_type_info::~__class_type_info()
                0x04010688                __cxxabiv1::__class_type_info::__do_catch(std::type_info const*, void**, unsigned int) const
                0x040106e8                __cxxabiv1::__class_type_info::__do_upcast(__cxxabiv1::__class_type_info const*, void const*, __cxxabiv1::__class_type_info::__upcast_result&) const
                0x04010718                __cxxabiv1::__class_type_info::__do_dyncast(long, __cxxabiv1::__class_type_info::__sub_kind, __cxxabiv1::__class_type_info const*, void const*, __cxxabiv1::__class_type_info const*, void const*, __cxxabiv1::__class_type_info::__dyncast_result&) const
 .text          0x04010764      0x100 c:/altera/12.1/nios2eds/bin/gnu/h-i686-mingw32/bin/../lib/gcc/nios2-elf/4.1.2/../../../../nios2-elf/lib/mno-hw-mul\libstdc++.a(new_op.o)
                0x04010764                operator new(unsigned long)
 .text          0x04010864      0x1c8 c:/altera/12.1/nios2eds/bin/gnu/h-i686-mingw32/bin/../lib/gcc/nios2-elf/4.1.2/../../../../nios2-elf/lib/mno-hw-mul\libstdc++.a(si_class_type_info.o)
                0x04010864                __cxxabiv1::__si_class_type_info::__do_upcast(__cxxabiv1::__class_type_info const*, void const*, __cxxabiv1::__class_type_info::__upcast_result&) const
                0x040108dc                __cxxabiv1::__si_class_type_info::~__si_class_type_info()
                0x04010910                __cxxabiv1::__si_class_type_info::~__si_class_type_info()
                0x04010920                __cxxabiv1::__si_class_type_info::~__si_class_type_info()
                0x04010930                __cxxabiv1::__si_class_type_info::__do_find_public_src(long, void const*, __cxxabiv1::__class_type_info const*, void const*) const
                0x04010964                __cxxabiv1::__si_class_type_info::__do_dyncast(long, __cxxabiv1::__class_type_info::__sub_kind, __cxxabiv1::__class_type_info const*, void const*, __cxxabiv1::__class_type_info const*, void const*, __cxxabiv1::__class_type_info::__dyncast_result&) const
 .text          0x04010a2c      0x174 c:/altera/12.1/nios2eds/bin/gnu/h-i686-mingw32/bin/../lib/gcc/nios2-elf/4.1.2/../../../../nios2-elf/lib/mno-hw-mul\libstdc++.a(eh_alloc.o)
                0x04010a2c                __cxa_free_exception
                0x04010a6c                __cxa_allocate_exception
 .text          0x04010ba0       0x58 c:/altera/12.1/nios2eds/bin/gnu/h-i686-mingw32/bin/../lib/gcc/nios2-elf/4.1.2/../../../../nios2-elf/lib/mno-hw-mul\libstdc++.a(tinfo.o)
                0x04010ba0                std::type_info::__is_pointer_p() const
                0x04010ba8                std::type_info::__is_function_p() const
                0x04010bb0                std::type_info::__do_catch(std::type_info const*, void**, unsigned int) const
                0x04010bc0                std::type_info::__do_upcast(__cxxabiv1::__class_type_info const*, void**) const
                0x04010bc8                std::type_info::~type_info()
                0x04010bd8                std::type_info::~type_info()
                0x04010be8                std::type_info::~type_info()
 .text          0x04010bf8      0x148 c:/altera/12.1/nios2eds/bin/gnu/h-i686-mingw32/bin/../lib/gcc/nios2-elf/4.1.2/../../../../nios2-elf/lib/mno-hw-mul\libstdc++.a(eh_throw.o)
                0x04010bf8                __cxa_rethrow
                0x04010c6c                __cxa_throw
 .text          0x04010d40      0x10c c:/altera/12.1/nios2eds/bin/gnu/h-i686-mingw32/bin/../lib/gcc/nios2-elf/4.1.2/../../../../nios2-elf/lib/mno-hw-mul\libstdc++.a(eh_terminate.o)
                0x04010d40                std::set_terminate(void (*)())
                0x04010d54                std::set_unexpected(void (*)())
                0x04010d68                __cxxabiv1::__terminate(void (*)())
                0x04010e0c                std::terminate()
                0x04010e24                __cxxabiv1::__unexpected(void (*)())
                0x04010e34                std::unexpected()
 .text          0x04010e4c       0x10 c:/altera/12.1/nios2eds/bin/gnu/h-i686-mingw32/bin/../lib/gcc/nios2-elf/4.1.2/../../../../nios2-elf/lib/mno-hw-mul\libstdc++.a(eh_globals.o)
                0x04010e4c                __cxa_get_globals_fast
                0x04010e54                __cxa_get_globals
 .text          0x04010e5c        0x0 c:/altera/12.1/nios2eds/bin/gnu/h-i686-mingw32/bin/../lib/gcc/nios2-elf/4.1.2/../../../../nios2-elf/lib/mno-hw-mul\libstdc++.a(eh_unex_handler.o)
 .text          0x04010e5c       0x60 c:/altera/12.1/nios2eds/bin/gnu/h-i686-mingw32/bin/../lib/gcc/nios2-elf/4.1.2/../../../../nios2-elf/lib/mno-hw-mul\libstdc++.a(new_handler.o)
                0x04010e5c                std::set_new_handler(void (*)())
                0x04010e68                std::bad_alloc::~bad_alloc()
                0x04010e9c                std::bad_alloc::~bad_alloc()
                0x04010eac                std::bad_alloc::~bad_alloc()
 .text          0x04010ebc      0x1e4 c:/altera/12.1/nios2eds/bin/gnu/h-i686-mingw32/bin/../lib/gcc/nios2-elf/4.1.2/../../../../nios2-elf/lib/mno-hw-mul\libstdc++.a(eh_catch.o)
                0x04010ebc                __cxa_get_exception_ptr
                0x04010ec4                std::uncaught_exception()
                0x04010ee4                __cxa_end_catch
                0x04010f88                __cxa_begin_catch
 .text          0x040110a0        0x0 c:/altera/12.1/nios2eds/bin/gnu/h-i686-mingw32/bin/../lib/gcc/nios2-elf/4.1.2/../../../../nios2-elf/lib/mno-hw-mul\libstdc++.a(eh_term_handler.o)
 .text          0x040110a0      0x14c c:/altera/12.1/nios2eds/bin/gnu/h-i686-mingw32/bin/../lib/gcc/nios2-elf/4.1.2/mno-hw-mul\libgcc.a(lib2-divmod.o)
                0x0401111c                __divsi3
                0x0401117c                __modsi3
                0x040111dc                __udivsi3
                0x040111e4                __umodsi3
 .text          0x040111ec       0x38 c:/altera/12.1/nios2eds/bin/gnu/h-i686-mingw32/bin/../lib/gcc/nios2-elf/4.1.2/mno-hw-mul\libgcc.a(lib2-mul.o)
                0x040111ec                __mulsi3
 .text          0x04011224      0x548 c:/altera/12.1/nios2eds/bin/gnu/h-i686-mingw32/bin/../lib/gcc/nios2-elf/4.1.2/mno-hw-mul\libgcc.a(unwind-sjlj.o)
                0x04011224                _Unwind_SjLj_Register
                0x04011234                _Unwind_SjLj_Unregister
                0x04011240                _Unwind_GetGR
                0x04011258                _Unwind_GetCFA
                0x0401126c                _Unwind_SetGR
                0x04011284                _Unwind_GetIP
                0x04011294                _Unwind_GetIPInfo
                0x040112a8                _Unwind_SetIP
                0x040112b8                _Unwind_GetLanguageSpecificData
                0x040112c4                _Unwind_GetRegionStart
                0x040112cc                _Unwind_FindEnclosingFunction
                0x040112d4                _Unwind_GetDataRelBase
                0x040112dc                _Unwind_GetTextRelBase
                0x040113e4                _Unwind_DeleteException
                0x040114f0                _Unwind_SjLj_Resume
                0x0401154c                _Unwind_SjLj_RaiseException
                0x04011644                _Unwind_SjLj_ForcedUnwind
                0x04011694                _Unwind_Backtrace
                0x04011714                _Unwind_SjLj_Resume_or_Rethrow
 .text          0x0401176c       0x18 c:/altera/12.1/nios2eds/bin/gnu/h-i686-mingw32/bin/../lib/gcc/nios2-elf/4.1.2/../../../../nios2-elf/lib/mno-hw-mul\libc.a(lib_a-abort.o)
                0x0401176c                abort
 .text          0x04011784        0x0 c:/altera/12.1/nios2eds/bin/gnu/h-i686-mingw32/bin/../lib/gcc/nios2-elf/4.1.2/../../../../nios2-elf/lib/mno-hw-mul\libc.a(lib_a-ctype_.o)
 .text          0x04011784       0x60 c:/altera/12.1/nios2eds/bin/gnu/h-i686-mingw32/bin/../lib/gcc/nios2-elf/4.1.2/../../../../nios2-elf/lib/mno-hw-mul\libc.a(lib_a-fprintf.o)
                0x04011784                fprintf
                0x040117b0                _fprintf_r
 .text          0x040117e4       0xec c:/altera/12.1/nios2eds/bin/gnu/h-i686-mingw32/bin/../lib/gcc/nios2-elf/4.1.2/../../../../nios2-elf/lib/mno-hw-mul\libc.a(lib_a-fwrite.o)
                0x040117e4                _fwrite_r
                0x04011890                fwrite
 .text          0x040118d0      0x128 c:/altera/12.1/nios2eds/bin/gnu/h-i686-mingw32/bin/../lib/gcc/nios2-elf/4.1.2/../../../../nios2-elf/lib/mno-hw-mul\libc.a(lib_a-getc.o)
                0x040118d0                getc
                0x04011968                _getc_r
 .text          0x040119f8        0x0 c:/altera/12.1/nios2eds/bin/gnu/h-i686-mingw32/bin/../lib/gcc/nios2-elf/4.1.2/../../../../nios2-elf/lib/mno-hw-mul\libc.a(lib_a-impure.o)
 .text          0x040119f8       0x28 c:/altera/12.1/nios2eds/bin/gnu/h-i686-mingw32/bin/../lib/gcc/nios2-elf/4.1.2/../../../../nios2-elf/lib/mno-hw-mul\libc.a(lib_a-malloc.o)
                0x040119f8                free
                0x04011a0c                malloc
 .text          0x04011a20      0x740 c:/altera/12.1/nios2eds/bin/gnu/h-i686-mingw32/bin/../lib/gcc/nios2-elf/4.1.2/../../../../nios2-elf/lib/mno-hw-mul\libc.a(lib_a-mallocr.o)
                0x04011a20                _malloc_r
 .text          0x04012160       0xe0 c:/altera/12.1/nios2eds/bin/gnu/h-i686-mingw32/bin/../lib/gcc/nios2-elf/4.1.2/../../../../nios2-elf/lib/mno-hw-mul\libc.a(lib_a-memmove.o)
                0x04012160                memmove
 .text          0x04012240       0x98 c:/altera/12.1/nios2eds/bin/gnu/h-i686-mingw32/bin/../lib/gcc/nios2-elf/4.1.2/../../../../nios2-elf/lib/mno-hw-mul\libc.a(lib_a-memset.o)
                0x04012240                memset
 .text          0x040122d8       0x80 c:/altera/12.1/nios2eds/bin/gnu/h-i686-mingw32/bin/../lib/gcc/nios2-elf/4.1.2/../../../../nios2-elf/lib/mno-hw-mul\libc.a(lib_a-perror.o)
                0x040122d8                _perror_r
                0x04012344                perror
 .text          0x04012358       0x78 c:/altera/12.1/nios2eds/bin/gnu/h-i686-mingw32/bin/../lib/gcc/nios2-elf/4.1.2/../../../../nios2-elf/lib/mno-hw-mul\libc.a(lib_a-printf.o)
                0x04012358                printf
                0x0401239c                _printf_r
 .text          0x040123d0      0x1ec c:/altera/12.1/nios2eds/bin/gnu/h-i686-mingw32/bin/../lib/gcc/nios2-elf/4.1.2/../../../../nios2-elf/lib/mno-hw-mul\libc.a(lib_a-putc.o)
                0x040123d0                putc
                0x040124d4                _putc_r
 .text          0x040125bc       0x24 c:/altera/12.1/nios2eds/bin/gnu/h-i686-mingw32/bin/../lib/gcc/nios2-elf/4.1.2/../../../../nios2-elf/lib/mno-hw-mul\libc.a(lib_a-putchar.o)
                0x040125bc                putchar
                0x040125d8                _putchar_r
 .text          0x040125e0       0xb4 c:/altera/12.1/nios2eds/bin/gnu/h-i686-mingw32/bin/../lib/gcc/nios2-elf/4.1.2/../../../../nios2-elf/lib/mno-hw-mul\libc.a(lib_a-puts.o)
                0x040125e0                _puts_r
                0x04012680                puts
 .text          0x04012694       0x60 c:/altera/12.1/nios2eds/bin/gnu/h-i686-mingw32/bin/../lib/gcc/nios2-elf/4.1.2/../../../../nios2-elf/lib/mno-hw-mul\libc.a(lib_a-rget.o)
                0x04012694                __srget_r
                0x040126e0                __srget
 .text          0x040126f4       0x70 c:/altera/12.1/nios2eds/bin/gnu/h-i686-mingw32/bin/../lib/gcc/nios2-elf/4.1.2/../../../../nios2-elf/lib/mno-hw-mul\libc.a(lib_a-sbrkr.o)
                0x040126f4                _sbrk_r
 .text          0x04012764      0x2d8 c:/altera/12.1/nios2eds/bin/gnu/h-i686-mingw32/bin/../lib/gcc/nios2-elf/4.1.2/../../../../nios2-elf/lib/mno-hw-mul\libc.a(lib_a-signal.o)
                0x04012764                _raise_r
                0x04012830                raise
                0x04012844                _init_signal_r
                0x040128a8                _init_signal
                0x040128b8                __sigtramp_r
                0x0401296c                __sigtramp
                0x04012980                _signal_r
                0x04012a20                signal
 .text          0x04012a3c       0x78 c:/altera/12.1/nios2eds/bin/gnu/h-i686-mingw32/bin/../lib/gcc/nios2-elf/4.1.2/../../../../nios2-elf/lib/mno-hw-mul\libc.a(lib_a-signalr.o)
                0x04012a3c                _getpid_r
                0x04012a40                _kill_r
 .text          0x04012ab4      0x674 c:/altera/12.1/nios2eds/bin/gnu/h-i686-mingw32/bin/../lib/gcc/nios2-elf/4.1.2/../../../../nios2-elf/lib/mno-hw-mul\libc.a(lib_a-strerror.o)
                0x04012ab4                strerror
 .text          0x04013128       0x74 c:/altera/12.1/nios2eds/bin/gnu/h-i686-mingw32/bin/../lib/gcc/nios2-elf/4.1.2/../../../../nios2-elf/lib/mno-hw-mul\libc.a(lib_a-strlen.o)
                0x04013128                strlen
 .text          0x0401319c        0x8 c:/altera/12.1/nios2eds/bin/gnu/h-i686-mingw32/bin/../lib/gcc/nios2-elf/4.1.2/../../../../nios2-elf/lib/mno-hw-mul\libc.a(lib_a-u_strerr.o)
                0x0401319c                _user_strerror
 .text          0x040131a4     0x1f40 c:/altera/12.1/nios2eds/bin/gnu/h-i686-mingw32/bin/../lib/gcc/nios2-elf/4.1.2/../../../../nios2-elf/lib/mno-hw-mul\libc.a(lib_a-vfprintf.o)
                0x040131fc                ___vfprintf_internal_r
                0x040150c0                __vfprintf_internal
 .text          0x040150e4      0x14c c:/altera/12.1/nios2eds/bin/gnu/h-i686-mingw32/bin/../lib/gcc/nios2-elf/4.1.2/../../../../nios2-elf/lib/mno-hw-mul\libc.a(lib_a-wbuf.o)
                0x040150e4                __swbuf_r
                0x04015214                __swbuf
 .text          0x04015230      0x13c c:/altera/12.1/nios2eds/bin/gnu/h-i686-mingw32/bin/../lib/gcc/nios2-elf/4.1.2/../../../../nios2-elf/lib/mno-hw-mul\libc.a(lib_a-wsetup.o)
                0x04015230                __swsetup_r
 .text          0x0401536c     0x17f8 c:/altera/12.1/nios2eds/bin/gnu/h-i686-mingw32/bin/../lib/gcc/nios2-elf/4.1.2/../../../../nios2-elf/lib/mno-hw-mul\libc.a(lib_a-dtoa.o)
                0x040155b0                _dtoa_r
 .text          0x04016b64      0x230 c:/altera/12.1/nios2eds/bin/gnu/h-i686-mingw32/bin/../lib/gcc/nios2-elf/4.1.2/../../../../nios2-elf/lib/mno-hw-mul\libc.a(lib_a-fflush.o)
                0x04016b64                _fflush_r
                0x04016d60                fflush
 .text          0x04016d94      0x2f4 c:/altera/12.1/nios2eds/bin/gnu/h-i686-mingw32/bin/../lib/gcc/nios2-elf/4.1.2/../../../../nios2-elf/lib/mno-hw-mul\libc.a(lib_a-findfp.o)
                0x04016dec                __sfp_lock_acquire
                0x04016df0                __sfp_lock_release
                0x04016df4                __sinit_lock_acquire
                0x04016df8                __sinit_lock_release
                0x04016dfc                __sinit
                0x04016eb0                __fp_unlock_all
                0x04016ec8                __fp_lock_all
                0x04016ee0                _cleanup_r
                0x04016eec                _cleanup
                0x04016efc                __sfmoreglue
                0x04016f98                __sfp
 .text          0x04017088       0xbc c:/altera/12.1/nios2eds/bin/gnu/h-i686-mingw32/bin/../lib/gcc/nios2-elf/4.1.2/../../../../nios2-elf/lib/mno-hw-mul\libc.a(lib_a-fputc.o)
                0x04017088                fputc
                0x040170ec                _fputc_r
 .text          0x04017144       0x90 c:/altera/12.1/nios2eds/bin/gnu/h-i686-mingw32/bin/../lib/gcc/nios2-elf/4.1.2/../../../../nios2-elf/lib/mno-hw-mul\libc.a(lib_a-fputs.o)
                0x04017144                _fputs_r
                0x040171b8                fputs
 .text          0x040171d4      0x440 c:/altera/12.1/nios2eds/bin/gnu/h-i686-mingw32/bin/../lib/gcc/nios2-elf/4.1.2/../../../../nios2-elf/lib/mno-hw-mul\libc.a(lib_a-freer.o)
                0x040171d4                _malloc_trim_r
                0x04017300                _free_r
 .text          0x04017614      0x49c c:/altera/12.1/nios2eds/bin/gnu/h-i686-mingw32/bin/../lib/gcc/nios2-elf/4.1.2/../../../../nios2-elf/lib/mno-hw-mul\libc.a(lib_a-fvwrite.o)
                0x04017614                __sfvwrite_r
 .text          0x04017ab0      0x180 c:/altera/12.1/nios2eds/bin/gnu/h-i686-mingw32/bin/../lib/gcc/nios2-elf/4.1.2/../../../../nios2-elf/lib/mno-hw-mul\libc.a(lib_a-fwalk.o)
                0x04017ab0                _fwalk_reent
                0x04017b78                _fwalk
 .text          0x04017c30        0x0 c:/altera/12.1/nios2eds/bin/gnu/h-i686-mingw32/bin/../lib/gcc/nios2-elf/4.1.2/../../../../nios2-elf/lib/mno-hw-mul\libc.a(lib_a-int_errno.o)
 .text          0x04017c30       0xc4 c:/altera/12.1/nios2eds/bin/gnu/h-i686-mingw32/bin/../lib/gcc/nios2-elf/4.1.2/../../../../nios2-elf/lib/mno-hw-mul\libc.a(lib_a-locale.o)
                0x04017c30                __locale_charset
                0x04017c38                _localeconv_r
                0x04017c44                localeconv
                0x04017c54                _setlocale_r
                0x04017cd8                setlocale
 .text          0x04017cf4      0x194 c:/altera/12.1/nios2eds/bin/gnu/h-i686-mingw32/bin/../lib/gcc/nios2-elf/4.1.2/../../../../nios2-elf/lib/mno-hw-mul\libc.a(lib_a-makebuf.o)
                0x04017cf4                __smakebuf_r
 .text          0x04017e88       0xe4 c:/altera/12.1/nios2eds/bin/gnu/h-i686-mingw32/bin/../lib/gcc/nios2-elf/4.1.2/../../../../nios2-elf/lib/mno-hw-mul\libc.a(lib_a-memchr.o)
                0x04017e88                memchr
 .text          0x04017f6c       0xa0 c:/altera/12.1/nios2eds/bin/gnu/h-i686-mingw32/bin/../lib/gcc/nios2-elf/4.1.2/../../../../nios2-elf/lib/mno-hw-mul\libc.a(lib_a-memcpy.o)
                0x04017f6c                memcpy
 .text          0x0401800c     0x108c c:/altera/12.1/nios2eds/bin/gnu/h-i686-mingw32/bin/../lib/gcc/nios2-elf/4.1.2/../../../../nios2-elf/lib/mno-hw-mul\libc.a(lib_a-mprec.o)
                0x0401800c                _Bfree
                0x04018034                __hi0bits
                0x040180a4                __lo0bits
                0x04018168                __mcmp
                0x040181c8                __ulp
                0x04018248                __b2d
                0x04018368                __ratio
                0x04018418                _mprec_log10
                0x040184ac                __copybits
                0x04018504                __any_on
                0x0401858c                _Balloc
                0x04018648                __d2b
                0x040187c4                __mdiff
                0x04018950                __lshift
                0x04018a9c                __multiply
                0x04018cf0                __i2b
                0x04018d2c                __multadd
                0x04018e58                __pow5mult
                0x04018f78                __s2b
 .text          0x04019098      0x5f4 c:/altera/12.1/nios2eds/bin/gnu/h-i686-mingw32/bin/../lib/gcc/nios2-elf/4.1.2/../../../../nios2-elf/lib/mno-hw-mul\libc.a(lib_a-reallocr.o)
                0x04019098                _realloc_r
 .text          0x0401968c      0x1e0 c:/altera/12.1/nios2eds/bin/gnu/h-i686-mingw32/bin/../lib/gcc/nios2-elf/4.1.2/../../../../nios2-elf/lib/mno-hw-mul\libc.a(lib_a-refill.o)
                0x0401968c                __srefill_r
 .text          0x0401986c       0x40 c:/altera/12.1/nios2eds/bin/gnu/h-i686-mingw32/bin/../lib/gcc/nios2-elf/4.1.2/../../../../nios2-elf/lib/mno-hw-mul\libc.a(lib_a-s_isinfd.o)
                0x0401986c                __isinfd
 .text          0x040198ac       0x30 c:/altera/12.1/nios2eds/bin/gnu/h-i686-mingw32/bin/../lib/gcc/nios2-elf/4.1.2/../../../../nios2-elf/lib/mno-hw-mul\libc.a(lib_a-s_isnand.o)
                0x040198ac                __isnand
 .text          0x040198dc      0x14c c:/altera/12.1/nios2eds/bin/gnu/h-i686-mingw32/bin/../lib/gcc/nios2-elf/4.1.2/../../../../nios2-elf/lib/mno-hw-mul\libc.a(lib_a-stdio.o)
                0x040198dc                __sclose
                0x040198e4                __sseek
                0x0401994c                __swrite
                0x040199c8                __sread
 .text          0x04019a28       0xbc c:/altera/12.1/nios2eds/bin/gnu/h-i686-mingw32/bin/../lib/gcc/nios2-elf/4.1.2/../../../../nios2-elf/lib/mno-hw-mul\libc.a(lib_a-strcmp.o)
                0x04019a28                strcmp
 .text          0x04019ae4       0x78 c:/altera/12.1/nios2eds/bin/gnu/h-i686-mingw32/bin/../lib/gcc/nios2-elf/4.1.2/../../../../nios2-elf/lib/mno-hw-mul\libc.a(lib_a-writer.o)
                0x04019ae4                _write_r
 .text          0x04019b5c       0xc8 c:/altera/12.1/nios2eds/bin/gnu/h-i686-mingw32/bin/../lib/gcc/nios2-elf/4.1.2/../../../../nios2-elf/lib/mno-hw-mul\libc.a(lib_a-callocr.o)
                0x04019b5c                _calloc_r
 .text          0x04019c24       0x70 c:/altera/12.1/nios2eds/bin/gnu/h-i686-mingw32/bin/../lib/gcc/nios2-elf/4.1.2/../../../../nios2-elf/lib/mno-hw-mul\libc.a(lib_a-closer.o)
                0x04019c24                _close_r
 .text          0x04019c94      0x124 c:/altera/12.1/nios2eds/bin/gnu/h-i686-mingw32/bin/../lib/gcc/nios2-elf/4.1.2/../../../../nios2-elf/lib/mno-hw-mul\libc.a(lib_a-fclose.o)
                0x04019c94                _fclose_r
                0x04019da4                fclose
 .text          0x04019db8       0x74 c:/altera/12.1/nios2eds/bin/gnu/h-i686-mingw32/bin/../lib/gcc/nios2-elf/4.1.2/../../../../nios2-elf/lib/mno-hw-mul\libc.a(lib_a-fstatr.o)
                0x04019db8                _fstat_r
 .text          0x04019e2c       0x70 c:/altera/12.1/nios2eds/bin/gnu/h-i686-mingw32/bin/../lib/gcc/nios2-elf/4.1.2/../../../../nios2-elf/lib/mno-hw-mul\libc.a(lib_a-isattyr.o)
                0x04019e2c                _isatty_r
 .text          0x04019e9c       0x78 c:/altera/12.1/nios2eds/bin/gnu/h-i686-mingw32/bin/../lib/gcc/nios2-elf/4.1.2/../../../../nios2-elf/lib/mno-hw-mul\libc.a(lib_a-lseekr.o)
                0x04019e9c                _lseek_r
 .text          0x04019f14       0x78 c:/altera/12.1/nios2eds/bin/gnu/h-i686-mingw32/bin/../lib/gcc/nios2-elf/4.1.2/../../../../nios2-elf/lib/mno-hw-mul\libc.a(lib_a-readr.o)
                0x04019f14                _read_r
 .text          0x04019f8c      0x66c c:/altera/12.1/nios2eds/bin/gnu/h-i686-mingw32/bin/../lib/gcc/nios2-elf/4.1.2/mno-hw-mul\libgcc.a(_udivdi3.o)
                0x04019f8c                __udivdi3
 .text          0x0401a5f8      0x660 c:/altera/12.1/nios2eds/bin/gnu/h-i686-mingw32/bin/../lib/gcc/nios2-elf/4.1.2/mno-hw-mul\libgcc.a(_umoddi3.o)
                0x0401a5f8                __umoddi3
 .text          0x0401ac58      0x504 c:/altera/12.1/nios2eds/bin/gnu/h-i686-mingw32/bin/../lib/gcc/nios2-elf/4.1.2/mno-hw-mul\libgcc.a(_addsub_df.o)
                0x0401b068                __subdf3
                0x0401b0e8                __adddf3
 .text          0x0401b15c      0x3c4 c:/altera/12.1/nios2eds/bin/gnu/h-i686-mingw32/bin/../lib/gcc/nios2-elf/4.1.2/mno-hw-mul\libgcc.a(_mul_df.o)
                0x0401b15c                __muldf3
 .text          0x0401b520      0x258 c:/altera/12.1/nios2eds/bin/gnu/h-i686-mingw32/bin/../lib/gcc/nios2-elf/4.1.2/mno-hw-mul\libgcc.a(_div_df.o)
                0x0401b520                __divdf3
 .text          0x0401b778       0x88 c:/altera/12.1/nios2eds/bin/gnu/h-i686-mingw32/bin/../lib/gcc/nios2-elf/4.1.2/mno-hw-mul\libgcc.a(_eq_df.o)
                0x0401b778                __eqdf2
 .text          0x0401b800       0x88 c:/altera/12.1/nios2eds/bin/gnu/h-i686-mingw32/bin/../lib/gcc/nios2-elf/4.1.2/mno-hw-mul\libgcc.a(_ne_df.o)
                0x0401b800                __nedf2
 .text          0x0401b888       0x88 c:/altera/12.1/nios2eds/bin/gnu/h-i686-mingw32/bin/../lib/gcc/nios2-elf/4.1.2/mno-hw-mul\libgcc.a(_gt_df.o)
                0x0401b888                __gtdf2
 .text          0x0401b910       0x88 c:/altera/12.1/nios2eds/bin/gnu/h-i686-mingw32/bin/../lib/gcc/nios2-elf/4.1.2/mno-hw-mul\libgcc.a(_ge_df.o)
                0x0401b910                __gedf2
 .text          0x0401b998       0x88 c:/altera/12.1/nios2eds/bin/gnu/h-i686-mingw32/bin/../lib/gcc/nios2-elf/4.1.2/mno-hw-mul\libgcc.a(_lt_df.o)
                0x0401b998                __ltdf2
 .text          0x0401ba20       0xf8 c:/altera/12.1/nios2eds/bin/gnu/h-i686-mingw32/bin/../lib/gcc/nios2-elf/4.1.2/mno-hw-mul\libgcc.a(_si_to_df.o)
                0x0401ba20                __floatsidf
 .text          0x0401bb18       0xd8 c:/altera/12.1/nios2eds/bin/gnu/h-i686-mingw32/bin/../lib/gcc/nios2-elf/4.1.2/mno-hw-mul\libgcc.a(_df_to_si.o)
                0x0401bb18                __fixdfsi
 .text          0x0401bbf0        0x0 c:/altera/12.1/nios2eds/bin/gnu/h-i686-mingw32/bin/../lib/gcc/nios2-elf/4.1.2/mno-hw-mul\libgcc.a(_thenan_df.o)
 .text          0x0401bbf0      0x194 c:/altera/12.1/nios2eds/bin/gnu/h-i686-mingw32/bin/../lib/gcc/nios2-elf/4.1.2/mno-hw-mul\libgcc.a(_usi_to_df.o)
                0x0401bbf0                __floatunsidf
 .text          0x0401bd84      0x124 c:/altera/12.1/nios2eds/bin/gnu/h-i686-mingw32/bin/../lib/gcc/nios2-elf/4.1.2/mno-hw-mul\libgcc.a(_muldi3.o)
                0x0401bd84                __muldi3
 .text          0x0401bea8        0x0 c:/altera/12.1/nios2eds/bin/gnu/h-i686-mingw32/bin/../lib/gcc/nios2-elf/4.1.2/mno-hw-mul\libgcc.a(_clz.o)
 .text          0x0401bea8       0x80 c:/altera/12.1/nios2eds/bin/gnu/h-i686-mingw32/bin/../lib/gcc/nios2-elf/4.1.2/mno-hw-mul\libgcc.a(_clzsi2.o)
                0x0401bea8                __clzsi2
 .text          0x0401bf28      0x314 c:/altera/12.1/nios2eds/bin/gnu/h-i686-mingw32/bin/../lib/gcc/nios2-elf/4.1.2/mno-hw-mul\libgcc.a(_pack_df.o)
                0x0401bf28                __pack_d
 .text          0x0401c23c      0x138 c:/altera/12.1/nios2eds/bin/gnu/h-i686-mingw32/bin/../lib/gcc/nios2-elf/4.1.2/mno-hw-mul\libgcc.a(_unpack_df.o)
                0x0401c23c                __unpack_d
 .text          0x0401c374       0xc8 c:/altera/12.1/nios2eds/bin/gnu/h-i686-mingw32/bin/../lib/gcc/nios2-elf/4.1.2/mno-hw-mul\libgcc.a(_fpcmp_parts_df.o)
                0x0401c374                __fpcmp_parts_d
 .text          0x0401c43c       0x6c ../Car2X_communication_bsp/\libucosii_bsp.a(alt_exit.o)
                0x0401c47c                _exit
 .text          0x0401c4a8      0x138 ../Car2X_communication_bsp/\libucosii_bsp.a(alt_fstat.o)
                0x0401c4a8                fstat
 .text          0x0401c5e0       0x20 ../Car2X_communication_bsp/\libucosii_bsp.a(alt_getpid.o)
                0x0401c5e0                getpid
 .text          0x0401c600      0x124 ../Car2X_communication_bsp/\libucosii_bsp.a(alt_isatty.o)
                0x0401c600                isatty
 .text          0x0401c724      0x1a0 ../Car2X_communication_bsp/\libucosii_bsp.a(alt_kill.o)
                0x0401c724                kill
 .text          0x0401c8c4       0xec ../Car2X_communication_bsp/\libucosii_bsp.a(alt_load.o)
                0x0401c8c4                alt_load
 .text          0x0401c9b0      0x154 ../Car2X_communication_bsp/\libucosii_bsp.a(alt_lseek.o)
                0x0401c9b0                lseek
 .text          0x0401cb04       0xc8 ../Car2X_communication_bsp/\libucosii_bsp.a(alt_main.o)
                0x0401cb04                alt_main
 .text          0x0401cbcc       0xbc ../Car2X_communication_bsp/\libucosii_bsp.a(alt_sbrk.o)
                0x0401cbcc                sbrk
 .text          0x0401cc88      0x1a8 ../Car2X_communication_bsp/\libucosii_bsp.a(alt_tick.o)
                0x0401cc88                alt_alarm_stop
                0x0401cd20                alt_tick
 .text          0x0401ce30      0x120 ../Car2X_communication_bsp/\libucosii_bsp.a(alt_usleep.o)
                0x0401ce30                usleep
 .text          0x0401cf50      0x108 ../Car2X_communication_bsp/\libucosii_bsp.a(alt_env_lock.o)
                0x0401cf50                __env_lock
                0x0401cffc                __env_unlock
 .text          0x0401d058      0x1d8 ../Car2X_communication_bsp/\libucosii_bsp.a(alt_malloc_lock.o)
                0x0401d058                __malloc_lock
                0x0401d160                __malloc_unlock
 .text          0x0401d230     0x2128 ../Car2X_communication_bsp/\libucosii_bsp.a(os_core.o)
                0x0401d230                OSEventNameGet
                0x0401d360                OSEventNameSet
                0x0401d4a4                OSEventPendMulti
                0x0401db58                OSInit
                0x0401dbac                OSIntEnter
                0x0401dc28                OSIntExit
                0x0401dd28                OSSchedLock
                0x0401ddb4                OSSchedUnlock
                0x0401de98                OSStart
                0x0401df08                OSStatInit
                0x0401dfb4                OSTimeTick
                0x0401e1f4                OSVersion
                0x0401e214                OS_Dummy
                0x0401e230                OS_EventTaskRdy
                0x0401e3c4                OS_EventTaskWait
                0x0401e4d4                OS_EventTaskWaitMulti
                0x0401e628                OS_EventTaskRemove
                0x0401e6e0                OS_EventTaskRemoveMulti
                0x0401e7e4                OS_EventWaitListInit
                0x0401ebb0                OS_MemClr
                0x0401ec04                OS_MemCopy
                0x0401ec70                OS_Sched
                0x0401edb4                OS_StrCopy
                0x0401ee34                OS_StrLen
                0x0401ee8c                OS_TaskIdle
                0x0401eee8                OS_TaskStat
                0x0401efb0                OS_TaskStatStkChk
                0x0401f078                OS_TCBInit
 .text          0x0401f358      0x18c ../Car2X_communication_bsp/\libucosii_bsp.a(os_dbg.o)
                0x0401f358                OSDebugInit
 .text          0x0401f4e4     0x193c ../Car2X_communication_bsp/\libucosii_bsp.a(os_flag.o)
                0x0401f4e4                OSFlagAccept
                0x0401f818                OSFlagCreate
                0x0401f954                OSFlagDel
                0x0401fbfc                OSFlagNameGet
                0x0401fd40                OSFlagNameSet
                0x0401fe94                OSFlagPend
                0x040204d8                OSFlagPendGetFlagsRdy
                0x04020540                OSFlagPost
                0x040208e8                OSFlagQuery
                0x04020b80                OS_FlagInit
                0x04020d74                OS_FlagUnlink
 .text          0x04020e20      0x80c ../Car2X_communication_bsp/\libucosii_bsp.a(os_mem.o)
                0x04020e20                OSMemCreate
                0x0402103c                OSMemGet
                0x04021140                OSMemNameGet
                0x0402124c                OSMemNameSet
                0x0402136c                OSMemPut
                0x0402145c                OSMemQuery
                0x04021558                OS_MemInit
 .text          0x0402162c     0x1334 ../Car2X_communication_bsp/\libucosii_bsp.a(os_q.o)
                0x0402162c                OSQAccept
                0x04021780                OSQCreate
                0x04021994                OSQDel
                0x04021c94                OSQFlush
                0x04021d5c                OSQPend
                0x0402207c                OSQPendAbort
                0x040221f8                OSQPost
                0x04022378                OSQPostFront
                0x04022500                OSQPostOpt
                0x04022734                OSQQuery
                0x040228b4                OS_QInit
 .text          0x04022960      0xbc8 ../Car2X_communication_bsp/\libucosii_bsp.a(os_sem.o)
                0x04022960                OSSemAccept
                0x04022a20                OSSemCreate
                0x04022b34                OSSemDel
                0x04022dd4                OSSemPend
                0x04023050                OSSemPendAbort
                0x040231cc                OSSemPost
                0x040232f4                OSSemQuery
                0x04023424                OSSemSet
 .text          0x04023528     0x1a40 ../Car2X_communication_bsp/\libucosii_bsp.a(os_task.o)
                0x04023528                OSTaskChangePrio
                0x04023a9c                OSTaskCreate
                0x04023c70                OSTaskCreateExt
                0x04023e70                OSTaskDel
                0x0402427c                OSTaskDelReq
                0x040243ec                OSTaskNameGet
                0x040245a4                OSTaskNameSet
                0x04024768                OSTaskResume
                0x04024980                OSTaskStkChk
                0x04024b7c                OSTaskSuspend
                0x04024da8                OSTaskQuery
                0x04024eec                OS_TaskStkClr
 .text          0x04024f68      0x5b4 ../Car2X_communication_bsp/\libucosii_bsp.a(os_time.o)
                0x04024f68                OSTimeDly
                0x040250b4                OSTimeDlyHMSM
                0x04025244                OSTimeDlyResume
                0x04025454                OSTimeGet
                0x040254b8                OSTimeSet
 .text          0x0402551c      0x424 ../Car2X_communication_bsp/\libucosii_bsp.a(alt_sys_init.o)
                0x0402551c                alt_irq_init
                0x04025550                alt_sys_init
 .text          0x04025940      0x148 ../Car2X_communication_bsp/\libucosii_bsp.a(altera_avalon_jtag_uart_fd.o)
                0x04025940                altera_avalon_jtag_uart_read_fd
                0x04025998                altera_avalon_jtag_uart_write_fd
                0x040259f0                altera_avalon_jtag_uart_close_fd
                0x04025a38                altera_avalon_jtag_uart_ioctl_fd
 .text          0x04025a88      0x584 ../Car2X_communication_bsp/\libucosii_bsp.a(altera_avalon_jtag_uart_init.o)
                0x04025a88                altera_avalon_jtag_uart_init
                0x04025f98                altera_avalon_jtag_uart_close
 .text          0x0402600c       0xf4 ../Car2X_communication_bsp/\libucosii_bsp.a(altera_avalon_jtag_uart_ioctl.o)
                0x0402600c                altera_avalon_jtag_uart_ioctl
 .text          0x04026100      0x2c0 ../Car2X_communication_bsp/\libucosii_bsp.a(altera_avalon_jtag_uart_read.o)
                0x04026100                altera_avalon_jtag_uart_read
 .text          0x040263c0      0x2dc ../Car2X_communication_bsp/\libucosii_bsp.a(altera_avalon_jtag_uart_write.o)
                0x040263c0                altera_avalon_jtag_uart_write
 .text          0x0402669c      0x370 ../Car2X_communication_bsp/\libucosii_bsp.a(altera_avalon_mutex.o)
                0x04026718                altera_avalon_mutex_open
                0x040267d0                altera_avalon_mutex_close
                0x040267f0                altera_avalon_mutex_lock
                0x04026850                altera_avalon_mutex_trylock
                0x040268c8                altera_avalon_mutex_unlock
                0x04026938                altera_avalon_mutex_is_mine
                0x040269b4                altera_avalon_mutex_first_lock
 .text          0x04026a0c      0xde4 ../Car2X_communication_bsp/\libucosii_bsp.a(altera_avalon_sgdma.o)
                0x04026a0c                alt_avalon_sgdma_do_async_transfer
                0x04026b48                alt_avalon_sgdma_do_sync_transfer
                0x04026c6c                alt_avalon_sgdma_construct_mem_to_mem_desc
                0x04026cdc                alt_avalon_sgdma_construct_mem_to_mem_desc_burst
                0x04026d5c                alt_avalon_sgdma_construct_stream_to_mem_desc
                0x04026db0                alt_avalon_sgdma_construct_stream_to_mem_desc_burst
                0x04026e20                alt_avalon_sgdma_construct_mem_to_stream_desc
                0x04026e94                alt_avalon_sgdma_construct_mem_to_stream_desc_burst
                0x04026f18                alt_avalon_sgdma_register_callback
                0x04026f68                alt_avalon_sgdma_start
                0x04026fbc                alt_avalon_sgdma_stop
                0x04027014                alt_avalon_sgdma_check_descriptor_status
                0x04027084                alt_avalon_sgdma_open
                0x0402713c                alt_avalon_sgdma_construct_descriptor
                0x040271c4                alt_avalon_sgdma_enable_desc_poll
                0x04027240                alt_avalon_sgdma_disable_desc_poll
                0x0402729c                alt_avalon_sgdma_construct_descriptor_burst
                0x04027744                alt_avalon_sgdma_init
 .text          0x040277f0      0x100 ../Car2X_communication_bsp/\libucosii_bsp.a(altera_avalon_timer_sc.o)
                0x04027860                alt_avalon_timer_sc_init
 .text          0x040278f0     0x5434 ../Car2X_communication_bsp/\libucosii_bsp.a(altera_avalon_tse.o)
                0x040278f0                no_printf
                0x0402791c                tse_mac_initTransInfo2
                0x0402797c                tse_mac_sTxWrite
                0x04027a6c                tse_mac_aRxRead
                0x04027b10                tse_mac_SwReset
                0x04027ba4                tse_mac_setMIImode
                0x04027bfc                tse_mac_setGMIImode
                0x04027c50                alt_tse_phy_add_profile
                0x04027e28                alt_tse_system_add_sys
                0x040288f8                alt_tse_sys_enable_mdio_sharing
                0x04028a90                alt_tse_mac_get_common_speed
                0x04028ad0                alt_tse_mac_set_common_speed
                0x04028b18                alt_tse_get_system_index
                0x04028ba0                alt_tse_get_mac_group_index
                0x04028c20                alt_tse_get_mac_info_index
                0x04028cac                alt_tse_get_mac_info
                0x04028d8c                alt_tse_mac_set_speed
                0x04028e78                alt_tse_mac_set_duplex
                0x04028f10                getPHYSpeed
                0x04029d18                alt_tse_phy_rd_mdio_addr
                0x04029d60                alt_tse_phy_wr_mdio_addr
                0x04029db4                alt_tse_phy_wr_mdio_reg
                0x04029edc                alt_tse_phy_rd_mdio_reg
                0x04029fa0                alt_tse_phy_add_profile_default
                0x0402a218                alt_tse_phy_print_profile
                0x0402a408                alt_tse_mac_group_init
                0x0402ab20                alt_tse_mac_get_phy
                0x0402af38                alt_tse_mac_associate_phy
                0x0402b170                alt_tse_phy_cfg_pcs
                0x0402b290                alt_tse_phy_init
                0x0402b3a4                alt_tse_phy_restart_an
                0x0402b554                alt_tse_phy_check_link
                0x0402b698                alt_tse_phy_get_cap
                0x0402bbd8                alt_tse_phy_set_adv_1000
                0x0402bd6c                alt_tse_phy_set_adv_100
                0x0402bf7c                alt_tse_phy_set_adv_10
                0x0402c114                alt_tse_phy_get_common_speed
                0x0402c430                alt_tse_phy_set_common_speed
                0x0402c914                marvell_phy_cfg
                0x0402c9bc                marvell_cfg_gmii
                0x0402cab0                marvell_cfg_sgmii
                0x0402cba4                marvell_cfg_rgmii
                0x0402cca4                DP83848C_link_status_read
 .text          0x0402cd24     0x18a8 ../Car2X_communication_bsp/\libucosii_bsp.a(ins_tse_mac.o)
                0x0402cd24                triple_speed_ethernet_init
                0x0402cea0                prep_tse_mac
                0x0402d12c                tse_mac_init
                0x0402dcdc                tse_mac_raw_send
                0x0402dfd4                tse_sgdmaRx_isr
                0x0402e07c                tse_sgdma_read_init
                0x0402e224                tse_mac_rcv
                0x0402e474                tse_mac_stats
                0x0402e4b4                tse_mac_close
 .text          0x0402e5cc       0x54 ../Car2X_communication_bsp/\libucosii_bsp.a(alt_iniche_close.o)
                0x0402e5cc                close
 .text          0x0402e620      0x124 ../Car2X_communication_bsp/\libucosii_bsp.a(alt_iniche_dev.o)
                0x0402e620                iniche_devices_init
 .text          0x0402e744       0x78 ../Car2X_communication_bsp/\libucosii_bsp.a(alt_iniche_read.o)
                0x0402e744                read
 .text          0x0402e7bc       0x70 ../Car2X_communication_bsp/\libucosii_bsp.a(alt_iniche_write.o)
                0x0402e7bc                write
 .text          0x0402e82c      0xedc ../Car2X_communication_bsp/\libucosii_bsp.a(ipnet.o)
                0x0402e82c                Netinit
                0x0402ee78                fixup_subnet_mask
                0x0402efd8                netclose
                0x0402f0c0                pktdemux
                0x0402f494                c_older
                0x0402f564                ip2mac
 .text          0x0402f708      0x4bc ../Car2X_communication_bsp/\libucosii_bsp.a(ipstart.o)
                0x0402f708                ip_startup
                0x0402f9f8                exit_hook
                0x0402fa64                ip_exit
                0x0402fb34                if_netnumber
 .text          0x0402fbc4     0x100c ../Car2X_communication_bsp/\libucosii_bsp.a(igmp_cmn.o)
                0x0402fbc4                igmp_init
                0x0402fc74                igmp_input
                0x0402fd6c                igmp_fasttimo
                0x0402ff04                igmp_send
                0x040301ac                igmp_joingroup
                0x04030418                igmp_leavegroup
                0x04030494                igmp_validate
                0x040307f0                igmp_print_stats
 .text          0x04030bd0      0xb6c ../Car2X_communication_bsp/\libucosii_bsp.a(bsdsock.o)
                0x04030bd0                bsd_accept
                0x04030d08                bsd_getpeername
                0x04030e34                bsd_getsockname
                0x04030f60                bsd_i_sockoptlen
                0x04031118                bsd_getsockopt
                0x04031238                bsd_ioctl
                0x0403133c                bsd_inet_ntoa
                0x0403136c                bsd_recvfrom
                0x040314cc                bsd_select
                0x04031650                bsd_setsockopt
 .text          0x0403173c      0x118 ../Car2X_communication_bsp/\libucosii_bsp.a(cksum.o)
                0x0403173c                ccksum
                0x040317ec                cksum
 .text          0x04031854      0xa9c ../Car2X_communication_bsp/\libucosii_bsp.a(in_utils.o)
                0x04031854                do_trap
                0x04031880                nextarg
                0x040318fc                hexdump
                0x04031a44                print_ipad
                0x04031ab8                print_uptime
                0x04031be4                panic
                0x04031c28                print_eth
                0x04031d8c                uslash
                0x04031e0c                ns_printf
                0x04031f90                std_out
                0x04031fd4                con_page
                0x040320c4                parse_args
 .text          0x040322f0      0x1cc ../Car2X_communication_bsp/\libucosii_bsp.a(netmain.o)
                0x040322f0                netmain
                0x040323ec                tk_netmain
                0x04032474                tk_nettick
 .text          0x040324bc      0x62c ../Car2X_communication_bsp/\libucosii_bsp.a(tk_crnos.o)
                0x040324bc                TK_OSTimeDly
                0x040324e8                TK_OSTaskResume
                0x04032558                tcp_sleep
                0x04032720                tcp_wakeup
                0x04032840                TK_OSTaskQuery
                0x040328b4                tk_yield
                0x040328e0                tk_stats
 .text          0x04032ae8      0x79c ../Car2X_communication_bsp/\libucosii_bsp.a(pktalloc.o)
                0x04032ae8                pk_init
                0x04032d78                pk_alloc
                0x04032e54                pk_validate
                0x0403310c                pk_free
                0x040331b8                pk_get_max_intrsafe_buf_len
                0x040331d8                dump_buf_estats
 .text          0x04033284      0x288 ../Car2X_communication_bsp/\libucosii_bsp.a(q.o)
                0x04033284                getq
                0x0403334c                putq
                0x040333fc                qdel
 .text          0x0403350c      0x194 ../Car2X_communication_bsp/\libucosii_bsp.a(asm_cksum.o)
                0x0403350c                asm_cksum
 .text          0x040336a0      0x2a0 ../Car2X_communication_bsp/\libucosii_bsp.a(brdutils.o)
                0x040336a0                dtrap
                0x040336d0                kbhit
                0x0403377c                getch
                0x040337dc                clock_init
                0x04033818                clock_c
                0x04033834                cticks_hook
                0x040338a0                irq_Mask
                0x040338fc                irq_Unmask
 .text          0x04033940      0x488 ../Car2X_communication_bsp/\libucosii_bsp.a(osportco.o)
                0x04033940                LOCK_NET_RESOURCE
                0x04033a00                UNLOCK_NET_RESOURCE
                0x04033a88                TK_NEWTASK
                0x04033c9c                wait_app_sem
                0x04033d50                post_app_sem
 .text          0x04033dc8      0x58c ../Car2X_communication_bsp/\libucosii_bsp.a(targnios.o)
                0x04033dc8                alt_iniche_init
                0x04034008                pre_task_setup
                0x0403407c                post_task_setup
                0x0403409c                prep_armintcp
                0x040340d4                calloc2
                0x04034108                npalloc
                0x040341fc                npfree
                0x040342b4                ncpalloc
                0x04034308                ncpfree
 .text          0x04034354     0x197c ../Car2X_communication_bsp/\libucosii_bsp.a(nptcp.o)
                0x04034354                pffindtype
                0x040343f4                pffindproto
                0x040344c4                m_getnbuf
                0x0403466c                m_free
                0x040347a0                m_freem
                0x040347e4                m_copy
                0x04034b08                m_adj
                0x04034cd8                mbuf_len
                0x04034d30                dtom
                0x04034dd8                remque
                0x04034e48                insque
                0x04034ec4                nptcp_init
                0x04034fe8                tcp_rcv
                0x040351d4                ip_output
                0x040357cc                in_broadcast
                0x0403580c                np_stripoptions
                0x040358f4                so_icmpdu
                0x04035c4c                tcp_tick
 .text          0x04035cd0      0xa2c ../Car2X_communication_bsp/\libucosii_bsp.a(rawsock.o)
                0x04035cd0                rawip_lookup
                0x04035d40                rawip_soinput
                0x04035f14                rawip_usrreq
 .text          0x040366fc     0x17fc ../Car2X_communication_bsp/\libucosii_bsp.a(sockcall.o)
                0x040366fc                DOMAIN_CHECK
                0x04036748                t_socket
                0x040367d8                t_bind
                0x04036954                t_listen
                0x04036a38                t_accept
                0x04036cd0                t_connect
                0x04036f78                t_getpeername
                0x04036fbc                t_getsockname
                0x040371fc                t_setsockopt
                0x040373d8                t_getsockopt
                0x0403757c                t_recv
                0x0403766c                t_recvfrom
                0x040377bc                t_sendto
                0x040379e8                t_send
                0x04037c10                t_shutdown
                0x04037cf4                t_socketclose
                0x04037e5c                t_errno
 .text          0x04037ef8     0x237c ../Car2X_communication_bsp/\libucosii_bsp.a(socket.o)
                0x04037ef8                socreate
                0x040380c4                sobind
                0x04038120                solisten
                0x04038210                sofree
                0x04038340                soclose
                0x0403863c                soabort
                0x0403868c                soaccept
                0x04038728                soconnect
                0x040387fc                sodisconnect
                0x0403889c                sosend
                0x04038ea4                soreceive
                0x04039688                soshutdown
                0x04039730                sorflush
                0x04039830                sosetopt
                0x04039cf0                sogetopt
                0x0403a230                sohasoutofband
 .text          0x0403a274     0x1318 ../Car2X_communication_bsp/\libucosii_bsp.a(socket2.o)
                0x0403a274                soisconnecting
                0x0403a2e0                soisconnected
                0x0403a3dc                soisdisconnecting
                0x0403a468                soisdisconnected
                0x0403a524                sonewconn
                0x0403a740                soqinsque
                0x0403a7ec                soqremque
                0x0403a90c                socantsendmore
                0x0403a95c                socantrcvmore
                0x0403a9ac                sbselqueue
                0x0403a9e4                sbwait
                0x0403aa4c                sbwakeup
                0x0403aae8                soreserve
                0x0403ab68                sbreserve
                0x0403abc8                sbrelease
                0x0403ac10                sbappend
                0x0403acb8                sbappendrecord
                0x0403ad98                sbappendaddr
                0x0403afa0                sbcompress
                0x0403b188                sbflush
                0x0403b218                sbdrop
                0x0403b3e8                sbdropend
                0x0403b4f8                sbdroprecord
 .text          0x0403b58c      0x91c ../Car2X_communication_bsp/\libucosii_bsp.a(soselect.o)
                0x0403b58c                t_select
                0x0403b7ac                sock_selscan
                0x0403b90c                sock_select
                0x0403bb20                in_pcbnotify
                0x0403bbec                tcp_notify
                0x0403bc54                ifd_clr
                0x0403bd44                ifd_set
                0x0403bdb8                ifd_isset
                0x0403be38                ifd_get
 .text          0x0403bea8     0x2ff0 ../Car2X_communication_bsp/\libucosii_bsp.a(tcp_in.o)
                0x0403bea8                tcp_reass
                0x0403c2b0                tcp_input
                0x0403e80c                tcp_dooptions
                0x0403e99c                tcp_pulloutofband
                0x0403eac8                tcp_xmit_timer
                0x0403ed34                ip4_tcpmss
                0x0403ed7c                tcp_mss
 .text          0x0403ee98     0x1370 ../Car2X_communication_bsp/\libucosii_bsp.a(tcp_out.o)
                0x0403ee98                tcp_output
                0x04040024                tcp_setpersist
 .text          0x04040208      0x9e8 ../Car2X_communication_bsp/\libucosii_bsp.a(tcp_subr.o)
                0x04040208                tcp_init
                0x04040260                tcp_template
                0x04040378                tcp_respond
                0x04040800                tcp_newtcpcb
                0x04040918                tcp_drop
                0x040409c4                tcp_close
                0x04040aac                tcp_quench
                0x04040af8                tcp_putseq
                0x04040b78                tcp_getseq
 .text          0x04040bf0      0x798 ../Car2X_communication_bsp/\libucosii_bsp.a(tcp_timr.o)
                0x04040bf0                tcp_slowtimo
                0x04040e90                tcp_canceltimers
                0x04040eec                tcp_timers
 .text          0x04041388      0x9ec ../Car2X_communication_bsp/\libucosii_bsp.a(tcp_usr.o)
                0x04041388                tcp_usrreq
                0x04041a8c                tcp_attach
                0x04041bc0                tcp_disconnect
                0x04041c94                tcp_usrclosed
 .text          0x04041d74       0x4c ../Car2X_communication_bsp/\libucosii_bsp.a(tcpport.o)
                0x04041d74                tcpinit
 .text          0x04041dc0      0xd20 ../Car2X_communication_bsp/\libucosii_bsp.a(udpsock.o)
                0x04041dc0                udp_lookup
                0x04041e30                udp_soinput
                0x04041fe8                udp_usrreq
                0x0404226c                udp4_sockbind
                0x040425a8                udp4_socksend
                0x04042984                udp4_sockaddr
 .text          0x04042ae0      0x154 ../Car2X_communication_bsp/\libucosii_bsp.a(alt_alarm_start.o)
                0x04042ae0                alt_alarm_start
 .text          0x04042c34      0x15c ../Car2X_communication_bsp/\libucosii_bsp.a(alt_busy_sleep.o)
                0x04042c34                alt_busy_sleep
 .text          0x04042d90      0x160 ../Car2X_communication_bsp/\libucosii_bsp.a(alt_close.o)
                0x04042d90                alt_close
 .text          0x04042ef0       0x1c ../Car2X_communication_bsp/\libucosii_bsp.a(alt_dcache_flush_all.o)
                0x04042ef0                alt_dcache_flush_all
 .text          0x04042f0c       0x2c ../Car2X_communication_bsp/\libucosii_bsp.a(alt_dev.o)
 .text          0x04042f38      0x114 ../Car2X_communication_bsp/\libucosii_bsp.a(alt_dev_llist_insert.o)
                0x04042f38                alt_dev_llist_insert
 .text          0x0404304c       0x64 ../Car2X_communication_bsp/\libucosii_bsp.a(alt_do_ctors.o)
                0x0404304c                _do_ctors
 .text          0x040430b0       0x64 ../Car2X_communication_bsp/\libucosii_bsp.a(alt_do_dtors.o)
                0x040430b0                _do_dtors
 .text          0x04043114        0x0 ../Car2X_communication_bsp/\libucosii_bsp.a(alt_errno.o)
 .text          0x04043114       0x94 ../Car2X_communication_bsp/\libucosii_bsp.a(alt_find_dev.o)
                0x04043114                alt_find_dev
 .text          0x040431a8       0x1c ../Car2X_communication_bsp/\libucosii_bsp.a(alt_icache_flush_all.o)
                0x040431a8                alt_icache_flush_all
 .text          0x040431c4      0x1d4 ../Car2X_communication_bsp/\libucosii_bsp.a(alt_iic.o)
                0x040431c4                alt_ic_isr_register
                0x04043214                alt_ic_irq_enable
                0x040432b0                alt_ic_irq_disable
                0x04043350                alt_ic_irq_enabled
 .text          0x04043398       0xf8 ../Car2X_communication_bsp/\libucosii_bsp.a(alt_iic_isr_register.o)
                0x04043398                alt_iic_isr_register
 .text          0x04043490      0x150 ../Car2X_communication_bsp/\libucosii_bsp.a(alt_io_redirect.o)
                0x04043568                alt_io_redirect
 .text          0x040435e0        0x0 ../Car2X_communication_bsp/\libucosii_bsp.a(alt_irq_entry.o)
 .text          0x040435e0        0x0 ../Car2X_communication_bsp/\libucosii_bsp.a(alt_irq_handler.o)
 .text          0x040435e0        0x0 ../Car2X_communication_bsp/\libucosii_bsp.a(alt_irq_vars.o)
 .text          0x040435e0      0x2e4 ../Car2X_communication_bsp/\libucosii_bsp.a(alt_open.o)
                0x040436d8                open
 .text          0x040438c4      0x184 ../Car2X_communication_bsp/\libucosii_bsp.a(alt_read.o)
                0x040438c4                alt_read
 .text          0x04043a48       0x78 ../Car2X_communication_bsp/\libucosii_bsp.a(alt_release_fd.o)
                0x04043a48                alt_release_fd
 .text          0x04043ac0       0x38 ../Car2X_communication_bsp/\libucosii_bsp.a(alt_remap_cached.o)
                0x04043ac0                alt_remap_cached
 .text          0x04043af8       0x40 ../Car2X_communication_bsp/\libucosii_bsp.a(alt_remap_uncached.o)
                0x04043af8                alt_remap_uncached
 .text          0x04043b38       0x64 ../Car2X_communication_bsp/\libucosii_bsp.a(alt_uncached_malloc.o)
                0x04043b38                alt_uncached_malloc
 .text          0x04043b9c      0x184 ../Car2X_communication_bsp/\libucosii_bsp.a(alt_write.o)
                0x04043b9c                alt_write
 .text          0x04043d20       0x20 ../Car2X_communication_bsp/\libucosii_bsp.a(altera_nios2_qsys_irq.o)
                0x04043d20                altera_nios2_qsys_irq_init
 .text          0x04043d40       0xd0 ../Car2X_communication_bsp/\libucosii_bsp.a(os_cpu_a.o)
                0x04043d40                OSCtxSw
                0x04043d40                OSIntCtxSw
                0x04043dcc                OSStartHighRdy
                0x04043dec                OSStartTsk
 .text          0x04043e10      0x424 ../Car2X_communication_bsp/\libucosii_bsp.a(os_cpu_c.o)
                0x04043e10                OSTaskStkInit
                0x04044120                OSTaskCreateHook
                0x04044140                OSTaskDelHook
                0x04044160                OSTaskSwHook
                0x0404417c                OSTaskStatHook
                0x04044198                OSTimeTickHook
                0x040441c0                OSInitHookBegin
                0x040441dc                OSInitHookEnd
                0x040441f8                OSTaskIdleHook
                0x04044214                OSTCBInitHook
 .text          0x04044234      0x3e8 ../Car2X_communication_bsp/\libucosii_bsp.a(allports.o)
                0x04044234                netmain_init
                0x0404432c                icmp_port_du
                0x040443b4                station_state
                0x04044510                sysuptime
                0x04044554                packet_check
                0x040445a0                mcastlist
                0x040445c4                prep_modules
 .text          0x0404461c      0x50c ../Car2X_communication_bsp/\libucosii_bsp.a(timeouts.o)
                0x0404461c                inet_timer
                0x040448b4                in_timerset
                0x04044a70                in_timerkill
 .text          0x04044b28       0xa4 ../Car2X_communication_bsp/\libucosii_bsp.a(tk_misc.o)
                0x04044b28                create_apptasks
                0x04044b4c                task_stats
 .text          0x04044bcc       0xb0 ../Car2X_communication_bsp/\libucosii_bsp.a(alt_iniche_fcntl.o)
                0x04044bcc                fcntl
 .text          0x04044c7c     0x14a0 ../Car2X_communication_bsp/\libucosii_bsp.a(et_arp.o)
                0x04044c7c                etainit
                0x04044cd0                et_send
                0x04044e4c                arp_free_pending
                0x04044ed4                arp_send_pending
                0x04044f48                send_arp
                0x040453e0                find_oldest_arp
                0x04045588                make_arp_entry
                0x0404569c                arpReply
                0x04045930                arprcv
                0x04045b90                send_via_arp
                0x04045d38                cb_arpent_tmo
                0x04045e50                grat_arp
 .text          0x0404611c      0x298 ../Car2X_communication_bsp/\libucosii_bsp.a(iface.o)
                0x0404611c                if_getbynum
                0x040461a0                isbcast
                0x04046280                reg_type
                0x0404631c                if_killsocks
 .text          0x040463b4     0x22c8 ../Car2X_communication_bsp/\libucosii_bsp.a(ip.o)
                0x040463b4                ip_init
                0x040464c4                ip_bldhead
                0x04046668                ip_write_internal
                0x04046de8                ip_write
                0x04047030                ip_write2
                0x040473e0                ip_raw_write
                0x040474b8                ip_fragment_lc
                0x04047940                ip_fragment
                0x04047f74                ip_mymach
                0x04048020                ip_dump
                0x040482d8                iproute
                0x04048544                ip_copypkt
 .text          0x0404867c     0x1d9c ../Car2X_communication_bsp/\libucosii_bsp.a(ip_reasm.o)
                0x0404867c                ip_reasm_match_frag_with_ire
                0x0404874c                ip_reasm_determine_type_of_frag
                0x04048838                ip_reasm_check_mem_useage
                0x040488d0                ip_reasm_incr_mem_useage
                0x04048978                ip_reasm_decr_mem_useage
                0x04048a18                ip_reasm_process_first_fragment
                0x04048cf8                ip_reassm
                0x04048d98                ip_reasm_compute_overlap
                0x04049328                ip_reasm_process_subsequent_fragments
                0x040498bc                ip_reasm_find_ire
                0x04049920                ip_reasm_copy_queued_fragments_into_reassy_buffer
                0x04049c7c                ip_reasm_process_timer_tick
                0x04049d60                ip_reasm_delete_ire
                0x04049f28                ip_reasm_mark_compact_rfq
                0x0404a070                ipr_stats
                0x0404a3c4                ip_reasm_send_icmp_timex
 .text          0x0404a418      0xe3c ../Car2X_communication_bsp/\libucosii_bsp.a(ipdemux.o)
                0x0404a418                ip_rcv