Archive member included because of file (symbol)

c:/altera/12.1/nios2eds/bin/gnu/h-i686-mingw32/bin/../lib/gcc/nios2-elf/4.1.2/../../../../nios2-elf/lib\libstdc++.a(functexcept.o)
                              obj/default/socketserver.o (std::__throw_bad_alloc())
c:/altera/12.1/nios2eds/bin/gnu/h-i686-mingw32/bin/../lib/gcc/nios2-elf/4.1.2/../../../../nios2-elf/lib\libstdc++.a(ios_failure.o)
                              c:/altera/12.1/nios2eds/bin/gnu/h-i686-mingw32/bin/../lib/gcc/nios2-elf/4.1.2/../../../../nios2-elf/lib\libstdc++.a(functexcept.o) (std::ios_base::failure::~failure())
c:/altera/12.1/nios2eds/bin/gnu/h-i686-mingw32/bin/../lib/gcc/nios2-elf/4.1.2/../../../../nios2-elf/lib\libstdc++.a(stdexcept.o)
                              c:/altera/12.1/nios2eds/bin/gnu/h-i686-mingw32/bin/../lib/gcc/nios2-elf/4.1.2/../../../../nios2-elf/lib\libstdc++.a(functexcept.o) (std::runtime_error::what() const)
c:/altera/12.1/nios2eds/bin/gnu/h-i686-mingw32/bin/../lib/gcc/nios2-elf/4.1.2/../../../../nios2-elf/lib\libstdc++.a(string-inst.o)
                              c:/altera/12.1/nios2eds/bin/gnu/h-i686-mingw32/bin/../lib/gcc/nios2-elf/4.1.2/../../../../nios2-elf/lib\libstdc++.a(functexcept.o) (std::string::_Rep::_S_empty_rep_storage)
c:/altera/12.1/nios2eds/bin/gnu/h-i686-mingw32/bin/../lib/gcc/nios2-elf/4.1.2/../../../../nios2-elf/lib\libstdc++.a(atomicity.o)
                              c:/altera/12.1/nios2eds/bin/gnu/h-i686-mingw32/bin/../lib/gcc/nios2-elf/4.1.2/../../../../nios2-elf/lib\libstdc++.a(functexcept.o) (__gnu_cxx::__exchange_and_add(int volatile*, int))
c:/altera/12.1/nios2eds/bin/gnu/h-i686-mingw32/bin/../lib/gcc/nios2-elf/4.1.2/../../../../nios2-elf/lib\libstdc++.a(eh_personality.o)
                              obj/default/COMM_CarProtocol/ADCInfoMessage.o (__gxx_personality_sj0)
c:/altera/12.1/nios2eds/bin/gnu/h-i686-mingw32/bin/../lib/gcc/nios2-elf/4.1.2/../../../../nios2-elf/lib\libstdc++.a(eh_exception.o)
                              c:/altera/12.1/nios2eds/bin/gnu/h-i686-mingw32/bin/../lib/gcc/nios2-elf/4.1.2/../../../../nios2-elf/lib\libstdc++.a(ios_failure.o) (std::exception::~exception())
c:/altera/12.1/nios2eds/bin/gnu/h-i686-mingw32/bin/../lib/gcc/nios2-elf/4.1.2/../../../../nios2-elf/lib\libstdc++.a(del_op.o)
                              obj/default/COMM_CarProtocol/ADCInfoMessage.o (operator delete(void*))
c:/altera/12.1/nios2eds/bin/gnu/h-i686-mingw32/bin/../lib/gcc/nios2-elf/4.1.2/../../../../nios2-elf/lib\libstdc++.a(eh_call.o)
                              c:/altera/12.1/nios2eds/bin/gnu/h-i686-mingw32/bin/../lib/gcc/nios2-elf/4.1.2/../../../../nios2-elf/lib\libstdc++.a(eh_personality.o) (__cxa_call_terminate)
c:/altera/12.1/nios2eds/bin/gnu/h-i686-mingw32/bin/../lib/gcc/nios2-elf/4.1.2/../../../../nios2-elf/lib\libstdc++.a(bad_typeid.o)
                              c:/altera/12.1/nios2eds/bin/gnu/h-i686-mingw32/bin/../lib/gcc/nios2-elf/4.1.2/../../../../nios2-elf/lib\libstdc++.a(functexcept.o) (vtable for std::bad_typeid)
c:/altera/12.1/nios2eds/bin/gnu/h-i686-mingw32/bin/../lib/gcc/nios2-elf/4.1.2/../../../../nios2-elf/lib\libstdc++.a(class_type_info.o)
                              obj/default/COMM_CarProtocol/CarMessage.o (vtable for __cxxabiv1::__class_type_info)
c:/altera/12.1/nios2eds/bin/gnu/h-i686-mingw32/bin/../lib/gcc/nios2-elf/4.1.2/../../../../nios2-elf/lib\libstdc++.a(new_op.o)
                              obj/default/COMM_CarProtocol/CarProtocol.o (operator new(unsigned long))
c:/altera/12.1/nios2eds/bin/gnu/h-i686-mingw32/bin/../lib/gcc/nios2-elf/4.1.2/../../../../nios2-elf/lib\libstdc++.a(guard.o)
                              obj/default/socketserver.o (__cxa_guard_release)
c:/altera/12.1/nios2eds/bin/gnu/h-i686-mingw32/bin/../lib/gcc/nios2-elf/4.1.2/../../../../nios2-elf/lib\libstdc++.a(si_class_type_info.o)
                              obj/default/COMM_CarProtocol/ADCInfoMessage.o (vtable for __cxxabiv1::__si_class_type_info)
c:/altera/12.1/nios2eds/bin/gnu/h-i686-mingw32/bin/../lib/gcc/nios2-elf/4.1.2/../../../../nios2-elf/lib\libstdc++.a(eh_alloc.o)
                              c:/altera/12.1/nios2eds/bin/gnu/h-i686-mingw32/bin/../lib/gcc/nios2-elf/4.1.2/../../../../nios2-elf/lib\libstdc++.a(functexcept.o) (__cxa_free_exception)
c:/altera/12.1/nios2eds/bin/gnu/h-i686-mingw32/bin/../lib/gcc/nios2-elf/4.1.2/../../../../nios2-elf/lib\libstdc++.a(tinfo.o)
                              c:/altera/12.1/nios2eds/bin/gnu/h-i686-mingw32/bin/../lib/gcc/nios2-elf/4.1.2/../../../../nios2-elf/lib\libstdc++.a(class_type_info.o) (std::type_info::__is_pointer_p() const)
c:/altera/12.1/nios2eds/bin/gnu/h-i686-mingw32/bin/../lib/gcc/nios2-elf/4.1.2/../../../../nios2-elf/lib\libstdc++.a(eh_throw.o)
                              c:/altera/12.1/nios2eds/bin/gnu/h-i686-mingw32/bin/../lib/gcc/nios2-elf/4.1.2/../../../../nios2-elf/lib\libstdc++.a(eh_personality.o) (__cxa_rethrow)
[...]
Memory Configuration

Name             Origin             Length             Attributes
com_memory_BEFORE_RESET 0x04000000         0x00005000
reset            0x04005000         0x00000020
com_memory       0x04005020         0x03ffafe0
ethernet_subsystem_descriptor_memory 0x08000000         0x00002000
shared_memory    0x08002000         0x00001000
com_ocmemory     0x08004000         0x00000400
*default*        0x00000000         0xffffffff

Linker script and memory map

LOAD ../Car2X_communication_bsp//obj/HAL/src/crt0.o
LOAD obj/default/alt_error_handler.o
LOAD obj/default/main.o
LOAD obj/default/network_utilities.o
LOAD obj/default/tse_my_system.o
LOAD obj/default/COMM_CarProtocol/ADCInfoMessage.o
LOAD obj/default/COMM_CarProtocol/ADCValuesMessage.o
LOAD obj/default/COMM_CarProtocol/AccelerationValuesMessage.o
LOAD obj/default/COMM_CarProtocol/CarMessage.o
LOAD obj/default/COMM_CarProtocol/CarProtocol.o
LOAD obj/default/COMM_CarProtocol/MotorMeasurementMessage.o
LOAD obj/default/COMM_CarProtocol/MotorVelocityMessage.o
LOAD obj/default/COMM_CarProtocol/UltrasoundDistanceMessage.o
LOAD obj/default/COMM_CarProtocol/WelcomeMessage.o
LOAD obj/default/etc/utility.o
LOAD obj/default/external_drivers/accelerometer_interface.o
LOAD obj/default/external_drivers/adc_interface.o
LOAD obj/default/external_drivers/ultrasound_interface.o
LOAD obj/default/sensors/ADCSensor.o
LOAD obj/default/sensors/AccelerationSensor.o
LOAD obj/default/sensors/SensorState.o
LOAD obj/default/sensors/UltrasoundSensor.o
LOAD obj/default/socketserver.o
LOAD obj/default/terasic_lib/I2C.o
LOAD obj/default/terasic_lib/accelerometer_adxl345_spi.o
LOAD obj/default/terasic_lib/adc_spi_read.o
LOAD obj/default/terasic_lib/terasic_spi.o
LOAD c:/altera/12.1/nios2eds/bin/gnu/h-i686-mingw32/bin/../lib/gcc/nios2-elf/4.1.2/../../../../nios2-elf/lib\libstdc++.a
LOAD c:/altera/12.1/nios2eds/bin/gnu/h-i686-mingw32/bin/../lib/gcc/nios2-elf/4.1.2/../../../../nios2-elf/lib\libm.a
LOAD c:/altera/12.1/nios2eds/bin/gnu/h-i686-mingw32/bin/../lib/gcc/nios2-elf/4.1.2\libgcc.a
START GROUP
LOAD c:/altera/12.1/nios2eds/bin/gnu/h-i686-mingw32/bin/../lib/gcc/nios2-elf/4.1.2/../../../../nios2-elf/lib\libc.a
LOAD c:/altera/12.1/nios2eds/bin/gnu/h-i686-mingw32/bin/../lib/gcc/nios2-elf/4.1.2\libgcc.a
LOAD ../Car2X_communication_bsp/\libucosii_bsp.a
END GROUP
LOAD c:/altera/12.1/nios2eds/bin/gnu/h-i686-mingw32/bin/../lib/gcc/nios2-elf/4.1.2\libgcc.a
                0x04000000                __alt_mem_com_memory = 0x4000000
                0x08000000                __alt_mem_ethernet_subsystem_descriptor_memory = 0x8000000
                0x08002000                __alt_mem_shared_memory = 0x8002000
                0x08004000                __alt_mem_com_ocmemory = 0x8004000

.entry          0x04005000       0x20
 *(.entry)
 .entry         0x04005000       0x20 ../Car2X_communication_bsp//obj/HAL/src/crt0.o
                0x04005000                __reset

.exceptions     0x04005020      0x19c
                0x04005020                PROVIDE (__ram_exceptions_start, ABSOLUTE (.))
                0x04005020                . = ALIGN (0x20)
 *(.irq)
 *(.exceptions.entry.label)
 .exceptions.entry.label
                0x04005020        0x0 ../Car2X_communication_bsp/\libucosii_bsp.a(alt_irq_entry.o)
                0x04005020                alt_irq_entry
 .exceptions.entry.label
                0x04005020        0x0 ../Car2X_communication_bsp/\libucosii_bsp.a(alt_exception_entry.o)
                0x04005020                alt_exception
 *(.exceptions.entry.user)
 *(.exceptions.entry)
 .exceptions.entry
                0x04005020       0x54 ../Car2X_communication_bsp/\libucosii_bsp.a(alt_exception_entry.o)
 *(.exceptions.irqtest.user)
 *(.exceptions.irqtest)
 .exceptions.irqtest
                0x04005074       0x10 ../Car2X_communication_bsp/\libucosii_bsp.a(alt_irq_entry.o)
 *(.exceptions.irqhandler.user)
 *(.exceptions.irqhandler)
 .exceptions.irqhandler
                0x04005084        0x4 ../Car2X_communication_bsp/\libucosii_bsp.a(alt_irq_entry.o)
 *(.exceptions.irqreturn.user)
 *(.exceptions.irqreturn)
 .exceptions.irqreturn
                0x04005088        0x4 ../Car2X_communication_bsp/\libucosii_bsp.a(alt_irq_entry.o)
 *(.exceptions.notirq.label)
 .exceptions.notirq.label
                0x0400508c        0x0 ../Car2X_communication_bsp/\libucosii_bsp.a(alt_irq_entry.o)
 *(.exceptions.notirq.user)
 *(.exceptions.notirq)
 .exceptions.notirq
                0x0400508c        0x8 ../Car2X_communication_bsp/\libucosii_bsp.a(alt_exception_entry.o)
 *(.exceptions.soft.user)
 *(.exceptions.soft)
 *(.exceptions.unknown.user)
 *(.exceptions.unknown)
 .exceptions.unknown
                0x04005094        0x4 ../Car2X_communication_bsp/\libucosii_bsp.a(alt_exception_entry.o)
 *(.exceptions.exit.label)
 .exceptions.exit.label
                0x04005098        0x0 ../Car2X_communication_bsp/\libucosii_bsp.a(alt_irq_entry.o)
 .exceptions.exit.label
                0x04005098        0x0 ../Car2X_communication_bsp/\libucosii_bsp.a(alt_exception_entry.o)
 *(.exceptions.exit.user)
 *(.exceptions.exit)
 .exceptions.exit
                0x04005098       0x54 ../Car2X_communication_bsp/\libucosii_bsp.a(alt_exception_entry.o)
 *(.exceptions)
 .exceptions    0x040050ec       0xd0 ../Car2X_communication_bsp/\libucosii_bsp.a(alt_irq_handler.o)
                0x040050ec                alt_irq_handler
                0x040051bc                PROVIDE (__ram_exceptions_end, ABSOLUTE (.))
                0x04005020                PROVIDE (__flash_exceptions_start, LOADADDR (.exceptions))

.text           0x040051bc    0x55ef8
                0x040051bc                PROVIDE (stext, ABSOLUTE (.))
 *(.interp)
 *(.hash)
 *(.dynsym)
 *(.dynstr)
 *(.gnu.version)
 *(.gnu.version_d)
 *(.gnu.version_r)
 *(.rel.init)
 *(.rela.init)
 *(.rel.text .rel.text.* .rel.gnu.linkonce.t.*)
 *(.rela.text .rela.text.* .rela.gnu.linkonce.t.*)
 *(.rel.fini)
 *(.rela.fini)
 *(.rel.rodata .rel.rodata.* .rel.gnu.linkonce.r.*)
 *(.rela.rodata .rela.rodata.* .rela.gnu.linkonce.r.*)
 *(.rel.data .rel.data.* .rel.gnu.linkonce.d.*)
 *(.rela.data .rela.data.* .rela.gnu.linkonce.d.*)
 *(.rel.tdata .rel.tdata.* .rel.gnu.linkonce.td.*)
 *(.rela.tdata .rela.tdata.* .rela.gnu.linkonce.td.*)
 *(.rel.tbss .rel.tbss.* .rel.gnu.linkonce.tb.*)
 *(.rela.tbss .rela.tbss.* .rela.gnu.linkonce.tb.*)
 *(.rel.ctors)
 *(.rela.ctors)
 *(.rel.dtors)
 *(.rela.dtors)
 *(.rel.got)
 *(.rela.got)
 *(.rel.sdata .rel.sdata.* .rel.gnu.linkonce.s.*)
 *(.rela.sdata .rela.sdata.* .rela.gnu.linkonce.s.*)
 *(.rel.sbss .rel.sbss.* .rel.gnu.linkonce.sb.*)
 *(.rela.sbss .rela.sbss.* .rela.gnu.linkonce.sb.*)
 *(.rel.sdata2 .rel.sdata2.* .rel.gnu.linkonce.s2.*)
 *(.rela.sdata2 .rela.sdata2.* .rela.gnu.linkonce.s2.*)
 *(.rel.sbss2 .rel.sbss2.* .rel.gnu.linkonce.sb2.*)
 *(.rela.sbss2 .rela.sbss2.* .rela.gnu.linkonce.sb2.*)
 *(.rel.bss .rel.bss.* .rel.gnu.linkonce.b.*)
 *(.rela.bss .rela.bss.* .rela.gnu.linkonce.b.*)
 *(.rel.plt)
 *(.rela.plt)
 *(.rel.dyn)
 *(.init)
 *(.plt)
 *(.text .stub .text.* .gnu.linkonce.t.*)
 .text          0x040051bc       0x4c ../Car2X_communication_bsp//obj/HAL/src/crt0.o
                0x040051bc                _start
 .text          0x04005208      0xba8 obj/default/alt_error_handler.o
                0x04005208                alt_uCOSIIErrorHandler
                0x0400582c                alt_NetworkErrorHandler
                0x04005ac4                alt_SSSErrorHandler
 .text          0x04005db0       0xec obj/default/main.o
                0x04005db0                SSSInitialTask
                0x04005e20                main
 .text          0x04005e9c      0x5f8 obj/default/network_utilities.o
                0x04005e9c                get_mac_addr
                0x04005ef4                get_ip_addr
                0x040060b8                get_serial_number
                0x04006294                generate_and_store_mac_addr
                0x040062c0                generate_mac_addr
                0x040063fc                get_board_mac_addr
                0x0400646c                FindLastFlashSectorOffset
 .text          0x04006494        0x0 obj/default/tse_my_system.o
 .text          0x04006494      0xb78 obj/default/COMM_CarProtocol/ADCInfoMessage.o
                0x04006494                CADCInfoMessage::doAction()
                0x040064b4                CADCInfoMessage::answerMessage(unsigned char, unsigned char*, unsigned char*)
                0x04006614                CADCInfoMessage::getLength()
                0x04006638                CADCInfoMessage::parseMessage(unsigned char*, int)
                0x040067c8                CADCInfoMessage::getBytes(unsigned char*)
                0x04006984                CADCInfoMessage::~CADCInfoMessage()
                0x040069dc                CADCInfoMessage::~CADCInfoMessage()
                0x04006a34                CADCInfoMessage::~CADCInfoMessage()
                0x04006a8c                CADCInfoMessage::CADCInfoMessage(unsigned char*, int)
                0x04006be8                CADCInfoMessage::CADCInfoMessage(unsigned char*, int)
                0x04006d44                CADCInfoMessage::CADCInfoMessage(unsigned char*)
                0x04006ea8                CADCInfoMessage::CADCInfoMessage(unsigned char*)
 .text          0x0400700c      0x914 obj/default/COMM_CarProtocol/ADCValuesMessage.o
                0x0400700c                CADCValuesMessage::doAction()
                0x0400702c                CADCValuesMessage::answerMessage(unsigned char*, unsigned short*)
                0x04007090                CADCValuesMessage::getLength()
                0x040070b4                CADCValuesMessage::parseMessage(unsigned char*, int)
                0x04007194                CADCValuesMessage::getBytes(unsigned char*)
                0x040072a8                CADCValuesMessage::~CADCValuesMessage()
                0x04007300                CADCValuesMessage::~CADCValuesMessage()
                0x04007358                CADCValuesMessage::~CADCValuesMessage()
                0x040073b0                CADCValuesMessage::CADCValuesMessage(unsigned char*, int)
                0x0400750c                CADCValuesMessage::CADCValuesMessage(unsigned char*, int)
                0x04007668                CADCValuesMessage::CADCValuesMessage(unsigned char*)
                0x040077c4                CADCValuesMessage::CADCValuesMessage(unsigned char*)
 .text          0x04007920      0xa48 obj/default/COMM_CarProtocol/AccelerationValuesMessage.o
                0x04007920                CAccelerationValuesMessage::answerMessage(short, short, short, unsigned char)
                0x0400799c                CAccelerationValuesMessage::getLength()
                0x040079c0                CAccelerationValuesMessage::parseMessage(unsigned char*, int)
                0x04007ab8                CAccelerationValuesMessage::getBytes(unsigned char*)
                0x04007c3c                CAccelerationValuesMessage::doAction()
                0x04007d00                CAccelerationValuesMessage::~CAccelerationValuesMessage()
                0x04007d58                CAccelerationValuesMessage::~CAccelerationValuesMessage()
                0x04007db0                CAccelerationValuesMessage::~CAccelerationValuesMessage()
                0x04007e08                CAccelerationValuesMessage::CAccelerationValuesMessage(unsigned char*, int)
                0x04007f64                CAccelerationValuesMessage::CAccelerationValuesMessage(unsigned char*, int)
                0x040080c0                CAccelerationValuesMessage::CAccelerationValuesMessage()
                0x04008214                CAccelerationValuesMessage::CAccelerationValuesMessage()
 .text          0x04008368      0x614 obj/default/COMM_CarProtocol/CarMessage.o
                0x04008368                CCarMessage::CCarMessage()
                0x040083a0                CCarMessage::CCarMessage()
                0x040083d8                CCarMessage::doAction()
                0x040083f8                CCarMessage::getBytes(unsigned char*)
                0x04008494                CCarMessage::getLength()
                0x040084b8                CCarMessage::getType()
                0x040084e4                CCarMessage::getSubType()
                0x04008510                CCarMessage::isValid()
                0x0400853c                CCarMessage::setHeader(unsigned char, unsigned char, bool)
                0x040085a0                CCarMessage::CCarMessage(unsigned char, unsigned char, bool)
                0x040085f8                CCarMessage::CCarMessage(unsigned char, unsigned char, bool)
                0x04008650                CCarMessage::setHeader(unsigned char, unsigned char, unsigned char, bool)
                0x040086c0                CCarMessage::parseHeader(unsigned char*, int)
                0x0400874c                CCarMessage::CCarMessage(unsigned char*, int)
                0x040087a4                CCarMessage::CCarMessage(unsigned char*, int)
                0x040087fc                CCarMessage::writeHeaderToBuffer(unsigned char*, int)
                0x0400888c                CCarMessage::~CCarMessage()
                0x040088dc                CCarMessage::~CCarMessage()
                0x0400892c                CCarMessage::~CCarMessage()
 .text          0x0400897c     0x1478 obj/default/COMM_CarProtocol/CarProtocol.o
                0x0400897c                CCarProtocol::CCarProtocol(unsigned short, CCarMessage**, unsigned long)
                0x04008a3c                CCarProtocol::CCarProtocol(unsigned short, CCarMessage**, unsigned long)
                0x04008afc                CCarProtocol::isValid()
                0x04008b28                CCarProtocol::getLength()
                0x04008bd8                CCarProtocol::getNthMessage(unsigned long)
                0x04008c38                CCarProtocol::getMessageCount()
                0x04008c60                CCarProtocol::getBytes(unsigned char*)
                0x04008e6c                CCarProtocol::~CCarProtocol()
                0x04008f8c                CCarProtocol::~CCarProtocol()
                0x040090ac                CCarProtocol::~CCarProtocol()
                0x040091cc                CCarProtocol::parsePacket(unsigned char*, int)
                0x04009d34                CCarProtocol::CCarProtocol(unsigned char*, int)
                0x04009d94                CCarProtocol::CCarProtocol(unsigned char*, int)
 .text          0x04009df4      0x9e0 obj/default/COMM_CarProtocol/MotorMeasurementMessage.o
                0x04009df4                CMotorMeasurementMessage::doAction()
                0x04009e14                CMotorMeasurementMessage::getLength()
                0x04009e38                CMotorMeasurementMessage::answerMessage(short, unsigned short, short, short, short)
                0x04009ec8                CMotorMeasurementMessage::getBytes(unsigned char*)
                0x04009ffc                CMotorMeasurementMessage::parseMessage(unsigned char*, int)
                0x0400a134                CMotorMeasurementMessage::~CMotorMeasurementMessage()
                0x0400a18c                CMotorMeasurementMessage::~CMotorMeasurementMessage()
                0x0400a1e4                CMotorMeasurementMessage::~CMotorMeasurementMessage()
                0x0400a23c                CMotorMeasurementMessage::CMotorMeasurementMessage(unsigned char*, int)
                0x0400a398                CMotorMeasurementMessage::CMotorMeasurementMessage(unsigned char*, int)
                0x0400a4f4                CMotorMeasurementMessage::CMotorMeasurementMessage()
                0x0400a664                CMotorMeasurementMessage::CMotorMeasurementMessage()
 .text          0x0400a7d4      0x824 obj/default/COMM_CarProtocol/MotorVelocityMessage.o
                0x0400a7d4                CMotorVelocityMessage::doAction()
                0x0400a7f4                CMotorVelocityMessage::getLength()
                0x0400a818                CMotorVelocityMessage::answerMessage(short)
                0x0400a860                CMotorVelocityMessage::parseMessage(unsigned char*, int)
                0x0400a8f4                CMotorVelocityMessage::getBytes(unsigned char*)
                0x0400a988                CMotorVelocityMessage::~CMotorVelocityMessage()
                0x0400a9e0                CMotorVelocityMessage::~CMotorVelocityMessage()
                0x0400aa38                CMotorVelocityMessage::~CMotorVelocityMessage()
                0x0400aa90                CMotorVelocityMessage::CMotorVelocityMessage(unsigned char*, int)
                0x0400abec                CMotorVelocityMessage::CMotorVelocityMessage(unsigned char*, int)
                0x0400ad48                CMotorVelocityMessage::CMotorVelocityMessage(short)
                0x0400aea0                CMotorVelocityMessage::CMotorVelocityMessage(short)
 .text          0x0400aff8      0x864 obj/default/COMM_CarProtocol/UltrasoundDistanceMessage.o
                0x0400aff8                CUltrasoundDistanceMessage::doAction()
                0x0400b018                CUltrasoundDistanceMessage::answerMessage(long)
                0x0400b088                CUltrasoundDistanceMessage::getLength()
                0x0400b0ac                CUltrasoundDistanceMessage::parseMessage(unsigned char*, int)
                0x0400b140                CUltrasoundDistanceMessage::getBytes(unsigned char*)
                0x0400b1fc                CUltrasoundDistanceMessage::~CUltrasoundDistanceMessage()
                0x0400b254                CUltrasoundDistanceMessage::~CUltrasoundDistanceMessage()
                0x0400b2ac                CUltrasoundDistanceMessage::~CUltrasoundDistanceMessage()
                0x0400b304                CUltrasoundDistanceMessage::CUltrasoundDistanceMessage(unsigned char*, int)
                0x0400b460                CUltrasoundDistanceMessage::CUltrasoundDistanceMessage(unsigned char*, int)
                0x0400b5bc                CUltrasoundDistanceMessage::CUltrasoundDistanceMessage()
                0x0400b70c                CUltrasoundDistanceMessage::CUltrasoundDistanceMessage()
 .text          0x0400b85c      0x9b0 obj/default/COMM_CarProtocol/WelcomeMessage.o
                0x0400b85c                CWelcomeMessage::doAction()
                0x0400b87c                CWelcomeMessage::getLength()
                0x0400b8a0                CWelcomeMessage::parseMessage(unsigned char*, int)
                0x0400b974                CWelcomeMessage::answerMessage(unsigned char, unsigned char, unsigned char, unsigned char*)
                0x0400ba38                CWelcomeMessage::getBytes(unsigned char*)
                0x0400bb14                CWelcomeMessage::~CWelcomeMessage()
                0x0400bb6c                CWelcomeMessage::~CWelcomeMessage()
                0x0400bbc4                CWelcomeMessage::~CWelcomeMessage()
                0x0400bc1c                CWelcomeMessage::CWelcomeMessage(unsigned char)
                0x0400bdb8                CWelcomeMessage::CWelcomeMessage(unsigned char)
                0x0400bf54                CWelcomeMessage::CWelcomeMessage(unsigned char*, int)
                0x0400c0b0                CWelcomeMessage::CWelcomeMessage(unsigned char*, int)
 .text          0x0400c20c       0xf8 obj/default/etc/utility.o
                0x0400c20c                delay(unsigned int)
                0x0400c254                swapEndianess(unsigned char*, unsigned long)
 .text          0x0400c304      0x110 obj/default/external_drivers/accelerometer_interface.o
                0x0400c304                getAcceleration(short*)
 .text          0x0400c414      0x1fc obj/default/external_drivers/adc_interface.o
                0x0400c414                ReadADCChannels(unsigned char*, unsigned char, unsigned long*)
 .text          0x0400c610      0x104 obj/default/external_drivers/ultrasound_interface.o
                0x0400c610                measuredistance(unsigned long)
 .text          0x0400c714      0x4c4 obj/default/sensors/ADCSensor.o
                0x0400c714                CADCSensor::updateSensorState(CCarMessage*)
                0x0400c73c                CADCSensor::getValueByChannel(unsigned char)
                0x0400c7bc                CADCSensor::getChannelAliasStrings()
                0x0400c7e4                CADCSensor::getCarMessage()
                0x0400c9f8                CADCSensor::~CADCSensor()
                0x0400ca50                CADCSensor::~CADCSensor()
                0x0400caa8                CADCSensor::~CADCSensor()
                0x0400cb00                CADCSensor::CADCSensor()
                0x0400cb6c                CADCSensor::CADCSensor()
 .text          0x0400cbd8      0x3bc obj/default/sensors/AccelerationSensor.o
                0x0400cbd8                CAccelerationSensor::updateSensorState(CCarMessage*)
                0x0400cc00                CAccelerationSensor::getXAcceleration()
                0x0400cc34                CAccelerationSensor::getYAcceleration()
                0x0400cc68                CAccelerationSensor::getZAcceleration()
                0x0400cc9c                CAccelerationSensor::isAccelerationValid()
                0x0400ccc8                CAccelerationSensor::getCarMessage()
                0x0400cde4                CAccelerationSensor::~CAccelerationSensor()
                0x0400ce3c                CAccelerationSensor::~CAccelerationSensor()
                0x0400ce94                CAccelerationSensor::~CAccelerationSensor()
                0x0400ceec                CAccelerationSensor::CAccelerationSensor()
                0x0400cf40                CAccelerationSensor::CAccelerationSensor()
 .text          0x0400cf94      0x1f4 obj/default/sensors/SensorState.o
                0x0400cf94                CSensorState::CSensorState()
                0x0400cfc4                CSensorState::CSensorState()
                0x0400cff4                CSensorState::getCarMessage()
                0x0400d018                CSensorState::updateSensorState(CCarMessage*)
                0x0400d040                CSensorState::getType()
                0x0400d06c                CSensorState::isValid()
                0x0400d098                CSensorState::~CSensorState()
                0x0400d0e8                CSensorState::~CSensorState()
                0x0400d138                CSensorState::~CSensorState()
 .text          0x0400d188      0x340 obj/default/sensors/UltrasoundSensor.o
                0x0400d188                CUltrasoundSensor::updateSensorState(CCarMessage*)
                0x0400d1b0                CUltrasoundSensor::getDistance()
                0x0400d1dc                CUltrasoundSensor::isDistanceValid()
                0x0400d20c                CUltrasoundSensor::getCarMessage()
                0x0400d328                CUltrasoundSensor::~CUltrasoundSensor()
                0x0400d380                CUltrasoundSensor::~CUltrasoundSensor()
                0x0400d3d8                CUltrasoundSensor::~CUltrasoundSensor()
                0x0400d430                CUltrasoundSensor::CUltrasoundSensor()
                0x0400d47c                CUltrasoundSensor::CUltrasoundSensor()
 .text          0x0400d4c8      0xc6c obj/default/socketserver.o
                0x0400d4f8                sss_reset_connection(SSS_SOCKET*)
                0x0400d560                sss_handle_receive(SSS_SOCKET*)
                0x0400d5fc                receive_bytes(SSS_SOCKET*)
                0x0400d688                sss_exec_command(CCarProtocol*, SSS_SOCKET*)
                0x0400d7f4                sss_handle_receive_new(SSS_SOCKET*)
                0x0400dbd8                sss_handle_accept(int, SSS_SOCKET*)
                0x0400dd98                SSSSimpleSocketServerTask
 .text._ZnwmPv  0x0400e134       0x28 obj/default/socketserver.o
                0x0400e134                operator new(unsigned long, void*)
 .text._ZN9__gnu_cxx13new_allocatorI10SSS_SOCKETEC2Ev
                0x0400e15c       0x20 obj/default/socketserver.o
                0x0400e15c                __gnu_cxx::new_allocator<SSS_SOCKET>::new_allocator()
 .text._ZNSaI10SSS_SOCKETEC1Ev
                0x0400e17c       0x30 obj/default/socketserver.o
                0x0400e17c                std::allocator<SSS_SOCKET>::allocator()
 .text._ZN9__gnu_cxx13new_allocatorI10SSS_SOCKETED2Ev
                0x0400e1ac       0x20 obj/default/socketserver.o
                0x0400e1ac                __gnu_cxx::new_allocator<SSS_SOCKET>::~new_allocator()
 .text._ZNSaI10SSS_SOCKETED1Ev
                0x0400e1cc       0x30 obj/default/socketserver.o
                0x0400e1cc                std::allocator<SSS_SOCKET>::~allocator()
 .text._ZNSaI10SSS_SOCKETED2Ev
                0x0400e1fc       0x30 obj/default/socketserver.o
                0x0400e1fc                std::allocator<SSS_SOCKET>::~allocator()
 .text._ZN9__gnu_cxx13new_allocatorI10SSS_SOCKETEC2ERKS2_
                0x0400e22c       0x24 obj/default/socketserver.o
                0x0400e22c                __gnu_cxx::new_allocator<SSS_SOCKET>::new_allocator(__gnu_cxx::new_allocator<SSS_SOCKET> const&)
 .text._ZNSaI10SSS_SOCKETEC2ERKS0_
                0x0400e250       0x38 obj/default/socketserver.o
                0x0400e250                std::allocator<SSS_SOCKET>::allocator(std::allocator<SSS_SOCKET> const&)
 .text._ZNSaI10SSS_SOCKETEC1ERKS0_
                0x0400e288       0x38 obj/default/socketserver.o
                0x0400e288                std::allocator<SSS_SOCKET>::allocator(std::allocator<SSS_SOCKET> const&)
 .text._ZNSt12_Vector_baseI10SSS_SOCKETSaIS0_EE12_Vector_implD1Ev
                0x0400e2c0       0x30 obj/default/socketserver.o
                0x0400e2c0                std::_Vector_base<SSS_SOCKET, std::allocator<SSS_SOCKET> >::_Vector_impl::~_Vector_impl()
 .text._ZNSt12_Vector_baseI10SSS_SOCKETSaIS0_EE19_M_get_Tp_allocatorEv
                0x0400e2f0       0x24 obj/default/socketserver.o
                0x0400e2f0                std::_Vector_base<SSS_SOCKET, std::allocator<SSS_SOCKET> >::_M_get_Tp_allocator()
 .text._ZNK9__gnu_cxx17__normal_iteratorIP10SSS_SOCKETSt6vectorIS1_SaIS1_EEEdeEv
                0x0400e314       0x28 obj/default/socketserver.o
                0x0400e314                __gnu_cxx::__normal_iterator<SSS_SOCKET*, std::vector<SSS_SOCKET, std::allocator<SSS_SOCKET> > >::operator*() const
 .text._ZN9__gnu_cxx17__normal_iteratorIP10SSS_SOCKETSt6vectorIS1_SaIS1_EEEC1ERKS2_
                0x0400e33c       0x34 obj/default/socketserver.o
                0x0400e33c                __gnu_cxx::__normal_iterator<SSS_SOCKET*, std::vector<SSS_SOCKET, std::allocator<SSS_SOCKET> > >::__normal_iterator(SSS_SOCKET* const&)
 .text._ZNSt6vectorI10SSS_SOCKETSaIS0_EE5beginEv
                0x0400e370       0x38 obj/default/socketserver.o
                0x0400e370                std::vector<SSS_SOCKET, std::allocator<SSS_SOCKET> >::begin()
 .text._ZNK9__gnu_cxx17__normal_iteratorIP10SSS_SOCKETSt6vectorIS1_SaIS1_EEEplERKl
                0x0400e3a8       0x58 obj/default/socketserver.o
                0x0400e3a8                __gnu_cxx::__normal_iterator<SSS_SOCKET*, std::vector<SSS_SOCKET, std::allocator<SSS_SOCKET> > >::operator+(long const&) const
 .text._ZNSt6vectorI10SSS_SOCKETSaIS0_EEixEm
                0x0400e400       0x58 obj/default/socketserver.o
                0x0400e400                std::vector<SSS_SOCKET, std::allocator<SSS_SOCKET> >::operator[](unsigned long)
 .text._ZNSt6vectorI10SSS_SOCKETSaIS0_EE3endEv
                0x0400e458       0x3c obj/default/socketserver.o
                0x0400e458                std::vector<SSS_SOCKET, std::allocator<SSS_SOCKET> >::end()
 .text._ZN10SSS_SOCKETD1Ev
                0x0400e494       0x20 obj/default/socketserver.o
                0x0400e494                SSS_SOCKET::~SSS_SOCKET()
 .text._ZN9__gnu_cxx13new_allocatorI10SSS_SOCKETE7destroyEPS1_
                0x0400e4b4       0x34 obj/default/socketserver.o
                0x0400e4b4                __gnu_cxx::new_allocator<SSS_SOCKET>::destroy(SSS_SOCKET*)
 .text._ZN9__gnu_cxx13new_allocatorI10SSS_SOCKETE9constructEPS1_RKS1_
                0x0400e4e8       0x60 obj/default/socketserver.o
                0x0400e4e8                __gnu_cxx::new_allocator<SSS_SOCKET>::construct(SSS_SOCKET*, SSS_SOCKET const&)
 .text._ZNSt12_Vector_baseI10SSS_SOCKETSaIS0_EE12_Vector_implC1ERKS1_
                0x0400e548       0x50 obj/default/socketserver.o
                0x0400e548                std::_Vector_base<SSS_SOCKET, std::allocator<SSS_SOCKET> >::_Vector_impl::_Vector_impl(std::allocator<SSS_SOCKET> const&)
 .text._ZNSt12_Vector_baseI10SSS_SOCKETSaIS0_EEC2ERKS1_
                0x0400e598       0x38 obj/default/socketserver.o
                0x0400e598                std::_Vector_base<SSS_SOCKET, std::allocator<SSS_SOCKET> >::_Vector_base(std::allocator<SSS_SOCKET> const&)
 .text._ZNSt6vectorI10SSS_SOCKETSaIS0_EEC1ERKS1_
                0x0400e5d0       0x38 obj/default/socketserver.o
                0x0400e5d0                std::vector<SSS_SOCKET, std::allocator<SSS_SOCKET> >::vector(std::allocator<SSS_SOCKET> const&)
 .text._ZN9__gnu_cxx17__normal_iteratorIPK10SSS_SOCKETSt6vectorIS1_SaIS1_EEEC1ERKS3_
                0x0400e608       0x34 obj/default/socketserver.o
                0x0400e608                __gnu_cxx::__normal_iterator<SSS_SOCKET const*, std::vector<SSS_SOCKET, std::allocator<SSS_SOCKET> > >::__normal_iterator(SSS_SOCKET const* const&)
 .text._ZNKSt6vectorI10SSS_SOCKETSaIS0_EE3endEv
                0x0400e63c       0x44 obj/default/socketserver.o
                0x0400e63c                std::vector<SSS_SOCKET, std::allocator<SSS_SOCKET> >::end() const
 .text._ZNKSt6vectorI10SSS_SOCKETSaIS0_EE5beginEv
                0x0400e680       0x44 obj/default/socketserver.o
                0x0400e680                std::vector<SSS_SOCKET, std::allocator<SSS_SOCKET> >::begin() const
 .text._ZNK9__gnu_cxx17__normal_iteratorIPK10SSS_SOCKETSt6vectorIS1_SaIS1_EEE4baseEv
                0x0400e6c4       0x24 obj/default/socketserver.o
                0x0400e6c4                __gnu_cxx::__normal_iterator<SSS_SOCKET const*, std::vector<SSS_SOCKET, std::allocator<SSS_SOCKET> > >::base() const
 .text._ZN9__gnu_cxxmiIPK10SSS_SOCKETS3_St6vectorIS1_SaIS1_EEEENS_17__normal_iteratorIT_T1_E15difference_typeERKSA_RKNS7_IT0_S9_EE
                0x0400e6e8       0x64 obj/default/socketserver.o
                0x0400e6e8                __gnu_cxx::__normal_iterator<SSS_SOCKET const*, std::vector<SSS_SOCKET, std::allocator<SSS_SOCKET> > >::difference_type __gnu_cxx::operator-<SSS_SOCKET const*, SSS_SOCKET const*, std::vector<SSS_SOCKET, std::allocator<SSS_SOCKET> > >(__gnu_cxx::__normal_iterator<SSS_SOCKET const*, std::vector<SSS_SOCKET, std::allocator<SSS_SOCKET> > > const&, __gnu_cxx::__normal_iterator<SSS_SOCKET const*, std::vector<SSS_SOCKET, std::allocator<SSS_SOCKET> > > const&)
 .text._ZNKSt6vectorI10SSS_SOCKETSaIS0_EE4sizeEv
                0x0400e74c       0x4c obj/default/socketserver.o
                0x0400e74c                std::vector<SSS_SOCKET, std::allocator<SSS_SOCKET> >::size() const
 .text._ZNK9__gnu_cxx17__normal_iteratorIP10SSS_SOCKETSt6vectorIS1_SaIS1_EEE4baseEv
                0x0400e798       0x24 obj/default/socketserver.o
                0x0400e798                __gnu_cxx::__normal_iterator<SSS_SOCKET*, std::vector<SSS_SOCKET, std::allocator<SSS_SOCKET> > >::base() const
 .text._ZN9__gnu_cxxneIP10SSS_SOCKETSt6vectorIS1_SaIS1_EEEEbRKNS_17__normal_iteratorIT_T0_EESB_
                0x0400e7bc       0x50 obj/default/socketserver.o
                0x0400e7bc                bool __gnu_cxx::operator!=<SSS_SOCKET*, std::vector<SSS_SOCKET, std::allocator<SSS_SOCKET> > >(__gnu_cxx::__normal_iterator<SSS_SOCKET*, std::vector<SSS_SOCKET, std::allocator<SSS_SOCKET> > > const&, __gnu_cxx::__normal_iterator<SSS_SOCKET*, std::vector<SSS_SOCKET, std::allocator<SSS_SOCKET> > > const&)
 .text._ZNKSt6vectorI10SSS_SOCKETSaIS0_EE8max_sizeEv
                0x0400e80c       0x28 obj/default/socketserver.o
                0x0400e80c                std::vector<SSS_SOCKET, std::allocator<SSS_SOCKET> >::max_size() const
 .text._ZN9__gnu_cxx17__normal_iteratorIP10SSS_SOCKETSt6vectorIS1_SaIS1_EEEppEv
                0x0400e834       0x38 obj/default/socketserver.o
                0x0400e834                __gnu_cxx::__normal_iterator<SSS_SOCKET*, std::vector<SSS_SOCKET, std::allocator<SSS_SOCKET> > >::operator++()
 .text._ZSt8_DestroyI10SSS_SOCKETEvPT_
                0x0400e86c       0x30 obj/default/socketserver.o
                0x0400e86c                void std::_Destroy<SSS_SOCKET>(SSS_SOCKET*)
 .text._ZSt13__destroy_auxIP10SSS_SOCKETEvT_S2_12__false_type
                0x0400e89c       0x54 obj/default/socketserver.o
                0x0400e89c                void std::__destroy_aux<SSS_SOCKET*>(SSS_SOCKET*, SSS_SOCKET*, __false_type)
 .text._ZSt8_DestroyIP10SSS_SOCKETEvT_S2_
                0x0400e8f0       0x3c obj/default/socketserver.o
                0x0400e8f0                void std::_Destroy<SSS_SOCKET*>(SSS_SOCKET*, SSS_SOCKET*)
 .text._ZSt8_DestroyIP10SSS_SOCKETS0_EvT_S2_SaIT0_E
                0x0400e92c       0x3c obj/default/socketserver.o
                0x0400e92c                void std::_Destroy<SSS_SOCKET*, SSS_SOCKET>(SSS_SOCKET*, SSS_SOCKET*, std::allocator<SSS_SOCKET>)
 .text._ZNSt6__copyILb0ESt26random_access_iterator_tagE4copyIP10SSS_SOCKETS4_EET0_T_S6_S5_
                0x0400e968       0xa0 obj/default/socketserver.o
                0x0400e968                SSS_SOCKET* std::__copy<false, std::random_access_iterator_tag>::copy<SSS_SOCKET*, SSS_SOCKET*>(SSS_SOCKET*, SSS_SOCKET*, SSS_SOCKET*)
 .text._ZSt10__copy_auxIP10SSS_SOCKETS1_ET0_T_S3_S2_
                0x0400ea08       0x44 obj/default/socketserver.o
                0x0400ea08                SSS_SOCKET* std::__copy_aux<SSS_SOCKET*, SSS_SOCKET*>(SSS_SOCKET*, SSS_SOCKET*, SSS_SOCKET*)
 .text._ZNSt13__copy_normalILb1ELb1EE6copy_nIN9__gnu_cxx17__normal_iteratorIP10SSS_SOCKETSt6vectorIS4_SaIS4_EEEES9_EET0_T_SB_SA_
                0x0400ea4c       0x84 obj/default/socketserver.o
                0x0400ea4c                __gnu_cxx::__normal_iterator<SSS_SOCKET*, std::vector<SSS_SOCKET, std::allocator<SSS_SOCKET> > > std::__copy_normal<true, true>::copy_n<__gnu_cxx::__normal_iterator<SSS_SOCKET*, std::vector<SSS_SOCKET, std::allocator<SSS_SOCKET> > >, __gnu_cxx::__normal_iterator<SSS_SOCKET*, std::vector<SSS_SOCKET, std::allocator<SSS_SOCKET> > > >(__gnu_cxx::__normal_iterator<SSS_SOCKET*, std::vector<SSS_SOCKET, std::allocator<SSS_SOCKET> > >, __gnu_cxx::__normal_iterator<SSS_SOCKET*, std::vector<SSS_SOCKET, std::allocator<SSS_SOCKET> > >, __gnu_cxx::__normal_iterator<SSS_SOCKET*, std::vector<SSS_SOCKET, std::allocator<SSS_SOCKET> > >)
 .text._ZSt4copyIN9__gnu_cxx17__normal_iteratorIP10SSS_SOCKETSt6vectorIS2_SaIS2_EEEES7_ET0_T_S9_S8_
                0x0400ead0       0x50 obj/default/socketserver.o
                0x0400ead0                __gnu_cxx::__normal_iterator<SSS_SOCKET*, std::vector<SSS_SOCKET, std::allocator<SSS_SOCKET> > > std::copy<__gnu_cxx::__normal_iterator<SSS_SOCKET*, std::vector<SSS_SOCKET, std::allocator<SSS_SOCKET> > >, __gnu_cxx::__normal_iterator<SSS_SOCKET*, std::vector<SSS_SOCKET, std::allocator<SSS_SOCKET> > > >(__gnu_cxx::__normal_iterator<SSS_SOCKET*, std::vector<SSS_SOCKET, std::allocator<SSS_SOCKET> > >, __gnu_cxx::__normal_iterator<SSS_SOCKET*, std::vector<SSS_SOCKET, std::allocator<SSS_SOCKET> > >, __gnu_cxx::__normal_iterator<SSS_SOCKET*, std::vector<SSS_SOCKET, std::allocator<SSS_SOCKET> > >)
 .text._ZNSt6vectorI10SSS_SOCKETSaIS0_EE5eraseEN9__gnu_cxx17__normal_iteratorIPS0_S2_EE
                0x0400eb20       0xcc obj/default/socketserver.o
                0x0400eb20                std::vector<SSS_SOCKET, std::allocator<SSS_SOCKET> >::erase(__gnu_cxx::__normal_iterator<SSS_SOCKET*, std::vector<SSS_SOCKET, std::allocator<SSS_SOCKET> > >)
 .text._ZNK9__gnu_cxx13new_allocatorI10SSS_SOCKETE8max_sizeEv
                0x0400ebec       0x28 obj/default/socketserver.o
                0x0400ebec                __gnu_cxx::new_allocator<SSS_SOCKET>::max_size() const
 .text._ZSt13__destroy_auxIN9__gnu_cxx17__normal_iteratorIP10SSS_SOCKETSt6vectorIS2_SaIS2_EEEEEvT_S8_12__false_type
                0x0400ec14       0x64 obj/default/socketserver.o
                0x0400ec14                void std::__destroy_aux<__gnu_cxx::__normal_iterator<SSS_SOCKET*, std::vector<SSS_SOCKET, std::allocator<SSS_SOCKET> > > >(__gnu_cxx::__normal_iterator<SSS_SOCKET*, std::vector<SSS_SOCKET, std::allocator<SSS_SOCKET> > >, __gnu_cxx::__normal_iterator<SSS_SOCKET*, std::vector<SSS_SOCKET, std::allocator<SSS_SOCKET> > >, __false_type)
 .text._ZSt8_DestroyIN9__gnu_cxx17__normal_iteratorIP10SSS_SOCKETSt6vectorIS2_SaIS2_EEEEEvT_S8_
                0x0400ec78       0x3c obj/default/socketserver.o
                0x0400ec78                void std::_Destroy<__gnu_cxx::__normal_iterator<SSS_SOCKET*, std::vector<SSS_SOCKET, std::allocator<SSS_SOCKET> > > >(__gnu_cxx::__normal_iterator<SSS_SOCKET*, std::vector<SSS_SOCKET, std::allocator<SSS_SOCKET> > >, __gnu_cxx::__normal_iterator<SSS_SOCKET*, std::vector<SSS_SOCKET, std::allocator<SSS_SOCKET> > >)
 .text._ZSt8_DestroyIN9__gnu_cxx17__normal_iteratorIP10SSS_SOCKETSt6vectorIS2_SaIS2_EEEES2_EvT_S8_SaIT0_E
                0x0400ecb4       0x3c obj/default/socketserver.o
                0x0400ecb4                void std::_Destroy<__gnu_cxx::__normal_iterator<SSS_SOCKET*, std::vector<SSS_SOCKET, std::allocator<SSS_SOCKET> > >, SSS_SOCKET>(__gnu_cxx::__normal_iterator<SSS_SOCKET*, std::vector<SSS_SOCKET, std::allocator<SSS_SOCKET> > >, __gnu_cxx::__normal_iterator<SSS_SOCKET*, std::vector<SSS_SOCKET, std::allocator<SSS_SOCKET> > >, std::allocator<SSS_SOCKET>)
 .text._ZNSt15__copy_backwardILb0ESt26random_access_iterator_tagE6copy_bIP10SSS_SOCKETS4_EET0_T_S6_S5_
                0x0400ecf0       0xa0 obj/default/socketserver.o
                0x0400ecf0                SSS_SOCKET* std::__copy_backward<false, std::random_access_iterator_tag>::copy_b<SSS_SOCKET*, SSS_SOCKET*>(SSS_SOCKET*, SSS_SOCKET*, SSS_SOCKET*)
 .text._ZSt19__copy_backward_auxIP10SSS_SOCKETS1_ET0_T_S3_S2_
                0x0400ed90       0x44 obj/default/socketserver.o
                0x0400ed90                SSS_SOCKET* std::__copy_backward_aux<SSS_SOCKET*, SSS_SOCKET*>(SSS_SOCKET*, SSS_SOCKET*, SSS_SOCKET*)
 .text._ZNSt22__copy_backward_normalILb1ELb1EE8copy_b_nIN9__gnu_cxx17__normal_iteratorIP10SSS_SOCKETSt6vectorIS4_SaIS4_EEEES9_EET0_T_SB_SA_
                0x0400edd4       0x84 obj/default/socketserver.o
                0x0400edd4                __gnu_cxx::__normal_iterator<SSS_SOCKET*, std::vector<SSS_SOCKET, std::allocator<SSS_SOCKET> > > std::__copy_backward_normal<true, true>::copy_b_n<__gnu_cxx::__normal_iterator<SSS_SOCKET*, std::vector<SSS_SOCKET, std::allocator<SSS_SOCKET> > >, __gnu_cxx::__normal_iterator<SSS_SOCKET*, std::vector<SSS_SOCKET, std::allocator<SSS_SOCKET> > > >(__gnu_cxx::__normal_iterator<SSS_SOCKET*, std::vector<SSS_SOCKET, std::allocator<SSS_SOCKET> > >, __gnu_cxx::__normal_iterator<SSS_SOCKET*, std::vector<SSS_SOCKET, std::allocator<SSS_SOCKET> > >, __gnu_cxx::__normal_iterator<SSS_SOCKET*, std::vector<SSS_SOCKET, std::allocator<SSS_SOCKET> > >)
 .text._ZSt13copy_backwardIN9__gnu_cxx17__normal_iteratorIP10SSS_SOCKETSt6vectorIS2_SaIS2_EEEES7_ET0_T_S9_S8_
                0x0400ee58       0x50 obj/default/socketserver.o
                0x0400ee58                __gnu_cxx::__normal_iterator<SSS_SOCKET*, std::vector<SSS_SOCKET, std::allocator<SSS_SOCKET> > > std::copy_backward<__gnu_cxx::__normal_iterator<SSS_SOCKET*, std::vector<SSS_SOCKET, std::allocator<SSS_SOCKET> > >, __gnu_cxx::__normal_iterator<SSS_SOCKET*, std::vector<SSS_SOCKET, std::allocator<SSS_SOCKET> > > >(__gnu_cxx::__normal_iterator<SSS_SOCKET*, std::vector<SSS_SOCKET, std::allocator<SSS_SOCKET> > >, __gnu_cxx::__normal_iterator<SSS_SOCKET*, std::vector<SSS_SOCKET, std::allocator<SSS_SOCKET> > >, __gnu_cxx::__normal_iterator<SSS_SOCKET*, std::vector<SSS_SOCKET, std::allocator<SSS_SOCKET> > >)
 .text._ZSt10_ConstructI10SSS_SOCKETS0_EvPT_RKT0_
                0x0400eea8       0x5c obj/default/socketserver.o
                0x0400eea8                void std::_Construct<SSS_SOCKET, SSS_SOCKET>(SSS_SOCKET*, SSS_SOCKET const&)
 .text._ZSt24__uninitialized_copy_auxIN9__gnu_cxx17__normal_iteratorIP10SSS_SOCKETSt6vectorIS2_SaIS2_EEEES7_ET0_T_S9_S8_12__false_type
                0x0400ef04       0x94 obj/default/socketserver.o
                0x0400ef04                __gnu_cxx::__normal_iterator<SSS_SOCKET*, std::vector<SSS_SOCKET, std::allocator<SSS_SOCKET> > > std::__uninitialized_copy_aux<__gnu_cxx::__normal_iterator<SSS_SOCKET*, std::vector<SSS_SOCKET, std::allocator<SSS_SOCKET> > >, __gnu_cxx::__normal_iterator<SSS_SOCKET*, std::vector<SSS_SOCKET, std::allocator<SSS_SOCKET> > > >(__gnu_cxx::__normal_iterator<SSS_SOCKET*, std::vector<SSS_SOCKET, std::allocator<SSS_SOCKET> > >, __gnu_cxx::__normal_iterator<SSS_SOCKET*, std::vector<SSS_SOCKET, std::allocator<SSS_SOCKET> > >, __gnu_cxx::__normal_iterator<SSS_SOCKET*, std::vector<SSS_SOCKET, std::allocator<SSS_SOCKET> > >, __false_type)
 .text._ZSt18uninitialized_copyIN9__gnu_cxx17__normal_iteratorIP10SSS_SOCKETSt6vectorIS2_SaIS2_EEEES7_ET0_T_S9_S8_
                0x0400ef98       0x44 obj/default/socketserver.o
                0x0400ef98                __gnu_cxx::__normal_iterator<SSS_SOCKET*, std::vector<SSS_SOCKET, std::allocator<SSS_SOCKET> > > std::uninitialized_copy<__gnu_cxx::__normal_iterator<SSS_SOCKET*, std::vector<SSS_SOCKET, std::allocator<SSS_SOCKET> > >, __gnu_cxx::__normal_iterator<SSS_SOCKET*, std::vector<SSS_SOCKET, std::allocator<SSS_SOCKET> > > >(__gnu_cxx::__normal_iterator<SSS_SOCKET*, std::vector<SSS_SOCKET, std::allocator<SSS_SOCKET> > >, __gnu_cxx::__normal_iterator<SSS_SOCKET*, std::vector<SSS_SOCKET, std::allocator<SSS_SOCKET> > >, __gnu_cxx::__normal_iterator<SSS_SOCKET*, std::vector<SSS_SOCKET, std::allocator<SSS_SOCKET> > >)
 .text._ZSt22__uninitialized_copy_aIN9__gnu_cxx17__normal_iteratorIP10SSS_SOCKETSt6vectorIS2_SaIS2_EEEES7_S2_ET0_T_S9_S8_SaIT1_E
                0x0400efdc       0x44 obj/default/socketserver.o
                0x0400efdc                __gnu_cxx::__normal_iterator<SSS_SOCKET*, std::vector<SSS_SOCKET, std::allocator<SSS_SOCKET> > > std::__uninitialized_copy_a<__gnu_cxx::__normal_iterator<SSS_SOCKET*, std::vector<SSS_SOCKET, std::allocator<SSS_SOCKET> > >, __gnu_cxx::__normal_iterator<SSS_SOCKET*, std::vector<SSS_SOCKET, std::allocator<SSS_SOCKET> > >, SSS_SOCKET>(__gnu_cxx::__normal_iterator<SSS_SOCKET*, std::vector<SSS_SOCKET, std::allocator<SSS_SOCKET> > >, __gnu_cxx::__normal_iterator<SSS_SOCKET*, std::vector<SSS_SOCKET, std::allocator<SSS_SOCKET> > >, __gnu_cxx::__normal_iterator<SSS_SOCKET*, std::vector<SSS_SOCKET, std::allocator<SSS_SOCKET> > >, std::allocator<SSS_SOCKET>)
 .text._ZN9__gnu_cxx13new_allocatorI10SSS_SOCKETE8allocateEmPKv
                0x0400f020       0x64 obj/default/socketserver.o
                0x0400f020                __gnu_cxx::new_allocator<SSS_SOCKET>::allocate(unsigned long, void const*)
 .text._ZNSt12_Vector_baseI10SSS_SOCKETSaIS0_EE11_M_allocateEm
                0x0400f084       0x40 obj/default/socketserver.o
                0x0400f084                std::_Vector_base<SSS_SOCKET, std::allocator<SSS_SOCKET> >::_M_allocate(unsigned long)
 .text._ZN9__gnu_cxx13new_allocatorI10SSS_SOCKETE10deallocateEPS1_m
                0x0400f0c4       0x38 obj/default/socketserver.o
                0x0400f0c4                __gnu_cxx::new_allocator<SSS_SOCKET>::deallocate(SSS_SOCKET*, unsigned long)
 .text._ZNSt12_Vector_baseI10SSS_SOCKETSaIS0_EE13_M_deallocateEPS0_m
                0x0400f0fc       0x50 obj/default/socketserver.o
                0x0400f0fc                std::_Vector_base<SSS_SOCKET, std::allocator<SSS_SOCKET> >::_M_deallocate(SSS_SOCKET*, unsigned long)
 .text._ZNSt6vectorI10SSS_SOCKETSaIS0_EE13_M_insert_auxEN9__gnu_cxx17__normal_iteratorIPS0_S2_EERKS0_
                0x0400f14c      0x314 obj/default/socketserver.o
                0x0400f14c                std::vector<SSS_SOCKET, std::allocator<SSS_SOCKET> >::_M_insert_aux(__gnu_cxx::__normal_iterator<SSS_SOCKET*, std::vector<SSS_SOCKET, std::allocator<SSS_SOCKET> > >, SSS_SOCKET const&)
 .text._ZNSt6vectorI10SSS_SOCKETSaIS0_EE9push_backERKS0_
                0x0400f460       0x88 obj/default/socketserver.o
                0x0400f460                std::vector<SSS_SOCKET, std::allocator<SSS_SOCKET> >::push_back(SSS_SOCKET const&)
 .text._ZNSt12_Vector_baseI10SSS_SOCKETSaIS0_EED2Ev
                0x0400f4e8       0x6c obj/default/socketserver.o
                0x0400f4e8                std::_Vector_base<SSS_SOCKET, std::allocator<SSS_SOCKET> >::~_Vector_base()
 .text._ZNSt6vectorI10SSS_SOCKETSaIS0_EED1Ev
                0x0400f554       0x7c obj/default/socketserver.o
                0x0400f554                std::vector<SSS_SOCKET, std::allocator<SSS_SOCKET> >::~vector()
 .text          0x0400f5d0      0xb44 obj/default/terasic_lib/I2C.o
                0x0400f5d0                i2c_stop(unsigned long, unsigned long)
                0x0400f648                i2c_start(unsigned long, unsigned long)
                0x0400f6d0                i2c_read(unsigned long, unsigned long, unsigned char*, bool)
                0x0400f824                i2c_write(unsigned long, unsigned long, unsigned char)
                0x0400f944                I2C_MultipleRead(unsigned long, unsigned long, signed char, unsigned char, unsigned char*, unsigned short)
                0x0400fb10                I2C_MultipleWrite(unsigned long, unsigned long, signed char, unsigned char, unsigned char*, unsigned short)
                0x0400fc5c                I2C_Read(unsigned long, unsigned long, signed char, unsigned char, unsigned char*)
                0x0400fdd0                I2C_Write(unsigned long, unsigned long, signed char, unsigned char, unsigned char)
                0x0400ff18                i2c_data_verify(unsigned long, unsigned long, unsigned char)
                0x04010090                I2C_Verify(unsigned long, unsigned long, unsigned long)
 .text          0x04010114      0x324 obj/default/terasic_lib/accelerometer_adxl345_spi.o
                0x04010114                ADXL345_SPI_IdRead(unsigned long, unsigned char*)
                0x04010158                ADXL345_SPI_IsDataReady(unsigned long)
                0x040101c4                ADXL345_SPI_XYZ_Read(unsigned long, unsigned short*)
                0x04010290                ADXL345_SPI_Init(unsigned long)
                0x04010360                ADXL345_SPI_WaitDataReady(unsigned long)
 .text          0x04010438      0x108 obj/default/terasic_lib/adc_spi_read.o
                0x04010438                ADC_Read(unsigned char)
 .text          0x04010540      0x3c4 obj/default/terasic_lib/terasic_spi.o
                0x04010540                SPI_Init(unsigned long)
                0x0401058c                SPI_MultipleRead(unsigned long, unsigned char, unsigned char*, unsigned char)
                0x04010710                SPI_Read(unsigned long, unsigned char, unsigned char*)
                0x04010758                SPI_MultipleWrite(unsigned long, unsigned char, unsigned char*, unsigned char)
                0x040108bc                SPI_Write(unsigned long, unsigned char, unsigned char)
 .text          0x04010904      0xfe8 c:/altera/12.1/nios2eds/bin/gnu/h-i686-mingw32/bin/../lib/gcc/nios2-elf/4.1.2/../../../../nios2-elf/lib\libstdc++.a(functexcept.o)
                0x04010904                std::__throw_bad_typeid()
                0x04010938                std::__throw_bad_cast()
                0x0401096c                std::__throw_bad_alloc()
                0x040109a0                std::__throw_bad_exception()
                0x040109d4                std::__throw_ios_failure(char const*)
                0x04010adc                std::__throw_logic_error(char const*)
                0x04010c6c                std::__throw_underflow_error(char const*)
                0x04010dfc                std::__throw_overflow_error(char const*)
                0x04010f8c                std::__throw_invalid_argument(char const*)
                0x0401111c                std::__throw_domain_error(char const*)
                0x040112ac                std::__throw_range_error(char const*)
                0x0401143c                std::__throw_runtime_error(char const*)
                0x040115cc                std::__throw_out_of_range(char const*)
                0x0401175c                std::__throw_length_error(char const*)
 .text._ZNSt15underflow_errorD0Ev
                0x040118ec       0x34 c:/altera/12.1/nios2eds/bin/gnu/h-i686-mingw32/bin/../lib/gcc/nios2-elf/4.1.2/../../../../nios2-elf/lib\libstdc++.a(functexcept.o)
                0x040118ec                std::underflow_error::~underflow_error()
 .text._ZNSt15underflow_errorD1Ev
                0x04011920       0x10 c:/altera/12.1/nios2eds/bin/gnu/h-i686-mingw32/bin/../lib/gcc/nios2-elf/4.1.2/../../../../nios2-elf/lib\libstdc++.a(functexcept.o)
                0x04011920                std::underflow_error::~underflow_error()
 .text._ZNSt14overflow_errorD0Ev
                0x04011930       0x34 c:/altera/12.1/nios2eds/bin/gnu/h-i686-mingw32/bin/../lib/gcc/nios2-elf/4.1.2/../../../../nios2-elf/lib\libstdc++.a(functexcept.o)
                0x04011930                std::overflow_error::~overflow_error()
 .text._ZNSt14overflow_errorD1Ev
                0x04011964       0x10 c:/altera/12.1/nios2eds/bin/gnu/h-i686-mingw32/bin/../lib/gcc/nios2-elf/4.1.2/../../../../nios2-elf/lib\libstdc++.a(functexcept.o)
                0x04011964                std::overflow_error::~overflow_error()
 .text._ZNSt11range_errorD0Ev
                0x04011974       0x34 c:/altera/12.1/nios2eds/bin/gnu/h-i686-mingw32/bin/../lib/gcc/nios2-elf/4.1.2/../../../../nios2-elf/lib\libstdc++.a(functexcept.o)
                0x04011974                std::range_error::~range_error()
 .text._ZNSt11range_errorD1Ev
                0x040119a8       0x10 c:/altera/12.1/nios2eds/bin/gnu/h-i686-mingw32/bin/../lib/gcc/nios2-elf/4.1.2/../../../../nios2-elf/lib\libstdc++.a(functexcept.o)
                0x040119a8                std::range_error::~range_error()
 .text._ZNSt12out_of_rangeD0Ev
                0x040119b8       0x34 c:/altera/12.1/nios2eds/bin/gnu/h-i686-mingw32/bin/../lib/gcc/nios2-elf/4.1.2/../../../../nios2-elf/lib\libstdc++.a(functexcept.o)
                0x040119b8                std::out_of_range::~out_of_range()
 .text._ZNSt12out_of_rangeD1Ev
                0x040119ec       0x10 c:/altera/12.1/nios2eds/bin/gnu/h-i686-mingw32/bin/../lib/gcc/nios2-elf/4.1.2/../../../../nios2-elf/lib\libstdc++.a(functexcept.o)
                0x040119ec                std::out_of_range::~out_of_range()
 .text._ZNSt12length_errorD0Ev
                0x040119fc       0x34 c:/altera/12.1/nios2eds/bin/gnu/h-i686-mingw32/bin/../lib/gcc/nios2-elf/4.1.2/../../../../nios2-elf/lib\libstdc++.a(functexcept.o)
                0x040119fc                std::length_error::~length_error()
 .text._ZNSt12length_errorD1Ev
                0x04011a30       0x10 c:/altera/12.1/nios2eds/bin/gnu/h-i686-mingw32/bin/../lib/gcc/nios2-elf/4.1.2/../../../../nios2-elf/lib\libstdc++.a(functexcept.o)
                0x04011a30                std::length_error::~length_error()
 .text._ZNSt16invalid_argumentD0Ev
                0x04011a40       0x34 c:/altera/12.1/nios2eds/bin/gnu/h-i686-mingw32/bin/../lib/gcc/nios2-elf/4.1.2/../../../../nios2-elf/lib\libstdc++.a(functexcept.o)
                0x04011a40                std::invalid_argument::~invalid_argument()
 .text._ZNSt16invalid_argumentD1Ev
                0x04011a74       0x10 c:/altera/12.1/nios2eds/bin/gnu/h-i686-mingw32/bin/../lib/gcc/nios2-elf/4.1.2/../../../../nios2-elf/lib\libstdc++.a(functexcept.o)
                0x04011a74                std::invalid_argument::~invalid_argument()
 .text._ZNSt12domain_errorD0Ev
                0x04011a84       0x34 c:/altera/12.1/nios2eds/bin/gnu/h-i686-mingw32/bin/../lib/gcc/nios2-elf/4.1.2/../../../../nios2-elf/lib\libstdc++.a(functexcept.o)
                0x04011a84                std::domain_error::~domain_error()
 .text._ZNSt12domain_errorD1Ev
                0x04011ab8       0x10 c:/altera/12.1/nios2eds/bin/gnu/h-i686-mingw32/bin/../lib/gcc/nios2-elf/4.1.2/../../../../nios2-elf/lib\libstdc++.a(functexcept.o)
                0x04011ab8                std::domain_error::~domain_error()
 .text          0x04011ac8      0x4bc c:/altera/12.1/nios2eds/bin/gnu/h-i686-mingw32/bin/../lib/gcc/nios2-elf/4.1.2/../../../../nios2-elf/lib\libstdc++.a(ios_failure.o)
                0x04011ac8                std::ios_base::failure::what() const
                0x04011ad0                std::ios_base::failure::~failure()
                0x04011bd4                std::ios_base::failure::failure(std::string const&)
                0x04011ca4                std::ios_base::failure::failure(std::string const&)
                0x04011d74                std::ios_base::failure::~failure()
                0x04011e78                std::ios_base::failure::~failure()
 .text          0x04011f84      0xb98 c:/altera/12.1/nios2eds/bin/gnu/h-i686-mingw32/bin/../lib/gcc/nios2-elf/4.1.2/../../../../nios2-elf/lib\libstdc++.a(stdexcept.o)
                0x04011f84                std::runtime_error::what() const
                0x04011f8c                std::logic_error::~logic_error()
                0x04012090                std::runtime_error::runtime_error(std::string const&)
                0x04012140                std::underflow_error::underflow_error(std::string const&)
                0x04012170                std::underflow_error::underflow_error(std::string const&)
                0x040121a0                std::overflow_error::overflow_error(std::string const&)
                0x040121d0                std::overflow_error::overflow_error(std::string const&)
                0x04012200                std::range_error::range_error(std::string const&)
                0x04012230                std::range_error::range_error(std::string const&)
                0x04012260                std::logic_error::logic_error(std::string const&)
                0x04012310                std::logic_error::logic_error(std::string const&)
                0x040123c0                std::out_of_range::out_of_range(std::string const&)
                0x040123f0                std::out_of_range::out_of_range(std::string const&)
                0x04012420                std::length_error::length_error(std::string const&)
                0x04012450                std::length_error::length_error(std::string const&)
                0x04012480                std::invalid_argument::invalid_argument(std::string const&)
                0x040124b0                std::invalid_argument::invalid_argument(std::string const&)
                0x040124e0                std::domain_error::domain_error(std::string const&)
                0x04012510                std::domain_error::domain_error(std::string const&)
                0x04012540                std::logic_error::what() const
                0x04012548                std::runtime_error::runtime_error(std::string const&)
                0x040125f8                std::runtime_error::~runtime_error()
                0x040126fc                std::runtime_error::~runtime_error()
                0x04012800                std::runtime_error::~runtime_error()
                0x0401290c                std::logic_error::~logic_error()
                0x04012a10                std::logic_error::~logic_error()
 .text          0x04012b1c        0x0 c:/altera/12.1/nios2eds/bin/gnu/h-i686-mingw32/bin/../lib/gcc/nios2-elf/4.1.2/../../../../nios2-elf/lib\libstdc++.a(string-inst.o)
 .text._ZNSt11char_traitsIcE2eqERKcS2_
                0x04012b1c       0x10 c:/altera/12.1/nios2eds/bin/gnu/h-i686-mingw32/bin/../lib/gcc/nios2-elf/4.1.2/../../../../nios2-elf/lib\libstdc++.a(string-inst.o)
                0x04012b1c                std::char_traits<char>::eq(char const&, char const&)
 .text._ZNKSs7_M_dataEv
                0x04012b2c        0x8 c:/altera/12.1/nios2eds/bin/gnu/h-i686-mingw32/bin/../lib/gcc/nios2-elf/4.1.2/../../../../nios2-elf/lib\libstdc++.a(string-inst.o)
                0x04012b2c                std::string::_M_data() const
 .text._ZNSs7_M_dataEPc
                0x04012b34        0xc c:/altera/12.1/nios2eds/bin/gnu/h-i686-mingw32/bin/../lib/gcc/nios2-elf/4.1.2/../../../../nios2-elf/lib\libstdc++.a(string-inst.o)
                0x04012b34                std::string::_M_data(char*)
 .text._ZNKSs6_M_repEv
                0x04012b40        0xc c:/altera/12.1/nios2eds/bin/gnu/h-i686-mingw32/bin/../lib/gcc/nios2-elf/4.1.2/../../../../nios2-elf/lib\libstdc++.a(string-inst.o)
                0x04012b40                std::string::_M_rep() const
 .text._ZNKSs9_M_ibeginEv
                0x04012b4c        0x8 c:/altera/12.1/nios2eds/bin/gnu/h-i686-mingw32/bin/../lib/gcc/nios2-elf/4.1.2/../../../../nios2-elf/lib\libstdc++.a(string-inst.o)
                0x04012b4c                std::string::_M_ibegin() const
 .text._ZNKSs7_M_iendEv
                0x04012b54       0x10 c:/altera/12.1/nios2eds/bin/gnu/h-i686-mingw32/bin/../lib/gcc/nios2-elf/4.1.2/../../../../nios2-elf/lib\libstdc++.a(string-inst.o)
                0x04012b54                std::string::_M_iend() const
 .text._ZNKSs8_M_limitEmm
                0x04012b64       0x18 c:/altera/12.1/nios2eds/bin/gnu/h-i686-mingw32/bin/../lib/gcc/nios2-elf/4.1.2/../../../../nios2-elf/lib\libstdc++.a(string-inst.o)
                0x04012b64                std::string::_M_limit(unsigned long, unsigned long) const
 .text._ZNKSs11_M_disjunctEPKc
                0x04012b7c       0x1c c:/altera/12.1/nios2eds/bin/gnu/h-i686-mingw32/bin/../lib/gcc/nios2-elf/4.1.2/../../../../nios2-elf/lib\libstdc++.a(string-inst.o)
                0x04012b7c                std::string::_M_disjunct(char const*) const
 .text._ZNSs12_S_empty_repEv
                0x04012b98        0xc c:/altera/12.1/nios2eds/bin/gnu/h-i686-mingw32/bin/../lib/gcc/nios2-elf/4.1.2/../../../../nios2-elf/lib\libstdc++.a(string-inst.o)
                0x04012b98                std::string::_S_empty_rep()
 .text._ZNSsC1Ev
                0x04012ba4       0x10 c:/altera/12.1/nios2eds/bin/gnu/h-i686-mingw32/bin/../lib/gcc/nios2-elf/4.1.2/../../../../nios2-elf/lib\libstdc++.a(string-inst.o)
                0x04012ba4                std::basic_string<char, std::char_traits<char>, std::allocator<char> >::basic_string()
 .text._ZNKSs5beginEv
                0x04012bb4        0x8 c:/altera/12.1/nios2eds/bin/gnu/h-i686-mingw32/bin/../lib/gcc/nios2-elf/4.1.2/../../../../nios2-elf/lib\libstdc++.a(string-inst.o)
                0x04012bb4                std::string::begin() const
 .text._ZNKSs3endEv
                0x04012bbc       0x10 c:/altera/12.1/nios2eds/bin/gnu/h-i686-mingw32/bin/../lib/gcc/nios2-elf/4.1.2/../../../../nios2-elf/lib\libstdc++.a(string-inst.o)
                0x04012bbc                std::string::end() const
 .text._ZNKSs4sizeEv
                0x04012bcc        0xc c:/altera/12.1/nios2eds/bin/gnu/h-i686-mingw32/bin/../lib/gcc/nios2-elf/4.1.2/../../../../nios2-elf/lib\libstdc++.a(string-inst.o)
                0x04012bcc                std::string::size() const
 .text._ZNKSs8max_sizeEv
                0x04012bd8        0xc c:/altera/12.1/nios2eds/bin/gnu/h-i686-mingw32/bin/../lib/gcc/nios2-elf/4.1.2/../../../../nios2-elf/lib\libstdc++.a(string-inst.o)
                0x04012bd8                std::string::max_size() const
 .text._ZNKSs8capacityEv
                0x04012be4        0xc c:/altera/12.1/nios2eds/bin/gnu/h-i686-mingw32/bin/../lib/gcc/nios2-elf/4.1.2/../../../../nios2-elf/lib\libstdc++.a(string-inst.o)
                0x04012be4                std::string::capacity() const
 .text._ZNKSs4dataEv
                0x04012bf0        0x8 c:/altera/12.1/nios2eds/bin/gnu/h-i686-mingw32/bin/../lib/gcc/nios2-elf/4.1.2/../../../../nios2-elf/lib\libstdc++.a(string-inst.o)
                0x04012bf0                std::string::data() const
 .text._ZNKSs13get_allocatorEv
                0x04012bf8        0x8 c:/altera/12.1/nios2eds/bin/gnu/h-i686-mingw32/bin/../lib/gcc/nios2-elf/4.1.2/../../../../nios2-elf/lib\libstdc++.a(string-inst.o)
                0x04012bf8                std::string::get_allocator() const
 .text._ZNSs12_Alloc_hiderC1EPcRKSaIcE
                0x04012c00        0x8 c:/altera/12.1/nios2eds/bin/gnu/h-i686-mingw32/bin/../lib/gcc/nios2-elf/4.1.2/../../../../nios2-elf/lib\libstdc++.a(string-inst.o)
                0x04012c00                std::string::_Alloc_hider::_Alloc_hider(char*, std::allocator<char> const&)
 .text._ZNSs4_Rep12_S_empty_repEv
                0x04012c08        0xc c:/altera/12.1/nios2eds/bin/gnu/h-i686-mingw32/bin/../lib/gcc/nios2-elf/4.1.2/../../../../nios2-elf/lib\libstdc++.a(string-inst.o)
                0x04012c08                std::string::_Rep::_S_empty_rep()
 .text._ZNKSs4_Rep12_M_is_leakedEv
                0x04012c14        0xc c:/altera/12.1/nios2eds/bin/gnu/h-i686-mingw32/bin/../lib/gcc/nios2-elf/4.1.2/../../../../nios2-elf/lib\libstdc++.a(string-inst.o)
                0x04012c14                std::string::_Rep::_M_is_leaked() const
 .text._ZNKSs4_Rep12_M_is_sharedEv
                0x04012c20        0xc c:/altera/12.1/nios2eds/bin/gnu/h-i686-mingw32/bin/../lib/gcc/nios2-elf/4.1.2/../../../../nios2-elf/lib\libstdc++.a(string-inst.o)
                0x04012c20                std::string::_Rep::_M_is_shared() const
 .text._ZNSs4_Rep13_M_set_leakedEv
                0x04012c2c        0xc c:/altera/12.1/nios2eds/bin/gnu/h-i686-mingw32/bin/../lib/gcc/nios2-elf/4.1.2/../../../../nios2-elf/lib\libstdc++.a(string-inst.o)
                0x04012c2c                std::string::_Rep::_M_set_leaked()
 .text._ZNSs4_Rep15_M_set_sharableEv
                0x04012c38        0x8 c:/altera/12.1/nios2eds/bin/gnu/h-i686-mingw32/bin/../lib/gcc/nios2-elf/4.1.2/../../../../nios2-elf/lib\libstdc++.a(string-inst.o)
                0x04012c38                std::string::_Rep::_M_set_sharable()
 .text._ZNSs4_Rep26_M_set_length_and_sharableEm
                0x04012c40       0x14 c:/altera/12.1/nios2eds/bin/gnu/h-i686-mingw32/bin/../lib/gcc/nios2-elf/4.1.2/../../../../nios2-elf/lib\libstdc++.a(string-inst.o)
                0x04012c40                std::string::_Rep::_M_set_length_and_sharable(unsigned long)
 .text._ZNSs4_Rep10_M_refdataEv
                0x04012c54        0x8 c:/altera/12.1/nios2eds/bin/gnu/h-i686-mingw32/bin/../lib/gcc/nios2-elf/4.1.2/../../../../nios2-elf/lib\libstdc++.a(string-inst.o)
                0x04012c54                std::string::_Rep::_M_refdata()
 .text._ZSt6searchIPKcS1_PFbRS0_S2_EET_S5_S5_T0_S6_T1_
                0x04012c5c      0x14c c:/altera/12.1/nios2eds/bin/gnu/h-i686-mingw32/bin/../lib/gcc/nios2-elf/4.1.2/../../../../nios2-elf/lib\libstdc++.a(string-inst.o)
                0x04012c5c                char const* std::search<char const*, char const*, bool (*)(char const&, char const&)>(char const*, char const*, char const*, char const*, bool (*)(char const&, char const&))
 .text._ZN9__gnu_cxxeqIPcSsEEbRKNS_17__normal_iteratorIT_T0_EES7_
                0x04012da8       0x10 c:/altera/12.1/nios2eds/bin/gnu/h-i686-mingw32/bin/../lib/gcc/nios2-elf/4.1.2/../../../../nios2-elf/lib\libstdc++.a(string-inst.o)
                0x04012da8                bool __gnu_cxx::operator==<char*, std::string>(__gnu_cxx::__normal_iterator<char*, std::string> const&, __gnu_cxx::__normal_iterator<char*, std::string> const&)
 .text._ZNSs12_Alloc_hiderC2EPcRKSaIcE
                0x04012db8        0x8 c:/altera/12.1/nios2eds/bin/gnu/h-i686-mingw32/bin/../lib/gcc/nios2-elf/4.1.2/../../../../nios2-elf/lib\libstdc++.a(string-inst.o)
                0x04012db8                std::string::_Alloc_hider::_Alloc_hider(char*, std::allocator<char> const&)
 .text._ZNSs4_Rep10_M_refcopyEv
                0x04012dc0       0xbc c:/altera/12.1/nios2eds/bin/gnu/h-i686-mingw32/bin/../lib/gcc/nios2-elf/4.1.2/../../../../nios2-elf/lib\libstdc++.a(string-inst.o)
                0x04012dc0                std::string::_Rep::_M_refcopy()
 .text._ZNKSs15_M_check_lengthEmmPKc
                0x04012e7c       0x38 c:/altera/12.1/nios2eds/bin/gnu/h-i686-mingw32/bin/../lib/gcc/nios2-elf/4.1.2/../../../../nios2-elf/lib\libstdc++.a(string-inst.o)
                0x04012e7c                std::string::_M_check_length(unsigned long, unsigned long, char const*) const
 .text._ZNKSs8_M_checkEmPKc
                0x04012eb4       0x2c c:/altera/12.1/nios2eds/bin/gnu/h-i686-mingw32/bin/../lib/gcc/nios2-elf/4.1.2/../../../../nios2-elf/lib\libstdc++.a(string-inst.o)
                0x04012eb4                std::string::_M_check(unsigned long, char const*) const
 .text._ZNSs9_M_assignEPcmc
                0x04012ee0       0x2c c:/altera/12.1/nios2eds/bin/gnu/h-i686-mingw32/bin/../lib/gcc/nios2-elf/4.1.2/../../../../nios2-elf/lib\libstdc++.a(string-inst.o)
                0x04012ee0                std::string::_M_assign(char*, unsigned long, char)
 .text._ZNSs7_M_moveEPcPKcm
                0x04012f0c       0x18 c:/altera/12.1/nios2eds/bin/gnu/h-i686-mingw32/bin/../lib/gcc/nios2-elf/4.1.2/../../../../nios2-elf/lib\libstdc++.a(string-inst.o)
                0x04012f0c                std::string::_M_move(char*, char const*, unsigned long)
 .text._ZNSs7_M_copyEPcPKcm
                0x04012f24       0x18 c:/altera/12.1/nios2eds/bin/gnu/h-i686-mingw32/bin/../lib/gcc/nios2-elf/4.1.2/../../../../nios2-elf/lib\libstdc++.a(string-inst.o)
                0x04012f24                std::string::_M_copy(char*, char const*, unsigned long)
 .text._ZNKSs5c_strEv
                0x04012f3c        0x8 c:/altera/12.1/nios2eds/bin/gnu/h-i686-mingw32/bin/../lib/gcc/nios2-elf/4.1.2/../../../../nios2-elf/lib\libstdc++.a(string-inst.o)
                0x04012f3c                std::string::c_str() const
 .text._ZNKSsixEm
                0x04012f44        0xc c:/altera/12.1/nios2eds/bin/gnu/h-i686-mingw32/bin/../lib/gcc/nios2-elf/4.1.2/../../../../nios2-elf/lib\libstdc++.a(string-inst.o)
                0x04012f44                std::string::operator[](unsigned long) const
 .text._ZNKSs17find_first_not_ofEPKcmm
                0x04012f50       0xa4 c:/altera/12.1/nios2eds/bin/gnu/h-i686-mingw32/bin/../lib/gcc/nios2-elf/4.1.2/../../../../nios2-elf/lib\libstdc++.a(string-inst.o)
                0x04012f50                std::string::find_first_not_of(char const*, unsigned long, unsigned long) const
 .text._ZNKSs4findEPKcmm
                0x04012ff4       0x94 c:/altera/12.1/nios2eds/bin/gnu/h-i686-mingw32/bin/../lib/gcc/nios2-elf/4.1.2/../../../../nios2-elf/lib\libstdc++.a(string-inst.o)
                0x04012ff4                std::string::find(char const*, unsigned long, unsigned long) const
 .text._ZNKSs2atEm
                0x04013088       0x30 c:/altera/12.1/nios2eds/bin/gnu/h-i686-mingw32/bin/../lib/gcc/nios2-elf/4.1.2/../../../../nios2-elf/lib\libstdc++.a(string-inst.o)
                0x04013088                std::string::at(unsigned long) const
 .text._ZNKSs5emptyEv
                0x040130b8       0x10 c:/altera/12.1/nios2eds/bin/gnu/h-i686-mingw32/bin/../lib/gcc/nios2-elf/4.1.2/../../../../nios2-elf/lib\libstdc++.a(string-inst.o)
                0x040130b8                std::string::empty() const
 .text._ZNKSs6lengthEv
                0x040130c8        0xc c:/altera/12.1/nios2eds/bin/gnu/h-i686-mingw32/bin/../lib/gcc/nios2-elf/4.1.2/../../../../nios2-elf/lib\libstdc++.a(string-inst.o)
                0x040130c8                std::string::length() const
 .text._ZNKSs4findERKSsm
                0x040130d4        0xc c:/altera/12.1/nios2eds/bin/gnu/h-i686-mingw32/bin/../lib/gcc/nios2-elf/4.1.2/../../../../nios2-elf/lib\libstdc++.a(string-inst.o)
                0x040130d4                std::string::find(std::string const&, unsigned long) const
 .text._ZNKSs17find_first_not_ofERKSsm
                0x040130e0        0xc c:/altera/12.1/nios2eds/bin/gnu/h-i686-mingw32/bin/../lib/gcc/nios2-elf/4.1.2/../../../../nios2-elf/lib\libstdc++.a(string-inst.o)
                0x040130e0                std::string::find_first_not_of(std::string const&, unsigned long) const
 .text._ZNKSs5rfindEPKcmm
                0x040130ec       0xa8 c:/altera/12.1/nios2eds/bin/gnu/h-i686-mingw32/bin/../lib/gcc/nios2-elf/4.1.2/../../../../nios2-elf/lib\libstdc++.a(string-inst.o)
                0x040130ec                std::string::rfind(char const*, unsigned long, unsigned long) const
 .text._ZNKSs5rfindEPKcm
                0x04013194       0x50 c:/altera/12.1/nios2eds/bin/gnu/h-i686-mingw32/bin/../lib/gcc/nios2-elf/4.1.2/../../../../nios2-elf/lib\libstdc++.a(string-inst.o)
                0x04013194                std::string::rfind(char const*, unsigned long) const
 .text._ZNKSs5rfindERKSsm
                0x040131e4        0xc c:/altera/12.1/nios2eds/bin/gnu/h-i686-mingw32/bin/../lib/gcc/nios2-elf/4.1.2/../../../../nios2-elf/lib\libstdc++.a(string-inst.o)
                0x040131e4                std::string::rfind(std::string const&, unsigned long) const
 .text._ZNSsC2Ev
                0x040131f0       0x10 c:/altera/12.1/nios2eds/bin/gnu/h-i686-mingw32/bin/../lib/gcc/nios2-elf/4.1.2/../../../../nios2-elf/lib\libstdc++.a(string-inst.o)
                0x040131f0                std::basic_string<char, std::char_traits<char>, std::allocator<char> >::basic_string()
 .text._ZN9__gnu_cxxeqIPKcSsEEbRKNS_17__normal_iteratorIT_T0_EES8_
                0x04013200       0x10 c:/altera/12.1/nios2eds/bin/gnu/h-i686-mingw32/bin/../lib/gcc/nios2-elf/4.1.2/../../../../nios2-elf/lib\libstdc++.a(string-inst.o)
                0x04013200                bool __gnu_cxx::operator==<char const*, std::string>(__gnu_cxx::__normal_iterator<char const*, std::string> const&, __gnu_cxx::__normal_iterator<char const*, std::string> const&)
 .text._ZNKSs5rfindEcm
                0x04013210       0x64 c:/altera/12.1/nios2eds/bin/gnu/h-i686-mingw32/bin/../lib/gcc/nios2-elf/4.1.2/../../../../nios2-elf/lib\libstdc++.a(string-inst.o)
                0x04013210                std::string::rfind(char, unsigned long) const
 .text._ZNKSs12find_last_ofEcm
                0x04013274       0x10 c:/altera/12.1/nios2eds/bin/gnu/h-i686-mingw32/bin/../lib/gcc/nios2-elf/4.1.2/../../../../nios2-elf/lib\libstdc++.a(string-inst.o)
                0x04013274                std::string::find_last_of(char, unsigned long) const
 .text._ZNKSs16find_last_not_ofEcm
                0x04013284       0x58 c:/altera/12.1/nios2eds/bin/gnu/h-i686-mingw32/bin/../lib/gcc/nios2-elf/4.1.2/../../../../nios2-elf/lib\libstdc++.a(string-inst.o)
                0x04013284                std::string::find_last_not_of(char, unsigned long) const
 .text._ZNKSs17find_first_not_ofEcm
                0x040132dc       0x64 c:/altera/12.1/nios2eds/bin/gnu/h-i686-mingw32/bin/../lib/gcc/nios2-elf/4.1.2/../../../../nios2-elf/lib\libstdc++.a(string-inst.o)
                0x040132dc                std::string::find_first_not_of(char, unsigned long) const
 .text._ZNSs4_Rep9_S_createEmmRKSaIcE
                0x04013340      0x130 c:/altera/12.1/nios2eds/bin/gnu/h-i686-mingw32/bin/../lib/gcc/nios2-elf/4.1.2/../../../../nios2-elf/lib\libstdc++.a(string-inst.o)
                0x04013340                std::string::_Rep::_S_create(unsigned long, unsigned long, std::allocator<char> const&)
 .text._ZNSs4_Rep10_M_destroyERKSaIcE
                0x04013470        0x4 c:/altera/12.1/nios2eds/bin/gnu/h-i686-mingw32/bin/../lib/gcc/nios2-elf/4.1.2/../../../../nios2-elf/lib\libstdc++.a(string-inst.o)
                0x04013470                std::string::_Rep::_M_destroy(std::allocator<char> const&)
 .text._ZNSs4_Rep10_M_disposeERKSaIcE
                0x04013474       0x64 c:/altera/12.1/nios2eds/bin/gnu/h-i686-mingw32/bin/../lib/gcc/nios2-elf/4.1.2/../../../../nios2-elf/lib\libstdc++.a(string-inst.o)
                0x04013474                std::string::_Rep::_M_dispose(std::allocator<char> const&)
 .text._ZNKSs12find_last_ofEPKcmm
                0x040134d8       0xe4 c:/altera/12.1/nios2eds/bin/gnu/h-i686-mingw32/bin/../lib/gcc/nios2-elf/4.1.2/../../../../nios2-elf/lib\libstdc++.a(string-inst.o)
                0x040134d8                std::string::find_last_of(char const*, unsigned long, unsigned long) const
 .text._ZNKSs12find_last_ofERKSsm
                0x040135bc        0xc c:/altera/12.1/nios2eds/bin/gnu/h-i686-mingw32/bin/../lib/gcc/nios2-elf/4.1.2/../../../../nios2-elf/lib\libstdc++.a(string-inst.o)
                0x040135bc                std::string::find_last_of(std::string const&, unsigned long) const
 .text._ZNKSs13find_first_ofEPKcmm
                0x040135c8       0x88 c:/altera/12.1/nios2eds/bin/gnu/h-i686-mingw32/bin/../lib/gcc/nios2-elf/4.1.2/../../../../nios2-elf/lib\libstdc++.a(string-inst.o)
                0x040135c8                std::string::find_first_of(char const*, unsigned long, unsigned long) const
 .text._ZNKSs13find_first_ofERKSsm
                0x04013650        0xc c:/altera/12.1/nios2eds/bin/gnu/h-i686-mingw32/bin/../lib/gcc/nios2-elf/4.1.2/../../../../nios2-elf/lib\libstdc++.a(string-inst.o)
                0x04013650                std::string::find_first_of(std::string const&, unsigned long) const
 .text._ZNKSs4findEcm
                0x0401365c       0x68 c:/altera/12.1/nios2eds/bin/gnu/h-i686-mingw32/bin/../lib/gcc/nios2-elf/4.1.2/../../../../nios2-elf/lib\libstdc++.a(string-inst.o)
                0x0401365c                std::string::find(char, unsigned long) const
 .text._ZNKSs13find_first_ofEcm
                0x040136c4       0x10 c:/altera/12.1/nios2eds/bin/gnu/h-i686-mingw32/bin/../lib/gcc/nios2-elf/4.1.2/../../../../nios2-elf/lib\libstdc++.a(string-inst.o)
                0x040136c4                std::string::find_first_of(char, unsigned long) const
 .text._ZNKSs16find_last_not_ofEPKcmm
                0x040136d4       0xe0 c:/altera/12.1/nios2eds/bin/gnu/h-i686-mingw32/bin/../lib/gcc/nios2-elf/4.1.2/../../../../nios2-elf/lib\libstdc++.a(string-inst.o)
                0x040136d4                std::string::find_last_not_of(char const*, unsigned long, unsigned long) const
 .text._ZNKSs16find_last_not_ofERKSsm
                0x040137b4        0xc c:/altera/12.1/nios2eds/bin/gnu/h-i686-mingw32/bin/../lib/gcc/nios2-elf/4.1.2/../../../../nios2-elf/lib\libstdc++.a(string-inst.o)
                0x040137b4                std::string::find_last_not_of(std::string const&, unsigned long) const
 .text._ZNKSs7compareERKSs
                0x040137c0       0x60 c:/altera/12.1/nios2eds/bin/gnu/h-i686-mingw32/bin/../lib/gcc/nios2-elf/4.1.2/../../../../nios2-elf/lib\libstdc++.a(string-inst.o)
                0x040137c0                std::string::compare(std::string const&) const
 .text._ZNKSs4findEPKcm
                0x04013820       0x50 c:/altera/12.1/nios2eds/bin/gnu/h-i686-mingw32/bin/../lib/gcc/nios2-elf/4.1.2/../../../../nios2-elf/lib\libstdc++.a(string-inst.o)
                0x04013820                std::string::find(char const*, unsigned long) const
 .text._ZNKSs7compareEPKc
                0x04013870       0x7c c:/altera/12.1/nios2eds/bin/gnu/h-i686-mingw32/bin/../lib/gcc/nios2-elf/4.1.2/../../../../nios2-elf/lib\libstdc++.a(string-inst.o)
                0x04013870                std::string::compare(char const*) const
 .text._ZNKSs16find_last_not_ofEPKcm
                0x040138ec       0x50 c:/altera/12.1/nios2eds/bin/gnu/h-i686-mingw32/bin/../lib/gcc/nios2-elf/4.1.2/../../../../nios2-elf/lib\libstdc++.a(string-inst.o)
                0x040138ec                std::string::find_last_not_of(char const*, unsigned long) const
 .text._ZNKSs17find_first_not_ofEPKcm
                0x0401393c       0x50 c:/altera/12.1/nios2eds/bin/gnu/h-i686-mingw32/bin/../lib/gcc/nios2-elf/4.1.2/../../../../nios2-elf/lib\libstdc++.a(string-inst.o)
                0x0401393c                std::string::find_first_not_of(char const*, unsigned long) const
 .text._ZNKSs12find_last_ofEPKcm
                0x0401398c       0x50 c:/altera/12.1/nios2eds/bin/gnu/h-i686-mingw32/bin/../lib/gcc/nios2-elf/4.1.2/../../../../nios2-elf/lib\libstdc++.a(string-inst.o)
                0x0401398c                std::string::find_last_of(char const*, unsigned long) const
 .text._ZNKSs13find_first_ofEPKcm
                0x040139dc       0x50 c:/altera/12.1/nios2eds/bin/gnu/h-i686-mingw32/bin/../lib/gcc/nios2-elf/4.1.2/../../../../nios2-elf/lib\libstdc++.a(string-inst.o)
                0x040139dc                std::string::find_first_of(char const*, unsigned long) const
 .text._ZNKSs4rendEv
                0x04013a2c       0x10 c:/altera/12.1/nios2eds/bin/gnu/h-i686-mingw32/bin/../lib/gcc/nios2-elf/4.1.2/../../../../nios2-elf/lib\libstdc++.a(string-inst.o)
                0x04013a2c                std::string::rend() const
 .text._ZNKSs6rbeginEv
                0x04013a3c       0x18 c:/altera/12.1/nios2eds/bin/gnu/h-i686-mingw32/bin/../lib/gcc/nios2-elf/4.1.2/../../../../nios2-elf/lib\libstdc++.a(string-inst.o)
                0x04013a3c                std::string::rbegin() const
 .text._ZNSs12_S_constructEmcRKSaIcE
                0x04013a54       0xc0 c:/altera/12.1/nios2eds/bin/gnu/h-i686-mingw32/bin/../lib/gcc/nios2-elf/4.1.2/../../../../nios2-elf/lib\libstdc++.a(string-inst.o)
                0x04013a54                std::string::_S_construct(unsigned long, char, std::allocator<char> const&)
 .text._ZNSsC1EmcRKSaIcE
                0x04013b14       0x3c c:/altera/12.1/nios2eds/bin/gnu/h-i686-mingw32/bin/../lib/gcc/nios2-elf/4.1.2/../../../../nios2-elf/lib\libstdc++.a(string-inst.o)
                0x04013b14                std::basic_string<char, std::char_traits<char>, std::allocator<char> >::basic_string(unsigned long, char, std::allocator<char> const&)
 .text._ZNSsC2EmcRKSaIcE
                0x04013b50       0x3c c:/altera/12.1/nios2eds/bin/gnu/h-i686-mingw32/bin/../lib/gcc/nios2-elf/4.1.2/../../../../nios2-elf/lib\libstdc++.a(string-inst.o)
                0x04013b50                std::basic_string<char, std::char_traits<char>, std::allocator<char> >::basic_string(unsigned long, char, std::allocator<char> const&)
 .text._ZNSsC1ERKSaIcE
                0x04013b8c       0x34 c:/altera/12.1/nios2eds/bin/gnu/h-i686-mingw32/bin/../lib/gcc/nios2-elf/4.1.2/../../../../nios2-elf/lib\libstdc++.a(string-inst.o)
                0x04013b8c                std::basic_string<char, std::char_traits<char>, std::allocator<char> >::basic_string(std::allocator<char> const&)
 .text._ZNSsC2ERKSaIcE
                0x04013bc0       0x34 c:/altera/12.1/nios2eds/bin/gnu/h-i686-mingw32/bin/../lib/gcc/nios2-elf/4.1.2/../../../../nios2-elf/lib\libstdc++.a(string-inst.o)
                0x04013bc0                std::basic_string<char, std::char_traits<char>, std::allocator<char> >::basic_string(std::allocator<char> const&)
 .text._ZNKSs7compareEmmPKcm
                0x04013bf4       0x90 c:/altera/12.1/nios2eds/bin/gnu/h-i686-mingw32/bin/../lib/gcc/nios2-elf/4.1.2/../../../../nios2-elf/lib\libstdc++.a(string-inst.o)
                0x04013bf4                std::string::compare(unsigned long, unsigned long, char const*, unsigned long) const
 .text._ZNKSs7compareEmmPKc
                0x04013c84       0xc8 c:/altera/12.1/nios2eds/bin/gnu/h-i686-mingw32/bin/../lib/gcc/nios2-elf/4.1.2/../../../../nios2-elf/lib\libstdc++.a(string-inst.o)
                0x04013c84                std::string::compare(unsigned long, unsigned long, char const*) const
 .text._ZNKSs7compareEmmRKSsmm
                0x04013d4c       0xc0 c:/altera/12.1/nios2eds/bin/gnu/h-i686-mingw32/bin/../lib/gcc/nios2-elf/4.1.2/../../../../nios2-elf/lib\libstdc++.a(string-inst.o)
                0x04013d4c                std::string::compare(unsigned long, unsigned long, std::string const&, unsigned long, unsigned long) const
 .text._ZNKSs7compareEmmRKSs
                0x04013e0c       0xa0 c:/altera/12.1/nios2eds/bin/gnu/h-i686-mingw32/bin/../lib/gcc/nios2-elf/4.1.2/../../../../nios2-elf/lib\libstdc++.a(string-inst.o)
                0x04013e0c                std::string::compare(unsigned long, unsigned long, std::string const&) const
 .text._ZNSs4_Rep8_M_cloneERKSaIcEm
                0x04013eac       0x9c c:/altera/12.1/nios2eds/bin/gnu/h-i686-mingw32/bin/../lib/gcc/nios2-elf/4.1.2/../../../../nios2-elf/lib\libstdc++.a(string-inst.o)
                0x04013eac                std::string::_Rep::_M_clone(std::allocator<char> const&, unsigned long)
 .text._ZNSs4_Rep7_M_grabERKSaIcES2_
                0x04013f48      0x104 c:/altera/12.1/nios2eds/bin/gnu/h-i686-mingw32/bin/../lib/gcc/nios2-elf/4.1.2/../../../../nios2-elf/lib\libstdc++.a(string-inst.o)
                0x04013f48                std::string::_Rep::_M_grab(std::allocator<char> const&, std::allocator<char> const&)
 .text._ZNKSs4copyEPcmm
                0x0401404c       0x88 c:/altera/12.1/nios2eds/bin/gnu/h-i686-mingw32/bin/../lib/gcc/nios2-elf/4.1.2/../../../../nios2-elf/lib\libstdc++.a(string-inst.o)
                0x0401404c                std::string::copy(char*, unsigned long, unsigned long) const
 .text._ZNSs13_S_copy_charsEPcPKcS1_
                0x040140d4       0x20 c:/altera/12.1/nios2eds/bin/gnu/h-i686-mingw32/bin/../lib/gcc/nios2-elf/4.1.2/../../../../nios2-elf/lib\libstdc++.a(string-inst.o)
                0x040140d4                std::string::_S_copy_chars(char*, char const*, char const*)
 .text._ZNSs13_S_copy_charsEPcS_S_
                0x040140f4       0x20 c:/altera/12.1/nios2eds/bin/gnu/h-i686-mingw32/bin/../lib/gcc/nios2-elf/4.1.2/../../../../nios2-elf/lib\libstdc++.a(string-inst.o)
                0x040140f4                std::string::_S_copy_chars(char*, char*, char*)
 .text._ZNSs12_S_constructIPcEES0_T_S1_RKSaIcESt20forward_iterator_tag
                0x04014114       0xc4 c:/altera/12.1/nios2eds/bin/gnu/h-i686-mingw32/bin/../lib/gcc/nios2-elf/4.1.2/../../../../nios2-elf/lib\libstdc++.a(string-inst.o)
                0x04014114                char* std::string::_S_construct<char*>(char*, char*, std::allocator<char> const&, std::forward_iterator_tag)
 .text._ZNSsC2IPcEET_S1_RKSaIcE
                0x040141d8       0x34 c:/altera/12.1/nios2eds/bin/gnu/h-i686-mingw32/bin/../lib/gcc/nios2-elf/4.1.2/../../../../nios2-elf/lib\libstdc++.a(string-inst.o)
                0x040141d8                std::basic_string<char, std::char_traits<char>, std::allocator<char> >::basic_string<char*>(char*, char*, std::allocator<char> const&)
 .text._ZNSsC1ERKSsmmRKSaIcE
                0x0401420c       0x60 c:/altera/12.1/nios2eds/bin/gnu/h-i686-mingw32/bin/../lib/gcc/nios2-elf/4.1.2/../../../../nios2-elf/lib\libstdc++.a(string-inst.o)
                0x0401420c                std::basic_string<char, std::char_traits<char>, std::allocator<char> >::basic_string(std::string const&, unsigned long, unsigned long, std::allocator<char> const&)
 .text._ZNSsC2ERKSsmmRKSaIcE
                0x0401426c       0x60 c:/altera/12.1/nios2eds/bin/gnu/h-i686-mingw32/bin/../lib/gcc/nios2-elf/4.1.2/../../../../nios2-elf/lib\libstdc++.a(string-inst.o)
                0x0401426c                std::basic_string<char, std::char_traits<char>, std::allocator<char> >::basic_string(std::string const&, unsigned long, unsigned long, std::allocator<char> const&)
 .text._ZNSsC1ERKSsmm
                0x040142cc       0xec c:/altera/12.1/nios2eds/bin/gnu/h-i686-mingw32/bin/../lib/gcc/nios2-elf/4.1.2/../../../../nios2-elf/lib\libstdc++.a(string-inst.o)
                0x040142cc                std::basic_string<char, std::char_traits<char>, std::allocator<char> >::basic_string(std::string const&, unsigned long, unsigned long)
 .text._ZNKSs6substrEmm
                0x040143b8       0x40 c:/altera/12.1/nios2eds/bin/gnu/h-i686-mingw32/bin/../lib/gcc/nios2-elf/4.1.2/../../../../nios2-elf/lib\libstdc++.a(string-inst.o)
                0x040143b8                std::string::substr(unsigned long, unsigned long) const
 .text._ZNSsC2ERKSsmm
                0x040143f8       0xec c:/altera/12.1/nios2eds/bin/gnu/h-i686-mingw32/bin/../lib/gcc/nios2-elf/4.1.2/../../../../nios2-elf/lib\libstdc++.a(string-inst.o)
                0x040143f8                std::basic_string<char, std::char_traits<char>, std::allocator<char> >::basic_string(std::string const&, unsigned long, unsigned long)
 .text._ZNSsC1IPcEET_S1_RKSaIcE
                0x040144e4       0x34 c:/altera/12.1/nios2eds/bin/gnu/h-i686-mingw32/bin/../lib/gcc/nios2-elf/4.1.2/../../../../nios2-elf/lib\libstdc++.a(string-inst.o)
                0x040144e4                std::basic_string<char, std::char_traits<char>, std::allocator<char> >::basic_string<char*>(char*, char*, std::allocator<char> const&)
 .text._ZNSs13_S_copy_charsEPcN9__gnu_cxx17__normal_iteratorIS_SsEES2_
                0x04014518       0x20 c:/altera/12.1/nios2eds/bin/gnu/h-i686-mingw32/bin/../lib/gcc/nios2-elf/4.1.2/../../../../nios2-elf/lib\libstdc++.a(string-inst.o)
                0x04014518                std::string::_S_copy_chars(char*, __gnu_cxx::__normal_iterator<char*, std::string>, __gnu_cxx::__normal_iterator<char*, std::string>)
 .text._ZNSs12_S_constructIPKcEEPcT_S3_RKSaIcESt20forward_iterator_tag
                0x04014538       0xc4 c:/altera/12.1/nios2eds/bin/gnu/h-i686-mingw32/bin/../lib/gcc/nios2-elf/4.1.2/../../../../nios2-elf/lib\libstdc++.a(string-inst.o)
                0x04014538                char* std::string::_S_construct<char const*>(char const*, char const*, std::allocator<char> const&, std::forward_iterator_tag)
 .text._ZNSsC2IPKcEET_S2_RKSaIcE
                0x040145fc       0x34 c:/altera/12.1/nios2eds/bin/gnu/h-i686-mingw32/bin/../lib/gcc/nios2-elf/4.1.2/../../../../nios2-elf/lib\libstdc++.a(string-inst.o)
                0x040145fc                std::basic_string<char, std::char_traits<char>, std::allocator<char> >::basic_string<char const*>(char const*, char const*, std::allocator<char> const&)
 .text._ZNSsC1EPKcmRKSaIcE
                0x04014630       0x34 c:/altera/12.1/nios2eds/bin/gnu/h-i686-mingw32/bin/../lib/gcc/nios2-elf/4.1.2/../../../../nios2-elf/lib\libstdc++.a(string-inst.o)
                0x04014630                std::basic_string<char, std::char_traits<char>, std::allocator<char> >::basic_string(char const*, unsigned long, std::allocator<char> const&)
 .text._ZNSsC2EPKcmRKSaIcE
                0x04014664       0x34 c:/altera/12.1/nios2eds/bin/gnu/h-i686-mingw32/bin/../lib/gcc/nios2-elf/4.1.2/../../../../nios2-elf/lib\libstdc++.a(string-inst.o)
                0x04014664                std::basic_string<char, std::char_traits<char>, std::allocator<char> >::basic_string(char const*, unsigned long, std::allocator<char> const&)
 .text._ZNSsC1IPKcEET_S2_RKSaIcE
                0x04014698       0x34 c:/altera/12.1/nios2eds/bin/gnu/h-i686-mingw32/bin/../lib/gcc/nios2-elf/4.1.2/../../../../nios2-elf/lib\libstdc++.a(string-inst.o)
                0x04014698                std::basic_string<char, std::char_traits<char>, std::allocator<char> >::basic_string<char const*>(char const*, char const*, std::allocator<char> const&)
 .text._ZNSsC1EPKcRKSaIcE
                0x040146cc       0x60 c:/altera/12.1/nios2eds/bin/gnu/h-i686-mingw32/bin/../lib/gcc/nios2-elf/4.1.2/../../../../nios2-elf/lib\libstdc++.a(string-inst.o)
                0x040146cc                std::basic_string<char, std::char_traits<char>, std::allocator<char> >::basic_string(char const*, std::allocator<char> const&)
 .text._ZNSsC2EPKcRKSaIcE
                0x0401472c       0x60 c:/altera/12.1/nios2eds/bin/gnu/h-i686-mingw32/bin/../lib/gcc/nios2-elf/4.1.2/../../../../nios2-elf/lib\libstdc++.a(string-inst.o)
                0x0401472c                std::basic_string<char, std::char_traits<char>, std::allocator<char> >::basic_string(char const*, std::allocator<char> const&)
 .text._ZNSs13_S_copy_charsEPcN9__gnu_cxx17__normal_iteratorIPKcSsEES4_
                0x0401478c       0x20 c:/altera/12.1/nios2eds/bin/gnu/h-i686-mingw32/bin/../lib/gcc/nios2-elf/4.1.2/../../../../nios2-elf/lib\libstdc++.a(string-inst.o)
                0x0401478c                std::string::_S_copy_chars(char*, __gnu_cxx::__normal_iterator<char const*, std::string>, __gnu_cxx::__normal_iterator<char const*, std::string>)
 .text._ZNSs12_S_constructIN9__gnu_cxx17__normal_iteratorIPcSsEEEES2_T_S4_RKSaIcESt20forward_iterator_tag
                0x040147ac       0xb4 c:/altera/12.1/nios2eds/bin/gnu/h-i686-mingw32/bin/../lib/gcc/nios2-elf/4.1.2/../../../../nios2-elf/lib\libstdc++.a(string-inst.o)
                0x040147ac                char* std::string::_S_construct<__gnu_cxx::__normal_iterator<char*, std::string> >(__gnu_cxx::__normal_iterator<char*, std::string>, __gnu_cxx::__normal_iterator<char*, std::string>, std::allocator<char> const&, std::forward_iterator_tag)
 .text._ZNSsC2IN9__gnu_cxx17__normal_iteratorIPcSsEEEET_S4_RKSaIcE
                0x04014860       0x34 c:/altera/12.1/nios2eds/bin/gnu/h-i686-mingw32/bin/../lib/gcc/nios2-elf/4.1.2/../../../../nios2-elf/lib\libstdc++.a(string-inst.o)
                0x04014860                std::basic_string<char, std::char_traits<char>, std::allocator<char> >::basic_string<__gnu_cxx::__normal_iterator<char*, std::string> >(__gnu_cxx::__normal_iterator<char*, std::string>, __gnu_cxx::__normal_iterator<char*, std::string>, std::allocator<char> const&)
 .text._ZNSsC1IN9__gnu_cxx17__normal_iteratorIPcSsEEEET_S4_RKSaIcE
                0x04014894       0x34 c:/altera/12.1/nios2eds/bin/gnu/h-i686-mingw32/bin/../lib/gcc/nios2-elf/4.1.2/../../../../nios2-elf/lib\libstdc++.a(string-inst.o)
                0x04014894                std::basic_string<char, std::char_traits<char>, std::allocator<char> >::basic_string<__gnu_cxx::__normal_iterator<char*, std::string> >(__gnu_cxx::__normal_iterator<char*, std::string>, __gnu_cxx::__normal_iterator<char*, std::string>, std::allocator<char> const&)
 .text._ZNSsC1ERKSs
                0x040148c8       0xfc c:/altera/12.1/nios2eds/bin/gnu/h-i686-mingw32/bin/../lib/gcc/nios2-elf/4.1.2/../../../../nios2-elf/lib\libstdc++.a(string-inst.o)
                0x040148c8                std::basic_string<char, std::char_traits<char>, std::allocator<char> >::basic_string(std::string const&)
 .text._ZNSsC2ERKSs
                0x040149c4       0xfc c:/altera/12.1/nios2eds/bin/gnu/h-i686-mingw32/bin/../lib/gcc/nios2-elf/4.1.2/../../../../nios2-elf/lib\libstdc++.a(string-inst.o)
                0x040149c4                std::basic_string<char, std::char_traits<char>, std::allocator<char> >::basic_string(std::string const&)
 .text._ZNSs6assignERKSs
                0x04014ac0      0x174 c:/altera/12.1/nios2eds/bin/gnu/h-i686-mingw32/bin/../lib/gcc/nios2-elf/4.1.2/../../../../nios2-elf/lib\libstdc++.a(string-inst.o)
                0x04014ac0                std::string::assign(std::string const&)
 .text._ZNSsaSERKSs
                0x04014c34        0x4 c:/altera/12.1/nios2eds/bin/gnu/h-i686-mingw32/bin/../lib/gcc/nios2-elf/4.1.2/../../../../nios2-elf/lib\libstdc++.a(string-inst.o)
                0x04014c34                std::string::operator=(std::string const&)
 .text._ZNSs7reserveEm
                0x04014c38      0x128 c:/altera/12.1/nios2eds/bin/gnu/h-i686-mingw32/bin/../lib/gcc/nios2-elf/4.1.2/../../../../nios2-elf/lib\libstdc++.a(string-inst.o)
                0x04014c38                std::string::reserve(unsigned long)
 .text._ZNSs9push_backEc
                0x04014d60       0x88 c:/altera/12.1/nios2eds/bin/gnu/h-i686-mingw32/bin/../lib/gcc/nios2-elf/4.1.2/../../../../nios2-elf/lib\libstdc++.a(string-inst.o)
                0x04014d60                std::string::push_back(char)
 .text._ZNSs6appendEmc
                0x04014de8       0xe0 c:/altera/12.1/nios2eds/bin/gnu/h-i686-mingw32/bin/../lib/gcc/nios2-elf/4.1.2/../../../../nios2-elf/lib\libstdc++.a(string-inst.o)
                0x04014de8                std::string::append(unsigned long, char)
 .text._ZNSs6appendEPKcm
                0x04014ec8      0x10c c:/altera/12.1/nios2eds/bin/gnu/h-i686-mingw32/bin/../lib/gcc/nios2-elf/4.1.2/../../../../nios2-elf/lib\libstdc++.a(string-inst.o)
                0x04014ec8                std::string::append(char const*, unsigned long)
 .text._ZNSs6appendEPKc
                0x04014fd4       0x40 c:/altera/12.1/nios2eds/bin/gnu/h-i686-mingw32/bin/../lib/gcc/nios2-elf/4.1.2/../../../../nios2-elf/lib\libstdc++.a(string-inst.o)
                0x04014fd4                std::string::append(char const*)
 .text._ZNSspLEPKc
                0x04015014       0x40 c:/altera/12.1/nios2eds/bin/gnu/h-i686-mingw32/bin/../lib/gcc/nios2-elf/4.1.2/../../../../nios2-elf/lib\libstdc++.a(string-inst.o)
                0x04015014                std::string::operator+=(char const*)
 .text._ZNSs6appendERKSsmm
                0x04015054       0xe8 c:/altera/12.1/nios2eds/bin/gnu/h-i686-mingw32/bin/../lib/gcc/nios2-elf/4.1.2/../../../../nios2-elf/lib\libstdc++.a(string-inst.o)
                0x04015054                std::string::append(std::string const&, unsigned long, unsigned long)
 .text._ZNSs6appendERKSs
                0x0401513c       0xbc c:/altera/12.1/nios2eds/bin/gnu/h-i686-mingw32/bin/../lib/gcc/nios2-elf/4.1.2/../../../../nios2-elf/lib\libstdc++.a(string-inst.o)