Archive member included because of file (symbol)

c:/altera/12.1/nios2eds/bin/gnu/h-i686-mingw32/bin/../lib/gcc/nios2-elf/4.1.2/../../../../nios2-elf/lib\libstdc++.a(eh_personality.o)
                              obj/default/COMM_CarProtocol/ADCInfoMessage.o (__gxx_personality_sj0)
c:/altera/12.1/nios2eds/bin/gnu/h-i686-mingw32/bin/../lib/gcc/nios2-elf/4.1.2/../../../../nios2-elf/lib\libstdc++.a(eh_exception.o)
                              c:/altera/12.1/nios2eds/bin/gnu/h-i686-mingw32/bin/../lib/gcc/nios2-elf/4.1.2/../../../../nios2-elf/lib\libstdc++.a(eh_personality.o) (vtable for std::bad_exception)
c:/altera/12.1/nios2eds/bin/gnu/h-i686-mingw32/bin/../lib/gcc/nios2-elf/4.1.2/../../../../nios2-elf/lib\libstdc++.a(del_op.o)
                              obj/default/COMM_CarProtocol/ADCInfoMessage.o (operator delete(void*))
c:/altera/12.1/nios2eds/bin/gnu/h-i686-mingw32/bin/../lib/gcc/nios2-elf/4.1.2/../../../../nios2-elf/lib\libstdc++.a(eh_call.o)
                              c:/altera/12.1/nios2eds/bin/gnu/h-i686-mingw32/bin/../lib/gcc/nios2-elf/4.1.2/../../../../nios2-elf/lib\libstdc++.a(eh_personality.o) (__cxa_call_terminate)
c:/altera/12.1/nios2eds/bin/gnu/h-i686-mingw32/bin/../lib/gcc/nios2-elf/4.1.2/../../../../nios2-elf/lib\libstdc++.a(class_type_info.o)
                              obj/default/COMM_CarProtocol/CarMessage.o (vtable for __cxxabiv1::__class_type_info)
c:/altera/12.1/nios2eds/bin/gnu/h-i686-mingw32/bin/../lib/gcc/nios2-elf/4.1.2/../../../../nios2-elf/lib\libstdc++.a(new_op.o)
                              obj/default/COMM_CarProtocol/CarProtocol.o (operator new(unsigned long))
c:/altera/12.1/nios2eds/bin/gnu/h-i686-mingw32/bin/../lib/gcc/nios2-elf/4.1.2/../../../../nios2-elf/lib\libstdc++.a(si_class_type_info.o)
                              obj/default/COMM_CarProtocol/ADCInfoMessage.o (vtable for __cxxabiv1::__si_class_type_info)
c:/altera/12.1/nios2eds/bin/gnu/h-i686-mingw32/bin/../lib/gcc/nios2-elf/4.1.2/../../../../nios2-elf/lib\libstdc++.a(eh_alloc.o)
                              c:/altera/12.1/nios2eds/bin/gnu/h-i686-mingw32/bin/../lib/gcc/nios2-elf/4.1.2/../../../../nios2-elf/lib\libstdc++.a(eh_personality.o) (__cxa_allocate_exception)
c:/altera/12.1/nios2eds/bin/gnu/h-i686-mingw32/bin/../lib/gcc/nios2-elf/4.1.2/../../../../nios2-elf/lib\libstdc++.a(tinfo.o)
                              c:/altera/12.1/nios2eds/bin/gnu/h-i686-mingw32/bin/../lib/gcc/nios2-elf/4.1.2/../../../../nios2-elf/lib\libstdc++.a(class_type_info.o) (std::type_info::__is_pointer_p() const)
c:/altera/12.1/nios2eds/bin/gnu/h-i686-mingw32/bin/../lib/gcc/nios2-elf/4.1.2/../../../../nios2-elf/lib\libstdc++.a(eh_throw.o)
                              c:/altera/12.1/nios2eds/bin/gnu/h-i686-mingw32/bin/../lib/gcc/nios2-elf/4.1.2/../../../../nios2-elf/lib\libstdc++.a(eh_personality.o) (__cxa_rethrow)
c:/altera/12.1/nios2eds/bin/gnu/h-i686-mingw32/bin/../lib/gcc/nios2-elf/4.1.2/../../../../nios2-elf/lib\libstdc++.a(eh_terminate.o)
                              c:/altera/12.1/nios2eds/bin/gnu/h-i686-mingw32/bin/../lib/gcc/nios2-elf/4.1.2/../../../../nios2-elf/lib\libstdc++.a(eh_personality.o) (__cxxabiv1::__terminate(void (*)()))
c:/altera/12.1/nios2eds/bin/gnu/h-i686-mingw32/bin/../lib/gcc/nios2-elf/4.1.2/../../../../nios2-elf/lib\libstdc++.a(eh_globals.o)
                              c:/altera/12.1/nios2eds/bin/gnu/h-i686-mingw32/bin/../lib/gcc/nios2-elf/4.1.2/../../../../nios2-elf/lib\libstdc++.a(eh_personality.o) (__cxa_get_globals_fast)
c:/altera/12.1/nios2eds/bin/gnu/h-i686-mingw32/bin/../lib/gcc/nios2-elf/4.1.2/../../../../nios2-elf/lib\libstdc++.a(eh_unex_handler.o)
                              c:/altera/12.1/nios2eds/bin/gnu/h-i686-mingw32/bin/../lib/gcc/nios2-elf/4.1.2/../../../../nios2-elf/lib\libstdc++.a(eh_throw.o) (__cxxabiv1::__unexpected_handler)
c:/altera/12.1/nios2eds/bin/gnu/h-i686-mingw32/bin/../lib/gcc/nios2-elf/4.1.2/../../../../nios2-elf/lib\libstdc++.a(new_handler.o)
                              c:/altera/12.1/nios2eds/bin/gnu/h-i686-mingw32/bin/../lib/gcc/nios2-elf/4.1.2/../../../../nios2-elf/lib\libstdc++.a(new_op.o) (__new_handler)
c:/altera/12.1/nios2eds/bin/gnu/h-i686-mingw32/bin/../lib/gcc/nios2-elf/4.1.2/../../../../nios2-elf/lib\libstdc++.a(eh_catch.o)
                              c:/altera/12.1/nios2eds/bin/gnu/h-i686-mingw32/bin/../lib/gcc/nios2-elf/4.1.2/../../../../nios2-elf/lib\libstdc++.a(eh_personality.o) (__cxa_end_catch)
c:/altera/12.1/nios2eds/bin/gnu/h-i686-mingw32/bin/../lib/gcc/nios2-elf/4.1.2/../../../../nios2-elf/lib\libstdc++.a(eh_term_handler.o)
                              c:/altera/12.1/nios2eds/bin/gnu/h-i686-mingw32/bin/../lib/gcc/nios2-elf/4.1.2/../../../../nios2-elf/lib\libstdc++.a(eh_throw.o) (__cxxabiv1::__terminate_handler)
c:/altera/12.1/nios2eds/bin/gnu/h-i686-mingw32/bin/../lib/gcc/nios2-elf/4.1.2\libgcc.a(lib2-divmod.o)
                              obj/default/external_drivers/adc_interface.o (__udivsi3)
[...]
Memory Configuration

Name             Origin             Length             Attributes
com_memory_BEFORE_RESET 0x04000000         0x00005000
reset            0x04005000         0x00000020
com_memory       0x04005020         0x03ffafe0
ethernet_subsystem_descriptor_memory 0x08000000         0x00002000
shared_memory    0x08002000         0x00001000
com_ocmemory     0x08004000         0x00000400
*default*        0x00000000         0xffffffff

Linker script and memory map

LOAD ../Car2X_communication_bsp//obj/HAL/src/crt0.o
LOAD obj/default/alt_error_handler.o
LOAD obj/default/main.o
LOAD obj/default/network_utilities.o
LOAD obj/default/tse_my_system.o
LOAD obj/default/COMM_CarProtocol/ADCInfoMessage.o
LOAD obj/default/COMM_CarProtocol/ADCValuesMessage.o
LOAD obj/default/COMM_CarProtocol/AccelerationValuesMessage.o
LOAD obj/default/COMM_CarProtocol/CarMessage.o
LOAD obj/default/COMM_CarProtocol/CarProtocol.o
LOAD obj/default/COMM_CarProtocol/MotorMeasurementMessage.o
LOAD obj/default/COMM_CarProtocol/MotorVelocityMessage.o
LOAD obj/default/COMM_CarProtocol/UltrasoundDistanceMessage.o
LOAD obj/default/COMM_CarProtocol/WelcomeMessage.o
LOAD obj/default/CarMessages/CControlMessage.o
LOAD obj/default/CarMessages/CEmergencyBrakeMessage.o
LOAD obj/default/etc/utility.o
LOAD obj/default/external_drivers/accelerometer_interface.o
LOAD obj/default/external_drivers/adc_interface.o
LOAD obj/default/external_drivers/ultrasound_interface.o
LOAD obj/default/sensors/ADCSensor.o
LOAD obj/default/sensors/AccelerationSensor.o
LOAD obj/default/sensors/SensorState.o
LOAD obj/default/sensors/UltrasoundSensor.o
LOAD obj/default/socketserver.o
LOAD obj/default/terasic_lib/I2C.o
LOAD obj/default/terasic_lib/accelerometer_adxl345_spi.o
LOAD obj/default/terasic_lib/adc_spi_read.o
LOAD obj/default/terasic_lib/terasic_spi.o
LOAD c:/altera/12.1/nios2eds/bin/gnu/h-i686-mingw32/bin/../lib/gcc/nios2-elf/4.1.2/../../../../nios2-elf/lib\libstdc++.a
LOAD c:/altera/12.1/nios2eds/bin/gnu/h-i686-mingw32/bin/../lib/gcc/nios2-elf/4.1.2/../../../../nios2-elf/lib\libm.a
LOAD c:/altera/12.1/nios2eds/bin/gnu/h-i686-mingw32/bin/../lib/gcc/nios2-elf/4.1.2\libgcc.a
START GROUP
LOAD c:/altera/12.1/nios2eds/bin/gnu/h-i686-mingw32/bin/../lib/gcc/nios2-elf/4.1.2/../../../../nios2-elf/lib\libc.a
LOAD c:/altera/12.1/nios2eds/bin/gnu/h-i686-mingw32/bin/../lib/gcc/nios2-elf/4.1.2\libgcc.a
LOAD ../Car2X_communication_bsp/\libucosii_bsp.a
END GROUP
LOAD c:/altera/12.1/nios2eds/bin/gnu/h-i686-mingw32/bin/../lib/gcc/nios2-elf/4.1.2\libgcc.a
                0x04000000                __alt_mem_com_memory = 0x4000000
                0x08000000                __alt_mem_ethernet_subsystem_descriptor_memory = 0x8000000
                0x08002000                __alt_mem_shared_memory = 0x8002000
                0x08004000                __alt_mem_com_ocmemory = 0x8004000

.entry          0x04005000       0x20
 *(.entry)
 .entry         0x04005000       0x20 ../Car2X_communication_bsp//obj/HAL/src/crt0.o
                0x04005000                __reset

.exceptions     0x04005020      0x19c
                0x04005020                PROVIDE (__ram_exceptions_start, ABSOLUTE (.))
                0x04005020                . = ALIGN (0x20)
 *(.irq)
 *(.exceptions.entry.label)
 .exceptions.entry.label
                0x04005020        0x0 ../Car2X_communication_bsp/\libucosii_bsp.a(alt_irq_entry.o)
                0x04005020                alt_irq_entry
 .exceptions.entry.label
                0x04005020        0x0 ../Car2X_communication_bsp/\libucosii_bsp.a(alt_exception_entry.o)
                0x04005020                alt_exception
 *(.exceptions.entry.user)
 *(.exceptions.entry)
 .exceptions.entry
                0x04005020       0x54 ../Car2X_communication_bsp/\libucosii_bsp.a(alt_exception_entry.o)
 *(.exceptions.irqtest.user)
 *(.exceptions.irqtest)
 .exceptions.irqtest
                0x04005074       0x10 ../Car2X_communication_bsp/\libucosii_bsp.a(alt_irq_entry.o)
 *(.exceptions.irqhandler.user)
 *(.exceptions.irqhandler)
 .exceptions.irqhandler
                0x04005084        0x4 ../Car2X_communication_bsp/\libucosii_bsp.a(alt_irq_entry.o)
 *(.exceptions.irqreturn.user)
 *(.exceptions.irqreturn)
 .exceptions.irqreturn
                0x04005088        0x4 ../Car2X_communication_bsp/\libucosii_bsp.a(alt_irq_entry.o)
 *(.exceptions.notirq.label)
 .exceptions.notirq.label
                0x0400508c        0x0 ../Car2X_communication_bsp/\libucosii_bsp.a(alt_irq_entry.o)
 *(.exceptions.notirq.user)
 *(.exceptions.notirq)
 .exceptions.notirq
                0x0400508c        0x8 ../Car2X_communication_bsp/\libucosii_bsp.a(alt_exception_entry.o)
 *(.exceptions.soft.user)
 *(.exceptions.soft)
 *(.exceptions.unknown.user)
 *(.exceptions.unknown)
 .exceptions.unknown
                0x04005094        0x4 ../Car2X_communication_bsp/\libucosii_bsp.a(alt_exception_entry.o)
 *(.exceptions.exit.label)
 .exceptions.exit.label
                0x04005098        0x0 ../Car2X_communication_bsp/\libucosii_bsp.a(alt_irq_entry.o)
 .exceptions.exit.label
                0x04005098        0x0 ../Car2X_communication_bsp/\libucosii_bsp.a(alt_exception_entry.o)
 *(.exceptions.exit.user)
 *(.exceptions.exit)
 .exceptions.exit
                0x04005098       0x54 ../Car2X_communication_bsp/\libucosii_bsp.a(alt_exception_entry.o)
 *(.exceptions)
 .exceptions    0x040050ec       0xd0 ../Car2X_communication_bsp/\libucosii_bsp.a(alt_irq_handler.o)
                0x040050ec                alt_irq_handler
                0x040051bc                PROVIDE (__ram_exceptions_end, ABSOLUTE (.))
                0x04005020                PROVIDE (__flash_exceptions_start, LOADADDR (.exceptions))

.text           0x040051bc    0x4e9d0
                0x040051bc                PROVIDE (stext, ABSOLUTE (.))
 *(.interp)
 *(.hash)
 *(.dynsym)
 *(.dynstr)
 *(.gnu.version)
 *(.gnu.version_d)
 *(.gnu.version_r)
 *(.rel.init)
 *(.rela.init)
 *(.rel.text .rel.text.* .rel.gnu.linkonce.t.*)
 *(.rela.text .rela.text.* .rela.gnu.linkonce.t.*)
 *(.rel.fini)
 *(.rela.fini)
 *(.rel.rodata .rel.rodata.* .rel.gnu.linkonce.r.*)
 *(.rela.rodata .rela.rodata.* .rela.gnu.linkonce.r.*)
 *(.rel.data .rel.data.* .rel.gnu.linkonce.d.*)
 *(.rela.data .rela.data.* .rela.gnu.linkonce.d.*)
 *(.rel.tdata .rel.tdata.* .rel.gnu.linkonce.td.*)
 *(.rela.tdata .rela.tdata.* .rela.gnu.linkonce.td.*)
 *(.rel.tbss .rel.tbss.* .rel.gnu.linkonce.tb.*)
 *(.rela.tbss .rela.tbss.* .rela.gnu.linkonce.tb.*)
 *(.rel.ctors)
 *(.rela.ctors)
 *(.rel.dtors)
 *(.rela.dtors)
 *(.rel.got)
 *(.rela.got)
 *(.rel.sdata .rel.sdata.* .rel.gnu.linkonce.s.*)
 *(.rela.sdata .rela.sdata.* .rela.gnu.linkonce.s.*)
 *(.rel.sbss .rel.sbss.* .rel.gnu.linkonce.sb.*)
 *(.rela.sbss .rela.sbss.* .rela.gnu.linkonce.sb.*)
 *(.rel.sdata2 .rel.sdata2.* .rel.gnu.linkonce.s2.*)
 *(.rela.sdata2 .rela.sdata2.* .rela.gnu.linkonce.s2.*)
 *(.rel.sbss2 .rel.sbss2.* .rel.gnu.linkonce.sb2.*)
 *(.rela.sbss2 .rela.sbss2.* .rela.gnu.linkonce.sb2.*)
 *(.rel.bss .rel.bss.* .rel.gnu.linkonce.b.*)
 *(.rela.bss .rela.bss.* .rela.gnu.linkonce.b.*)
 *(.rel.plt)
 *(.rela.plt)
 *(.rel.dyn)
 *(.init)
 *(.plt)
 *(.text .stub .text.* .gnu.linkonce.t.*)
 .text          0x040051bc       0x4c ../Car2X_communication_bsp//obj/HAL/src/crt0.o
                0x040051bc                _start
 .text          0x04005208      0xba8 obj/default/alt_error_handler.o
                0x04005208                alt_uCOSIIErrorHandler
                0x0400582c                alt_NetworkErrorHandler
                0x04005ac4                alt_SSSErrorHandler
 .text          0x04005db0       0xec obj/default/main.o
                0x04005db0                SSSInitialTask
                0x04005e20                main
 .text          0x04005e9c      0x5f8 obj/default/network_utilities.o
                0x04005e9c                get_mac_addr
                0x04005ef4                get_ip_addr
                0x040060b8                get_serial_number
                0x04006294                generate_and_store_mac_addr
                0x040062c0                generate_mac_addr
                0x040063fc                get_board_mac_addr
                0x0400646c                FindLastFlashSectorOffset
 .text          0x04006494        0x0 obj/default/tse_my_system.o
 .text          0x04006494      0xb90 obj/default/COMM_CarProtocol/ADCInfoMessage.o
                0x04006494                CADCInfoMessage::doAction()
                0x040064b4                CADCInfoMessage::answerMessage(unsigned char, unsigned char*, unsigned char*)
                0x0400662c                CADCInfoMessage::getLength()
                0x04006650                CADCInfoMessage::parseMessage(unsigned char*, int)
                0x040067e0                CADCInfoMessage::getBytes(unsigned char*)
                0x0400699c                CADCInfoMessage::~CADCInfoMessage()
                0x040069f4                CADCInfoMessage::~CADCInfoMessage()
                0x04006a4c                CADCInfoMessage::~CADCInfoMessage()
                0x04006aa4                CADCInfoMessage::CADCInfoMessage(unsigned char*, int)
                0x04006c00                CADCInfoMessage::CADCInfoMessage(unsigned char*, int)
                0x04006d5c                CADCInfoMessage::CADCInfoMessage(unsigned char*)
                0x04006ec0                CADCInfoMessage::CADCInfoMessage(unsigned char*)
 .text          0x04007024      0x914 obj/default/COMM_CarProtocol/ADCValuesMessage.o
                0x04007024                CADCValuesMessage::doAction()
                0x04007044                CADCValuesMessage::answerMessage(unsigned char*, unsigned short*)
                0x040070a8                CADCValuesMessage::getLength()
                0x040070cc                CADCValuesMessage::parseMessage(unsigned char*, int)
                0x040071ac                CADCValuesMessage::getBytes(unsigned char*)
                0x040072c0                CADCValuesMessage::~CADCValuesMessage()
                0x04007318                CADCValuesMessage::~CADCValuesMessage()
                0x04007370                CADCValuesMessage::~CADCValuesMessage()
                0x040073c8                CADCValuesMessage::CADCValuesMessage(unsigned char*, int)
                0x04007524                CADCValuesMessage::CADCValuesMessage(unsigned char*, int)
                0x04007680                CADCValuesMessage::CADCValuesMessage(unsigned char*)
                0x040077dc                CADCValuesMessage::CADCValuesMessage(unsigned char*)
 .text          0x04007938      0xa48 obj/default/COMM_CarProtocol/AccelerationValuesMessage.o
                0x04007938                CAccelerationValuesMessage::answerMessage(short, short, short, unsigned char)
                0x040079b4                CAccelerationValuesMessage::getLength()
                0x040079d8                CAccelerationValuesMessage::parseMessage(unsigned char*, int)
                0x04007ad0                CAccelerationValuesMessage::getBytes(unsigned char*)
                0x04007c54                CAccelerationValuesMessage::doAction()
                0x04007d18                CAccelerationValuesMessage::~CAccelerationValuesMessage()
                0x04007d70                CAccelerationValuesMessage::~CAccelerationValuesMessage()
                0x04007dc8                CAccelerationValuesMessage::~CAccelerationValuesMessage()
                0x04007e20                CAccelerationValuesMessage::CAccelerationValuesMessage(unsigned char*, int)
                0x04007f7c                CAccelerationValuesMessage::CAccelerationValuesMessage(unsigned char*, int)
                0x040080d8                CAccelerationValuesMessage::CAccelerationValuesMessage()
                0x0400822c                CAccelerationValuesMessage::CAccelerationValuesMessage()
 .text          0x04008380      0x614 obj/default/COMM_CarProtocol/CarMessage.o
                0x04008380                CCarMessage::CCarMessage()
                0x040083b8                CCarMessage::CCarMessage()
                0x040083f0                CCarMessage::doAction()
                0x04008410                CCarMessage::getBytes(unsigned char*)
                0x040084ac                CCarMessage::getLength()
                0x040084d0                CCarMessage::getType()
                0x040084fc                CCarMessage::getSubType()
                0x04008528                CCarMessage::isValid()
                0x04008554                CCarMessage::setHeader(unsigned char, unsigned char, bool)
                0x040085b8                CCarMessage::CCarMessage(unsigned char, unsigned char, bool)
                0x04008610                CCarMessage::CCarMessage(unsigned char, unsigned char, bool)
                0x04008668                CCarMessage::setHeader(unsigned char, unsigned char, unsigned char, bool)
                0x040086d8                CCarMessage::parseHeader(unsigned char*, int)
                0x04008764                CCarMessage::CCarMessage(unsigned char*, int)
                0x040087bc                CCarMessage::CCarMessage(unsigned char*, int)
                0x04008814                CCarMessage::writeHeaderToBuffer(unsigned char*, int)
                0x040088a4                CCarMessage::~CCarMessage()
                0x040088f4                CCarMessage::~CCarMessage()
                0x04008944                CCarMessage::~CCarMessage()
 .text          0x04008994     0x1688 obj/default/COMM_CarProtocol/CarProtocol.o
                0x04008994                CCarProtocol::CCarProtocol(unsigned short, CCarMessage**, unsigned long)
                0x04008a54                CCarProtocol::CCarProtocol(unsigned short, CCarMessage**, unsigned long)
                0x04008b14                CCarProtocol::isValid()
                0x04008b40                CCarProtocol::getLength()
                0x04008bf0                CCarProtocol::getNthMessage(unsigned long)
                0x04008c50                CCarProtocol::getMessageCount()
                0x04008c78                CCarProtocol::getBytes(unsigned char*)
                0x04008e84                CCarProtocol::~CCarProtocol()
                0x04008fa4                CCarProtocol::~CCarProtocol()
                0x040090c4                CCarProtocol::~CCarProtocol()
                0x040091e4                CCarProtocol::parsePacket(unsigned char*, int)
                0x04009f5c                CCarProtocol::CCarProtocol(unsigned char*, int)
                0x04009fbc                CCarProtocol::CCarProtocol(unsigned char*, int)
 .text          0x0400a01c      0x9e0 obj/default/COMM_CarProtocol/MotorMeasurementMessage.o
                0x0400a01c                CMotorMeasurementMessage::doAction()
                0x0400a03c                CMotorMeasurementMessage::getLength()
                0x0400a060                CMotorMeasurementMessage::answerMessage(short, unsigned short, short, short, short)
                0x0400a0f0                CMotorMeasurementMessage::getBytes(unsigned char*)
                0x0400a224                CMotorMeasurementMessage::parseMessage(unsigned char*, int)
                0x0400a35c                CMotorMeasurementMessage::~CMotorMeasurementMessage()
                0x0400a3b4                CMotorMeasurementMessage::~CMotorMeasurementMessage()
                0x0400a40c                CMotorMeasurementMessage::~CMotorMeasurementMessage()
                0x0400a464                CMotorMeasurementMessage::CMotorMeasurementMessage(unsigned char*, int)
                0x0400a5c0                CMotorMeasurementMessage::CMotorMeasurementMessage(unsigned char*, int)
                0x0400a71c                CMotorMeasurementMessage::CMotorMeasurementMessage()
                0x0400a88c                CMotorMeasurementMessage::CMotorMeasurementMessage()
 .text          0x0400a9fc      0x824 obj/default/COMM_CarProtocol/MotorVelocityMessage.o
                0x0400a9fc                CMotorVelocityMessage::doAction()
                0x0400aa1c                CMotorVelocityMessage::getLength()
                0x0400aa40                CMotorVelocityMessage::answerMessage(short)
                0x0400aa88                CMotorVelocityMessage::parseMessage(unsigned char*, int)
                0x0400ab1c                CMotorVelocityMessage::getBytes(unsigned char*)
                0x0400abb0                CMotorVelocityMessage::~CMotorVelocityMessage()
                0x0400ac08                CMotorVelocityMessage::~CMotorVelocityMessage()
                0x0400ac60                CMotorVelocityMessage::~CMotorVelocityMessage()
                0x0400acb8                CMotorVelocityMessage::CMotorVelocityMessage(unsigned char*, int)
                0x0400ae14                CMotorVelocityMessage::CMotorVelocityMessage(unsigned char*, int)
                0x0400af70                CMotorVelocityMessage::CMotorVelocityMessage(short)
                0x0400b0c8                CMotorVelocityMessage::CMotorVelocityMessage(short)
 .text          0x0400b220      0x864 obj/default/COMM_CarProtocol/UltrasoundDistanceMessage.o
                0x0400b220                CUltrasoundDistanceMessage::doAction()
                0x0400b240                CUltrasoundDistanceMessage::answerMessage(long)
                0x0400b2b0                CUltrasoundDistanceMessage::getLength()
                0x0400b2d4                CUltrasoundDistanceMessage::parseMessage(unsigned char*, int)
                0x0400b368                CUltrasoundDistanceMessage::getBytes(unsigned char*)
                0x0400b424                CUltrasoundDistanceMessage::~CUltrasoundDistanceMessage()
                0x0400b47c                CUltrasoundDistanceMessage::~CUltrasoundDistanceMessage()
                0x0400b4d4                CUltrasoundDistanceMessage::~CUltrasoundDistanceMessage()
                0x0400b52c                CUltrasoundDistanceMessage::CUltrasoundDistanceMessage(unsigned char*, int)
                0x0400b688                CUltrasoundDistanceMessage::CUltrasoundDistanceMessage(unsigned char*, int)
                0x0400b7e4                CUltrasoundDistanceMessage::CUltrasoundDistanceMessage()
                0x0400b934                CUltrasoundDistanceMessage::CUltrasoundDistanceMessage()
 .text          0x0400ba84      0x9b0 obj/default/COMM_CarProtocol/WelcomeMessage.o
                0x0400ba84                CWelcomeMessage::doAction()
                0x0400baa4                CWelcomeMessage::getLength()
                0x0400bac8                CWelcomeMessage::parseMessage(unsigned char*, int)
                0x0400bb9c                CWelcomeMessage::answerMessage(unsigned char, unsigned char, unsigned char, unsigned char*)
                0x0400bc60                CWelcomeMessage::getBytes(unsigned char*)
                0x0400bd3c                CWelcomeMessage::~CWelcomeMessage()
                0x0400bd94                CWelcomeMessage::~CWelcomeMessage()
                0x0400bdec                CWelcomeMessage::~CWelcomeMessage()
                0x0400be44                CWelcomeMessage::CWelcomeMessage(unsigned char)
                0x0400bfe0                CWelcomeMessage::CWelcomeMessage(unsigned char)
                0x0400c17c                CWelcomeMessage::CWelcomeMessage(unsigned char*, int)
                0x0400c2d8                CWelcomeMessage::CWelcomeMessage(unsigned char*, int)
 .text          0x0400c434      0x2d0 obj/default/CarMessages/CControlMessage.o
                0x0400c434                CControlMessage::answerMessage(bool)
                0x0400c458                CControlMessage::doAction()
                0x0400c478                CControlMessage::getBytes(unsigned char*)
                0x0400c4a0                CControlMessage::getLength()
                0x0400c4c4                CControlMessage::parseMessage(unsigned char*, int)
                0x0400c4ec                CControlMessage::~CControlMessage()
                0x0400c544                CControlMessage::~CControlMessage()
                0x0400c59c                CControlMessage::~CControlMessage()
                0x0400c5f4                CControlMessage::CControlMessage(unsigned char*, int)
                0x0400c63c                CControlMessage::CControlMessage(unsigned char*, int)
                0x0400c684                CControlMessage::CControlMessage()
                0x0400c6c4                CControlMessage::CControlMessage()
 .text          0x0400c704      0x2d0 obj/default/CarMessages/CEmergencyBrakeMessage.o
                0x0400c704                CEmergencyBrakeMessage::answerMessage(bool)
                0x0400c728                CEmergencyBrakeMessage::doAction()
                0x0400c748                CEmergencyBrakeMessage::getBytes(unsigned char*)
                0x0400c770                CEmergencyBrakeMessage::getLength()
                0x0400c794                CEmergencyBrakeMessage::parseMessage(unsigned char*, int)
                0x0400c7bc                CEmergencyBrakeMessage::~CEmergencyBrakeMessage()
                0x0400c814                CEmergencyBrakeMessage::~CEmergencyBrakeMessage()
                0x0400c86c                CEmergencyBrakeMessage::~CEmergencyBrakeMessage()
                0x0400c8c4                CEmergencyBrakeMessage::CEmergencyBrakeMessage(unsigned char*, int)
                0x0400c90c                CEmergencyBrakeMessage::CEmergencyBrakeMessage(unsigned char*, int)
                0x0400c954                CEmergencyBrakeMessage::CEmergencyBrakeMessage()
                0x0400c994                CEmergencyBrakeMessage::CEmergencyBrakeMessage()
 .text          0x0400c9d4      0x104 obj/default/etc/utility.o
                0x0400c9d4                delay(unsigned int)
                0x0400ca28                swapEndianess(unsigned char*, unsigned long)
 .text          0x0400cad8      0x110 obj/default/external_drivers/accelerometer_interface.o
                0x0400cad8                getAcceleration(short*)
 .text          0x0400cbe8      0x204 obj/default/external_drivers/adc_interface.o
                0x0400cbe8                ReadADCChannels(unsigned char*, unsigned char, unsigned long*)
 .text          0x0400cdec      0x104 obj/default/external_drivers/ultrasound_interface.o
                0x0400cdec                measuredistance(unsigned long)
 .text          0x0400cef0      0x4c4 obj/default/sensors/ADCSensor.o
                0x0400cef0                CADCSensor::updateSensorState(CCarMessage*)
                0x0400cf18                CADCSensor::getValueByChannel(unsigned char)
                0x0400cf98                CADCSensor::getChannelAliasStrings()
                0x0400cfc0                CADCSensor::getCarMessage()
                0x0400d1d4                CADCSensor::~CADCSensor()
                0x0400d22c                CADCSensor::~CADCSensor()
                0x0400d284                CADCSensor::~CADCSensor()
                0x0400d2dc                CADCSensor::CADCSensor()
                0x0400d348                CADCSensor::CADCSensor()
 .text          0x0400d3b4      0x3bc obj/default/sensors/AccelerationSensor.o
                0x0400d3b4                CAccelerationSensor::updateSensorState(CCarMessage*)
                0x0400d3dc                CAccelerationSensor::getXAcceleration()
                0x0400d410                CAccelerationSensor::getYAcceleration()
                0x0400d444                CAccelerationSensor::getZAcceleration()
                0x0400d478                CAccelerationSensor::isAccelerationValid()
                0x0400d4a4                CAccelerationSensor::getCarMessage()
                0x0400d5c0                CAccelerationSensor::~CAccelerationSensor()
                0x0400d618                CAccelerationSensor::~CAccelerationSensor()
                0x0400d670                CAccelerationSensor::~CAccelerationSensor()
                0x0400d6c8                CAccelerationSensor::CAccelerationSensor()
                0x0400d71c                CAccelerationSensor::CAccelerationSensor()
 .text          0x0400d770      0x1f4 obj/default/sensors/SensorState.o
                0x0400d770                CSensorState::CSensorState()
                0x0400d7a0                CSensorState::CSensorState()
                0x0400d7d0                CSensorState::getCarMessage()
                0x0400d7f4                CSensorState::updateSensorState(CCarMessage*)
                0x0400d81c                CSensorState::getType()
                0x0400d848                CSensorState::isValid()
                0x0400d874                CSensorState::~CSensorState()
                0x0400d8c4                CSensorState::~CSensorState()
                0x0400d914                CSensorState::~CSensorState()
 .text          0x0400d964      0x340 obj/default/sensors/UltrasoundSensor.o
                0x0400d964                CUltrasoundSensor::updateSensorState(CCarMessage*)
                0x0400d98c                CUltrasoundSensor::getDistance()
                0x0400d9b8                CUltrasoundSensor::isDistanceValid()
                0x0400d9e8                CUltrasoundSensor::getCarMessage()
                0x0400db04                CUltrasoundSensor::~CUltrasoundSensor()
                0x0400db5c                CUltrasoundSensor::~CUltrasoundSensor()
                0x0400dbb4                CUltrasoundSensor::~CUltrasoundSensor()
                0x0400dc0c                CUltrasoundSensor::CUltrasoundSensor()
                0x0400dc58                CUltrasoundSensor::CUltrasoundSensor()
 .text          0x0400dca4      0x904 obj/default/socketserver.o
                0x0400dca4                sss_reset_connection(SSS_SOCKET*)
                0x0400dd04                receive_bytes(SSS_SOCKET*)
                0x0400dd90                sss_exec_command(CCarProtocol*)
                0x0400def8                sss_handle_receive(SSS_SOCKET*)
                0x0400e2e4                sss_handle_accept(int, SSS_SOCKET*)
                0x0400e3a4                SSSSimpleSocketServerTask
 .text          0x0400e5a8      0xb44 obj/default/terasic_lib/I2C.o
                0x0400e5a8                i2c_stop(unsigned long, unsigned long)
                0x0400e620                i2c_start(unsigned long, unsigned long)
                0x0400e6a8                i2c_read(unsigned long, unsigned long, unsigned char*, bool)
                0x0400e7fc                i2c_write(unsigned long, unsigned long, unsigned char)
                0x0400e91c                I2C_MultipleRead(unsigned long, unsigned long, signed char, unsigned char, unsigned char*, unsigned short)
                0x0400eae8                I2C_MultipleWrite(unsigned long, unsigned long, signed char, unsigned char, unsigned char*, unsigned short)
                0x0400ec34                I2C_Read(unsigned long, unsigned long, signed char, unsigned char, unsigned char*)
                0x0400eda8                I2C_Write(unsigned long, unsigned long, signed char, unsigned char, unsigned char)
                0x0400eef0                i2c_data_verify(unsigned long, unsigned long, unsigned char)
                0x0400f068                I2C_Verify(unsigned long, unsigned long, unsigned long)
 .text          0x0400f0ec      0x324 obj/default/terasic_lib/accelerometer_adxl345_spi.o
                0x0400f0ec                ADXL345_SPI_IdRead(unsigned long, unsigned char*)
                0x0400f130                ADXL345_SPI_IsDataReady(unsigned long)
                0x0400f19c                ADXL345_SPI_XYZ_Read(unsigned long, unsigned short*)
                0x0400f268                ADXL345_SPI_Init(unsigned long)
                0x0400f338                ADXL345_SPI_WaitDataReady(unsigned long)
 .text          0x0400f410      0x108 obj/default/terasic_lib/adc_spi_read.o
                0x0400f410                ADC_Read(unsigned char)
 .text          0x0400f518      0x3c4 obj/default/terasic_lib/terasic_spi.o
                0x0400f518                SPI_Init(unsigned long)
                0x0400f564                SPI_MultipleRead(unsigned long, unsigned char, unsigned char*, unsigned char)
                0x0400f6e8                SPI_Read(unsigned long, unsigned char, unsigned char*)
                0x0400f730                SPI_MultipleWrite(unsigned long, unsigned char, unsigned char*, unsigned char)
                0x0400f894                SPI_Write(unsigned long, unsigned char, unsigned char)
 .text          0x0400f8dc      0xbec c:/altera/12.1/nios2eds/bin/gnu/h-i686-mingw32/bin/../lib/gcc/nios2-elf/4.1.2/../../../../nios2-elf/lib\libstdc++.a(eh_personality.o)
                0x0400fe68                __cxa_call_unexpected
                0x0400ffe8                __gxx_personality_sj0
 .text          0x040104c8       0x94 c:/altera/12.1/nios2eds/bin/gnu/h-i686-mingw32/bin/../lib/gcc/nios2-elf/4.1.2/../../../../nios2-elf/lib\libstdc++.a(eh_exception.o)
                0x040104c8                std::exception::what() const
                0x040104d8                std::exception::~exception()
                0x040104e8                std::exception::~exception()
                0x040104f8                std::exception::~exception()
                0x04010508                std::bad_exception::~bad_exception()
                0x0401053c                std::bad_exception::~bad_exception()
                0x0401054c                std::bad_exception::~bad_exception()
 .text          0x0401055c        0xc c:/altera/12.1/nios2eds/bin/gnu/h-i686-mingw32/bin/../lib/gcc/nios2-elf/4.1.2/../../../../nios2-elf/lib\libstdc++.a(del_op.o)
                0x0401055c                operator delete(void*)
 .text          0x04010568       0x44 c:/altera/12.1/nios2eds/bin/gnu/h-i686-mingw32/bin/../lib/gcc/nios2-elf/4.1.2/../../../../nios2-elf/lib\libstdc++.a(eh_call.o)
                0x04010568                __cxa_call_terminate
 .text          0x040105ac      0x1bc c:/altera/12.1/nios2eds/bin/gnu/h-i686-mingw32/bin/../lib/gcc/nios2-elf/4.1.2/../../../../nios2-elf/lib\libstdc++.a(class_type_info.o)
                0x040105ac                __cxxabiv1::__class_type_info::__do_upcast(__cxxabiv1::__class_type_info const*, void**) const
                0x04010618                __cxxabiv1::__class_type_info::__do_find_public_src(long, void const*, __cxxabiv1::__class_type_info const*, void const*) const
                0x04010638                __cxxabiv1::__class_type_info::~__class_type_info()
                0x0401066c                __cxxabiv1::__class_type_info::~__class_type_info()
                0x0401067c                __cxxabiv1::__class_type_info::~__class_type_info()
                0x0401068c                __cxxabiv1::__class_type_info::__do_catch(std::type_info const*, void**, unsigned int) const
                0x040106ec                __cxxabiv1::__class_type_info::__do_upcast(__cxxabiv1::__class_type_info const*, void const*, __cxxabiv1::__class_type_info::__upcast_result&) const
                0x0401071c                __cxxabiv1::__class_type_info::__do_dyncast(long, __cxxabiv1::__class_type_info::__sub_kind, __cxxabiv1::__class_type_info const*, void const*, __cxxabiv1::__class_type_info const*, void const*, __cxxabiv1::__class_type_info::__dyncast_result&) const
 .text          0x04010768      0x100 c:/altera/12.1/nios2eds/bin/gnu/h-i686-mingw32/bin/../lib/gcc/nios2-elf/4.1.2/../../../../nios2-elf/lib\libstdc++.a(new_op.o)
                0x04010768                operator new(unsigned long)
 .text          0x04010868      0x1c8 c:/altera/12.1/nios2eds/bin/gnu/h-i686-mingw32/bin/../lib/gcc/nios2-elf/4.1.2/../../../../nios2-elf/lib\libstdc++.a(si_class_type_info.o)
                0x04010868                __cxxabiv1::__si_class_type_info::__do_upcast(__cxxabiv1::__class_type_info const*, void const*, __cxxabiv1::__class_type_info::__upcast_result&) const
                0x040108e0                __cxxabiv1::__si_class_type_info::~__si_class_type_info()
                0x04010914                __cxxabiv1::__si_class_type_info::~__si_class_type_info()
                0x04010924                __cxxabiv1::__si_class_type_info::~__si_class_type_info()
                0x04010934                __cxxabiv1::__si_class_type_info::__do_find_public_src(long, void const*, __cxxabiv1::__class_type_info const*, void const*) const
                0x04010968                __cxxabiv1::__si_class_type_info::__do_dyncast(long, __cxxabiv1::__class_type_info::__sub_kind, __cxxabiv1::__class_type_info const*, void const*, __cxxabiv1::__class_type_info const*, void const*, __cxxabiv1::__class_type_info::__dyncast_result&) const
 .text          0x04010a30      0x174 c:/altera/12.1/nios2eds/bin/gnu/h-i686-mingw32/bin/../lib/gcc/nios2-elf/4.1.2/../../../../nios2-elf/lib\libstdc++.a(eh_alloc.o)
                0x04010a30                __cxa_free_exception
                0x04010a70                __cxa_allocate_exception
 .text          0x04010ba4       0x58 c:/altera/12.1/nios2eds/bin/gnu/h-i686-mingw32/bin/../lib/gcc/nios2-elf/4.1.2/../../../../nios2-elf/lib\libstdc++.a(tinfo.o)
                0x04010ba4                std::type_info::__is_pointer_p() const
                0x04010bac                std::type_info::__is_function_p() const
                0x04010bb4                std::type_info::__do_catch(std::type_info const*, void**, unsigned int) const
                0x04010bc4                std::type_info::__do_upcast(__cxxabiv1::__class_type_info const*, void**) const
                0x04010bcc                std::type_info::~type_info()
                0x04010bdc                std::type_info::~type_info()
                0x04010bec                std::type_info::~type_info()
 .text          0x04010bfc      0x148 c:/altera/12.1/nios2eds/bin/gnu/h-i686-mingw32/bin/../lib/gcc/nios2-elf/4.1.2/../../../../nios2-elf/lib\libstdc++.a(eh_throw.o)
                0x04010bfc                __cxa_rethrow
                0x04010c70                __cxa_throw
 .text          0x04010d44      0x10c c:/altera/12.1/nios2eds/bin/gnu/h-i686-mingw32/bin/../lib/gcc/nios2-elf/4.1.2/../../../../nios2-elf/lib\libstdc++.a(eh_terminate.o)
                0x04010d44                std::set_terminate(void (*)())
                0x04010d58                std::set_unexpected(void (*)())
                0x04010d6c                __cxxabiv1::__terminate(void (*)())
                0x04010e10                std::terminate()
                0x04010e28                __cxxabiv1::__unexpected(void (*)())
                0x04010e38                std::unexpected()
 .text          0x04010e50       0x10 c:/altera/12.1/nios2eds/bin/gnu/h-i686-mingw32/bin/../lib/gcc/nios2-elf/4.1.2/../../../../nios2-elf/lib\libstdc++.a(eh_globals.o)
                0x04010e50                __cxa_get_globals_fast
                0x04010e58                __cxa_get_globals
 .text          0x04010e60        0x0 c:/altera/12.1/nios2eds/bin/gnu/h-i686-mingw32/bin/../lib/gcc/nios2-elf/4.1.2/../../../../nios2-elf/lib\libstdc++.a(eh_unex_handler.o)
 .text          0x04010e60       0x60 c:/altera/12.1/nios2eds/bin/gnu/h-i686-mingw32/bin/../lib/gcc/nios2-elf/4.1.2/../../../../nios2-elf/lib\libstdc++.a(new_handler.o)
                0x04010e60                std::set_new_handler(void (*)())
                0x04010e6c                std::bad_alloc::~bad_alloc()
                0x04010ea0                std::bad_alloc::~bad_alloc()
                0x04010eb0                std::bad_alloc::~bad_alloc()
 .text          0x04010ec0      0x1e4 c:/altera/12.1/nios2eds/bin/gnu/h-i686-mingw32/bin/../lib/gcc/nios2-elf/4.1.2/../../../../nios2-elf/lib\libstdc++.a(eh_catch.o)
                0x04010ec0                __cxa_get_exception_ptr
                0x04010ec8                std::uncaught_exception()
                0x04010ee8                __cxa_end_catch
                0x04010f8c                __cxa_begin_catch
 .text          0x040110a4        0x0 c:/altera/12.1/nios2eds/bin/gnu/h-i686-mingw32/bin/../lib/gcc/nios2-elf/4.1.2/../../../../nios2-elf/lib\libstdc++.a(eh_term_handler.o)
 .text          0x040110a4      0x14c c:/altera/12.1/nios2eds/bin/gnu/h-i686-mingw32/bin/../lib/gcc/nios2-elf/4.1.2\libgcc.a(lib2-divmod.o)
                0x04011120                __divsi3
                0x04011180                __modsi3
                0x040111e0                __udivsi3
                0x040111e8                __umodsi3
 .text          0x040111f0       0x38 c:/altera/12.1/nios2eds/bin/gnu/h-i686-mingw32/bin/../lib/gcc/nios2-elf/4.1.2\libgcc.a(lib2-mul.o)
                0x040111f0                __mulsi3
 .text          0x04011228      0x548 c:/altera/12.1/nios2eds/bin/gnu/h-i686-mingw32/bin/../lib/gcc/nios2-elf/4.1.2\libgcc.a(unwind-sjlj.o)
                0x04011228                _Unwind_SjLj_Register
                0x04011238                _Unwind_SjLj_Unregister
                0x04011244                _Unwind_GetGR
                0x0401125c                _Unwind_GetCFA
                0x04011270                _Unwind_SetGR
                0x04011288                _Unwind_GetIP
                0x04011298                _Unwind_GetIPInfo
                0x040112ac                _Unwind_SetIP
                0x040112bc                _Unwind_GetLanguageSpecificData
                0x040112c8                _Unwind_GetRegionStart
                0x040112d0                _Unwind_FindEnclosingFunction
                0x040112d8                _Unwind_GetDataRelBase
                0x040112e0                _Unwind_GetTextRelBase
                0x040113e8                _Unwind_DeleteException
                0x040114f4                _Unwind_SjLj_Resume
                0x04011550                _Unwind_SjLj_RaiseException
                0x04011648                _Unwind_SjLj_ForcedUnwind
                0x04011698                _Unwind_Backtrace
                0x04011718                _Unwind_SjLj_Resume_or_Rethrow
 .text          0x04011770       0x18 c:/altera/12.1/nios2eds/bin/gnu/h-i686-mingw32/bin/../lib/gcc/nios2-elf/4.1.2/../../../../nios2-elf/lib\libc.a(lib_a-abort.o)
                0x04011770                abort
 .text          0x04011788        0x0 c:/altera/12.1/nios2eds/bin/gnu/h-i686-mingw32/bin/../lib/gcc/nios2-elf/4.1.2/../../../../nios2-elf/lib\libc.a(lib_a-ctype_.o)
 .text          0x04011788       0x60 c:/altera/12.1/nios2eds/bin/gnu/h-i686-mingw32/bin/../lib/gcc/nios2-elf/4.1.2/../../../../nios2-elf/lib\libc.a(lib_a-fprintf.o)
                0x04011788                fprintf
                0x040117b4                _fprintf_r
 .text          0x040117e8       0xdc c:/altera/12.1/nios2eds/bin/gnu/h-i686-mingw32/bin/../lib/gcc/nios2-elf/4.1.2/../../../../nios2-elf/lib\libc.a(lib_a-fwrite.o)
                0x040117e8                _fwrite_r
                0x04011884                fwrite
 .text          0x040118c4      0x128 c:/altera/12.1/nios2eds/bin/gnu/h-i686-mingw32/bin/../lib/gcc/nios2-elf/4.1.2/../../../../nios2-elf/lib\libc.a(lib_a-getc.o)
                0x040118c4                getc
                0x0401195c                _getc_r
 .text          0x040119ec        0x0 c:/altera/12.1/nios2eds/bin/gnu/h-i686-mingw32/bin/../lib/gcc/nios2-elf/4.1.2/../../../../nios2-elf/lib\libc.a(lib_a-impure.o)
 .text          0x040119ec       0x28 c:/altera/12.1/nios2eds/bin/gnu/h-i686-mingw32/bin/../lib/gcc/nios2-elf/4.1.2/../../../../nios2-elf/lib\libc.a(lib_a-malloc.o)
                0x040119ec                free
                0x04011a00                malloc
 .text          0x04011a14      0x740 c:/altera/12.1/nios2eds/bin/gnu/h-i686-mingw32/bin/../lib/gcc/nios2-elf/4.1.2/../../../../nios2-elf/lib\libc.a(lib_a-mallocr.o)
                0x04011a14                _malloc_r
 .text          0x04012154       0xe0 c:/altera/12.1/nios2eds/bin/gnu/h-i686-mingw32/bin/../lib/gcc/nios2-elf/4.1.2/../../../../nios2-elf/lib\libc.a(lib_a-memmove.o)
                0x04012154                memmove
 .text          0x04012234       0x98 c:/altera/12.1/nios2eds/bin/gnu/h-i686-mingw32/bin/../lib/gcc/nios2-elf/4.1.2/../../../../nios2-elf/lib\libc.a(lib_a-memset.o)
                0x04012234                memset
 .text          0x040122cc       0x80 c:/altera/12.1/nios2eds/bin/gnu/h-i686-mingw32/bin/../lib/gcc/nios2-elf/4.1.2/../../../../nios2-elf/lib\libc.a(lib_a-perror.o)
                0x040122cc                _perror_r
                0x04012338                perror
 .text          0x0401234c       0x78 c:/altera/12.1/nios2eds/bin/gnu/h-i686-mingw32/bin/../lib/gcc/nios2-elf/4.1.2/../../../../nios2-elf/lib\libc.a(lib_a-printf.o)
                0x0401234c                printf
                0x04012390                _printf_r
 .text          0x040123c4      0x1ec c:/altera/12.1/nios2eds/bin/gnu/h-i686-mingw32/bin/../lib/gcc/nios2-elf/4.1.2/../../../../nios2-elf/lib\libc.a(lib_a-putc.o)
                0x040123c4                putc
                0x040124c8                _putc_r
 .text          0x040125b0       0x24 c:/altera/12.1/nios2eds/bin/gnu/h-i686-mingw32/bin/../lib/gcc/nios2-elf/4.1.2/../../../../nios2-elf/lib\libc.a(lib_a-putchar.o)
                0x040125b0                putchar
                0x040125cc                _putchar_r
 .text          0x040125d4       0xb4 c:/altera/12.1/nios2eds/bin/gnu/h-i686-mingw32/bin/../lib/gcc/nios2-elf/4.1.2/../../../../nios2-elf/lib\libc.a(lib_a-puts.o)
                0x040125d4                _puts_r
                0x04012674                puts
 .text          0x04012688       0x60 c:/altera/12.1/nios2eds/bin/gnu/h-i686-mingw32/bin/../lib/gcc/nios2-elf/4.1.2/../../../../nios2-elf/lib\libc.a(lib_a-rget.o)
                0x04012688                __srget_r
                0x040126d4                __srget
 .text          0x040126e8       0x70 c:/altera/12.1/nios2eds/bin/gnu/h-i686-mingw32/bin/../lib/gcc/nios2-elf/4.1.2/../../../../nios2-elf/lib\libc.a(lib_a-sbrkr.o)
                0x040126e8                _sbrk_r
 .text          0x04012758      0x2d8 c:/altera/12.1/nios2eds/bin/gnu/h-i686-mingw32/bin/../lib/gcc/nios2-elf/4.1.2/../../../../nios2-elf/lib\libc.a(lib_a-signal.o)
                0x04012758                _raise_r
                0x04012824                raise
                0x04012838                _init_signal_r
                0x0401289c                _init_signal
                0x040128ac                __sigtramp_r
                0x04012960                __sigtramp
                0x04012974                _signal_r
                0x04012a14                signal
 .text          0x04012a30       0x78 c:/altera/12.1/nios2eds/bin/gnu/h-i686-mingw32/bin/../lib/gcc/nios2-elf/4.1.2/../../../../nios2-elf/lib\libc.a(lib_a-signalr.o)
                0x04012a30                _getpid_r
                0x04012a34                _kill_r
 .text          0x04012aa8      0x674 c:/altera/12.1/nios2eds/bin/gnu/h-i686-mingw32/bin/../lib/gcc/nios2-elf/4.1.2/../../../../nios2-elf/lib\libc.a(lib_a-strerror.o)
                0x04012aa8                strerror
 .text          0x0401311c       0x74 c:/altera/12.1/nios2eds/bin/gnu/h-i686-mingw32/bin/../lib/gcc/nios2-elf/4.1.2/../../../../nios2-elf/lib\libc.a(lib_a-strlen.o)
                0x0401311c                strlen
 .text          0x04013190        0x8 c:/altera/12.1/nios2eds/bin/gnu/h-i686-mingw32/bin/../lib/gcc/nios2-elf/4.1.2/../../../../nios2-elf/lib\libc.a(lib_a-u_strerr.o)
                0x04013190                _user_strerror
 .text          0x04013198     0x1f28 c:/altera/12.1/nios2eds/bin/gnu/h-i686-mingw32/bin/../lib/gcc/nios2-elf/4.1.2/../../../../nios2-elf/lib\libc.a(lib_a-vfprintf.o)
                0x040131f0                ___vfprintf_internal_r
                0x0401509c                __vfprintf_internal
 .text          0x040150c0      0x14c c:/altera/12.1/nios2eds/bin/gnu/h-i686-mingw32/bin/../lib/gcc/nios2-elf/4.1.2/../../../../nios2-elf/lib\libc.a(lib_a-wbuf.o)
                0x040150c0                __swbuf_r
                0x040151f0                __swbuf
 .text          0x0401520c      0x13c c:/altera/12.1/nios2eds/bin/gnu/h-i686-mingw32/bin/../lib/gcc/nios2-elf/4.1.2/../../../../nios2-elf/lib\libc.a(lib_a-wsetup.o)
                0x0401520c                __swsetup_r
 .text          0x04015348     0x17cc c:/altera/12.1/nios2eds/bin/gnu/h-i686-mingw32/bin/../lib/gcc/nios2-elf/4.1.2/../../../../nios2-elf/lib\libc.a(lib_a-dtoa.o)
                0x04015560                _dtoa_r
 .text          0x04016b14      0x230 c:/altera/12.1/nios2eds/bin/gnu/h-i686-mingw32/bin/../lib/gcc/nios2-elf/4.1.2/../../../../nios2-elf/lib\libc.a(lib_a-fflush.o)
                0x04016b14                _fflush_r
                0x04016d10                fflush
 .text          0x04016d44      0x2c0 c:/altera/12.1/nios2eds/bin/gnu/h-i686-mingw32/bin/../lib/gcc/nios2-elf/4.1.2/../../../../nios2-elf/lib\libc.a(lib_a-findfp.o)
                0x04016d9c                __sfp_lock_acquire
                0x04016da0                __sfp_lock_release
                0x04016da4                __sinit_lock_acquire
                0x04016da8                __sinit_lock_release
                0x04016dac                __sinit
                0x04016e60                __fp_unlock_all
                0x04016e78                __fp_lock_all
                0x04016e90                _cleanup_r
                0x04016e9c                _cleanup
                0x04016eac                __sfmoreglue
                0x04016f14                __sfp
 .text          0x04017004       0xbc c:/altera/12.1/nios2eds/bin/gnu/h-i686-mingw32/bin/../lib/gcc/nios2-elf/4.1.2/../../../../nios2-elf/lib\libc.a(lib_a-fputc.o)
                0x04017004                fputc
                0x04017068                _fputc_r
 .text          0x040170c0       0x90 c:/altera/12.1/nios2eds/bin/gnu/h-i686-mingw32/bin/../lib/gcc/nios2-elf/4.1.2/../../../../nios2-elf/lib\libc.a(lib_a-fputs.o)
                0x040170c0                _fputs_r
                0x04017134                fputs
 .text          0x04017150      0x440 c:/altera/12.1/nios2eds/bin/gnu/h-i686-mingw32/bin/../lib/gcc/nios2-elf/4.1.2/../../../../nios2-elf/lib\libc.a(lib_a-freer.o)
                0x04017150                _malloc_trim_r
                0x0401727c                _free_r
 .text          0x04017590      0x49c c:/altera/12.1/nios2eds/bin/gnu/h-i686-mingw32/bin/../lib/gcc/nios2-elf/4.1.2/../../../../nios2-elf/lib\libc.a(lib_a-fvwrite.o)
                0x04017590                __sfvwrite_r
 .text          0x04017a2c      0x180 c:/altera/12.1/nios2eds/bin/gnu/h-i686-mingw32/bin/../lib/gcc/nios2-elf/4.1.2/../../../../nios2-elf/lib\libc.a(lib_a-fwalk.o)
                0x04017a2c                _fwalk_reent
                0x04017af4                _fwalk
 .text          0x04017bac        0x0 c:/altera/12.1/nios2eds/bin/gnu/h-i686-mingw32/bin/../lib/gcc/nios2-elf/4.1.2/../../../../nios2-elf/lib\libc.a(lib_a-int_errno.o)
 .text          0x04017bac       0xc4 c:/altera/12.1/nios2eds/bin/gnu/h-i686-mingw32/bin/../lib/gcc/nios2-elf/4.1.2/../../../../nios2-elf/lib\libc.a(lib_a-locale.o)
                0x04017bac                __locale_charset
                0x04017bb4                _localeconv_r
                0x04017bc0                localeconv
                0x04017bd0                _setlocale_r
                0x04017c54                setlocale
 .text          0x04017c70      0x194 c:/altera/12.1/nios2eds/bin/gnu/h-i686-mingw32/bin/../lib/gcc/nios2-elf/4.1.2/../../../../nios2-elf/lib\libc.a(lib_a-makebuf.o)
                0x04017c70                __smakebuf_r
 .text          0x04017e04       0xe4 c:/altera/12.1/nios2eds/bin/gnu/h-i686-mingw32/bin/../lib/gcc/nios2-elf/4.1.2/../../../../nios2-elf/lib\libc.a(lib_a-memchr.o)
                0x04017e04                memchr
 .text          0x04017ee8       0xa0 c:/altera/12.1/nios2eds/bin/gnu/h-i686-mingw32/bin/../lib/gcc/nios2-elf/4.1.2/../../../../nios2-elf/lib\libc.a(lib_a-memcpy.o)
                0x04017ee8                memcpy
 .text          0x04017f88      0xff4 c:/altera/12.1/nios2eds/bin/gnu/h-i686-mingw32/bin/../lib/gcc/nios2-elf/4.1.2/../../../../nios2-elf/lib\libc.a(lib_a-mprec.o)
                0x04017f88                _Bfree
                0x04017fb0                __hi0bits
                0x04018020                __lo0bits
                0x040180e4                __mcmp
                0x04018144                __ulp
                0x040181c4                __b2d
                0x040182e4                __ratio
                0x04018394                _mprec_log10
                0x04018428                __copybits
                0x04018480                __any_on
                0x04018508                _Balloc
                0x040185c4                __d2b
                0x04018740                __mdiff
                0x040188cc                __lshift
                0x04018a18                __multiply
                0x04018c00                __i2b
                0x04018c3c                __multadd
                0x04018d3c                __pow5mult
                0x04018e5c                __s2b
 .text          0x04018f7c      0x5f4 c:/altera/12.1/nios2eds/bin/gnu/h-i686-mingw32/bin/../lib/gcc/nios2-elf/4.1.2/../../../../nios2-elf/lib\libc.a(lib_a-reallocr.o)
                0x04018f7c                _realloc_r
 .text          0x04019570      0x1e0 c:/altera/12.1/nios2eds/bin/gnu/h-i686-mingw32/bin/../lib/gcc/nios2-elf/4.1.2/../../../../nios2-elf/lib\libc.a(lib_a-refill.o)
                0x04019570                __srefill_r
 .text          0x04019750       0x40 c:/altera/12.1/nios2eds/bin/gnu/h-i686-mingw32/bin/../lib/gcc/nios2-elf/4.1.2/../../../../nios2-elf/lib\libc.a(lib_a-s_isinfd.o)
                0x04019750                __isinfd
 .text          0x04019790       0x30 c:/altera/12.1/nios2eds/bin/gnu/h-i686-mingw32/bin/../lib/gcc/nios2-elf/4.1.2/../../../../nios2-elf/lib\libc.a(lib_a-s_isnand.o)
                0x04019790                __isnand
 .text          0x040197c0      0x14c c:/altera/12.1/nios2eds/bin/gnu/h-i686-mingw32/bin/../lib/gcc/nios2-elf/4.1.2/../../../../nios2-elf/lib\libc.a(lib_a-stdio.o)
                0x040197c0                __sclose
                0x040197c8                __sseek
                0x04019830                __swrite
                0x040198ac                __sread
 .text          0x0401990c       0xbc c:/altera/12.1/nios2eds/bin/gnu/h-i686-mingw32/bin/../lib/gcc/nios2-elf/4.1.2/../../../../nios2-elf/lib\libc.a(lib_a-strcmp.o)
                0x0401990c                strcmp
 .text          0x040199c8       0x78 c:/altera/12.1/nios2eds/bin/gnu/h-i686-mingw32/bin/../lib/gcc/nios2-elf/4.1.2/../../../../nios2-elf/lib\libc.a(lib_a-writer.o)
                0x040199c8                _write_r
 .text          0x04019a40       0xb4 c:/altera/12.1/nios2eds/bin/gnu/h-i686-mingw32/bin/../lib/gcc/nios2-elf/4.1.2/../../../../nios2-elf/lib\libc.a(lib_a-callocr.o)
                0x04019a40                _calloc_r
 .text          0x04019af4       0x70 c:/altera/12.1/nios2eds/bin/gnu/h-i686-mingw32/bin/../lib/gcc/nios2-elf/4.1.2/../../../../nios2-elf/lib\libc.a(lib_a-closer.o)
                0x04019af4                _close_r
 .text          0x04019b64      0x124 c:/altera/12.1/nios2eds/bin/gnu/h-i686-mingw32/bin/../lib/gcc/nios2-elf/4.1.2/../../../../nios2-elf/lib\libc.a(lib_a-fclose.o)
                0x04019b64                _fclose_r
                0x04019c74                fclose
 .text          0x04019c88       0x74 c:/altera/12.1/nios2eds/bin/gnu/h-i686-mingw32/bin/../lib/gcc/nios2-elf/4.1.2/../../../../nios2-elf/lib\libc.a(lib_a-fstatr.o)
                0x04019c88                _fstat_r
 .text          0x04019cfc       0x70 c:/altera/12.1/nios2eds/bin/gnu/h-i686-mingw32/bin/../lib/gcc/nios2-elf/4.1.2/../../../../nios2-elf/lib\libc.a(lib_a-isattyr.o)
                0x04019cfc                _isatty_r
 .text          0x04019d6c       0x78 c:/altera/12.1/nios2eds/bin/gnu/h-i686-mingw32/bin/../lib/gcc/nios2-elf/4.1.2/../../../../nios2-elf/lib\libc.a(lib_a-lseekr.o)
                0x04019d6c                _lseek_r
 .text          0x04019de4       0x78 c:/altera/12.1/nios2eds/bin/gnu/h-i686-mingw32/bin/../lib/gcc/nios2-elf/4.1.2/../../../../nios2-elf/lib\libc.a(lib_a-readr.o)
                0x04019de4                _read_r
 .text          0x04019e5c      0x5dc c:/altera/12.1/nios2eds/bin/gnu/h-i686-mingw32/bin/../lib/gcc/nios2-elf/4.1.2\libgcc.a(_udivdi3.o)
                0x04019e5c                __udivdi3
 .text          0x0401a438      0x5b0 c:/altera/12.1/nios2eds/bin/gnu/h-i686-mingw32/bin/../lib/gcc/nios2-elf/4.1.2\libgcc.a(_umoddi3.o)
                0x0401a438                __umoddi3
 .text          0x0401a9e8      0x504 c:/altera/12.1/nios2eds/bin/gnu/h-i686-mingw32/bin/../lib/gcc/nios2-elf/4.1.2\libgcc.a(_addsub_df.o)
                0x0401adf8                __subdf3
                0x0401ae78                __adddf3
 .text          0x0401aeec      0x3c4 c:/altera/12.1/nios2eds/bin/gnu/h-i686-mingw32/bin/../lib/gcc/nios2-elf/4.1.2\libgcc.a(_mul_df.o)
                0x0401aeec                __muldf3
 .text          0x0401b2b0      0x258 c:/altera/12.1/nios2eds/bin/gnu/h-i686-mingw32/bin/../lib/gcc/nios2-elf/4.1.2\libgcc.a(_div_df.o)
                0x0401b2b0                __divdf3
 .text          0x0401b508       0x88 c:/altera/12.1/nios2eds/bin/gnu/h-i686-mingw32/bin/../lib/gcc/nios2-elf/4.1.2\libgcc.a(_eq_df.o)
                0x0401b508                __eqdf2
 .text          0x0401b590       0x88 c:/altera/12.1/nios2eds/bin/gnu/h-i686-mingw32/bin/../lib/gcc/nios2-elf/4.1.2\libgcc.a(_ne_df.o)
                0x0401b590                __nedf2
 .text          0x0401b618       0x88 c:/altera/12.1/nios2eds/bin/gnu/h-i686-mingw32/bin/../lib/gcc/nios2-elf/4.1.2\libgcc.a(_gt_df.o)
                0x0401b618                __gtdf2
 .text          0x0401b6a0       0x88 c:/altera/12.1/nios2eds/bin/gnu/h-i686-mingw32/bin/../lib/gcc/nios2-elf/4.1.2\libgcc.a(_ge_df.o)
                0x0401b6a0                __gedf2
 .text          0x0401b728       0x88 c:/altera/12.1/nios2eds/bin/gnu/h-i686-mingw32/bin/../lib/gcc/nios2-elf/4.1.2\libgcc.a(_lt_df.o)
                0x0401b728                __ltdf2
 .text          0x0401b7b0       0xf8 c:/altera/12.1/nios2eds/bin/gnu/h-i686-mingw32/bin/../lib/gcc/nios2-elf/4.1.2\libgcc.a(_si_to_df.o)
                0x0401b7b0                __floatsidf
 .text          0x0401b8a8       0xd8 c:/altera/12.1/nios2eds/bin/gnu/h-i686-mingw32/bin/../lib/gcc/nios2-elf/4.1.2\libgcc.a(_df_to_si.o)
                0x0401b8a8                __fixdfsi
 .text          0x0401b980        0x0 c:/altera/12.1/nios2eds/bin/gnu/h-i686-mingw32/bin/../lib/gcc/nios2-elf/4.1.2\libgcc.a(_thenan_df.o)
 .text          0x0401b980      0x194 c:/altera/12.1/nios2eds/bin/gnu/h-i686-mingw32/bin/../lib/gcc/nios2-elf/4.1.2\libgcc.a(_usi_to_df.o)
                0x0401b980                __floatunsidf
 .text          0x0401bb14       0x98 c:/altera/12.1/nios2eds/bin/gnu/h-i686-mingw32/bin/../lib/gcc/nios2-elf/4.1.2\libgcc.a(_muldi3.o)
                0x0401bb14                __muldi3
 .text          0x0401bbac        0x0 c:/altera/12.1/nios2eds/bin/gnu/h-i686-mingw32/bin/../lib/gcc/nios2-elf/4.1.2\libgcc.a(_clz.o)
 .text          0x0401bbac       0x80 c:/altera/12.1/nios2eds/bin/gnu/h-i686-mingw32/bin/../lib/gcc/nios2-elf/4.1.2\libgcc.a(_clzsi2.o)
                0x0401bbac                __clzsi2
 .text          0x0401bc2c      0x314 c:/altera/12.1/nios2eds/bin/gnu/h-i686-mingw32/bin/../lib/gcc/nios2-elf/4.1.2\libgcc.a(_pack_df.o)
                0x0401bc2c                __pack_d
 .text          0x0401bf40      0x138 c:/altera/12.1/nios2eds/bin/gnu/h-i686-mingw32/bin/../lib/gcc/nios2-elf/4.1.2\libgcc.a(_unpack_df.o)
                0x0401bf40                __unpack_d
 .text          0x0401c078       0xc8 c:/altera/12.1/nios2eds/bin/gnu/h-i686-mingw32/bin/../lib/gcc/nios2-elf/4.1.2\libgcc.a(_fpcmp_parts_df.o)
                0x0401c078                __fpcmp_parts_d
 .text          0x0401c140       0x6c ../Car2X_communication_bsp/\libucosii_bsp.a(alt_exit.o)
                0x0401c180                _exit
 .text          0x0401c1ac      0x134 ../Car2X_communication_bsp/\libucosii_bsp.a(alt_fstat.o)
                0x0401c1ac                fstat
 .text          0x0401c2e0       0x20 ../Car2X_communication_bsp/\libucosii_bsp.a(alt_getpid.o)
                0x0401c2e0                getpid
 .text          0x0401c300      0x120 ../Car2X_communication_bsp/\libucosii_bsp.a(alt_isatty.o)
                0x0401c300                isatty
 .text          0x0401c420      0x1a0 ../Car2X_communication_bsp/\libucosii_bsp.a(alt_kill.o)
                0x0401c420                kill
 .text          0x0401c5c0       0xec ../Car2X_communication_bsp/\libucosii_bsp.a(alt_load.o)
                0x0401c5c0                alt_load
 .text          0x0401c6ac      0x150 ../Car2X_communication_bsp/\libucosii_bsp.a(alt_lseek.o)
                0x0401c6ac                lseek
 .text          0x0401c7fc       0xc8 ../Car2X_communication_bsp/\libucosii_bsp.a(alt_main.o)
                0x0401c7fc                alt_main
 .text          0x0401c8c4       0xbc ../Car2X_communication_bsp/\libucosii_bsp.a(alt_sbrk.o)
                0x0401c8c4                sbrk
 .text          0x0401c980      0x1a8 ../Car2X_communication_bsp/\libucosii_bsp.a(alt_tick.o)
                0x0401c980                alt_alarm_stop
                0x0401ca18                alt_tick
 .text          0x0401cb28      0x118 ../Car2X_communication_bsp/\libucosii_bsp.a(alt_usleep.o)
                0x0401cb28                usleep
 .text          0x0401cc40      0x108 ../Car2X_communication_bsp/\libucosii_bsp.a(alt_env_lock.o)
                0x0401cc40                __env_lock
                0x0401ccec                __env_unlock
 .text          0x0401cd48      0x1d8 ../Car2X_communication_bsp/\libucosii_bsp.a(alt_malloc_lock.o)
                0x0401cd48                __malloc_lock
                0x0401ce50                __malloc_unlock
 .text          0x0401cf20     0x2128 ../Car2X_communication_bsp/\libucosii_bsp.a(os_core.o)
                0x0401cf20                OSEventNameGet
                0x0401d050                OSEventNameSet
                0x0401d194                OSEventPendMulti
                0x0401d848                OSInit
                0x0401d89c                OSIntEnter
                0x0401d918                OSIntExit
                0x0401da18                OSSchedLock
                0x0401daa4                OSSchedUnlock
                0x0401db88                OSStart
                0x0401dbf8                OSStatInit
                0x0401dca4                OSTimeTick
                0x0401dee4                OSVersion
                0x0401df04                OS_Dummy
                0x0401df20                OS_EventTaskRdy
                0x0401e0b4                OS_EventTaskWait
                0x0401e1c4                OS_EventTaskWaitMulti
                0x0401e318                OS_EventTaskRemove
                0x0401e3d0                OS_EventTaskRemoveMulti
                0x0401e4d4                OS_EventWaitListInit
                0x0401e8a0                OS_MemClr
                0x0401e8f4                OS_MemCopy
                0x0401e960                OS_Sched
                0x0401eaa4                OS_StrCopy
                0x0401eb24                OS_StrLen
                0x0401eb7c                OS_TaskIdle
                0x0401ebd8                OS_TaskStat
                0x0401eca0                OS_TaskStatStkChk
                0x0401ed68                OS_TCBInit
 .text          0x0401f048      0x18c ../Car2X_communication_bsp/\libucosii_bsp.a(os_dbg.o)
                0x0401f048                OSDebugInit
 .text          0x0401f1d4     0x193c ../Car2X_communication_bsp/\libucosii_bsp.a(os_flag.o)
                0x0401f1d4                OSFlagAccept
                0x0401f508                OSFlagCreate
                0x0401f644                OSFlagDel
                0x0401f8ec                OSFlagNameGet
                0x0401fa30                OSFlagNameSet
                0x0401fb84                OSFlagPend
                0x040201c8                OSFlagPendGetFlagsRdy
                0x04020230                OSFlagPost
                0x040205d8                OSFlagQuery
                0x04020870                OS_FlagInit
                0x04020a64                OS_FlagUnlink
 .text          0x04020b10      0x808 ../Car2X_communication_bsp/\libucosii_bsp.a(os_mem.o)
                0x04020b10                OSMemCreate
                0x04020d2c                OSMemGet
                0x04020e30                OSMemNameGet
                0x04020f3c                OSMemNameSet
                0x0402105c                OSMemPut
                0x0402114c                OSMemQuery
                0x04021248                OS_MemInit
 .text          0x04021318     0x1334 ../Car2X_communication_bsp/\libucosii_bsp.a(os_q.o)
                0x04021318                OSQAccept
                0x0402146c                OSQCreate
                0x04021680                OSQDel
                0x04021980                OSQFlush
                0x04021a48                OSQPend
                0x04021d68                OSQPendAbort
                0x04021ee4                OSQPost
                0x04022064                OSQPostFront
                0x040221ec                OSQPostOpt
                0x04022420                OSQQuery
                0x040225a0                OS_QInit
 .text          0x0402264c      0xbc8 ../Car2X_communication_bsp/\libucosii_bsp.a(os_sem.o)
                0x0402264c                OSSemAccept
                0x0402270c                OSSemCreate
                0x04022820                OSSemDel
                0x04022ac0                OSSemPend
                0x04022d3c                OSSemPendAbort
                0x04022eb8                OSSemPost
                0x04022fe0                OSSemQuery
                0x04023110                OSSemSet
 .text          0x04023214     0x1a40 ../Car2X_communication_bsp/\libucosii_bsp.a(os_task.o)
                0x04023214                OSTaskChangePrio
                0x04023788                OSTaskCreate
                0x0402395c                OSTaskCreateExt
                0x04023b5c                OSTaskDel
                0x04023f68                OSTaskDelReq
                0x040240d8                OSTaskNameGet
                0x04024290                OSTaskNameSet
                0x04024454                OSTaskResume
                0x0402466c                OSTaskStkChk
                0x04024868                OSTaskSuspend
                0x04024a94                OSTaskQuery
                0x04024bd8                OS_TaskStkClr
 .text          0x04024c54      0x59c ../Car2X_communication_bsp/\libucosii_bsp.a(os_time.o)
                0x04024c54                OSTimeDly
                0x04024da0                OSTimeDlyHMSM
                0x04024f18                OSTimeDlyResume
                0x04025128                OSTimeGet
                0x0402518c                OSTimeSet
 .text          0x040251f0      0x3dc ../Car2X_communication_bsp/\libucosii_bsp.a(alt_sys_init.o)
                0x040251f0                alt_irq_init
                0x04025224                alt_sys_init
 .text          0x040255cc      0x148 ../Car2X_communication_bsp/\libucosii_bsp.a(altera_avalon_jtag_uart_fd.o)
                0x040255cc                altera_avalon_jtag_uart_read_fd
                0x04025624                altera_avalon_jtag_uart_write_fd
                0x0402567c                altera_avalon_jtag_uart_close_fd
                0x040256c4                altera_avalon_jtag_uart_ioctl_fd
 .text          0x04025714      0x584 ../Car2X_communication_bsp/\libucosii_bsp.a(altera_avalon_jtag_uart_init.o)
                0x04025714                altera_avalon_jtag_uart_init
                0x04025c24                altera_avalon_jtag_uart_close
 .text          0x04025c98       0xf4 ../Car2X_communication_bsp/\libucosii_bsp.a(altera_avalon_jtag_uart_ioctl.o)
                0x04025c98                altera_avalon_jtag_uart_ioctl
 .text          0x04025d8c      0x2c0 ../Car2X_communication_bsp/\libucosii_bsp.a(altera_avalon_jtag_uart_read.o)
                0x04025d8c                altera_avalon_jtag_uart_read
 .text          0x0402604c      0x2dc ../Car2X_communication_bsp/\libucosii_bsp.a(altera_avalon_jtag_uart_write.o)
                0x0402604c                altera_avalon_jtag_uart_write
 .text          0x04026328      0x370 ../Car2X_communication_bsp/\libucosii_bsp.a(altera_avalon_mutex.o)
                0x040263a4                altera_avalon_mutex_open
                0x0402645c                altera_avalon_mutex_close
                0x0402647c                altera_avalon_mutex_lock
                0x040264dc                altera_avalon_mutex_trylock
                0x04026554                altera_avalon_mutex_unlock
                0x040265c4                altera_avalon_mutex_is_mine
                0x04026640                altera_avalon_mutex_first_lock
 .text          0x04026698      0xde4 ../Car2X_communication_bsp/\libucosii_bsp.a(altera_avalon_sgdma.o)
                0x04026698                alt_avalon_sgdma_do_async_transfer
                0x040267d4                alt_avalon_sgdma_do_sync_transfer
                0x040268f8                alt_avalon_sgdma_construct_mem_to_mem_desc
                0x04026968                alt_avalon_sgdma_construct_mem_to_mem_desc_burst
                0x040269e8                alt_avalon_sgdma_construct_stream_to_mem_desc
                0x04026a3c                alt_avalon_sgdma_construct_stream_to_mem_desc_burst
                0x04026aac                alt_avalon_sgdma_construct_mem_to_stream_desc
                0x04026b20                alt_avalon_sgdma_construct_mem_to_stream_desc_burst
                0x04026ba4                alt_avalon_sgdma_register_callback
                0x04026bf4                alt_avalon_sgdma_start
                0x04026c48                alt_avalon_sgdma_stop
                0x04026ca0                alt_avalon_sgdma_check_descriptor_status
                0x04026d10                alt_avalon_sgdma_open
                0x04026dc8                alt_avalon_sgdma_construct_descriptor
                0x04026e50                alt_avalon_sgdma_enable_desc_poll
                0x04026ecc                alt_avalon_sgdma_disable_desc_poll
                0x04026f28                alt_avalon_sgdma_construct_descriptor_burst
                0x040273d0                alt_avalon_sgdma_init
 .text          0x0402747c      0x100 ../Car2X_communication_bsp/\libucosii_bsp.a(altera_avalon_timer_sc.o)
                0x040274ec                alt_avalon_timer_sc_init
 .text          0x0402757c     0x5340 ../Car2X_communication_bsp/\libucosii_bsp.a(altera_avalon_tse.o)
                0x0402757c                no_printf
                0x040275a8                tse_mac_initTransInfo2
                0x04027608                tse_mac_sTxWrite
                0x040276f8                tse_mac_aRxRead
                0x0402779c                tse_mac_SwReset
                0x04027830                tse_mac_setMIImode
                0x04027888                tse_mac_setGMIImode
                0x040278dc                alt_tse_phy_add_profile
                0x04027ab4                alt_tse_system_add_sys
                0x040284c8                alt_tse_sys_enable_mdio_sharing
                0x04028640                alt_tse_mac_get_common_speed
                0x04028680                alt_tse_mac_set_common_speed
                0x040286c8                alt_tse_get_system_index
                0x04028744                alt_tse_get_mac_group_index
                0x040287c4                alt_tse_get_mac_info_index
                0x04028850                alt_tse_get_mac_info
                0x04028930                alt_tse_mac_set_speed
                0x04028a1c                alt_tse_mac_set_duplex
                0x04028ab4                getPHYSpeed
                0x040298bc                alt_tse_phy_rd_mdio_addr
                0x04029904                alt_tse_phy_wr_mdio_addr
                0x04029958                alt_tse_phy_wr_mdio_reg
                0x04029a80                alt_tse_phy_rd_mdio_reg
                0x04029b44                alt_tse_phy_add_profile_default
                0x04029dbc                alt_tse_phy_print_profile
                0x04029fac                alt_tse_mac_group_init
                0x0402a6b8                alt_tse_mac_get_phy
                0x0402aad0                alt_tse_mac_associate_phy
                0x0402ad08                alt_tse_phy_cfg_pcs
                0x0402ae28                alt_tse_phy_init
                0x0402af3c                alt_tse_phy_restart_an
                0x0402b0ec                alt_tse_phy_check_link
                0x0402b230                alt_tse_phy_get_cap
                0x0402b770                alt_tse_phy_set_adv_1000
                0x0402b904                alt_tse_phy_set_adv_100
                0x0402bb14                alt_tse_phy_set_adv_10
                0x0402bcac                alt_tse_phy_get_common_speed
                0x0402bfc8                alt_tse_phy_set_common_speed
                0x0402c4ac                marvell_phy_cfg
                0x0402c554                marvell_cfg_gmii
                0x0402c648                marvell_cfg_sgmii
                0x0402c73c                marvell_cfg_rgmii
                0x0402c83c                DP83848C_link_status_read
 .text          0x0402c8bc     0x1784 ../Car2X_communication_bsp/\libucosii_bsp.a(ins_tse_mac.o)
                0x0402c8bc                triple_speed_ethernet_init
                0x0402ca18                prep_tse_mac
                0x0402cc7c                tse_mac_init
                0x0402d764                tse_mac_raw_send
                0x0402da5c                tse_sgdmaRx_isr
                0x0402db04                tse_sgdma_read_init
                0x0402dcac                tse_mac_rcv
                0x0402defc                tse_mac_stats
                0x0402df3c                tse_mac_close
 .text          0x0402e040       0x54 ../Car2X_communication_bsp/\libucosii_bsp.a(alt_iniche_close.o)
                0x0402e040                close
 .text          0x0402e094      0x124 ../Car2X_communication_bsp/\libucosii_bsp.a(alt_iniche_dev.o)
                0x0402e094                iniche_devices_init
 .text          0x0402e1b8       0x78 ../Car2X_communication_bsp/\libucosii_bsp.a(alt_iniche_read.o)
                0x0402e1b8                read
 .text          0x0402e230       0x70 ../Car2X_communication_bsp/\libucosii_bsp.a(alt_iniche_write.o)
                0x0402e230                write
 .text          0x0402e2a0      0xedc ../Car2X_communication_bsp/\libucosii_bsp.a(ipnet.o)
                0x0402e2a0                Netinit
                0x0402e8ec                fixup_subnet_mask
                0x0402ea4c                netclose
                0x0402eb34                pktdemux
                0x0402ef08                c_older
                0x0402efd8                ip2mac
 .text          0x0402f17c      0x4b0 ../Car2X_communication_bsp/\libucosii_bsp.a(ipstart.o)
                0x0402f17c                ip_startup
                0x0402f460                exit_hook
                0x0402f4cc                ip_exit
                0x0402f59c                if_netnumber
 .text          0x0402f62c     0x100c ../Car2X_communication_bsp/\libucosii_bsp.a(igmp_cmn.o)
                0x0402f62c                igmp_init
                0x0402f6dc                igmp_input
                0x0402f7d4                igmp_fasttimo
                0x0402f96c                igmp_send
                0x0402fc14                igmp_joingroup
                0x0402fe80                igmp_leavegroup
                0x0402fefc                igmp_validate
                0x04030258                igmp_print_stats
 .text          0x04030638      0xb50 ../Car2X_communication_bsp/\libucosii_bsp.a(bsdsock.o)
                0x04030638                bsd_accept
                0x04030770                bsd_getpeername
                0x0403089c                bsd_getsockname
                0x040309c8                bsd_i_sockoptlen
                0x04030b80                bsd_getsockopt
                0x04030ca0                bsd_ioctl
                0x04030da4                bsd_inet_ntoa
                0x04030dd4                bsd_recvfrom
                0x04030f34                bsd_select
                0x0403109c                bsd_setsockopt
 .text          0x04031188      0x118 ../Car2X_communication_bsp/\libucosii_bsp.a(cksum.o)
                0x04031188                ccksum
                0x04031238                cksum
 .text          0x040312a0      0xa9c ../Car2X_communication_bsp/\libucosii_bsp.a(in_utils.o)
                0x040312a0                do_trap
                0x040312cc                nextarg
                0x04031348                hexdump
                0x04031490                print_ipad
                0x04031504                print_uptime
                0x04031630                panic
                0x04031674                print_eth
                0x040317d8                uslash
                0x04031858                ns_printf
                0x040319dc                std_out
                0x04031a20                con_page
                0x04031b10                parse_args
 .text          0x04031d3c      0x1c4 ../Car2X_communication_bsp/\libucosii_bsp.a(netmain.o)
                0x04031d3c                netmain
                0x04031e30                tk_netmain
                0x04031eb8                tk_nettick
 .text          0x04031f00      0x5e8 ../Car2X_communication_bsp/\libucosii_bsp.a(tk_crnos.o)
                0x04031f00                TK_OSTimeDly
                0x04031f2c                TK_OSTaskResume
                0x04031f9c                tcp_sleep
                0x0403213c                tcp_wakeup
                0x04032240                TK_OSTaskQuery
                0x040322b4                tk_yield
                0x040322e0                tk_stats
 .text          0x040324e8      0x79c ../Car2X_communication_bsp/\libucosii_bsp.a(pktalloc.o)
                0x040324e8                pk_init
                0x04032778                pk_alloc
                0x04032854                pk_validate
                0x04032b0c                pk_free
                0x04032bb8                pk_get_max_intrsafe_buf_len
                0x04032bd8                dump_buf_estats
 .text          0x04032c84      0x288 ../Car2X_communication_bsp/\libucosii_bsp.a(q.o)
                0x04032c84                getq
                0x04032d4c                putq
                0x04032dfc                qdel
 .text          0x04032f0c      0x194 ../Car2X_communication_bsp/\libucosii_bsp.a(asm_cksum.o)
                0x04032f0c                asm_cksum
 .text          0x040330a0      0x2a0 ../Car2X_communication_bsp/\libucosii_bsp.a(brdutils.o)
                0x040330a0                dtrap
                0x040330d0                kbhit
                0x0403317c                getch
                0x040331dc                clock_init
                0x04033218                clock_c
                0x04033234                cticks_hook
                0x040332a0                irq_Mask
                0x040332fc                irq_Unmask
 .text          0x04033340      0x488 ../Car2X_communication_bsp/\libucosii_bsp.a(osportco.o)
                0x04033340                LOCK_NET_RESOURCE
                0x04033400                UNLOCK_NET_RESOURCE
                0x04033488                TK_NEWTASK
                0x0403369c                wait_app_sem
                0x04033750                post_app_sem
 .text          0x040337c8      0x568 ../Car2X_communication_bsp/\libucosii_bsp.a(targnios.o)
                0x040337c8                alt_iniche_init
                0x040339e4                pre_task_setup
                0x04033a58                post_task_setup
                0x04033a78                prep_armintcp
                0x04033ab0                calloc2
                0x04033ae4                npalloc
                0x04033bd8                npfree
                0x04033c90                ncpalloc
                0x04033ce4                ncpfree
 .text          0x04033d30     0x197c ../Car2X_communication_bsp/\libucosii_bsp.a(nptcp.o)
                0x04033d30                pffindtype
                0x04033dd0                pffindproto
                0x04033ea0                m_getnbuf
                0x04034048                m_free
                0x0403417c                m_freem
                0x040341c0                m_copy
                0x040344e4                m_adj
                0x040346b4                mbuf_len
                0x0403470c                dtom
                0x040347b4                remque
                0x04034824                insque
                0x040348a0                nptcp_init
                0x040349c4                tcp_rcv
                0x04034bb0                ip_output
                0x040351a8                in_broadcast
                0x040351e8                np_stripoptions
                0x040352d0                so_icmpdu
                0x04035628                tcp_tick
 .text          0x040356ac      0xa2c ../Car2X_communication_bsp/\libucosii_bsp.a(rawsock.o)
                0x040356ac                rawip_lookup
                0x0403571c                rawip_soinput
                0x040358f0                rawip_usrreq
 .text          0x040360d8     0x17fc ../Car2X_communication_bsp/\libucosii_bsp.a(sockcall.o)
                0x040360d8                DOMAIN_CHECK
                0x04036124                t_socket
                0x040361b4                t_bind
                0x04036330                t_listen
                0x04036414                t_accept
                0x040366ac                t_connect
                0x04036954                t_getpeername
                0x04036998                t_getsockname
                0x04036bd8                t_setsockopt
                0x04036db4                t_getsockopt
                0x04036f58                t_recv
                0x04037048                t_recvfrom
                0x04037198                t_sendto
                0x040373c4                t_send
                0x040375ec                t_shutdown
                0x040376d0                t_socketclose
                0x04037838                t_errno
 .text          0x040378d4     0x2374 ../Car2X_communication_bsp/\libucosii_bsp.a(socket.o)
                0x040378d4                socreate
                0x04037aa0                sobind
                0x04037afc                solisten
                0x04037bec                sofree
                0x04037d1c                soclose
                0x04038010                soabort
                0x04038060                soaccept
                0x040380fc                soconnect
                0x040381d0                sodisconnect
                0x04038270                sosend
                0x04038878                soreceive
                0x0403905c                soshutdown
                0x04039104                sorflush
                0x04039204                sosetopt
                0x040396c4                sogetopt
                0x04039c04                sohasoutofband
 .text          0x04039c48     0x1318 ../Car2X_communication_bsp/\libucosii_bsp.a(socket2.o)
                0x04039c48                soisconnecting
                0x04039cb4                soisconnected
                0x04039db0                soisdisconnecting
                0x04039e3c                soisdisconnected
                0x04039ef8                sonewconn
                0x0403a114                soqinsque
                0x0403a1c0                soqremque
                0x0403a2e0                socantsendmore
                0x0403a330                socantrcvmore
                0x0403a380                sbselqueue
                0x0403a3b8                sbwait
                0x0403a420                sbwakeup
                0x0403a4bc                soreserve
                0x0403a53c                sbreserve
                0x0403a59c                sbrelease
                0x0403a5e4                sbappend
                0x0403a68c                sbappendrecord
                0x0403a76c                sbappendaddr
                0x0403a974                sbcompress
                0x0403ab5c                sbflush
                0x0403abec                sbdrop
                0x0403adbc                sbdropend
                0x0403aecc                sbdroprecord
 .text          0x0403af60      0x914 ../Car2X_communication_bsp/\libucosii_bsp.a(soselect.o)
                0x0403af60                t_select
                0x0403b180                sock_selscan
                0x0403b2d8                sock_select
                0x0403b4ec                in_pcbnotify
                0x0403b5b8                tcp_notify
                0x0403b620                ifd_clr
                0x0403b710                ifd_set
                0x0403b784                ifd_isset
                0x0403b804                ifd_get
 .text          0x0403b874     0x2fe8 ../Car2X_communication_bsp/\libucosii_bsp.a(tcp_in.o)
                0x0403b874                tcp_reass
                0x0403bc7c                tcp_input
                0x0403e1d0                tcp_dooptions
                0x0403e360                tcp_pulloutofband
                0x0403e48c                tcp_xmit_timer
                0x0403e6f8                ip4_tcpmss
                0x0403e740                tcp_mss
 .text          0x0403e85c     0x1360 ../Car2X_communication_bsp/\libucosii_bsp.a(tcp_out.o)
                0x0403e85c                tcp_output
                0x0403f9d8                tcp_setpersist
 .text          0x0403fbbc      0x9e8 ../Car2X_communication_bsp/\libucosii_bsp.a(tcp_subr.o)
                0x0403fbbc                tcp_init
                0x0403fc14                tcp_template
                0x0403fd2c                tcp_respond
                0x040401b4                tcp_newtcpcb
                0x040402cc                tcp_drop
                0x04040378                tcp_close
                0x04040460                tcp_quench
                0x040404ac                tcp_putseq
                0x0404052c                tcp_getseq
 .text          0x040405a4      0x798 ../Car2X_communication_bsp/\libucosii_bsp.a(tcp_timr.o)
                0x040405a4                tcp_slowtimo
                0x04040844                tcp_canceltimers
                0x040408a0                tcp_timers
 .text          0x04040d3c      0x9ec ../Car2X_communication_bsp/\libucosii_bsp.a(tcp_usr.o)
                0x04040d3c                tcp_usrreq
                0x04041440                tcp_attach
                0x04041574                tcp_disconnect
                0x04041648                tcp_usrclosed
 .text          0x04041728       0x4c ../Car2X_communication_bsp/\libucosii_bsp.a(tcpport.o)
                0x04041728                tcpinit
 .text          0x04041774      0xd20 ../Car2X_communication_bsp/\libucosii_bsp.a(udpsock.o)
                0x04041774                udp_lookup
                0x040417e4                udp_soinput
                0x0404199c                udp_usrreq
                0x04041c20                udp4_sockbind
                0x04041f5c                udp4_socksend
                0x04042338                udp4_sockaddr
 .text          0x04042494      0x154 ../Car2X_communication_bsp/\libucosii_bsp.a(alt_alarm_start.o)
                0x04042494                alt_alarm_start
 .text          0x040425e8      0x14c ../Car2X_communication_bsp/\libucosii_bsp.a(alt_busy_sleep.o)
                0x040425e8                alt_busy_sleep
 .text          0x04042734      0x15c ../Car2X_communication_bsp/\libucosii_bsp.a(alt_close.o)
                0x04042734                alt_close
 .text          0x04042890       0x44 ../Car2X_communication_bsp/\libucosii_bsp.a(alt_dcache_flush_all.o)
                0x04042890                alt_dcache_flush_all
 .text          0x040428d4       0x2c ../Car2X_communication_bsp/\libucosii_bsp.a(alt_dev.o)
 .text          0x04042900      0x114 ../Car2X_communication_bsp/\libucosii_bsp.a(alt_dev_llist_insert.o)
                0x04042900                alt_dev_llist_insert
 .text          0x04042a14       0x64 ../Car2X_communication_bsp/\libucosii_bsp.a(alt_do_ctors.o)
                0x04042a14                _do_ctors
 .text          0x04042a78       0x64 ../Car2X_communication_bsp/\libucosii_bsp.a(alt_do_dtors.o)
                0x04042a78                _do_dtors
 .text          0x04042adc        0x0 ../Car2X_communication_bsp/\libucosii_bsp.a(alt_errno.o)
 .text          0x04042adc       0x94 ../Car2X_communication_bsp/\libucosii_bsp.a(alt_find_dev.o)
                0x04042adc                alt_find_dev
 .text          0x04042b70       0x30 ../Car2X_communication_bsp/\libucosii_bsp.a(alt_icache_flush_all.o)
                0x04042b70                alt_icache_flush_all
 .text          0x04042ba0      0x1d4 ../Car2X_communication_bsp/\libucosii_bsp.a(alt_iic.o)
                0x04042ba0                alt_ic_isr_register
                0x04042bf0                alt_ic_irq_enable
                0x04042c8c                alt_ic_irq_disable
                0x04042d2c                alt_ic_irq_enabled
 .text          0x04042d74       0xf8 ../Car2X_communication_bsp/\libucosii_bsp.a(alt_iic_isr_register.o)
                0x04042d74                alt_iic_isr_register
 .text          0x04042e6c      0x13c ../Car2X_communication_bsp/\libucosii_bsp.a(alt_io_redirect.o)
                0x04042f30                alt_io_redirect
 .text          0x04042fa8        0x0 ../Car2X_communication_bsp/\libucosii_bsp.a(alt_irq_entry.o)
 .text          0x04042fa8        0x0 ../Car2X_communication_bsp/\libucosii_bsp.a(alt_irq_handler.o)
 .text          0x04042fa8        0x0 ../Car2X_communication_bsp/\libucosii_bsp.a(alt_irq_vars.o)
 .text          0x04042fa8      0x2c4 ../Car2X_communication_bsp/\libucosii_bsp.a(alt_open.o)
                0x04043084                open
 .text          0x0404326c      0x180 ../Car2X_communication_bsp/\libucosii_bsp.a(alt_read.o)
                0x0404326c                alt_read
 .text          0x040433ec       0x60 ../Car2X_communication_bsp/\libucosii_bsp.a(alt_release_fd.o)
                0x040433ec                alt_release_fd
 .text          0x0404344c       0x38 ../Car2X_communication_bsp/\libucosii_bsp.a(alt_remap_cached.o)
                0x0404344c                alt_remap_cached
 .text          0x04043484       0x40 ../Car2X_communication_bsp/\libucosii_bsp.a(alt_remap_uncached.o)
                0x04043484                alt_remap_uncached
 .text          0x040434c4       0x64 ../Car2X_communication_bsp/\libucosii_bsp.a(alt_uncached_malloc.o)
                0x040434c4                alt_uncached_malloc
 .text          0x04043528      0x180 ../Car2X_communication_bsp/\libucosii_bsp.a(alt_write.o)
                0x04043528                alt_write
 .text          0x040436a8       0x20 ../Car2X_communication_bsp/\libucosii_bsp.a(altera_nios2_qsys_irq.o)
                0x040436a8                altera_nios2_qsys_irq_init
 .text          0x040436c8       0xd0 ../Car2X_communication_bsp/\libucosii_bsp.a(os_cpu_a.o)
                0x040436c8                OSCtxSw
                0x040436c8                OSIntCtxSw
                0x04043754                OSStartHighRdy
                0x04043774                OSStartTsk
 .text          0x04043798      0x424 ../Car2X_communication_bsp/\libucosii_bsp.a(os_cpu_c.o)
                0x04043798                OSTaskStkInit
                0x04043aa8                OSTaskCreateHook
                0x04043ac8                OSTaskDelHook
                0x04043ae8                OSTaskSwHook
                0x04043b04                OSTaskStatHook
                0x04043b20                OSTimeTickHook
                0x04043b48                OSInitHookBegin
                0x04043b64                OSInitHookEnd
                0x04043b80                OSTaskIdleHook
                0x04043b9c                OSTCBInitHook
 .text          0x04043bbc      0x3d4 ../Car2X_communication_bsp/\libucosii_bsp.a(allports.o)
                0x04043bbc                netmain_init
                0x04043cb4                icmp_port_du
                0x04043d3c                station_state
                0x04043e8c                sysuptime
                0x04043ec8                packet_check
                0x04043f14                mcastlist
                0x04043f38                prep_modules
 .text          0x04043f90      0x47c ../Car2X_communication_bsp/\libucosii_bsp.a(timeouts.o)
                0x04043f90                inet_timer
                0x040441e8                in_timerset
                0x04044364                in_timerkill
 .text          0x0404440c       0xa4 ../Car2X_communication_bsp/\libucosii_bsp.a(tk_misc.o)
                0x0404440c                create_apptasks
                0x04044430                task_stats
 .text          0x040444b0       0xb0 ../Car2X_communication_bsp/\libucosii_bsp.a(alt_iniche_fcntl.o)
                0x040444b0                fcntl
 .text          0x04044560     0x14a0 ../Car2X_communication_bsp/\libucosii_bsp.a(et_arp.o)
                0x04044560                etainit
                0x040445b4                et_send
                0x04044730                arp_free_pending
                0x040447b8                arp_send_pending
                0x0404482c                send_arp
                0x04044cc4                find_oldest_arp
                0x04044e6c                make_arp_entry
                0x04044f80                arpReply
                0x04045214                arprcv
                0x04045474                send_via_arp
                0x0404561c                cb_arpent_tmo
                0x04045734                grat_arp
 .text          0x04045a00      0x298 ../Car2X_communication_bsp/\libucosii_bsp.a(iface.o)
                0x04045a00                if_getbynum
                0x04045a84                isbcast
                0x04045b64                reg_type
                0x04045c00                if_killsocks
 .text          0x04045c98     0x22a4 ../Car2X_communication_bsp/\libucosii_bsp.a(ip.o)
                0x04045c98                ip_init
                0x04045d94                ip_bldhead
                0x04045f38                ip_write_internal
                0x040466b8                ip_write
                0x04046900                ip_write2
                0x04046cb0                ip_raw_write
                0x04046d88                ip_fragment_lc
                0x04047210                ip_fragment
                0x04047834                ip_mymach
                0x040478e0                ip_dump
                0x04047b98                iproute
                0x04047e04                ip_copypkt
 .text          0x04047f3c     0x1d9c ../Car2X_communication_bsp/\libucosii_bsp.a(ip_reasm.o)
                0x04047f3c                ip_reasm_match_frag_with_ire
                0x0404800c                ip_reasm_determine_type_of_frag
                0x040480f8                ip_reasm_check_mem_useage
                0x04048190                ip_reasm_incr_mem_useage
                0x04048238                ip_reasm_decr_mem_useage
                0x040482d8                ip_reasm_process_first_fragment
                0x040485b8                ip_reassm
                0x04048658                ip_reasm_compute_overlap
                0x04048be8                ip_reasm_process_subsequent_fragments
                0x0404917c                ip_reasm_find_ire
                0x040491e0                ip_reasm_copy_queued_fragments_into_reassy_buffer
                0x0404953c                ip_reasm_process_timer_tick
                0x04049620                ip_reasm_delete_ire
                0x040497e8                ip_reasm_mark_compact_rfq
                0x04049930                ipr_stats
                0x04049c84                ip_reasm_send_icmp_timex
 .text          0x04049cd8      0xe3c ../Car2X_communication_bsp/\libucosii_bsp.a(ipdemux.o)
                0x04049cd8                ip_rcv
                0x0404a0d8                ip_rcv_phase2
                0x0404a6e4                ip_demux
 .text          0x0404ab14      0x2f0 ../Car2X_communication_bsp/\libucosii_bsp.a(ipmc.o)
                0x0404ab14                in_addmulti
                0x0404ac7c                in_delmulti
                0x0404ad94                lookup_mcast
 .text          0x0404ae04       0xe4 ../Car2X_communication_bsp/\libucosii_bsp.a(ipport.o)
                0x0404ae04                prep_ifaces
                0x0404ae98                netexit
                0x0404aec0                evtmap_setup
 .text          0x0404aee8      0x550 ../Car2X_communication_bsp/\libucosii_bsp.a(ipraw.o)
                0x0404aee8                ip_raw_open
                0x0404afd8                ip_raw_close
                0x0404b098                ip_raw_input
                0x0404b2d0                ip_raw_alloc
                0x0404b39c                ip_raw_free
                0x0404b3dc                ip_raw_maxalloc
 .text          0x0404b438      0x6f0 ../Car2X_communication_bsp/\libucosii_bsp.a(iproute.o)