Archive member included because of file (symbol)

c:/altera/12.1/nios2eds/bin/gnu/h-i686-mingw32/bin/../lib/gcc/nios2-elf/4.1.2/../../../../nios2-elf/lib\libstdc++.a(eh_personality.o)
                              obj/default/COMM_CarProtocol/ADCInfoMessage.o (__gxx_personality_sj0)
c:/altera/12.1/nios2eds/bin/gnu/h-i686-mingw32/bin/../lib/gcc/nios2-elf/4.1.2/../../../../nios2-elf/lib\libstdc++.a(eh_exception.o)
                              c:/altera/12.1/nios2eds/bin/gnu/h-i686-mingw32/bin/../lib/gcc/nios2-elf/4.1.2/../../../../nios2-elf/lib\libstdc++.a(eh_personality.o) (vtable for std::bad_exception)
c:/altera/12.1/nios2eds/bin/gnu/h-i686-mingw32/bin/../lib/gcc/nios2-elf/4.1.2/../../../../nios2-elf/lib\libstdc++.a(del_op.o)
                              obj/default/COMM_CarProtocol/ADCInfoMessage.o (operator delete(void*))
c:/altera/12.1/nios2eds/bin/gnu/h-i686-mingw32/bin/../lib/gcc/nios2-elf/4.1.2/../../../../nios2-elf/lib\libstdc++.a(eh_call.o)
                              c:/altera/12.1/nios2eds/bin/gnu/h-i686-mingw32/bin/../lib/gcc/nios2-elf/4.1.2/../../../../nios2-elf/lib\libstdc++.a(eh_personality.o) (__cxa_call_terminate)
c:/altera/12.1/nios2eds/bin/gnu/h-i686-mingw32/bin/../lib/gcc/nios2-elf/4.1.2/../../../../nios2-elf/lib\libstdc++.a(class_type_info.o)
                              obj/default/COMM_CarProtocol/CarMessage.o (vtable for __cxxabiv1::__class_type_info)
c:/altera/12.1/nios2eds/bin/gnu/h-i686-mingw32/bin/../lib/gcc/nios2-elf/4.1.2/../../../../nios2-elf/lib\libstdc++.a(new_op.o)
                              obj/default/COMM_CarProtocol/CarProtocol.o (operator new(unsigned long))
c:/altera/12.1/nios2eds/bin/gnu/h-i686-mingw32/bin/../lib/gcc/nios2-elf/4.1.2/../../../../nios2-elf/lib\libstdc++.a(si_class_type_info.o)
                              obj/default/COMM_CarProtocol/ADCInfoMessage.o (vtable for __cxxabiv1::__si_class_type_info)
c:/altera/12.1/nios2eds/bin/gnu/h-i686-mingw32/bin/../lib/gcc/nios2-elf/4.1.2/../../../../nios2-elf/lib\libstdc++.a(eh_alloc.o)
                              c:/altera/12.1/nios2eds/bin/gnu/h-i686-mingw32/bin/../lib/gcc/nios2-elf/4.1.2/../../../../nios2-elf/lib\libstdc++.a(eh_personality.o) (__cxa_allocate_exception)
c:/altera/12.1/nios2eds/bin/gnu/h-i686-mingw32/bin/../lib/gcc/nios2-elf/4.1.2/../../../../nios2-elf/lib\libstdc++.a(tinfo.o)
                              c:/altera/12.1/nios2eds/bin/gnu/h-i686-mingw32/bin/../lib/gcc/nios2-elf/4.1.2/../../../../nios2-elf/lib\libstdc++.a(class_type_info.o) (std::type_info::__is_pointer_p() const)
c:/altera/12.1/nios2eds/bin/gnu/h-i686-mingw32/bin/../lib/gcc/nios2-elf/4.1.2/../../../../nios2-elf/lib\libstdc++.a(eh_throw.o)
                              c:/altera/12.1/nios2eds/bin/gnu/h-i686-mingw32/bin/../lib/gcc/nios2-elf/4.1.2/../../../../nios2-elf/lib\libstdc++.a(eh_personality.o) (__cxa_rethrow)
c:/altera/12.1/nios2eds/bin/gnu/h-i686-mingw32/bin/../lib/gcc/nios2-elf/4.1.2/../../../../nios2-elf/lib\libstdc++.a(eh_terminate.o)
                              c:/altera/12.1/nios2eds/bin/gnu/h-i686-mingw32/bin/../lib/gcc/nios2-elf/4.1.2/../../../../nios2-elf/lib\libstdc++.a(eh_personality.o) (__cxxabiv1::__terminate(void (*)()))
c:/altera/12.1/nios2eds/bin/gnu/h-i686-mingw32/bin/../lib/gcc/nios2-elf/4.1.2/../../../../nios2-elf/lib\libstdc++.a(eh_globals.o)
                              c:/altera/12.1/nios2eds/bin/gnu/h-i686-mingw32/bin/../lib/gcc/nios2-elf/4.1.2/../../../../nios2-elf/lib\libstdc++.a(eh_personality.o) (__cxa_get_globals_fast)
c:/altera/12.1/nios2eds/bin/gnu/h-i686-mingw32/bin/../lib/gcc/nios2-elf/4.1.2/../../../../nios2-elf/lib\libstdc++.a(eh_unex_handler.o)
                              c:/altera/12.1/nios2eds/bin/gnu/h-i686-mingw32/bin/../lib/gcc/nios2-elf/4.1.2/../../../../nios2-elf/lib\libstdc++.a(eh_throw.o) (__cxxabiv1::__unexpected_handler)
c:/altera/12.1/nios2eds/bin/gnu/h-i686-mingw32/bin/../lib/gcc/nios2-elf/4.1.2/../../../../nios2-elf/lib\libstdc++.a(new_handler.o)
                              c:/altera/12.1/nios2eds/bin/gnu/h-i686-mingw32/bin/../lib/gcc/nios2-elf/4.1.2/../../../../nios2-elf/lib\libstdc++.a(new_op.o) (__new_handler)
c:/altera/12.1/nios2eds/bin/gnu/h-i686-mingw32/bin/../lib/gcc/nios2-elf/4.1.2/../../../../nios2-elf/lib\libstdc++.a(eh_catch.o)
                              c:/altera/12.1/nios2eds/bin/gnu/h-i686-mingw32/bin/../lib/gcc/nios2-elf/4.1.2/../../../../nios2-elf/lib\libstdc++.a(eh_personality.o) (__cxa_end_catch)
c:/altera/12.1/nios2eds/bin/gnu/h-i686-mingw32/bin/../lib/gcc/nios2-elf/4.1.2/../../../../nios2-elf/lib\libstdc++.a(eh_term_handler.o)
                              c:/altera/12.1/nios2eds/bin/gnu/h-i686-mingw32/bin/../lib/gcc/nios2-elf/4.1.2/../../../../nios2-elf/lib\libstdc++.a(eh_throw.o) (__cxxabiv1::__terminate_handler)
c:/altera/12.1/nios2eds/bin/gnu/h-i686-mingw32/bin/../lib/gcc/nios2-elf/4.1.2\libgcc.a(lib2-divmod.o)
                              obj/default/external_drivers/adc_interface.o (__udivsi3)
[...]
Memory Configuration

Name             Origin             Length             Attributes
com_memory_BEFORE_RESET 0x04000000         0x00005000
reset            0x04005000         0x00000020
com_memory       0x04005020         0x03ffafe0
ethernet_subsystem_descriptor_memory 0x08000000         0x00002000
shared_memory    0x08002000         0x00001000
com_ocmemory     0x08004000         0x00000400
*default*        0x00000000         0xffffffff

Linker script and memory map

LOAD ../Car2X_communication_bsp//obj/HAL/src/crt0.o
LOAD obj/default/alt_error_handler.o
LOAD obj/default/main.o
LOAD obj/default/network_utilities.o
LOAD obj/default/tse_my_system.o
LOAD obj/default/COMM_CarProtocol/ADCInfoMessage.o
LOAD obj/default/COMM_CarProtocol/ADCValuesMessage.o
LOAD obj/default/COMM_CarProtocol/AccelerationValuesMessage.o
LOAD obj/default/COMM_CarProtocol/CarMessage.o
LOAD obj/default/COMM_CarProtocol/CarProtocol.o
LOAD obj/default/COMM_CarProtocol/MotorMeasurementMessage.o
LOAD obj/default/COMM_CarProtocol/MotorVelocityMessage.o
LOAD obj/default/COMM_CarProtocol/UltrasoundDistanceMessage.o
LOAD obj/default/COMM_CarProtocol/WelcomeMessage.o
LOAD obj/default/CarMessages/CControlMessage.o
LOAD obj/default/CarMessages/CEmergencyBrakeMessage.o
LOAD obj/default/etc/utility.o
LOAD obj/default/external_drivers/accelerometer_interface.o
LOAD obj/default/external_drivers/adc_interface.o
LOAD obj/default/external_drivers/ultrasound_interface.o
LOAD obj/default/sensors/ADCSensor.o
LOAD obj/default/sensors/AccelerationSensor.o
LOAD obj/default/sensors/SensorState.o
LOAD obj/default/sensors/UltrasoundSensor.o
LOAD obj/default/socketserver.o
LOAD obj/default/terasic_lib/I2C.o
LOAD obj/default/terasic_lib/accelerometer_adxl345_spi.o
LOAD obj/default/terasic_lib/adc_spi_read.o
LOAD obj/default/terasic_lib/terasic_spi.o
LOAD c:/altera/12.1/nios2eds/bin/gnu/h-i686-mingw32/bin/../lib/gcc/nios2-elf/4.1.2/../../../../nios2-elf/lib\libstdc++.a
LOAD c:/altera/12.1/nios2eds/bin/gnu/h-i686-mingw32/bin/../lib/gcc/nios2-elf/4.1.2/../../../../nios2-elf/lib\libm.a
LOAD c:/altera/12.1/nios2eds/bin/gnu/h-i686-mingw32/bin/../lib/gcc/nios2-elf/4.1.2\libgcc.a
START GROUP
LOAD c:/altera/12.1/nios2eds/bin/gnu/h-i686-mingw32/bin/../lib/gcc/nios2-elf/4.1.2/../../../../nios2-elf/lib\libc.a
LOAD c:/altera/12.1/nios2eds/bin/gnu/h-i686-mingw32/bin/../lib/gcc/nios2-elf/4.1.2\libgcc.a
LOAD ../Car2X_communication_bsp/\libucosii_bsp.a
END GROUP
LOAD c:/altera/12.1/nios2eds/bin/gnu/h-i686-mingw32/bin/../lib/gcc/nios2-elf/4.1.2\libgcc.a
                0x04000000                __alt_mem_com_memory = 0x4000000
                0x08000000                __alt_mem_ethernet_subsystem_descriptor_memory = 0x8000000
                0x08002000                __alt_mem_shared_memory = 0x8002000
                0x08004000                __alt_mem_com_ocmemory = 0x8004000

.entry          0x04005000       0x20
 *(.entry)
 .entry         0x04005000       0x20 ../Car2X_communication_bsp//obj/HAL/src/crt0.o
                0x04005000                __reset

.exceptions     0x04005020      0x19c
                0x04005020                PROVIDE (__ram_exceptions_start, ABSOLUTE (.))
                0x04005020                . = ALIGN (0x20)
 *(.irq)
 *(.exceptions.entry.label)
 .exceptions.entry.label
                0x04005020        0x0 ../Car2X_communication_bsp/\libucosii_bsp.a(alt_irq_entry.o)
                0x04005020                alt_irq_entry
 .exceptions.entry.label
                0x04005020        0x0 ../Car2X_communication_bsp/\libucosii_bsp.a(alt_exception_entry.o)
                0x04005020                alt_exception
 *(.exceptions.entry.user)
 *(.exceptions.entry)
 .exceptions.entry
                0x04005020       0x54 ../Car2X_communication_bsp/\libucosii_bsp.a(alt_exception_entry.o)
 *(.exceptions.irqtest.user)
 *(.exceptions.irqtest)
 .exceptions.irqtest
                0x04005074       0x10 ../Car2X_communication_bsp/\libucosii_bsp.a(alt_irq_entry.o)
 *(.exceptions.irqhandler.user)
 *(.exceptions.irqhandler)
 .exceptions.irqhandler
                0x04005084        0x4 ../Car2X_communication_bsp/\libucosii_bsp.a(alt_irq_entry.o)
 *(.exceptions.irqreturn.user)
 *(.exceptions.irqreturn)
 .exceptions.irqreturn
                0x04005088        0x4 ../Car2X_communication_bsp/\libucosii_bsp.a(alt_irq_entry.o)
 *(.exceptions.notirq.label)
 .exceptions.notirq.label
                0x0400508c        0x0 ../Car2X_communication_bsp/\libucosii_bsp.a(alt_irq_entry.o)
 *(.exceptions.notirq.user)
 *(.exceptions.notirq)
 .exceptions.notirq
                0x0400508c        0x8 ../Car2X_communication_bsp/\libucosii_bsp.a(alt_exception_entry.o)
 *(.exceptions.soft.user)
 *(.exceptions.soft)
 *(.exceptions.unknown.user)
 *(.exceptions.unknown)
 .exceptions.unknown
                0x04005094        0x4 ../Car2X_communication_bsp/\libucosii_bsp.a(alt_exception_entry.o)
 *(.exceptions.exit.label)
 .exceptions.exit.label
                0x04005098        0x0 ../Car2X_communication_bsp/\libucosii_bsp.a(alt_irq_entry.o)
 .exceptions.exit.label
                0x04005098        0x0 ../Car2X_communication_bsp/\libucosii_bsp.a(alt_exception_entry.o)
 *(.exceptions.exit.user)
 *(.exceptions.exit)
 .exceptions.exit
                0x04005098       0x54 ../Car2X_communication_bsp/\libucosii_bsp.a(alt_exception_entry.o)
 *(.exceptions)
 .exceptions    0x040050ec       0xd0 ../Car2X_communication_bsp/\libucosii_bsp.a(alt_irq_handler.o)
                0x040050ec                alt_irq_handler
                0x040051bc                PROVIDE (__ram_exceptions_end, ABSOLUTE (.))
                0x04005020                PROVIDE (__flash_exceptions_start, LOADADDR (.exceptions))

.text           0x040051bc    0x4e954
                0x040051bc                PROVIDE (stext, ABSOLUTE (.))
 *(.interp)
 *(.hash)
 *(.dynsym)
 *(.dynstr)
 *(.gnu.version)
 *(.gnu.version_d)
 *(.gnu.version_r)
 *(.rel.init)
 *(.rela.init)
 *(.rel.text .rel.text.* .rel.gnu.linkonce.t.*)
 *(.rela.text .rela.text.* .rela.gnu.linkonce.t.*)
 *(.rel.fini)
 *(.rela.fini)
 *(.rel.rodata .rel.rodata.* .rel.gnu.linkonce.r.*)
 *(.rela.rodata .rela.rodata.* .rela.gnu.linkonce.r.*)
 *(.rel.data .rel.data.* .rel.gnu.linkonce.d.*)
 *(.rela.data .rela.data.* .rela.gnu.linkonce.d.*)
 *(.rel.tdata .rel.tdata.* .rel.gnu.linkonce.td.*)
 *(.rela.tdata .rela.tdata.* .rela.gnu.linkonce.td.*)
 *(.rel.tbss .rel.tbss.* .rel.gnu.linkonce.tb.*)
 *(.rela.tbss .rela.tbss.* .rela.gnu.linkonce.tb.*)
 *(.rel.ctors)
 *(.rela.ctors)
 *(.rel.dtors)
 *(.rela.dtors)
 *(.rel.got)
 *(.rela.got)
 *(.rel.sdata .rel.sdata.* .rel.gnu.linkonce.s.*)
 *(.rela.sdata .rela.sdata.* .rela.gnu.linkonce.s.*)
 *(.rel.sbss .rel.sbss.* .rel.gnu.linkonce.sb.*)
 *(.rela.sbss .rela.sbss.* .rela.gnu.linkonce.sb.*)
 *(.rel.sdata2 .rel.sdata2.* .rel.gnu.linkonce.s2.*)
 *(.rela.sdata2 .rela.sdata2.* .rela.gnu.linkonce.s2.*)
 *(.rel.sbss2 .rel.sbss2.* .rel.gnu.linkonce.sb2.*)
 *(.rela.sbss2 .rela.sbss2.* .rela.gnu.linkonce.sb2.*)
 *(.rel.bss .rel.bss.* .rel.gnu.linkonce.b.*)
 *(.rela.bss .rela.bss.* .rela.gnu.linkonce.b.*)
 *(.rel.plt)
 *(.rela.plt)
 *(.rel.dyn)
 *(.init)
 *(.plt)
 *(.text .stub .text.* .gnu.linkonce.t.*)
 .text          0x040051bc       0x4c ../Car2X_communication_bsp//obj/HAL/src/crt0.o
                0x040051bc                _start
 .text          0x04005208      0xba8 obj/default/alt_error_handler.o
                0x04005208                alt_uCOSIIErrorHandler
                0x0400582c                alt_NetworkErrorHandler
                0x04005ac4                alt_SSSErrorHandler
 .text          0x04005db0       0xec obj/default/main.o
                0x04005db0                SSSInitialTask
                0x04005e20                main
 .text          0x04005e9c      0x5f8 obj/default/network_utilities.o
                0x04005e9c                get_mac_addr
                0x04005ef4                get_ip_addr
                0x040060b8                get_serial_number
                0x04006294                generate_and_store_mac_addr
                0x040062c0                generate_mac_addr
                0x040063fc                get_board_mac_addr
                0x0400646c                FindLastFlashSectorOffset
 .text          0x04006494        0x0 obj/default/tse_my_system.o
 .text          0x04006494      0xb78 obj/default/COMM_CarProtocol/ADCInfoMessage.o
                0x04006494                CADCInfoMessage::doAction()
                0x040064b4                CADCInfoMessage::answerMessage(unsigned char, unsigned char*, unsigned char*)
                0x04006614                CADCInfoMessage::getLength()
                0x04006638                CADCInfoMessage::parseMessage(unsigned char*, int)
                0x040067c8                CADCInfoMessage::getBytes(unsigned char*)
                0x04006984                CADCInfoMessage::~CADCInfoMessage()
                0x040069dc                CADCInfoMessage::~CADCInfoMessage()
                0x04006a34                CADCInfoMessage::~CADCInfoMessage()
                0x04006a8c                CADCInfoMessage::CADCInfoMessage(unsigned char*, int)
                0x04006be8                CADCInfoMessage::CADCInfoMessage(unsigned char*, int)
                0x04006d44                CADCInfoMessage::CADCInfoMessage(unsigned char*)
                0x04006ea8                CADCInfoMessage::CADCInfoMessage(unsigned char*)
 .text          0x0400700c      0x914 obj/default/COMM_CarProtocol/ADCValuesMessage.o
                0x0400700c                CADCValuesMessage::doAction()
                0x0400702c                CADCValuesMessage::answerMessage(unsigned char*, unsigned short*)
                0x04007090                CADCValuesMessage::getLength()
                0x040070b4                CADCValuesMessage::parseMessage(unsigned char*, int)
                0x04007194                CADCValuesMessage::getBytes(unsigned char*)
                0x040072a8                CADCValuesMessage::~CADCValuesMessage()
                0x04007300                CADCValuesMessage::~CADCValuesMessage()
                0x04007358                CADCValuesMessage::~CADCValuesMessage()
                0x040073b0                CADCValuesMessage::CADCValuesMessage(unsigned char*, int)
                0x0400750c                CADCValuesMessage::CADCValuesMessage(unsigned char*, int)
                0x04007668                CADCValuesMessage::CADCValuesMessage(unsigned char*)
                0x040077c4                CADCValuesMessage::CADCValuesMessage(unsigned char*)
 .text          0x04007920      0xa48 obj/default/COMM_CarProtocol/AccelerationValuesMessage.o
                0x04007920                CAccelerationValuesMessage::answerMessage(short, short, short, unsigned char)
                0x0400799c                CAccelerationValuesMessage::getLength()
                0x040079c0                CAccelerationValuesMessage::parseMessage(unsigned char*, int)
                0x04007ab8                CAccelerationValuesMessage::getBytes(unsigned char*)
                0x04007c3c                CAccelerationValuesMessage::doAction()
                0x04007d00                CAccelerationValuesMessage::~CAccelerationValuesMessage()
                0x04007d58                CAccelerationValuesMessage::~CAccelerationValuesMessage()
                0x04007db0                CAccelerationValuesMessage::~CAccelerationValuesMessage()
                0x04007e08                CAccelerationValuesMessage::CAccelerationValuesMessage(unsigned char*, int)
                0x04007f64                CAccelerationValuesMessage::CAccelerationValuesMessage(unsigned char*, int)
                0x040080c0                CAccelerationValuesMessage::CAccelerationValuesMessage()
                0x04008214                CAccelerationValuesMessage::CAccelerationValuesMessage()
 .text          0x04008368      0x614 obj/default/COMM_CarProtocol/CarMessage.o
                0x04008368                CCarMessage::CCarMessage()
                0x040083a0                CCarMessage::CCarMessage()
                0x040083d8                CCarMessage::doAction()
                0x040083f8                CCarMessage::getBytes(unsigned char*)
                0x04008494                CCarMessage::getLength()
                0x040084b8                CCarMessage::getType()
                0x040084e4                CCarMessage::getSubType()
                0x04008510                CCarMessage::isValid()
                0x0400853c                CCarMessage::setHeader(unsigned char, unsigned char, bool)
                0x040085a0                CCarMessage::CCarMessage(unsigned char, unsigned char, bool)
                0x040085f8                CCarMessage::CCarMessage(unsigned char, unsigned char, bool)
                0x04008650                CCarMessage::setHeader(unsigned char, unsigned char, unsigned char, bool)
                0x040086c0                CCarMessage::parseHeader(unsigned char*, int)
                0x0400874c                CCarMessage::CCarMessage(unsigned char*, int)
                0x040087a4                CCarMessage::CCarMessage(unsigned char*, int)
                0x040087fc                CCarMessage::writeHeaderToBuffer(unsigned char*, int)
                0x0400888c                CCarMessage::~CCarMessage()
                0x040088dc                CCarMessage::~CCarMessage()
                0x0400892c                CCarMessage::~CCarMessage()
 .text          0x0400897c     0x1688 obj/default/COMM_CarProtocol/CarProtocol.o
                0x0400897c                CCarProtocol::CCarProtocol(unsigned short, CCarMessage**, unsigned long)
                0x04008a3c                CCarProtocol::CCarProtocol(unsigned short, CCarMessage**, unsigned long)
                0x04008afc                CCarProtocol::isValid()
                0x04008b28                CCarProtocol::getLength()
                0x04008bd8                CCarProtocol::getNthMessage(unsigned long)
                0x04008c38                CCarProtocol::getMessageCount()
                0x04008c60                CCarProtocol::getBytes(unsigned char*)
                0x04008e6c                CCarProtocol::~CCarProtocol()
                0x04008f8c                CCarProtocol::~CCarProtocol()
                0x040090ac                CCarProtocol::~CCarProtocol()
                0x040091cc                CCarProtocol::parsePacket(unsigned char*, int)
                0x04009f44                CCarProtocol::CCarProtocol(unsigned char*, int)
                0x04009fa4                CCarProtocol::CCarProtocol(unsigned char*, int)
 .text          0x0400a004      0x9e0 obj/default/COMM_CarProtocol/MotorMeasurementMessage.o
                0x0400a004                CMotorMeasurementMessage::doAction()
                0x0400a024                CMotorMeasurementMessage::getLength()
                0x0400a048                CMotorMeasurementMessage::answerMessage(short, unsigned short, short, short, short)
                0x0400a0d8                CMotorMeasurementMessage::getBytes(unsigned char*)
                0x0400a20c                CMotorMeasurementMessage::parseMessage(unsigned char*, int)
                0x0400a344                CMotorMeasurementMessage::~CMotorMeasurementMessage()
                0x0400a39c                CMotorMeasurementMessage::~CMotorMeasurementMessage()
                0x0400a3f4                CMotorMeasurementMessage::~CMotorMeasurementMessage()
                0x0400a44c                CMotorMeasurementMessage::CMotorMeasurementMessage(unsigned char*, int)
                0x0400a5a8                CMotorMeasurementMessage::CMotorMeasurementMessage(unsigned char*, int)
                0x0400a704                CMotorMeasurementMessage::CMotorMeasurementMessage()
                0x0400a874                CMotorMeasurementMessage::CMotorMeasurementMessage()
 .text          0x0400a9e4      0x824 obj/default/COMM_CarProtocol/MotorVelocityMessage.o
                0x0400a9e4                CMotorVelocityMessage::doAction()
                0x0400aa04                CMotorVelocityMessage::getLength()
                0x0400aa28                CMotorVelocityMessage::answerMessage(short)
                0x0400aa70                CMotorVelocityMessage::parseMessage(unsigned char*, int)
                0x0400ab04                CMotorVelocityMessage::getBytes(unsigned char*)
                0x0400ab98                CMotorVelocityMessage::~CMotorVelocityMessage()
                0x0400abf0                CMotorVelocityMessage::~CMotorVelocityMessage()
                0x0400ac48                CMotorVelocityMessage::~CMotorVelocityMessage()
                0x0400aca0                CMotorVelocityMessage::CMotorVelocityMessage(unsigned char*, int)
                0x0400adfc                CMotorVelocityMessage::CMotorVelocityMessage(unsigned char*, int)
                0x0400af58                CMotorVelocityMessage::CMotorVelocityMessage(short)
                0x0400b0b0                CMotorVelocityMessage::CMotorVelocityMessage(short)
 .text          0x0400b208      0x864 obj/default/COMM_CarProtocol/UltrasoundDistanceMessage.o
                0x0400b208                CUltrasoundDistanceMessage::doAction()
                0x0400b228                CUltrasoundDistanceMessage::answerMessage(long)
                0x0400b298                CUltrasoundDistanceMessage::getLength()
                0x0400b2bc                CUltrasoundDistanceMessage::parseMessage(unsigned char*, int)
                0x0400b350                CUltrasoundDistanceMessage::getBytes(unsigned char*)
                0x0400b40c                CUltrasoundDistanceMessage::~CUltrasoundDistanceMessage()
                0x0400b464                CUltrasoundDistanceMessage::~CUltrasoundDistanceMessage()
                0x0400b4bc                CUltrasoundDistanceMessage::~CUltrasoundDistanceMessage()
                0x0400b514                CUltrasoundDistanceMessage::CUltrasoundDistanceMessage(unsigned char*, int)
                0x0400b670                CUltrasoundDistanceMessage::CUltrasoundDistanceMessage(unsigned char*, int)
                0x0400b7cc                CUltrasoundDistanceMessage::CUltrasoundDistanceMessage()
                0x0400b91c                CUltrasoundDistanceMessage::CUltrasoundDistanceMessage()
 .text          0x0400ba6c      0x9b0 obj/default/COMM_CarProtocol/WelcomeMessage.o
                0x0400ba6c                CWelcomeMessage::doAction()
                0x0400ba8c                CWelcomeMessage::getLength()
                0x0400bab0                CWelcomeMessage::parseMessage(unsigned char*, int)
                0x0400bb84                CWelcomeMessage::answerMessage(unsigned char, unsigned char, unsigned char, unsigned char*)
                0x0400bc48                CWelcomeMessage::getBytes(unsigned char*)
                0x0400bd24                CWelcomeMessage::~CWelcomeMessage()
                0x0400bd7c                CWelcomeMessage::~CWelcomeMessage()
                0x0400bdd4                CWelcomeMessage::~CWelcomeMessage()
                0x0400be2c                CWelcomeMessage::CWelcomeMessage(unsigned char)
                0x0400bfc8                CWelcomeMessage::CWelcomeMessage(unsigned char)
                0x0400c164                CWelcomeMessage::CWelcomeMessage(unsigned char*, int)
                0x0400c2c0                CWelcomeMessage::CWelcomeMessage(unsigned char*, int)
 .text          0x0400c41c      0x2d0 obj/default/CarMessages/CControlMessage.o
                0x0400c41c                CControlMessage::answerMessage(bool)
                0x0400c440                CControlMessage::doAction()
                0x0400c460                CControlMessage::getBytes(unsigned char*)
                0x0400c488                CControlMessage::getLength()
                0x0400c4ac                CControlMessage::parseMessage(unsigned char*, int)
                0x0400c4d4                CControlMessage::~CControlMessage()
                0x0400c52c                CControlMessage::~CControlMessage()
                0x0400c584                CControlMessage::~CControlMessage()
                0x0400c5dc                CControlMessage::CControlMessage(unsigned char*, int)
                0x0400c624                CControlMessage::CControlMessage(unsigned char*, int)
                0x0400c66c                CControlMessage::CControlMessage()
                0x0400c6ac                CControlMessage::CControlMessage()
 .text          0x0400c6ec      0x2d0 obj/default/CarMessages/CEmergencyBrakeMessage.o
                0x0400c6ec                CEmergencyBrakeMessage::answerMessage(bool)
                0x0400c710                CEmergencyBrakeMessage::doAction()
                0x0400c730                CEmergencyBrakeMessage::getBytes(unsigned char*)
                0x0400c758                CEmergencyBrakeMessage::getLength()
                0x0400c77c                CEmergencyBrakeMessage::parseMessage(unsigned char*, int)
                0x0400c7a4                CEmergencyBrakeMessage::~CEmergencyBrakeMessage()
                0x0400c7fc                CEmergencyBrakeMessage::~CEmergencyBrakeMessage()
                0x0400c854                CEmergencyBrakeMessage::~CEmergencyBrakeMessage()
                0x0400c8ac                CEmergencyBrakeMessage::CEmergencyBrakeMessage(unsigned char*, int)
                0x0400c8f4                CEmergencyBrakeMessage::CEmergencyBrakeMessage(unsigned char*, int)
                0x0400c93c                CEmergencyBrakeMessage::CEmergencyBrakeMessage()
                0x0400c97c                CEmergencyBrakeMessage::CEmergencyBrakeMessage()
 .text          0x0400c9bc       0xf8 obj/default/etc/utility.o
                0x0400c9bc                delay(unsigned int)
                0x0400ca04                swapEndianess(unsigned char*, unsigned long)
 .text          0x0400cab4      0x110 obj/default/external_drivers/accelerometer_interface.o
                0x0400cab4                getAcceleration(short*)
 .text          0x0400cbc4      0x1fc obj/default/external_drivers/adc_interface.o
                0x0400cbc4                ReadADCChannels(unsigned char*, unsigned char, unsigned long*)
 .text          0x0400cdc0      0x104 obj/default/external_drivers/ultrasound_interface.o
                0x0400cdc0                measuredistance(unsigned long)
 .text          0x0400cec4      0x4c4 obj/default/sensors/ADCSensor.o
                0x0400cec4                CADCSensor::updateSensorState(CCarMessage*)
                0x0400ceec                CADCSensor::getValueByChannel(unsigned char)
                0x0400cf6c                CADCSensor::getChannelAliasStrings()
                0x0400cf94                CADCSensor::getCarMessage()
                0x0400d1a8                CADCSensor::~CADCSensor()
                0x0400d200                CADCSensor::~CADCSensor()
                0x0400d258                CADCSensor::~CADCSensor()
                0x0400d2b0                CADCSensor::CADCSensor()
                0x0400d31c                CADCSensor::CADCSensor()
 .text          0x0400d388      0x3bc obj/default/sensors/AccelerationSensor.o
                0x0400d388                CAccelerationSensor::updateSensorState(CCarMessage*)
                0x0400d3b0                CAccelerationSensor::getXAcceleration()
                0x0400d3e4                CAccelerationSensor::getYAcceleration()
                0x0400d418                CAccelerationSensor::getZAcceleration()
                0x0400d44c                CAccelerationSensor::isAccelerationValid()
                0x0400d478                CAccelerationSensor::getCarMessage()
                0x0400d594                CAccelerationSensor::~CAccelerationSensor()
                0x0400d5ec                CAccelerationSensor::~CAccelerationSensor()
                0x0400d644                CAccelerationSensor::~CAccelerationSensor()
                0x0400d69c                CAccelerationSensor::CAccelerationSensor()
                0x0400d6f0                CAccelerationSensor::CAccelerationSensor()
 .text          0x0400d744      0x1f4 obj/default/sensors/SensorState.o
                0x0400d744                CSensorState::CSensorState()
                0x0400d774                CSensorState::CSensorState()
                0x0400d7a4                CSensorState::getCarMessage()
                0x0400d7c8                CSensorState::updateSensorState(CCarMessage*)
                0x0400d7f0                CSensorState::getType()
                0x0400d81c                CSensorState::isValid()
                0x0400d848                CSensorState::~CSensorState()
                0x0400d898                CSensorState::~CSensorState()
                0x0400d8e8                CSensorState::~CSensorState()
 .text          0x0400d938      0x340 obj/default/sensors/UltrasoundSensor.o
                0x0400d938                CUltrasoundSensor::updateSensorState(CCarMessage*)
                0x0400d960                CUltrasoundSensor::getDistance()
                0x0400d98c                CUltrasoundSensor::isDistanceValid()
                0x0400d9bc                CUltrasoundSensor::getCarMessage()
                0x0400dad8                CUltrasoundSensor::~CUltrasoundSensor()
                0x0400db30                CUltrasoundSensor::~CUltrasoundSensor()
                0x0400db88                CUltrasoundSensor::~CUltrasoundSensor()
                0x0400dbe0                CUltrasoundSensor::CUltrasoundSensor()
                0x0400dc2c                CUltrasoundSensor::CUltrasoundSensor()
 .text          0x0400dc78      0x8ec obj/default/socketserver.o
                0x0400dc78                sss_reset_connection(SSS_SOCKET*)
                0x0400dcd8                receive_bytes(SSS_SOCKET*)
                0x0400dd64                sss_exec_command(CCarProtocol*)
                0x0400decc                sss_handle_receive(SSS_SOCKET*)
                0x0400e2b8                sss_handle_accept(int, SSS_SOCKET*)
                0x0400e378                SSSSimpleSocketServerTask
 .text          0x0400e564      0xb44 obj/default/terasic_lib/I2C.o
                0x0400e564                i2c_stop(unsigned long, unsigned long)
                0x0400e5dc                i2c_start(unsigned long, unsigned long)
                0x0400e664                i2c_read(unsigned long, unsigned long, unsigned char*, bool)
                0x0400e7b8                i2c_write(unsigned long, unsigned long, unsigned char)
                0x0400e8d8                I2C_MultipleRead(unsigned long, unsigned long, signed char, unsigned char, unsigned char*, unsigned short)
                0x0400eaa4                I2C_MultipleWrite(unsigned long, unsigned long, signed char, unsigned char, unsigned char*, unsigned short)
                0x0400ebf0                I2C_Read(unsigned long, unsigned long, signed char, unsigned char, unsigned char*)
                0x0400ed64                I2C_Write(unsigned long, unsigned long, signed char, unsigned char, unsigned char)
                0x0400eeac                i2c_data_verify(unsigned long, unsigned long, unsigned char)
                0x0400f024                I2C_Verify(unsigned long, unsigned long, unsigned long)
 .text          0x0400f0a8      0x324 obj/default/terasic_lib/accelerometer_adxl345_spi.o
                0x0400f0a8                ADXL345_SPI_IdRead(unsigned long, unsigned char*)
                0x0400f0ec                ADXL345_SPI_IsDataReady(unsigned long)
                0x0400f158                ADXL345_SPI_XYZ_Read(unsigned long, unsigned short*)
                0x0400f224                ADXL345_SPI_Init(unsigned long)
                0x0400f2f4                ADXL345_SPI_WaitDataReady(unsigned long)
 .text          0x0400f3cc      0x108 obj/default/terasic_lib/adc_spi_read.o
                0x0400f3cc                ADC_Read(unsigned char)
 .text          0x0400f4d4      0x3c4 obj/default/terasic_lib/terasic_spi.o
                0x0400f4d4                SPI_Init(unsigned long)
                0x0400f520                SPI_MultipleRead(unsigned long, unsigned char, unsigned char*, unsigned char)
                0x0400f6a4                SPI_Read(unsigned long, unsigned char, unsigned char*)
                0x0400f6ec                SPI_MultipleWrite(unsigned long, unsigned char, unsigned char*, unsigned char)
                0x0400f850                SPI_Write(unsigned long, unsigned char, unsigned char)
 .text          0x0400f898      0xbec c:/altera/12.1/nios2eds/bin/gnu/h-i686-mingw32/bin/../lib/gcc/nios2-elf/4.1.2/../../../../nios2-elf/lib\libstdc++.a(eh_personality.o)
                0x0400fe24                __cxa_call_unexpected
                0x0400ffa4                __gxx_personality_sj0
 .text          0x04010484       0x94 c:/altera/12.1/nios2eds/bin/gnu/h-i686-mingw32/bin/../lib/gcc/nios2-elf/4.1.2/../../../../nios2-elf/lib\libstdc++.a(eh_exception.o)
                0x04010484                std::exception::what() const
                0x04010494                std::exception::~exception()
                0x040104a4                std::exception::~exception()
                0x040104b4                std::exception::~exception()
                0x040104c4                std::bad_exception::~bad_exception()
                0x040104f8                std::bad_exception::~bad_exception()
                0x04010508                std::bad_exception::~bad_exception()
 .text          0x04010518        0xc c:/altera/12.1/nios2eds/bin/gnu/h-i686-mingw32/bin/../lib/gcc/nios2-elf/4.1.2/../../../../nios2-elf/lib\libstdc++.a(del_op.o)
                0x04010518                operator delete(void*)
 .text          0x04010524       0x44 c:/altera/12.1/nios2eds/bin/gnu/h-i686-mingw32/bin/../lib/gcc/nios2-elf/4.1.2/../../../../nios2-elf/lib\libstdc++.a(eh_call.o)
                0x04010524                __cxa_call_terminate
 .text          0x04010568      0x1bc c:/altera/12.1/nios2eds/bin/gnu/h-i686-mingw32/bin/../lib/gcc/nios2-elf/4.1.2/../../../../nios2-elf/lib\libstdc++.a(class_type_info.o)
                0x04010568                __cxxabiv1::__class_type_info::__do_upcast(__cxxabiv1::__class_type_info const*, void**) const
                0x040105d4                __cxxabiv1::__class_type_info::__do_find_public_src(long, void const*, __cxxabiv1::__class_type_info const*, void const*) const
                0x040105f4                __cxxabiv1::__class_type_info::~__class_type_info()
                0x04010628                __cxxabiv1::__class_type_info::~__class_type_info()
                0x04010638                __cxxabiv1::__class_type_info::~__class_type_info()
                0x04010648                __cxxabiv1::__class_type_info::__do_catch(std::type_info const*, void**, unsigned int) const
                0x040106a8                __cxxabiv1::__class_type_info::__do_upcast(__cxxabiv1::__class_type_info const*, void const*, __cxxabiv1::__class_type_info::__upcast_result&) const
                0x040106d8                __cxxabiv1::__class_type_info::__do_dyncast(long, __cxxabiv1::__class_type_info::__sub_kind, __cxxabiv1::__class_type_info const*, void const*, __cxxabiv1::__class_type_info const*, void const*, __cxxabiv1::__class_type_info::__dyncast_result&) const
 .text          0x04010724      0x100 c:/altera/12.1/nios2eds/bin/gnu/h-i686-mingw32/bin/../lib/gcc/nios2-elf/4.1.2/../../../../nios2-elf/lib\libstdc++.a(new_op.o)
                0x04010724                operator new(unsigned long)
 .text          0x04010824      0x1c8 c:/altera/12.1/nios2eds/bin/gnu/h-i686-mingw32/bin/../lib/gcc/nios2-elf/4.1.2/../../../../nios2-elf/lib\libstdc++.a(si_class_type_info.o)
                0x04010824                __cxxabiv1::__si_class_type_info::__do_upcast(__cxxabiv1::__class_type_info const*, void const*, __cxxabiv1::__class_type_info::__upcast_result&) const
                0x0401089c                __cxxabiv1::__si_class_type_info::~__si_class_type_info()
                0x040108d0                __cxxabiv1::__si_class_type_info::~__si_class_type_info()
                0x040108e0                __cxxabiv1::__si_class_type_info::~__si_class_type_info()
                0x040108f0                __cxxabiv1::__si_class_type_info::__do_find_public_src(long, void const*, __cxxabiv1::__class_type_info const*, void const*) const
                0x04010924                __cxxabiv1::__si_class_type_info::__do_dyncast(long, __cxxabiv1::__class_type_info::__sub_kind, __cxxabiv1::__class_type_info const*, void const*, __cxxabiv1::__class_type_info const*, void const*, __cxxabiv1::__class_type_info::__dyncast_result&) const
 .text          0x040109ec      0x174 c:/altera/12.1/nios2eds/bin/gnu/h-i686-mingw32/bin/../lib/gcc/nios2-elf/4.1.2/../../../../nios2-elf/lib\libstdc++.a(eh_alloc.o)
                0x040109ec                __cxa_free_exception
                0x04010a2c                __cxa_allocate_exception
 .text          0x04010b60       0x58 c:/altera/12.1/nios2eds/bin/gnu/h-i686-mingw32/bin/../lib/gcc/nios2-elf/4.1.2/../../../../nios2-elf/lib\libstdc++.a(tinfo.o)
                0x04010b60                std::type_info::__is_pointer_p() const
                0x04010b68                std::type_info::__is_function_p() const
                0x04010b70                std::type_info::__do_catch(std::type_info const*, void**, unsigned int) const
                0x04010b80                std::type_info::__do_upcast(__cxxabiv1::__class_type_info const*, void**) const
                0x04010b88                std::type_info::~type_info()
                0x04010b98                std::type_info::~type_info()
                0x04010ba8                std::type_info::~type_info()
 .text          0x04010bb8      0x148 c:/altera/12.1/nios2eds/bin/gnu/h-i686-mingw32/bin/../lib/gcc/nios2-elf/4.1.2/../../../../nios2-elf/lib\libstdc++.a(eh_throw.o)
                0x04010bb8                __cxa_rethrow
                0x04010c2c                __cxa_throw
 .text          0x04010d00      0x10c c:/altera/12.1/nios2eds/bin/gnu/h-i686-mingw32/bin/../lib/gcc/nios2-elf/4.1.2/../../../../nios2-elf/lib\libstdc++.a(eh_terminate.o)
                0x04010d00                std::set_terminate(void (*)())
                0x04010d14                std::set_unexpected(void (*)())
                0x04010d28                __cxxabiv1::__terminate(void (*)())
                0x04010dcc                std::terminate()
                0x04010de4                __cxxabiv1::__unexpected(void (*)())
                0x04010df4                std::unexpected()
 .text          0x04010e0c       0x10 c:/altera/12.1/nios2eds/bin/gnu/h-i686-mingw32/bin/../lib/gcc/nios2-elf/4.1.2/../../../../nios2-elf/lib\libstdc++.a(eh_globals.o)
                0x04010e0c                __cxa_get_globals_fast
                0x04010e14                __cxa_get_globals
 .text          0x04010e1c        0x0 c:/altera/12.1/nios2eds/bin/gnu/h-i686-mingw32/bin/../lib/gcc/nios2-elf/4.1.2/../../../../nios2-elf/lib\libstdc++.a(eh_unex_handler.o)
 .text          0x04010e1c       0x60 c:/altera/12.1/nios2eds/bin/gnu/h-i686-mingw32/bin/../lib/gcc/nios2-elf/4.1.2/../../../../nios2-elf/lib\libstdc++.a(new_handler.o)
                0x04010e1c                std::set_new_handler(void (*)())
                0x04010e28                std::bad_alloc::~bad_alloc()
                0x04010e5c                std::bad_alloc::~bad_alloc()
                0x04010e6c                std::bad_alloc::~bad_alloc()
 .text          0x04010e7c      0x1e4 c:/altera/12.1/nios2eds/bin/gnu/h-i686-mingw32/bin/../lib/gcc/nios2-elf/4.1.2/../../../../nios2-elf/lib\libstdc++.a(eh_catch.o)
                0x04010e7c                __cxa_get_exception_ptr
                0x04010e84                std::uncaught_exception()
                0x04010ea4                __cxa_end_catch
                0x04010f48                __cxa_begin_catch
 .text          0x04011060        0x0 c:/altera/12.1/nios2eds/bin/gnu/h-i686-mingw32/bin/../lib/gcc/nios2-elf/4.1.2/../../../../nios2-elf/lib\libstdc++.a(eh_term_handler.o)
 .text          0x04011060      0x14c c:/altera/12.1/nios2eds/bin/gnu/h-i686-mingw32/bin/../lib/gcc/nios2-elf/4.1.2\libgcc.a(lib2-divmod.o)
                0x040110dc                __divsi3
                0x0401113c                __modsi3
                0x0401119c                __udivsi3
                0x040111a4                __umodsi3
 .text          0x040111ac      0x548 c:/altera/12.1/nios2eds/bin/gnu/h-i686-mingw32/bin/../lib/gcc/nios2-elf/4.1.2\libgcc.a(unwind-sjlj.o)
                0x040111ac                _Unwind_SjLj_Register
                0x040111bc                _Unwind_SjLj_Unregister
                0x040111c8                _Unwind_GetGR
                0x040111e0                _Unwind_GetCFA
                0x040111f4                _Unwind_SetGR
                0x0401120c                _Unwind_GetIP
                0x0401121c                _Unwind_GetIPInfo
                0x04011230                _Unwind_SetIP
                0x04011240                _Unwind_GetLanguageSpecificData
                0x0401124c                _Unwind_GetRegionStart
                0x04011254                _Unwind_FindEnclosingFunction
                0x0401125c                _Unwind_GetDataRelBase
                0x04011264                _Unwind_GetTextRelBase
                0x0401136c                _Unwind_DeleteException
                0x04011478                _Unwind_SjLj_Resume
                0x040114d4                _Unwind_SjLj_RaiseException
                0x040115cc                _Unwind_SjLj_ForcedUnwind
                0x0401161c                _Unwind_Backtrace
                0x0401169c                _Unwind_SjLj_Resume_or_Rethrow
 .text          0x040116f4       0x18 c:/altera/12.1/nios2eds/bin/gnu/h-i686-mingw32/bin/../lib/gcc/nios2-elf/4.1.2/../../../../nios2-elf/lib\libc.a(lib_a-abort.o)
                0x040116f4                abort
 .text          0x0401170c        0x0 c:/altera/12.1/nios2eds/bin/gnu/h-i686-mingw32/bin/../lib/gcc/nios2-elf/4.1.2/../../../../nios2-elf/lib\libc.a(lib_a-ctype_.o)
 .text          0x0401170c       0x60 c:/altera/12.1/nios2eds/bin/gnu/h-i686-mingw32/bin/../lib/gcc/nios2-elf/4.1.2/../../../../nios2-elf/lib\libc.a(lib_a-fprintf.o)
                0x0401170c                fprintf
                0x04011738                _fprintf_r
 .text          0x0401176c       0xdc c:/altera/12.1/nios2eds/bin/gnu/h-i686-mingw32/bin/../lib/gcc/nios2-elf/4.1.2/../../../../nios2-elf/lib\libc.a(lib_a-fwrite.o)
                0x0401176c                _fwrite_r
                0x04011808                fwrite
 .text          0x04011848      0x128 c:/altera/12.1/nios2eds/bin/gnu/h-i686-mingw32/bin/../lib/gcc/nios2-elf/4.1.2/../../../../nios2-elf/lib\libc.a(lib_a-getc.o)
                0x04011848                getc
                0x040118e0                _getc_r
 .text          0x04011970        0x0 c:/altera/12.1/nios2eds/bin/gnu/h-i686-mingw32/bin/../lib/gcc/nios2-elf/4.1.2/../../../../nios2-elf/lib\libc.a(lib_a-impure.o)
 .text          0x04011970       0x28 c:/altera/12.1/nios2eds/bin/gnu/h-i686-mingw32/bin/../lib/gcc/nios2-elf/4.1.2/../../../../nios2-elf/lib\libc.a(lib_a-malloc.o)
                0x04011970                free
                0x04011984                malloc
 .text          0x04011998      0x740 c:/altera/12.1/nios2eds/bin/gnu/h-i686-mingw32/bin/../lib/gcc/nios2-elf/4.1.2/../../../../nios2-elf/lib\libc.a(lib_a-mallocr.o)
                0x04011998                _malloc_r
 .text          0x040120d8       0xe0 c:/altera/12.1/nios2eds/bin/gnu/h-i686-mingw32/bin/../lib/gcc/nios2-elf/4.1.2/../../../../nios2-elf/lib\libc.a(lib_a-memmove.o)
                0x040120d8                memmove
 .text          0x040121b8       0x98 c:/altera/12.1/nios2eds/bin/gnu/h-i686-mingw32/bin/../lib/gcc/nios2-elf/4.1.2/../../../../nios2-elf/lib\libc.a(lib_a-memset.o)
                0x040121b8                memset
 .text          0x04012250       0x80 c:/altera/12.1/nios2eds/bin/gnu/h-i686-mingw32/bin/../lib/gcc/nios2-elf/4.1.2/../../../../nios2-elf/lib\libc.a(lib_a-perror.o)
                0x04012250                _perror_r
                0x040122bc                perror
 .text          0x040122d0       0x78 c:/altera/12.1/nios2eds/bin/gnu/h-i686-mingw32/bin/../lib/gcc/nios2-elf/4.1.2/../../../../nios2-elf/lib\libc.a(lib_a-printf.o)
                0x040122d0                printf
                0x04012314                _printf_r
 .text          0x04012348      0x1ec c:/altera/12.1/nios2eds/bin/gnu/h-i686-mingw32/bin/../lib/gcc/nios2-elf/4.1.2/../../../../nios2-elf/lib\libc.a(lib_a-putc.o)
                0x04012348                putc
                0x0401244c                _putc_r
 .text          0x04012534       0x24 c:/altera/12.1/nios2eds/bin/gnu/h-i686-mingw32/bin/../lib/gcc/nios2-elf/4.1.2/../../../../nios2-elf/lib\libc.a(lib_a-putchar.o)
                0x04012534                putchar
                0x04012550                _putchar_r
 .text          0x04012558       0xb4 c:/altera/12.1/nios2eds/bin/gnu/h-i686-mingw32/bin/../lib/gcc/nios2-elf/4.1.2/../../../../nios2-elf/lib\libc.a(lib_a-puts.o)
                0x04012558                _puts_r
                0x040125f8                puts
 .text          0x0401260c       0x60 c:/altera/12.1/nios2eds/bin/gnu/h-i686-mingw32/bin/../lib/gcc/nios2-elf/4.1.2/../../../../nios2-elf/lib\libc.a(lib_a-rget.o)
                0x0401260c                __srget_r
                0x04012658                __srget
 .text          0x0401266c       0x70 c:/altera/12.1/nios2eds/bin/gnu/h-i686-mingw32/bin/../lib/gcc/nios2-elf/4.1.2/../../../../nios2-elf/lib\libc.a(lib_a-sbrkr.o)
                0x0401266c                _sbrk_r
 .text          0x040126dc      0x2d8 c:/altera/12.1/nios2eds/bin/gnu/h-i686-mingw32/bin/../lib/gcc/nios2-elf/4.1.2/../../../../nios2-elf/lib\libc.a(lib_a-signal.o)
                0x040126dc                _raise_r
                0x040127a8                raise
                0x040127bc                _init_signal_r
                0x04012820                _init_signal
                0x04012830                __sigtramp_r
                0x040128e4                __sigtramp
                0x040128f8                _signal_r
                0x04012998                signal
 .text          0x040129b4       0x78 c:/altera/12.1/nios2eds/bin/gnu/h-i686-mingw32/bin/../lib/gcc/nios2-elf/4.1.2/../../../../nios2-elf/lib\libc.a(lib_a-signalr.o)
                0x040129b4                _getpid_r
                0x040129b8                _kill_r
 .text          0x04012a2c      0x674 c:/altera/12.1/nios2eds/bin/gnu/h-i686-mingw32/bin/../lib/gcc/nios2-elf/4.1.2/../../../../nios2-elf/lib\libc.a(lib_a-strerror.o)
                0x04012a2c                strerror
 .text          0x040130a0       0x74 c:/altera/12.1/nios2eds/bin/gnu/h-i686-mingw32/bin/../lib/gcc/nios2-elf/4.1.2/../../../../nios2-elf/lib\libc.a(lib_a-strlen.o)
                0x040130a0                strlen
 .text          0x04013114        0x8 c:/altera/12.1/nios2eds/bin/gnu/h-i686-mingw32/bin/../lib/gcc/nios2-elf/4.1.2/../../../../nios2-elf/lib\libc.a(lib_a-u_strerr.o)
                0x04013114                _user_strerror
 .text          0x0401311c     0x1f28 c:/altera/12.1/nios2eds/bin/gnu/h-i686-mingw32/bin/../lib/gcc/nios2-elf/4.1.2/../../../../nios2-elf/lib\libc.a(lib_a-vfprintf.o)
                0x04013174                ___vfprintf_internal_r
                0x04015020                __vfprintf_internal
 .text          0x04015044      0x14c c:/altera/12.1/nios2eds/bin/gnu/h-i686-mingw32/bin/../lib/gcc/nios2-elf/4.1.2/../../../../nios2-elf/lib\libc.a(lib_a-wbuf.o)
                0x04015044                __swbuf_r
                0x04015174                __swbuf
 .text          0x04015190      0x13c c:/altera/12.1/nios2eds/bin/gnu/h-i686-mingw32/bin/../lib/gcc/nios2-elf/4.1.2/../../../../nios2-elf/lib\libc.a(lib_a-wsetup.o)
                0x04015190                __swsetup_r
 .text          0x040152cc     0x17cc c:/altera/12.1/nios2eds/bin/gnu/h-i686-mingw32/bin/../lib/gcc/nios2-elf/4.1.2/../../../../nios2-elf/lib\libc.a(lib_a-dtoa.o)
                0x040154e4                _dtoa_r
 .text          0x04016a98      0x230 c:/altera/12.1/nios2eds/bin/gnu/h-i686-mingw32/bin/../lib/gcc/nios2-elf/4.1.2/../../../../nios2-elf/lib\libc.a(lib_a-fflush.o)
                0x04016a98                _fflush_r
                0x04016c94                fflush
 .text          0x04016cc8      0x2c0 c:/altera/12.1/nios2eds/bin/gnu/h-i686-mingw32/bin/../lib/gcc/nios2-elf/4.1.2/../../../../nios2-elf/lib\libc.a(lib_a-findfp.o)
                0x04016d20                __sfp_lock_acquire
                0x04016d24                __sfp_lock_release
                0x04016d28                __sinit_lock_acquire
                0x04016d2c                __sinit_lock_release
                0x04016d30                __sinit
                0x04016de4                __fp_unlock_all
                0x04016dfc                __fp_lock_all
                0x04016e14                _cleanup_r
                0x04016e20                _cleanup
                0x04016e30                __sfmoreglue
                0x04016e98                __sfp
 .text          0x04016f88       0xbc c:/altera/12.1/nios2eds/bin/gnu/h-i686-mingw32/bin/../lib/gcc/nios2-elf/4.1.2/../../../../nios2-elf/lib\libc.a(lib_a-fputc.o)
                0x04016f88                fputc
                0x04016fec                _fputc_r
 .text          0x04017044       0x90 c:/altera/12.1/nios2eds/bin/gnu/h-i686-mingw32/bin/../lib/gcc/nios2-elf/4.1.2/../../../../nios2-elf/lib\libc.a(lib_a-fputs.o)
                0x04017044                _fputs_r
                0x040170b8                fputs
 .text          0x040170d4      0x440 c:/altera/12.1/nios2eds/bin/gnu/h-i686-mingw32/bin/../lib/gcc/nios2-elf/4.1.2/../../../../nios2-elf/lib\libc.a(lib_a-freer.o)
                0x040170d4                _malloc_trim_r
                0x04017200                _free_r
 .text          0x04017514      0x49c c:/altera/12.1/nios2eds/bin/gnu/h-i686-mingw32/bin/../lib/gcc/nios2-elf/4.1.2/../../../../nios2-elf/lib\libc.a(lib_a-fvwrite.o)
                0x04017514                __sfvwrite_r
 .text          0x040179b0      0x180 c:/altera/12.1/nios2eds/bin/gnu/h-i686-mingw32/bin/../lib/gcc/nios2-elf/4.1.2/../../../../nios2-elf/lib\libc.a(lib_a-fwalk.o)
                0x040179b0                _fwalk_reent
                0x04017a78                _fwalk
 .text          0x04017b30        0x0 c:/altera/12.1/nios2eds/bin/gnu/h-i686-mingw32/bin/../lib/gcc/nios2-elf/4.1.2/../../../../nios2-elf/lib\libc.a(lib_a-int_errno.o)
 .text          0x04017b30       0xc4 c:/altera/12.1/nios2eds/bin/gnu/h-i686-mingw32/bin/../lib/gcc/nios2-elf/4.1.2/../../../../nios2-elf/lib\libc.a(lib_a-locale.o)
                0x04017b30                __locale_charset
                0x04017b38                _localeconv_r
                0x04017b44                localeconv
                0x04017b54                _setlocale_r
                0x04017bd8                setlocale
 .text          0x04017bf4      0x194 c:/altera/12.1/nios2eds/bin/gnu/h-i686-mingw32/bin/../lib/gcc/nios2-elf/4.1.2/../../../../nios2-elf/lib\libc.a(lib_a-makebuf.o)
                0x04017bf4                __smakebuf_r
 .text          0x04017d88       0xe4 c:/altera/12.1/nios2eds/bin/gnu/h-i686-mingw32/bin/../lib/gcc/nios2-elf/4.1.2/../../../../nios2-elf/lib\libc.a(lib_a-memchr.o)
                0x04017d88                memchr
 .text          0x04017e6c       0xa0 c:/altera/12.1/nios2eds/bin/gnu/h-i686-mingw32/bin/../lib/gcc/nios2-elf/4.1.2/../../../../nios2-elf/lib\libc.a(lib_a-memcpy.o)
                0x04017e6c                memcpy
 .text          0x04017f0c      0xff4 c:/altera/12.1/nios2eds/bin/gnu/h-i686-mingw32/bin/../lib/gcc/nios2-elf/4.1.2/../../../../nios2-elf/lib\libc.a(lib_a-mprec.o)
                0x04017f0c                _Bfree
                0x04017f34                __hi0bits
                0x04017fa4                __lo0bits
                0x04018068                __mcmp
                0x040180c8                __ulp
                0x04018148                __b2d
                0x04018268                __ratio
                0x04018318                _mprec_log10
                0x040183ac                __copybits
                0x04018404                __any_on
                0x0401848c                _Balloc
                0x04018548                __d2b
                0x040186c4                __mdiff
                0x04018850                __lshift
                0x0401899c                __multiply
                0x04018b84                __i2b
                0x04018bc0                __multadd
                0x04018cc0                __pow5mult
                0x04018de0                __s2b
 .text          0x04018f00      0x5f4 c:/altera/12.1/nios2eds/bin/gnu/h-i686-mingw32/bin/../lib/gcc/nios2-elf/4.1.2/../../../../nios2-elf/lib\libc.a(lib_a-reallocr.o)
                0x04018f00                _realloc_r
 .text          0x040194f4      0x1e0 c:/altera/12.1/nios2eds/bin/gnu/h-i686-mingw32/bin/../lib/gcc/nios2-elf/4.1.2/../../../../nios2-elf/lib\libc.a(lib_a-refill.o)
                0x040194f4                __srefill_r
 .text          0x040196d4       0x40 c:/altera/12.1/nios2eds/bin/gnu/h-i686-mingw32/bin/../lib/gcc/nios2-elf/4.1.2/../../../../nios2-elf/lib\libc.a(lib_a-s_isinfd.o)
                0x040196d4                __isinfd
 .text          0x04019714       0x30 c:/altera/12.1/nios2eds/bin/gnu/h-i686-mingw32/bin/../lib/gcc/nios2-elf/4.1.2/../../../../nios2-elf/lib\libc.a(lib_a-s_isnand.o)
                0x04019714                __isnand
 .text          0x04019744      0x14c c:/altera/12.1/nios2eds/bin/gnu/h-i686-mingw32/bin/../lib/gcc/nios2-elf/4.1.2/../../../../nios2-elf/lib\libc.a(lib_a-stdio.o)
                0x04019744                __sclose
                0x0401974c                __sseek
                0x040197b4                __swrite
                0x04019830                __sread
 .text          0x04019890       0xbc c:/altera/12.1/nios2eds/bin/gnu/h-i686-mingw32/bin/../lib/gcc/nios2-elf/4.1.2/../../../../nios2-elf/lib\libc.a(lib_a-strcmp.o)
                0x04019890                strcmp
 .text          0x0401994c       0x78 c:/altera/12.1/nios2eds/bin/gnu/h-i686-mingw32/bin/../lib/gcc/nios2-elf/4.1.2/../../../../nios2-elf/lib\libc.a(lib_a-writer.o)
                0x0401994c                _write_r
 .text          0x040199c4       0xb4 c:/altera/12.1/nios2eds/bin/gnu/h-i686-mingw32/bin/../lib/gcc/nios2-elf/4.1.2/../../../../nios2-elf/lib\libc.a(lib_a-callocr.o)
                0x040199c4                _calloc_r
 .text          0x04019a78       0x70 c:/altera/12.1/nios2eds/bin/gnu/h-i686-mingw32/bin/../lib/gcc/nios2-elf/4.1.2/../../../../nios2-elf/lib\libc.a(lib_a-closer.o)
                0x04019a78                _close_r
 .text          0x04019ae8      0x124 c:/altera/12.1/nios2eds/bin/gnu/h-i686-mingw32/bin/../lib/gcc/nios2-elf/4.1.2/../../../../nios2-elf/lib\libc.a(lib_a-fclose.o)
                0x04019ae8                _fclose_r
                0x04019bf8                fclose
 .text          0x04019c0c       0x74 c:/altera/12.1/nios2eds/bin/gnu/h-i686-mingw32/bin/../lib/gcc/nios2-elf/4.1.2/../../../../nios2-elf/lib\libc.a(lib_a-fstatr.o)
                0x04019c0c                _fstat_r
 .text          0x04019c80       0x70 c:/altera/12.1/nios2eds/bin/gnu/h-i686-mingw32/bin/../lib/gcc/nios2-elf/4.1.2/../../../../nios2-elf/lib\libc.a(lib_a-isattyr.o)
                0x04019c80                _isatty_r
 .text          0x04019cf0       0x78 c:/altera/12.1/nios2eds/bin/gnu/h-i686-mingw32/bin/../lib/gcc/nios2-elf/4.1.2/../../../../nios2-elf/lib\libc.a(lib_a-lseekr.o)
                0x04019cf0                _lseek_r
 .text          0x04019d68       0x78 c:/altera/12.1/nios2eds/bin/gnu/h-i686-mingw32/bin/../lib/gcc/nios2-elf/4.1.2/../../../../nios2-elf/lib\libc.a(lib_a-readr.o)
                0x04019d68                _read_r
 .text          0x04019de0      0x5dc c:/altera/12.1/nios2eds/bin/gnu/h-i686-mingw32/bin/../lib/gcc/nios2-elf/4.1.2\libgcc.a(_udivdi3.o)
                0x04019de0                __udivdi3
 .text          0x0401a3bc      0x5b0 c:/altera/12.1/nios2eds/bin/gnu/h-i686-mingw32/bin/../lib/gcc/nios2-elf/4.1.2\libgcc.a(_umoddi3.o)
                0x0401a3bc                __umoddi3
 .text          0x0401a96c      0x504 c:/altera/12.1/nios2eds/bin/gnu/h-i686-mingw32/bin/../lib/gcc/nios2-elf/4.1.2\libgcc.a(_addsub_df.o)
                0x0401ad7c                __subdf3
                0x0401adfc                __adddf3
 .text          0x0401ae70      0x3c4 c:/altera/12.1/nios2eds/bin/gnu/h-i686-mingw32/bin/../lib/gcc/nios2-elf/4.1.2\libgcc.a(_mul_df.o)
                0x0401ae70                __muldf3
 .text          0x0401b234      0x258 c:/altera/12.1/nios2eds/bin/gnu/h-i686-mingw32/bin/../lib/gcc/nios2-elf/4.1.2\libgcc.a(_div_df.o)
                0x0401b234                __divdf3
 .text          0x0401b48c       0x88 c:/altera/12.1/nios2eds/bin/gnu/h-i686-mingw32/bin/../lib/gcc/nios2-elf/4.1.2\libgcc.a(_eq_df.o)
                0x0401b48c                __eqdf2
 .text          0x0401b514       0x88 c:/altera/12.1/nios2eds/bin/gnu/h-i686-mingw32/bin/../lib/gcc/nios2-elf/4.1.2\libgcc.a(_ne_df.o)
                0x0401b514                __nedf2
 .text          0x0401b59c       0x88 c:/altera/12.1/nios2eds/bin/gnu/h-i686-mingw32/bin/../lib/gcc/nios2-elf/4.1.2\libgcc.a(_gt_df.o)
                0x0401b59c                __gtdf2
 .text          0x0401b624       0x88 c:/altera/12.1/nios2eds/bin/gnu/h-i686-mingw32/bin/../lib/gcc/nios2-elf/4.1.2\libgcc.a(_ge_df.o)
                0x0401b624                __gedf2
 .text          0x0401b6ac       0x88 c:/altera/12.1/nios2eds/bin/gnu/h-i686-mingw32/bin/../lib/gcc/nios2-elf/4.1.2\libgcc.a(_lt_df.o)
                0x0401b6ac                __ltdf2
 .text          0x0401b734       0xf8 c:/altera/12.1/nios2eds/bin/gnu/h-i686-mingw32/bin/../lib/gcc/nios2-elf/4.1.2\libgcc.a(_si_to_df.o)
                0x0401b734                __floatsidf
 .text          0x0401b82c       0xd8 c:/altera/12.1/nios2eds/bin/gnu/h-i686-mingw32/bin/../lib/gcc/nios2-elf/4.1.2\libgcc.a(_df_to_si.o)
                0x0401b82c                __fixdfsi
 .text          0x0401b904        0x0 c:/altera/12.1/nios2eds/bin/gnu/h-i686-mingw32/bin/../lib/gcc/nios2-elf/4.1.2\libgcc.a(_thenan_df.o)
 .text          0x0401b904      0x194 c:/altera/12.1/nios2eds/bin/gnu/h-i686-mingw32/bin/../lib/gcc/nios2-elf/4.1.2\libgcc.a(_usi_to_df.o)
                0x0401b904                __floatunsidf
 .text          0x0401ba98       0x98 c:/altera/12.1/nios2eds/bin/gnu/h-i686-mingw32/bin/../lib/gcc/nios2-elf/4.1.2\libgcc.a(_muldi3.o)
                0x0401ba98                __muldi3
 .text          0x0401bb30        0x0 c:/altera/12.1/nios2eds/bin/gnu/h-i686-mingw32/bin/../lib/gcc/nios2-elf/4.1.2\libgcc.a(_clz.o)
 .text          0x0401bb30       0x80 c:/altera/12.1/nios2eds/bin/gnu/h-i686-mingw32/bin/../lib/gcc/nios2-elf/4.1.2\libgcc.a(_clzsi2.o)
                0x0401bb30                __clzsi2
 .text          0x0401bbb0      0x314 c:/altera/12.1/nios2eds/bin/gnu/h-i686-mingw32/bin/../lib/gcc/nios2-elf/4.1.2\libgcc.a(_pack_df.o)
                0x0401bbb0                __pack_d
 .text          0x0401bec4      0x138 c:/altera/12.1/nios2eds/bin/gnu/h-i686-mingw32/bin/../lib/gcc/nios2-elf/4.1.2\libgcc.a(_unpack_df.o)
                0x0401bec4                __unpack_d
 .text          0x0401bffc       0xc8 c:/altera/12.1/nios2eds/bin/gnu/h-i686-mingw32/bin/../lib/gcc/nios2-elf/4.1.2\libgcc.a(_fpcmp_parts_df.o)
                0x0401bffc                __fpcmp_parts_d
 .text          0x0401c0c4       0x6c ../Car2X_communication_bsp/\libucosii_bsp.a(alt_exit.o)
                0x0401c104                _exit
 .text          0x0401c130      0x134 ../Car2X_communication_bsp/\libucosii_bsp.a(alt_fstat.o)
                0x0401c130                fstat
 .text          0x0401c264       0x20 ../Car2X_communication_bsp/\libucosii_bsp.a(alt_getpid.o)
                0x0401c264                getpid
 .text          0x0401c284      0x120 ../Car2X_communication_bsp/\libucosii_bsp.a(alt_isatty.o)
                0x0401c284                isatty
 .text          0x0401c3a4      0x1a0 ../Car2X_communication_bsp/\libucosii_bsp.a(alt_kill.o)
                0x0401c3a4                kill
 .text          0x0401c544       0xec ../Car2X_communication_bsp/\libucosii_bsp.a(alt_load.o)
                0x0401c544                alt_load
 .text          0x0401c630      0x150 ../Car2X_communication_bsp/\libucosii_bsp.a(alt_lseek.o)
                0x0401c630                lseek
 .text          0x0401c780       0xc8 ../Car2X_communication_bsp/\libucosii_bsp.a(alt_main.o)
                0x0401c780                alt_main
 .text          0x0401c848       0xbc ../Car2X_communication_bsp/\libucosii_bsp.a(alt_sbrk.o)
                0x0401c848                sbrk
 .text          0x0401c904      0x1a8 ../Car2X_communication_bsp/\libucosii_bsp.a(alt_tick.o)
                0x0401c904                alt_alarm_stop
                0x0401c99c                alt_tick
 .text          0x0401caac      0x118 ../Car2X_communication_bsp/\libucosii_bsp.a(alt_usleep.o)
                0x0401caac                usleep
 .text          0x0401cbc4      0x108 ../Car2X_communication_bsp/\libucosii_bsp.a(alt_env_lock.o)
                0x0401cbc4                __env_lock
                0x0401cc70                __env_unlock
 .text          0x0401cccc      0x1d8 ../Car2X_communication_bsp/\libucosii_bsp.a(alt_malloc_lock.o)
                0x0401cccc                __malloc_lock
                0x0401cdd4                __malloc_unlock
 .text          0x0401cea4     0x2128 ../Car2X_communication_bsp/\libucosii_bsp.a(os_core.o)
                0x0401cea4                OSEventNameGet
                0x0401cfd4                OSEventNameSet
                0x0401d118                OSEventPendMulti
                0x0401d7cc                OSInit
                0x0401d820                OSIntEnter
                0x0401d89c                OSIntExit
                0x0401d99c                OSSchedLock
                0x0401da28                OSSchedUnlock
                0x0401db0c                OSStart
                0x0401db7c                OSStatInit
                0x0401dc28                OSTimeTick
                0x0401de68                OSVersion
                0x0401de88                OS_Dummy
                0x0401dea4                OS_EventTaskRdy
                0x0401e038                OS_EventTaskWait
                0x0401e148                OS_EventTaskWaitMulti
                0x0401e29c                OS_EventTaskRemove
                0x0401e354                OS_EventTaskRemoveMulti
                0x0401e458                OS_EventWaitListInit
                0x0401e824                OS_MemClr
                0x0401e878                OS_MemCopy
                0x0401e8e4                OS_Sched
                0x0401ea28                OS_StrCopy
                0x0401eaa8                OS_StrLen
                0x0401eb00                OS_TaskIdle
                0x0401eb5c                OS_TaskStat
                0x0401ec24                OS_TaskStatStkChk
                0x0401ecec                OS_TCBInit
 .text          0x0401efcc      0x18c ../Car2X_communication_bsp/\libucosii_bsp.a(os_dbg.o)
                0x0401efcc                OSDebugInit
 .text          0x0401f158     0x193c ../Car2X_communication_bsp/\libucosii_bsp.a(os_flag.o)
                0x0401f158                OSFlagAccept
                0x0401f48c                OSFlagCreate
                0x0401f5c8                OSFlagDel
                0x0401f870                OSFlagNameGet
                0x0401f9b4                OSFlagNameSet
                0x0401fb08                OSFlagPend
                0x0402014c                OSFlagPendGetFlagsRdy
                0x040201b4                OSFlagPost
                0x0402055c                OSFlagQuery
                0x040207f4                OS_FlagInit
                0x040209e8                OS_FlagUnlink
 .text          0x04020a94      0x808 ../Car2X_communication_bsp/\libucosii_bsp.a(os_mem.o)
                0x04020a94                OSMemCreate
                0x04020cb0                OSMemGet
                0x04020db4                OSMemNameGet
                0x04020ec0                OSMemNameSet
                0x04020fe0                OSMemPut
                0x040210d0                OSMemQuery
                0x040211cc                OS_MemInit
 .text          0x0402129c     0x1334 ../Car2X_communication_bsp/\libucosii_bsp.a(os_q.o)
                0x0402129c                OSQAccept
                0x040213f0                OSQCreate
                0x04021604                OSQDel
                0x04021904                OSQFlush
                0x040219cc                OSQPend
                0x04021cec                OSQPendAbort
                0x04021e68                OSQPost
                0x04021fe8                OSQPostFront
                0x04022170                OSQPostOpt
                0x040223a4                OSQQuery
                0x04022524                OS_QInit
 .text          0x040225d0      0xbc8 ../Car2X_communication_bsp/\libucosii_bsp.a(os_sem.o)
                0x040225d0                OSSemAccept
                0x04022690                OSSemCreate
                0x040227a4                OSSemDel
                0x04022a44                OSSemPend
                0x04022cc0                OSSemPendAbort
                0x04022e3c                OSSemPost
                0x04022f64                OSSemQuery
                0x04023094                OSSemSet
 .text          0x04023198     0x1a40 ../Car2X_communication_bsp/\libucosii_bsp.a(os_task.o)
                0x04023198                OSTaskChangePrio
                0x0402370c                OSTaskCreate
                0x040238e0                OSTaskCreateExt
                0x04023ae0                OSTaskDel
                0x04023eec                OSTaskDelReq
                0x0402405c                OSTaskNameGet
                0x04024214                OSTaskNameSet
                0x040243d8                OSTaskResume
                0x040245f0                OSTaskStkChk
                0x040247ec                OSTaskSuspend
                0x04024a18                OSTaskQuery
                0x04024b5c                OS_TaskStkClr
 .text          0x04024bd8      0x59c ../Car2X_communication_bsp/\libucosii_bsp.a(os_time.o)
                0x04024bd8                OSTimeDly
                0x04024d24                OSTimeDlyHMSM
                0x04024e9c                OSTimeDlyResume
                0x040250ac                OSTimeGet
                0x04025110                OSTimeSet
 .text          0x04025174      0x3dc ../Car2X_communication_bsp/\libucosii_bsp.a(alt_sys_init.o)
                0x04025174                alt_irq_init
                0x040251a8                alt_sys_init
 .text          0x04025550      0x148 ../Car2X_communication_bsp/\libucosii_bsp.a(altera_avalon_jtag_uart_fd.o)
                0x04025550                altera_avalon_jtag_uart_read_fd
                0x040255a8                altera_avalon_jtag_uart_write_fd
                0x04025600                altera_avalon_jtag_uart_close_fd
                0x04025648                altera_avalon_jtag_uart_ioctl_fd
 .text          0x04025698      0x584 ../Car2X_communication_bsp/\libucosii_bsp.a(altera_avalon_jtag_uart_init.o)
                0x04025698                altera_avalon_jtag_uart_init
                0x04025ba8                altera_avalon_jtag_uart_close
 .text          0x04025c1c       0xf4 ../Car2X_communication_bsp/\libucosii_bsp.a(altera_avalon_jtag_uart_ioctl.o)
                0x04025c1c                altera_avalon_jtag_uart_ioctl
 .text          0x04025d10      0x2c0 ../Car2X_communication_bsp/\libucosii_bsp.a(altera_avalon_jtag_uart_read.o)
                0x04025d10                altera_avalon_jtag_uart_read
 .text          0x04025fd0      0x2dc ../Car2X_communication_bsp/\libucosii_bsp.a(altera_avalon_jtag_uart_write.o)
                0x04025fd0                altera_avalon_jtag_uart_write
 .text          0x040262ac      0x370 ../Car2X_communication_bsp/\libucosii_bsp.a(altera_avalon_mutex.o)
                0x04026328                altera_avalon_mutex_open
                0x040263e0                altera_avalon_mutex_close
                0x04026400                altera_avalon_mutex_lock
                0x04026460                altera_avalon_mutex_trylock
                0x040264d8                altera_avalon_mutex_unlock
                0x04026548                altera_avalon_mutex_is_mine
                0x040265c4                altera_avalon_mutex_first_lock
 .text          0x0402661c      0xde4 ../Car2X_communication_bsp/\libucosii_bsp.a(altera_avalon_sgdma.o)
                0x0402661c                alt_avalon_sgdma_do_async_transfer
                0x04026758                alt_avalon_sgdma_do_sync_transfer
                0x0402687c                alt_avalon_sgdma_construct_mem_to_mem_desc
                0x040268ec                alt_avalon_sgdma_construct_mem_to_mem_desc_burst
                0x0402696c                alt_avalon_sgdma_construct_stream_to_mem_desc
                0x040269c0                alt_avalon_sgdma_construct_stream_to_mem_desc_burst
                0x04026a30                alt_avalon_sgdma_construct_mem_to_stream_desc
                0x04026aa4                alt_avalon_sgdma_construct_mem_to_stream_desc_burst
                0x04026b28                alt_avalon_sgdma_register_callback
                0x04026b78                alt_avalon_sgdma_start
                0x04026bcc                alt_avalon_sgdma_stop
                0x04026c24                alt_avalon_sgdma_check_descriptor_status
                0x04026c94                alt_avalon_sgdma_open
                0x04026d4c                alt_avalon_sgdma_construct_descriptor
                0x04026dd4                alt_avalon_sgdma_enable_desc_poll
                0x04026e50                alt_avalon_sgdma_disable_desc_poll
                0x04026eac                alt_avalon_sgdma_construct_descriptor_burst
                0x04027354                alt_avalon_sgdma_init
 .text          0x04027400      0x100 ../Car2X_communication_bsp/\libucosii_bsp.a(altera_avalon_timer_sc.o)
                0x04027470                alt_avalon_timer_sc_init
 .text          0x04027500     0x5340 ../Car2X_communication_bsp/\libucosii_bsp.a(altera_avalon_tse.o)
                0x04027500                no_printf
                0x0402752c                tse_mac_initTransInfo2
                0x0402758c                tse_mac_sTxWrite
                0x0402767c                tse_mac_aRxRead
                0x04027720                tse_mac_SwReset
                0x040277b4                tse_mac_setMIImode
                0x0402780c                tse_mac_setGMIImode
                0x04027860                alt_tse_phy_add_profile
                0x04027a38                alt_tse_system_add_sys
                0x0402844c                alt_tse_sys_enable_mdio_sharing
                0x040285c4                alt_tse_mac_get_common_speed
                0x04028604                alt_tse_mac_set_common_speed
                0x0402864c                alt_tse_get_system_index
                0x040286c8                alt_tse_get_mac_group_index
                0x04028748                alt_tse_get_mac_info_index
                0x040287d4                alt_tse_get_mac_info
                0x040288b4                alt_tse_mac_set_speed
                0x040289a0                alt_tse_mac_set_duplex
                0x04028a38                getPHYSpeed
                0x04029840                alt_tse_phy_rd_mdio_addr
                0x04029888                alt_tse_phy_wr_mdio_addr
                0x040298dc                alt_tse_phy_wr_mdio_reg
                0x04029a04                alt_tse_phy_rd_mdio_reg
                0x04029ac8                alt_tse_phy_add_profile_default
                0x04029d40                alt_tse_phy_print_profile
                0x04029f30                alt_tse_mac_group_init
                0x0402a63c                alt_tse_mac_get_phy
                0x0402aa54                alt_tse_mac_associate_phy
                0x0402ac8c                alt_tse_phy_cfg_pcs
                0x0402adac                alt_tse_phy_init
                0x0402aec0                alt_tse_phy_restart_an
                0x0402b070                alt_tse_phy_check_link
                0x0402b1b4                alt_tse_phy_get_cap
                0x0402b6f4                alt_tse_phy_set_adv_1000
                0x0402b888                alt_tse_phy_set_adv_100
                0x0402ba98                alt_tse_phy_set_adv_10
                0x0402bc30                alt_tse_phy_get_common_speed
                0x0402bf4c                alt_tse_phy_set_common_speed
                0x0402c430                marvell_phy_cfg
                0x0402c4d8                marvell_cfg_gmii
                0x0402c5cc                marvell_cfg_sgmii
                0x0402c6c0                marvell_cfg_rgmii
                0x0402c7c0                DP83848C_link_status_read
 .text          0x0402c840     0x1784 ../Car2X_communication_bsp/\libucosii_bsp.a(ins_tse_mac.o)
                0x0402c840                triple_speed_ethernet_init
                0x0402c99c                prep_tse_mac
                0x0402cc00                tse_mac_init
                0x0402d6e8                tse_mac_raw_send
                0x0402d9e0                tse_sgdmaRx_isr
                0x0402da88                tse_sgdma_read_init
                0x0402dc30                tse_mac_rcv
                0x0402de80                tse_mac_stats
                0x0402dec0                tse_mac_close
 .text          0x0402dfc4       0x54 ../Car2X_communication_bsp/\libucosii_bsp.a(alt_iniche_close.o)
                0x0402dfc4                close
 .text          0x0402e018      0x124 ../Car2X_communication_bsp/\libucosii_bsp.a(alt_iniche_dev.o)
                0x0402e018                iniche_devices_init
 .text          0x0402e13c       0x78 ../Car2X_communication_bsp/\libucosii_bsp.a(alt_iniche_read.o)
                0x0402e13c                read
 .text          0x0402e1b4       0x70 ../Car2X_communication_bsp/\libucosii_bsp.a(alt_iniche_write.o)
                0x0402e1b4                write
 .text          0x0402e224      0xedc ../Car2X_communication_bsp/\libucosii_bsp.a(ipnet.o)
                0x0402e224                Netinit
                0x0402e870                fixup_subnet_mask
                0x0402e9d0                netclose
                0x0402eab8                pktdemux
                0x0402ee8c                c_older
                0x0402ef5c                ip2mac
 .text          0x0402f100      0x4b0 ../Car2X_communication_bsp/\libucosii_bsp.a(ipstart.o)
                0x0402f100                ip_startup
                0x0402f3e4                exit_hook
                0x0402f450                ip_exit
                0x0402f520                if_netnumber
 .text          0x0402f5b0     0x100c ../Car2X_communication_bsp/\libucosii_bsp.a(igmp_cmn.o)
                0x0402f5b0                igmp_init
                0x0402f660                igmp_input
                0x0402f758                igmp_fasttimo
                0x0402f8f0                igmp_send
                0x0402fb98                igmp_joingroup
                0x0402fe04                igmp_leavegroup
                0x0402fe80                igmp_validate
                0x040301dc                igmp_print_stats
 .text          0x040305bc      0xb50 ../Car2X_communication_bsp/\libucosii_bsp.a(bsdsock.o)
                0x040305bc                bsd_accept
                0x040306f4                bsd_getpeername
                0x04030820                bsd_getsockname
                0x0403094c                bsd_i_sockoptlen
                0x04030b04                bsd_getsockopt
                0x04030c24                bsd_ioctl
                0x04030d28                bsd_inet_ntoa
                0x04030d58                bsd_recvfrom
                0x04030eb8                bsd_select
                0x04031020                bsd_setsockopt
 .text          0x0403110c      0x118 ../Car2X_communication_bsp/\libucosii_bsp.a(cksum.o)
                0x0403110c                ccksum
                0x040311bc                cksum
 .text          0x04031224      0xa9c ../Car2X_communication_bsp/\libucosii_bsp.a(in_utils.o)
                0x04031224                do_trap
                0x04031250                nextarg
                0x040312cc                hexdump
                0x04031414                print_ipad
                0x04031488                print_uptime
                0x040315b4                panic
                0x040315f8                print_eth
                0x0403175c                uslash
                0x040317dc                ns_printf
                0x04031960                std_out
                0x040319a4                con_page
                0x04031a94                parse_args
 .text          0x04031cc0      0x1c4 ../Car2X_communication_bsp/\libucosii_bsp.a(netmain.o)
                0x04031cc0                netmain
                0x04031db4                tk_netmain
                0x04031e3c                tk_nettick
 .text          0x04031e84      0x5e8 ../Car2X_communication_bsp/\libucosii_bsp.a(tk_crnos.o)
                0x04031e84                TK_OSTimeDly
                0x04031eb0                TK_OSTaskResume
                0x04031f20                tcp_sleep
                0x040320c0                tcp_wakeup
                0x040321c4                TK_OSTaskQuery
                0x04032238                tk_yield
                0x04032264                tk_stats
 .text          0x0403246c      0x79c ../Car2X_communication_bsp/\libucosii_bsp.a(pktalloc.o)
                0x0403246c                pk_init
                0x040326fc                pk_alloc
                0x040327d8                pk_validate
                0x04032a90                pk_free
                0x04032b3c                pk_get_max_intrsafe_buf_len
                0x04032b5c                dump_buf_estats
 .text          0x04032c08      0x288 ../Car2X_communication_bsp/\libucosii_bsp.a(q.o)
                0x04032c08                getq
                0x04032cd0                putq
                0x04032d80                qdel
 .text          0x04032e90      0x194 ../Car2X_communication_bsp/\libucosii_bsp.a(asm_cksum.o)
                0x04032e90                asm_cksum
 .text          0x04033024      0x2a0 ../Car2X_communication_bsp/\libucosii_bsp.a(brdutils.o)
                0x04033024                dtrap
                0x04033054                kbhit
                0x04033100                getch
                0x04033160                clock_init
                0x0403319c                clock_c
                0x040331b8                cticks_hook
                0x04033224                irq_Mask
                0x04033280                irq_Unmask
 .text          0x040332c4      0x488 ../Car2X_communication_bsp/\libucosii_bsp.a(osportco.o)
                0x040332c4                LOCK_NET_RESOURCE
                0x04033384                UNLOCK_NET_RESOURCE
                0x0403340c                TK_NEWTASK
                0x04033620                wait_app_sem
                0x040336d4                post_app_sem
 .text          0x0403374c      0x568 ../Car2X_communication_bsp/\libucosii_bsp.a(targnios.o)
                0x0403374c                alt_iniche_init
                0x04033968                pre_task_setup
                0x040339dc                post_task_setup
                0x040339fc                prep_armintcp
                0x04033a34                calloc2
                0x04033a68                npalloc
                0x04033b5c                npfree
                0x04033c14                ncpalloc
                0x04033c68                ncpfree
 .text          0x04033cb4     0x197c ../Car2X_communication_bsp/\libucosii_bsp.a(nptcp.o)
                0x04033cb4                pffindtype
                0x04033d54                pffindproto
                0x04033e24                m_getnbuf
                0x04033fcc                m_free
                0x04034100                m_freem
                0x04034144                m_copy
                0x04034468                m_adj
                0x04034638                mbuf_len
                0x04034690                dtom
                0x04034738                remque
                0x040347a8                insque
                0x04034824                nptcp_init
                0x04034948                tcp_rcv
                0x04034b34                ip_output
                0x0403512c                in_broadcast
                0x0403516c                np_stripoptions
                0x04035254                so_icmpdu
                0x040355ac                tcp_tick
 .text          0x04035630      0xa2c ../Car2X_communication_bsp/\libucosii_bsp.a(rawsock.o)
                0x04035630                rawip_lookup
                0x040356a0                rawip_soinput
                0x04035874                rawip_usrreq
 .text          0x0403605c     0x17fc ../Car2X_communication_bsp/\libucosii_bsp.a(sockcall.o)
                0x0403605c                DOMAIN_CHECK
                0x040360a8                t_socket
                0x04036138                t_bind
                0x040362b4                t_listen
                0x04036398                t_accept
                0x04036630                t_connect
                0x040368d8                t_getpeername
                0x0403691c                t_getsockname
                0x04036b5c                t_setsockopt
                0x04036d38                t_getsockopt
                0x04036edc                t_recv
                0x04036fcc                t_recvfrom
                0x0403711c                t_sendto
                0x04037348                t_send
                0x04037570                t_shutdown
                0x04037654                t_socketclose
                0x040377bc                t_errno
 .text          0x04037858     0x2374 ../Car2X_communication_bsp/\libucosii_bsp.a(socket.o)
                0x04037858                socreate
                0x04037a24                sobind
                0x04037a80                solisten
                0x04037b70                sofree
                0x04037ca0                soclose
                0x04037f94                soabort
                0x04037fe4                soaccept
                0x04038080                soconnect
                0x04038154                sodisconnect
                0x040381f4                sosend
                0x040387fc                soreceive
                0x04038fe0                soshutdown
                0x04039088                sorflush
                0x04039188                sosetopt
                0x04039648                sogetopt
                0x04039b88                sohasoutofband
 .text          0x04039bcc     0x1318 ../Car2X_communication_bsp/\libucosii_bsp.a(socket2.o)
                0x04039bcc                soisconnecting
                0x04039c38                soisconnected
                0x04039d34                soisdisconnecting
                0x04039dc0                soisdisconnected
                0x04039e7c                sonewconn
                0x0403a098                soqinsque
                0x0403a144                soqremque
                0x0403a264                socantsendmore
                0x0403a2b4                socantrcvmore
                0x0403a304                sbselqueue
                0x0403a33c                sbwait
                0x0403a3a4                sbwakeup
                0x0403a440                soreserve
                0x0403a4c0                sbreserve
                0x0403a520                sbrelease
                0x0403a568                sbappend
                0x0403a610                sbappendrecord
                0x0403a6f0                sbappendaddr
                0x0403a8f8                sbcompress
                0x0403aae0                sbflush
                0x0403ab70                sbdrop
                0x0403ad40                sbdropend
                0x0403ae50                sbdroprecord
 .text          0x0403aee4      0x914 ../Car2X_communication_bsp/\libucosii_bsp.a(soselect.o)
                0x0403aee4                t_select
                0x0403b104                sock_selscan
                0x0403b25c                sock_select
                0x0403b470                in_pcbnotify
                0x0403b53c                tcp_notify
                0x0403b5a4                ifd_clr
                0x0403b694                ifd_set
                0x0403b708                ifd_isset
                0x0403b788                ifd_get
 .text          0x0403b7f8     0x2fe8 ../Car2X_communication_bsp/\libucosii_bsp.a(tcp_in.o)
                0x0403b7f8                tcp_reass
                0x0403bc00                tcp_input
                0x0403e154                tcp_dooptions
                0x0403e2e4                tcp_pulloutofband
                0x0403e410                tcp_xmit_timer
                0x0403e67c                ip4_tcpmss
                0x0403e6c4                tcp_mss
 .text          0x0403e7e0     0x1360 ../Car2X_communication_bsp/\libucosii_bsp.a(tcp_out.o)
                0x0403e7e0                tcp_output
                0x0403f95c                tcp_setpersist
 .text          0x0403fb40      0x9e8 ../Car2X_communication_bsp/\libucosii_bsp.a(tcp_subr.o)
                0x0403fb40                tcp_init
                0x0403fb98                tcp_template
                0x0403fcb0                tcp_respond
                0x04040138                tcp_newtcpcb
                0x04040250                tcp_drop
                0x040402fc                tcp_close
                0x040403e4                tcp_quench
                0x04040430                tcp_putseq
                0x040404b0                tcp_getseq
 .text          0x04040528      0x798 ../Car2X_communication_bsp/\libucosii_bsp.a(tcp_timr.o)
                0x04040528                tcp_slowtimo
                0x040407c8                tcp_canceltimers
                0x04040824                tcp_timers
 .text          0x04040cc0      0x9ec ../Car2X_communication_bsp/\libucosii_bsp.a(tcp_usr.o)
                0x04040cc0                tcp_usrreq
                0x040413c4                tcp_attach
                0x040414f8                tcp_disconnect
                0x040415cc                tcp_usrclosed
 .text          0x040416ac       0x4c ../Car2X_communication_bsp/\libucosii_bsp.a(tcpport.o)
                0x040416ac                tcpinit
 .text          0x040416f8      0xd20 ../Car2X_communication_bsp/\libucosii_bsp.a(udpsock.o)
                0x040416f8                udp_lookup
                0x04041768                udp_soinput
                0x04041920                udp_usrreq
                0x04041ba4                udp4_sockbind
                0x04041ee0                udp4_socksend
                0x040422bc                udp4_sockaddr
 .text          0x04042418      0x154 ../Car2X_communication_bsp/\libucosii_bsp.a(alt_alarm_start.o)
                0x04042418                alt_alarm_start
 .text          0x0404256c      0x14c ../Car2X_communication_bsp/\libucosii_bsp.a(alt_busy_sleep.o)
                0x0404256c                alt_busy_sleep
 .text          0x040426b8      0x15c ../Car2X_communication_bsp/\libucosii_bsp.a(alt_close.o)
                0x040426b8                alt_close
 .text          0x04042814       0x44 ../Car2X_communication_bsp/\libucosii_bsp.a(alt_dcache_flush_all.o)
                0x04042814                alt_dcache_flush_all
 .text          0x04042858       0x2c ../Car2X_communication_bsp/\libucosii_bsp.a(alt_dev.o)
 .text          0x04042884      0x114 ../Car2X_communication_bsp/\libucosii_bsp.a(alt_dev_llist_insert.o)
                0x04042884                alt_dev_llist_insert
 .text          0x04042998       0x64 ../Car2X_communication_bsp/\libucosii_bsp.a(alt_do_ctors.o)
                0x04042998                _do_ctors
 .text          0x040429fc       0x64 ../Car2X_communication_bsp/\libucosii_bsp.a(alt_do_dtors.o)
                0x040429fc                _do_dtors
 .text          0x04042a60        0x0 ../Car2X_communication_bsp/\libucosii_bsp.a(alt_errno.o)
 .text          0x04042a60       0x94 ../Car2X_communication_bsp/\libucosii_bsp.a(alt_find_dev.o)
                0x04042a60                alt_find_dev
 .text          0x04042af4       0x30 ../Car2X_communication_bsp/\libucosii_bsp.a(alt_icache_flush_all.o)
                0x04042af4                alt_icache_flush_all
 .text          0x04042b24      0x1d4 ../Car2X_communication_bsp/\libucosii_bsp.a(alt_iic.o)
                0x04042b24                alt_ic_isr_register
                0x04042b74                alt_ic_irq_enable
                0x04042c10                alt_ic_irq_disable
                0x04042cb0                alt_ic_irq_enabled
 .text          0x04042cf8       0xf8 ../Car2X_communication_bsp/\libucosii_bsp.a(alt_iic_isr_register.o)
                0x04042cf8                alt_iic_isr_register
 .text          0x04042df0      0x13c ../Car2X_communication_bsp/\libucosii_bsp.a(alt_io_redirect.o)
                0x04042eb4                alt_io_redirect
 .text          0x04042f2c        0x0 ../Car2X_communication_bsp/\libucosii_bsp.a(alt_irq_entry.o)
 .text          0x04042f2c        0x0 ../Car2X_communication_bsp/\libucosii_bsp.a(alt_irq_handler.o)
 .text          0x04042f2c        0x0 ../Car2X_communication_bsp/\libucosii_bsp.a(alt_irq_vars.o)
 .text          0x04042f2c      0x2c4 ../Car2X_communication_bsp/\libucosii_bsp.a(alt_open.o)
                0x04043008                open
 .text          0x040431f0      0x180 ../Car2X_communication_bsp/\libucosii_bsp.a(alt_read.o)
                0x040431f0                alt_read
 .text          0x04043370       0x60 ../Car2X_communication_bsp/\libucosii_bsp.a(alt_release_fd.o)
                0x04043370                alt_release_fd
 .text          0x040433d0       0x38 ../Car2X_communication_bsp/\libucosii_bsp.a(alt_remap_cached.o)
                0x040433d0                alt_remap_cached
 .text          0x04043408       0x40 ../Car2X_communication_bsp/\libucosii_bsp.a(alt_remap_uncached.o)
                0x04043408                alt_remap_uncached
 .text          0x04043448       0x64 ../Car2X_communication_bsp/\libucosii_bsp.a(alt_uncached_malloc.o)
                0x04043448                alt_uncached_malloc
 .text          0x040434ac      0x180 ../Car2X_communication_bsp/\libucosii_bsp.a(alt_write.o)
                0x040434ac                alt_write
 .text          0x0404362c       0x20 ../Car2X_communication_bsp/\libucosii_bsp.a(altera_nios2_qsys_irq.o)
                0x0404362c                altera_nios2_qsys_irq_init
 .text          0x0404364c       0xd0 ../Car2X_communication_bsp/\libucosii_bsp.a(os_cpu_a.o)
                0x0404364c                OSCtxSw
                0x0404364c                OSIntCtxSw
                0x040436d8                OSStartHighRdy
                0x040436f8                OSStartTsk
 .text          0x0404371c      0x424 ../Car2X_communication_bsp/\libucosii_bsp.a(os_cpu_c.o)
                0x0404371c                OSTaskStkInit
                0x04043a2c                OSTaskCreateHook
                0x04043a4c                OSTaskDelHook
                0x04043a6c                OSTaskSwHook
                0x04043a88                OSTaskStatHook
                0x04043aa4                OSTimeTickHook
                0x04043acc                OSInitHookBegin
                0x04043ae8                OSInitHookEnd
                0x04043b04                OSTaskIdleHook
                0x04043b20                OSTCBInitHook
 .text          0x04043b40      0x3d4 ../Car2X_communication_bsp/\libucosii_bsp.a(allports.o)
                0x04043b40                netmain_init
                0x04043c38                icmp_port_du
                0x04043cc0                station_state
                0x04043e10                sysuptime
                0x04043e4c                packet_check
                0x04043e98                mcastlist
                0x04043ebc                prep_modules
 .text          0x04043f14      0x47c ../Car2X_communication_bsp/\libucosii_bsp.a(timeouts.o)
                0x04043f14                inet_timer
                0x0404416c                in_timerset
                0x040442e8                in_timerkill
 .text          0x04044390       0xa4 ../Car2X_communication_bsp/\libucosii_bsp.a(tk_misc.o)
                0x04044390                create_apptasks
                0x040443b4                task_stats
 .text          0x04044434       0xb0 ../Car2X_communication_bsp/\libucosii_bsp.a(alt_iniche_fcntl.o)
                0x04044434                fcntl
 .text          0x040444e4     0x14a0 ../Car2X_communication_bsp/\libucosii_bsp.a(et_arp.o)
                0x040444e4                etainit
                0x04044538                et_send
                0x040446b4                arp_free_pending
                0x0404473c                arp_send_pending
                0x040447b0                send_arp
                0x04044c48                find_oldest_arp
                0x04044df0                make_arp_entry
                0x04044f04                arpReply
                0x04045198                arprcv
                0x040453f8                send_via_arp
                0x040455a0                cb_arpent_tmo
                0x040456b8                grat_arp
 .text          0x04045984      0x298 ../Car2X_communication_bsp/\libucosii_bsp.a(iface.o)
                0x04045984                if_getbynum
                0x04045a08                isbcast
                0x04045ae8                reg_type
                0x04045b84                if_killsocks
 .text          0x04045c1c     0x22a4 ../Car2X_communication_bsp/\libucosii_bsp.a(ip.o)
                0x04045c1c                ip_init
                0x04045d18                ip_bldhead
                0x04045ebc                ip_write_internal
                0x0404663c                ip_write
                0x04046884                ip_write2
                0x04046c34                ip_raw_write
                0x04046d0c                ip_fragment_lc
                0x04047194                ip_fragment
                0x040477b8                ip_mymach
                0x04047864                ip_dump
                0x04047b1c                iproute
                0x04047d88                ip_copypkt
 .text          0x04047ec0     0x1d9c ../Car2X_communication_bsp/\libucosii_bsp.a(ip_reasm.o)
                0x04047ec0                ip_reasm_match_frag_with_ire
                0x04047f90                ip_reasm_determine_type_of_frag
                0x0404807c                ip_reasm_check_mem_useage
                0x04048114                ip_reasm_incr_mem_useage
                0x040481bc                ip_reasm_decr_mem_useage
                0x0404825c                ip_reasm_process_first_fragment
                0x0404853c                ip_reassm
                0x040485dc                ip_reasm_compute_overlap
                0x04048b6c                ip_reasm_process_subsequent_fragments
                0x04049100                ip_reasm_find_ire
                0x04049164                ip_reasm_copy_queued_fragments_into_reassy_buffer
                0x040494c0                ip_reasm_process_timer_tick
                0x040495a4                ip_reasm_delete_ire
                0x0404976c                ip_reasm_mark_compact_rfq
                0x040498b4                ipr_stats
                0x04049c08                ip_reasm_send_icmp_timex
 .text          0x04049c5c      0xe3c ../Car2X_communication_bsp/\libucosii_bsp.a(ipdemux.o)
                0x04049c5c                ip_rcv
                0x0404a05c                ip_rcv_phase2
                0x0404a668                ip_demux
 .text          0x0404aa98      0x2f0 ../Car2X_communication_bsp/\libucosii_bsp.a(ipmc.o)
                0x0404aa98                in_addmulti
                0x0404ac00                in_delmulti
                0x0404ad18                lookup_mcast
 .text          0x0404ad88       0xe4 ../Car2X_communication_bsp/\libucosii_bsp.a(ipport.o)
                0x0404ad88                prep_ifaces
                0x0404ae1c                netexit
                0x0404ae44                evtmap_setup
 .text          0x0404ae6c      0x550 ../Car2X_communication_bsp/\libucosii_bsp.a(ipraw.o)
                0x0404ae6c                ip_raw_open
                0x0404af5c                ip_raw_close
                0x0404b01c                ip_raw_input
                0x0404b254                ip_raw_alloc
                0x0404b320                ip_raw_free
                0x0404b360                ip_raw_maxalloc
 .text          0x0404b3bc      0x6f0 ../Car2X_communication_bsp/\libucosii_bsp.a(iproute.o)
                0x0404b3bc                rt_lookup
                0x0404b540                add_route
                0x0404b968                del_route