Archive member included because of file (symbol)

c:/altera/12.1/nios2eds/bin/gnu/h-i686-mingw32/bin/../lib/gcc/nios2-elf/4.1.2/../../../../nios2-elf/lib\libstdc++.a(functexcept.o)
                              obj/default/socketserver.o (std::__throw_bad_alloc())
c:/altera/12.1/nios2eds/bin/gnu/h-i686-mingw32/bin/../lib/gcc/nios2-elf/4.1.2/../../../../nios2-elf/lib\libstdc++.a(ios_failure.o)
                              c:/altera/12.1/nios2eds/bin/gnu/h-i686-mingw32/bin/../lib/gcc/nios2-elf/4.1.2/../../../../nios2-elf/lib\libstdc++.a(functexcept.o) (std::ios_base::failure::~failure())
c:/altera/12.1/nios2eds/bin/gnu/h-i686-mingw32/bin/../lib/gcc/nios2-elf/4.1.2/../../../../nios2-elf/lib\libstdc++.a(stdexcept.o)
                              c:/altera/12.1/nios2eds/bin/gnu/h-i686-mingw32/bin/../lib/gcc/nios2-elf/4.1.2/../../../../nios2-elf/lib\libstdc++.a(functexcept.o) (std::runtime_error::what() const)
c:/altera/12.1/nios2eds/bin/gnu/h-i686-mingw32/bin/../lib/gcc/nios2-elf/4.1.2/../../../../nios2-elf/lib\libstdc++.a(string-inst.o)
                              c:/altera/12.1/nios2eds/bin/gnu/h-i686-mingw32/bin/../lib/gcc/nios2-elf/4.1.2/../../../../nios2-elf/lib\libstdc++.a(functexcept.o) (std::string::_Rep::_S_empty_rep_storage)
c:/altera/12.1/nios2eds/bin/gnu/h-i686-mingw32/bin/../lib/gcc/nios2-elf/4.1.2/../../../../nios2-elf/lib\libstdc++.a(atomicity.o)
                              c:/altera/12.1/nios2eds/bin/gnu/h-i686-mingw32/bin/../lib/gcc/nios2-elf/4.1.2/../../../../nios2-elf/lib\libstdc++.a(functexcept.o) (__gnu_cxx::__exchange_and_add(int volatile*, int))
c:/altera/12.1/nios2eds/bin/gnu/h-i686-mingw32/bin/../lib/gcc/nios2-elf/4.1.2/../../../../nios2-elf/lib\libstdc++.a(eh_personality.o)
                              obj/default/COMM_CarProtocol/ADCInfoMessage.o (__gxx_personality_sj0)
c:/altera/12.1/nios2eds/bin/gnu/h-i686-mingw32/bin/../lib/gcc/nios2-elf/4.1.2/../../../../nios2-elf/lib\libstdc++.a(eh_exception.o)
                              c:/altera/12.1/nios2eds/bin/gnu/h-i686-mingw32/bin/../lib/gcc/nios2-elf/4.1.2/../../../../nios2-elf/lib\libstdc++.a(ios_failure.o) (std::exception::~exception())
c:/altera/12.1/nios2eds/bin/gnu/h-i686-mingw32/bin/../lib/gcc/nios2-elf/4.1.2/../../../../nios2-elf/lib\libstdc++.a(del_op.o)
                              obj/default/COMM_CarProtocol/ADCInfoMessage.o (operator delete(void*))
c:/altera/12.1/nios2eds/bin/gnu/h-i686-mingw32/bin/../lib/gcc/nios2-elf/4.1.2/../../../../nios2-elf/lib\libstdc++.a(eh_call.o)
                              c:/altera/12.1/nios2eds/bin/gnu/h-i686-mingw32/bin/../lib/gcc/nios2-elf/4.1.2/../../../../nios2-elf/lib\libstdc++.a(eh_personality.o) (__cxa_call_terminate)
c:/altera/12.1/nios2eds/bin/gnu/h-i686-mingw32/bin/../lib/gcc/nios2-elf/4.1.2/../../../../nios2-elf/lib\libstdc++.a(bad_typeid.o)
                              c:/altera/12.1/nios2eds/bin/gnu/h-i686-mingw32/bin/../lib/gcc/nios2-elf/4.1.2/../../../../nios2-elf/lib\libstdc++.a(functexcept.o) (vtable for std::bad_typeid)
c:/altera/12.1/nios2eds/bin/gnu/h-i686-mingw32/bin/../lib/gcc/nios2-elf/4.1.2/../../../../nios2-elf/lib\libstdc++.a(class_type_info.o)
                              obj/default/COMM_CarProtocol/CarMessage.o (vtable for __cxxabiv1::__class_type_info)
c:/altera/12.1/nios2eds/bin/gnu/h-i686-mingw32/bin/../lib/gcc/nios2-elf/4.1.2/../../../../nios2-elf/lib\libstdc++.a(new_op.o)
                              obj/default/COMM_CarProtocol/CarProtocol.o (operator new(unsigned long))
c:/altera/12.1/nios2eds/bin/gnu/h-i686-mingw32/bin/../lib/gcc/nios2-elf/4.1.2/../../../../nios2-elf/lib\libstdc++.a(guard.o)
                              obj/default/socketserver.o (__cxa_guard_release)
c:/altera/12.1/nios2eds/bin/gnu/h-i686-mingw32/bin/../lib/gcc/nios2-elf/4.1.2/../../../../nios2-elf/lib\libstdc++.a(si_class_type_info.o)
                              obj/default/COMM_CarProtocol/ADCInfoMessage.o (vtable for __cxxabiv1::__si_class_type_info)
c:/altera/12.1/nios2eds/bin/gnu/h-i686-mingw32/bin/../lib/gcc/nios2-elf/4.1.2/../../../../nios2-elf/lib\libstdc++.a(eh_alloc.o)
                              c:/altera/12.1/nios2eds/bin/gnu/h-i686-mingw32/bin/../lib/gcc/nios2-elf/4.1.2/../../../../nios2-elf/lib\libstdc++.a(functexcept.o) (__cxa_free_exception)
c:/altera/12.1/nios2eds/bin/gnu/h-i686-mingw32/bin/../lib/gcc/nios2-elf/4.1.2/../../../../nios2-elf/lib\libstdc++.a(tinfo.o)
                              c:/altera/12.1/nios2eds/bin/gnu/h-i686-mingw32/bin/../lib/gcc/nios2-elf/4.1.2/../../../../nios2-elf/lib\libstdc++.a(class_type_info.o) (std::type_info::__is_pointer_p() const)
c:/altera/12.1/nios2eds/bin/gnu/h-i686-mingw32/bin/../lib/gcc/nios2-elf/4.1.2/../../../../nios2-elf/lib\libstdc++.a(eh_throw.o)
                              c:/altera/12.1/nios2eds/bin/gnu/h-i686-mingw32/bin/../lib/gcc/nios2-elf/4.1.2/../../../../nios2-elf/lib\libstdc++.a(eh_personality.o) (__cxa_rethrow)
[...]
Memory Configuration

Name             Origin             Length             Attributes
com_memory_BEFORE_RESET 0x04000000         0x00005000
reset            0x04005000         0x00000020
com_memory       0x04005020         0x03ffafe0
ethernet_subsystem_descriptor_memory 0x08000000         0x00002000
shared_memory    0x08002000         0x00001000
com_ocmemory     0x08004000         0x00000400
*default*        0x00000000         0xffffffff

Linker script and memory map

LOAD ../Car2X_communication_bsp//obj/HAL/src/crt0.o
LOAD obj/default/alt_error_handler.o
LOAD obj/default/main.o
LOAD obj/default/network_utilities.o
LOAD obj/default/tse_my_system.o
LOAD obj/default/COMM_CarProtocol/ADCInfoMessage.o
LOAD obj/default/COMM_CarProtocol/ADCValuesMessage.o
LOAD obj/default/COMM_CarProtocol/AccelerationValuesMessage.o
LOAD obj/default/COMM_CarProtocol/CControlMessage.o
LOAD obj/default/COMM_CarProtocol/CEmergencyBrakeMessage.o
LOAD obj/default/COMM_CarProtocol/CarMessage.o
LOAD obj/default/COMM_CarProtocol/CarProtocol.o
LOAD obj/default/COMM_CarProtocol/MotorMeasurementMessage.o
LOAD obj/default/COMM_CarProtocol/MotorVelocityMessage.o
LOAD obj/default/COMM_CarProtocol/UltrasoundDistanceMessage.o
LOAD obj/default/COMM_CarProtocol/WelcomeMessage.o
LOAD obj/default/etc/utility.o
LOAD obj/default/external_drivers/accelerometer_interface.o
LOAD obj/default/external_drivers/adc_interface.o
LOAD obj/default/external_drivers/ultrasound_interface.o
LOAD obj/default/sensors/ADCSensor.o
LOAD obj/default/sensors/AccelerationSensor.o
LOAD obj/default/sensors/SensorState.o
LOAD obj/default/sensors/UltrasoundSensor.o
LOAD obj/default/socketserver.o
LOAD obj/default/terasic_lib/I2C.o
LOAD obj/default/terasic_lib/accelerometer_adxl345_spi.o
LOAD obj/default/terasic_lib/adc_spi_read.o
LOAD obj/default/terasic_lib/terasic_spi.o
LOAD c:/altera/12.1/nios2eds/bin/gnu/h-i686-mingw32/bin/../lib/gcc/nios2-elf/4.1.2/../../../../nios2-elf/lib\libstdc++.a
LOAD c:/altera/12.1/nios2eds/bin/gnu/h-i686-mingw32/bin/../lib/gcc/nios2-elf/4.1.2/../../../../nios2-elf/lib\libm.a
LOAD c:/altera/12.1/nios2eds/bin/gnu/h-i686-mingw32/bin/../lib/gcc/nios2-elf/4.1.2\libgcc.a
START GROUP
LOAD c:/altera/12.1/nios2eds/bin/gnu/h-i686-mingw32/bin/../lib/gcc/nios2-elf/4.1.2/../../../../nios2-elf/lib\libc.a
LOAD c:/altera/12.1/nios2eds/bin/gnu/h-i686-mingw32/bin/../lib/gcc/nios2-elf/4.1.2\libgcc.a
LOAD ../Car2X_communication_bsp/\libucosii_bsp.a
END GROUP
LOAD c:/altera/12.1/nios2eds/bin/gnu/h-i686-mingw32/bin/../lib/gcc/nios2-elf/4.1.2\libgcc.a
                0x04000000                __alt_mem_com_memory = 0x4000000
                0x08000000                __alt_mem_ethernet_subsystem_descriptor_memory = 0x8000000
                0x08002000                __alt_mem_shared_memory = 0x8002000
                0x08004000                __alt_mem_com_ocmemory = 0x8004000

.entry          0x04005000       0x20
 *(.entry)
 .entry         0x04005000       0x20 ../Car2X_communication_bsp//obj/HAL/src/crt0.o
                0x04005000                __reset

.exceptions     0x04005020      0x19c
                0x04005020                PROVIDE (__ram_exceptions_start, ABSOLUTE (.))
                0x04005020                . = ALIGN (0x20)
 *(.irq)
 *(.exceptions.entry.label)
 .exceptions.entry.label
                0x04005020        0x0 ../Car2X_communication_bsp/\libucosii_bsp.a(alt_irq_entry.o)
                0x04005020                alt_irq_entry
 .exceptions.entry.label
                0x04005020        0x0 ../Car2X_communication_bsp/\libucosii_bsp.a(alt_exception_entry.o)
                0x04005020                alt_exception
 *(.exceptions.entry.user)
 *(.exceptions.entry)
 .exceptions.entry
                0x04005020       0x54 ../Car2X_communication_bsp/\libucosii_bsp.a(alt_exception_entry.o)
 *(.exceptions.irqtest.user)
 *(.exceptions.irqtest)
 .exceptions.irqtest
                0x04005074       0x10 ../Car2X_communication_bsp/\libucosii_bsp.a(alt_irq_entry.o)
 *(.exceptions.irqhandler.user)
 *(.exceptions.irqhandler)
 .exceptions.irqhandler
                0x04005084        0x4 ../Car2X_communication_bsp/\libucosii_bsp.a(alt_irq_entry.o)
 *(.exceptions.irqreturn.user)
 *(.exceptions.irqreturn)
 .exceptions.irqreturn
                0x04005088        0x4 ../Car2X_communication_bsp/\libucosii_bsp.a(alt_irq_entry.o)
 *(.exceptions.notirq.label)
 .exceptions.notirq.label
                0x0400508c        0x0 ../Car2X_communication_bsp/\libucosii_bsp.a(alt_irq_entry.o)
 *(.exceptions.notirq.user)
 *(.exceptions.notirq)
 .exceptions.notirq
                0x0400508c        0x8 ../Car2X_communication_bsp/\libucosii_bsp.a(alt_exception_entry.o)
 *(.exceptions.soft.user)
 *(.exceptions.soft)
 *(.exceptions.unknown.user)
 *(.exceptions.unknown)
 .exceptions.unknown
                0x04005094        0x4 ../Car2X_communication_bsp/\libucosii_bsp.a(alt_exception_entry.o)
 *(.exceptions.exit.label)
 .exceptions.exit.label
                0x04005098        0x0 ../Car2X_communication_bsp/\libucosii_bsp.a(alt_irq_entry.o)
 .exceptions.exit.label
                0x04005098        0x0 ../Car2X_communication_bsp/\libucosii_bsp.a(alt_exception_entry.o)
 *(.exceptions.exit.user)
 *(.exceptions.exit)
 .exceptions.exit
                0x04005098       0x54 ../Car2X_communication_bsp/\libucosii_bsp.a(alt_exception_entry.o)
 *(.exceptions)
 .exceptions    0x040050ec       0xd0 ../Car2X_communication_bsp/\libucosii_bsp.a(alt_irq_handler.o)
                0x040050ec                alt_irq_handler
                0x040051bc                PROVIDE (__ram_exceptions_end, ABSOLUTE (.))
                0x04005020                PROVIDE (__flash_exceptions_start, LOADADDR (.exceptions))

.text           0x040051bc    0x564d8
                0x040051bc                PROVIDE (stext, ABSOLUTE (.))
 *(.interp)
 *(.hash)
 *(.dynsym)
 *(.dynstr)
 *(.gnu.version)
 *(.gnu.version_d)
 *(.gnu.version_r)
 *(.rel.init)
 *(.rela.init)
 *(.rel.text .rel.text.* .rel.gnu.linkonce.t.*)
 *(.rela.text .rela.text.* .rela.gnu.linkonce.t.*)
 *(.rel.fini)
 *(.rela.fini)
 *(.rel.rodata .rel.rodata.* .rel.gnu.linkonce.r.*)
 *(.rela.rodata .rela.rodata.* .rela.gnu.linkonce.r.*)
 *(.rel.data .rel.data.* .rel.gnu.linkonce.d.*)
 *(.rela.data .rela.data.* .rela.gnu.linkonce.d.*)
 *(.rel.tdata .rel.tdata.* .rel.gnu.linkonce.td.*)
 *(.rela.tdata .rela.tdata.* .rela.gnu.linkonce.td.*)
 *(.rel.tbss .rel.tbss.* .rel.gnu.linkonce.tb.*)
 *(.rela.tbss .rela.tbss.* .rela.gnu.linkonce.tb.*)
 *(.rel.ctors)
 *(.rela.ctors)
 *(.rel.dtors)
 *(.rela.dtors)
 *(.rel.got)
 *(.rela.got)
 *(.rel.sdata .rel.sdata.* .rel.gnu.linkonce.s.*)
 *(.rela.sdata .rela.sdata.* .rela.gnu.linkonce.s.*)
 *(.rel.sbss .rel.sbss.* .rel.gnu.linkonce.sb.*)
 *(.rela.sbss .rela.sbss.* .rela.gnu.linkonce.sb.*)
 *(.rel.sdata2 .rel.sdata2.* .rel.gnu.linkonce.s2.*)
 *(.rela.sdata2 .rela.sdata2.* .rela.gnu.linkonce.s2.*)
 *(.rel.sbss2 .rel.sbss2.* .rel.gnu.linkonce.sb2.*)
 *(.rela.sbss2 .rela.sbss2.* .rela.gnu.linkonce.sb2.*)
 *(.rel.bss .rel.bss.* .rel.gnu.linkonce.b.*)
 *(.rela.bss .rela.bss.* .rela.gnu.linkonce.b.*)
 *(.rel.plt)
 *(.rela.plt)
 *(.rel.dyn)
 *(.init)
 *(.plt)
 *(.text .stub .text.* .gnu.linkonce.t.*)
 .text          0x040051bc       0x4c ../Car2X_communication_bsp//obj/HAL/src/crt0.o
                0x040051bc                _start
 .text          0x04005208      0xba8 obj/default/alt_error_handler.o
                0x04005208                alt_uCOSIIErrorHandler
                0x0400582c                alt_NetworkErrorHandler
                0x04005ac4                alt_SSSErrorHandler
 .text          0x04005db0       0xec obj/default/main.o
                0x04005db0                SSSInitialTask
                0x04005e20                main
 .text          0x04005e9c      0x5f8 obj/default/network_utilities.o
                0x04005e9c                get_mac_addr
                0x04005ef4                get_ip_addr
                0x040060b8                get_serial_number
                0x04006294                generate_and_store_mac_addr
                0x040062c0                generate_mac_addr
                0x040063fc                get_board_mac_addr
                0x0400646c                FindLastFlashSectorOffset
 .text          0x04006494        0x0 obj/default/tse_my_system.o
 .text          0x04006494      0xb78 obj/default/COMM_CarProtocol/ADCInfoMessage.o
                0x04006494                CADCInfoMessage::doAction()
                0x040064b4                CADCInfoMessage::answerMessage(unsigned char, unsigned char*, unsigned char*)
                0x04006614                CADCInfoMessage::getLength()
                0x04006638                CADCInfoMessage::parseMessage(unsigned char*, int)
                0x040067c8                CADCInfoMessage::getBytes(unsigned char*)
                0x04006984                CADCInfoMessage::~CADCInfoMessage()
                0x040069dc                CADCInfoMessage::~CADCInfoMessage()
                0x04006a34                CADCInfoMessage::~CADCInfoMessage()
                0x04006a8c                CADCInfoMessage::CADCInfoMessage(unsigned char*, int)
                0x04006be8                CADCInfoMessage::CADCInfoMessage(unsigned char*, int)
                0x04006d44                CADCInfoMessage::CADCInfoMessage(unsigned char*)
                0x04006ea8                CADCInfoMessage::CADCInfoMessage(unsigned char*)
 .text          0x0400700c      0x914 obj/default/COMM_CarProtocol/ADCValuesMessage.o
                0x0400700c                CADCValuesMessage::doAction()
                0x0400702c                CADCValuesMessage::answerMessage(unsigned char*, unsigned short*)
                0x04007090                CADCValuesMessage::getLength()
                0x040070b4                CADCValuesMessage::parseMessage(unsigned char*, int)
                0x04007194                CADCValuesMessage::getBytes(unsigned char*)
                0x040072a8                CADCValuesMessage::~CADCValuesMessage()
                0x04007300                CADCValuesMessage::~CADCValuesMessage()
                0x04007358                CADCValuesMessage::~CADCValuesMessage()
                0x040073b0                CADCValuesMessage::CADCValuesMessage(unsigned char*, int)
                0x0400750c                CADCValuesMessage::CADCValuesMessage(unsigned char*, int)
                0x04007668                CADCValuesMessage::CADCValuesMessage(unsigned char*)
                0x040077c4                CADCValuesMessage::CADCValuesMessage(unsigned char*)
 .text          0x04007920      0xa48 obj/default/COMM_CarProtocol/AccelerationValuesMessage.o
                0x04007920                CAccelerationValuesMessage::answerMessage(short, short, short, unsigned char)
                0x0400799c                CAccelerationValuesMessage::getLength()
                0x040079c0                CAccelerationValuesMessage::parseMessage(unsigned char*, int)
                0x04007ab8                CAccelerationValuesMessage::getBytes(unsigned char*)
                0x04007c3c                CAccelerationValuesMessage::doAction()
                0x04007d00                CAccelerationValuesMessage::~CAccelerationValuesMessage()
                0x04007d58                CAccelerationValuesMessage::~CAccelerationValuesMessage()
                0x04007db0                CAccelerationValuesMessage::~CAccelerationValuesMessage()
                0x04007e08                CAccelerationValuesMessage::CAccelerationValuesMessage(unsigned char*, int)
                0x04007f64                CAccelerationValuesMessage::CAccelerationValuesMessage(unsigned char*, int)
                0x040080c0                CAccelerationValuesMessage::CAccelerationValuesMessage()
                0x04008214                CAccelerationValuesMessage::CAccelerationValuesMessage()
 .text          0x04008368      0x34c obj/default/COMM_CarProtocol/CControlMessage.o
                0x04008368                CControlMessage::answerMessage(bool)
                0x0400838c                CControlMessage::doAction()
                0x040083ac                CControlMessage::getBytes(unsigned char*)
                0x040083d4                CControlMessage::getLength()
                0x040083f8                CControlMessage::parseMessage(unsigned char*, int)
                0x0400847c                CControlMessage::~CControlMessage()
                0x040084d4                CControlMessage::~CControlMessage()
                0x0400852c                CControlMessage::~CControlMessage()
                0x04008584                CControlMessage::CControlMessage(unsigned char*, int)
                0x040085dc                CControlMessage::CControlMessage(unsigned char*, int)
                0x04008634                CControlMessage::CControlMessage()
                0x04008674                CControlMessage::CControlMessage()
 .text          0x040086b4      0x2d0 obj/default/COMM_CarProtocol/CEmergencyBrakeMessage.o
                0x040086b4                CEmergencyBrakeMessage::answerMessage(bool)
                0x040086d8                CEmergencyBrakeMessage::doAction()
                0x040086f8                CEmergencyBrakeMessage::getBytes(unsigned char*)
                0x04008720                CEmergencyBrakeMessage::getLength()
                0x04008744                CEmergencyBrakeMessage::parseMessage(unsigned char*, int)
                0x0400876c                CEmergencyBrakeMessage::~CEmergencyBrakeMessage()
                0x040087c4                CEmergencyBrakeMessage::~CEmergencyBrakeMessage()
                0x0400881c                CEmergencyBrakeMessage::~CEmergencyBrakeMessage()
                0x04008874                CEmergencyBrakeMessage::CEmergencyBrakeMessage(unsigned char*, int)
                0x040088bc                CEmergencyBrakeMessage::CEmergencyBrakeMessage(unsigned char*, int)
                0x04008904                CEmergencyBrakeMessage::CEmergencyBrakeMessage()
                0x04008944                CEmergencyBrakeMessage::CEmergencyBrakeMessage()
 .text          0x04008984      0x614 obj/default/COMM_CarProtocol/CarMessage.o
                0x04008984                CCarMessage::CCarMessage()
                0x040089bc                CCarMessage::CCarMessage()
                0x040089f4                CCarMessage::doAction()
                0x04008a14                CCarMessage::getBytes(unsigned char*)
                0x04008ab0                CCarMessage::getLength()
                0x04008ad4                CCarMessage::getType()
                0x04008b00                CCarMessage::getSubType()
                0x04008b2c                CCarMessage::isValid()
                0x04008b58                CCarMessage::setHeader(unsigned char, unsigned char, bool)
                0x04008bbc                CCarMessage::CCarMessage(unsigned char, unsigned char, bool)
                0x04008c14                CCarMessage::CCarMessage(unsigned char, unsigned char, bool)
                0x04008c6c                CCarMessage::setHeader(unsigned char, unsigned char, unsigned char, bool)
                0x04008cdc                CCarMessage::parseHeader(unsigned char*, int)
                0x04008d68                CCarMessage::CCarMessage(unsigned char*, int)
                0x04008dc0                CCarMessage::CCarMessage(unsigned char*, int)
                0x04008e18                CCarMessage::writeHeaderToBuffer(unsigned char*, int)
                0x04008ea8                CCarMessage::~CCarMessage()
                0x04008ef8                CCarMessage::~CCarMessage()
                0x04008f48                CCarMessage::~CCarMessage()
 .text          0x04008f98     0x1478 obj/default/COMM_CarProtocol/CarProtocol.o
                0x04008f98                CCarProtocol::CCarProtocol(unsigned short, CCarMessage**, unsigned long)
                0x04009058                CCarProtocol::CCarProtocol(unsigned short, CCarMessage**, unsigned long)
                0x04009118                CCarProtocol::isValid()
                0x04009144                CCarProtocol::getLength()
                0x040091f4                CCarProtocol::getNthMessage(unsigned long)
                0x04009254                CCarProtocol::getMessageCount()
                0x0400927c                CCarProtocol::getBytes(unsigned char*)
                0x04009488                CCarProtocol::~CCarProtocol()
                0x040095a8                CCarProtocol::~CCarProtocol()
                0x040096c8                CCarProtocol::~CCarProtocol()
                0x040097e8                CCarProtocol::parsePacket(unsigned char*, int)
                0x0400a350                CCarProtocol::CCarProtocol(unsigned char*, int)
                0x0400a3b0                CCarProtocol::CCarProtocol(unsigned char*, int)
 .text          0x0400a410      0x9e0 obj/default/COMM_CarProtocol/MotorMeasurementMessage.o
                0x0400a410                CMotorMeasurementMessage::doAction()
                0x0400a430                CMotorMeasurementMessage::getLength()
                0x0400a454                CMotorMeasurementMessage::answerMessage(short, unsigned short, short, short, short)
                0x0400a4e4                CMotorMeasurementMessage::getBytes(unsigned char*)
                0x0400a618                CMotorMeasurementMessage::parseMessage(unsigned char*, int)
                0x0400a750                CMotorMeasurementMessage::~CMotorMeasurementMessage()
                0x0400a7a8                CMotorMeasurementMessage::~CMotorMeasurementMessage()
                0x0400a800                CMotorMeasurementMessage::~CMotorMeasurementMessage()
                0x0400a858                CMotorMeasurementMessage::CMotorMeasurementMessage(unsigned char*, int)
                0x0400a9b4                CMotorMeasurementMessage::CMotorMeasurementMessage(unsigned char*, int)
                0x0400ab10                CMotorMeasurementMessage::CMotorMeasurementMessage()
                0x0400ac80                CMotorMeasurementMessage::CMotorMeasurementMessage()
 .text          0x0400adf0      0x824 obj/default/COMM_CarProtocol/MotorVelocityMessage.o
                0x0400adf0                CMotorVelocityMessage::doAction()
                0x0400ae10                CMotorVelocityMessage::getLength()
                0x0400ae34                CMotorVelocityMessage::answerMessage(short)
                0x0400ae7c                CMotorVelocityMessage::parseMessage(unsigned char*, int)
                0x0400af10                CMotorVelocityMessage::getBytes(unsigned char*)
                0x0400afa4                CMotorVelocityMessage::~CMotorVelocityMessage()
                0x0400affc                CMotorVelocityMessage::~CMotorVelocityMessage()
                0x0400b054                CMotorVelocityMessage::~CMotorVelocityMessage()
                0x0400b0ac                CMotorVelocityMessage::CMotorVelocityMessage(unsigned char*, int)
                0x0400b208                CMotorVelocityMessage::CMotorVelocityMessage(unsigned char*, int)
                0x0400b364                CMotorVelocityMessage::CMotorVelocityMessage(short)
                0x0400b4bc                CMotorVelocityMessage::CMotorVelocityMessage(short)
 .text          0x0400b614      0x864 obj/default/COMM_CarProtocol/UltrasoundDistanceMessage.o
                0x0400b614                CUltrasoundDistanceMessage::doAction()
                0x0400b634                CUltrasoundDistanceMessage::answerMessage(long)
                0x0400b6a4                CUltrasoundDistanceMessage::getLength()
                0x0400b6c8                CUltrasoundDistanceMessage::parseMessage(unsigned char*, int)
                0x0400b75c                CUltrasoundDistanceMessage::getBytes(unsigned char*)
                0x0400b818                CUltrasoundDistanceMessage::~CUltrasoundDistanceMessage()
                0x0400b870                CUltrasoundDistanceMessage::~CUltrasoundDistanceMessage()
                0x0400b8c8                CUltrasoundDistanceMessage::~CUltrasoundDistanceMessage()
                0x0400b920                CUltrasoundDistanceMessage::CUltrasoundDistanceMessage(unsigned char*, int)
                0x0400ba7c                CUltrasoundDistanceMessage::CUltrasoundDistanceMessage(unsigned char*, int)
                0x0400bbd8                CUltrasoundDistanceMessage::CUltrasoundDistanceMessage()
                0x0400bd28                CUltrasoundDistanceMessage::CUltrasoundDistanceMessage()
 .text          0x0400be78      0x9b0 obj/default/COMM_CarProtocol/WelcomeMessage.o
                0x0400be78                CWelcomeMessage::doAction()
                0x0400be98                CWelcomeMessage::getLength()
                0x0400bebc                CWelcomeMessage::parseMessage(unsigned char*, int)
                0x0400bf90                CWelcomeMessage::answerMessage(unsigned char, unsigned char, unsigned char, unsigned char*)
                0x0400c054                CWelcomeMessage::getBytes(unsigned char*)
                0x0400c130                CWelcomeMessage::~CWelcomeMessage()
                0x0400c188                CWelcomeMessage::~CWelcomeMessage()
                0x0400c1e0                CWelcomeMessage::~CWelcomeMessage()
                0x0400c238                CWelcomeMessage::CWelcomeMessage(unsigned char)
                0x0400c3d4                CWelcomeMessage::CWelcomeMessage(unsigned char)
                0x0400c570                CWelcomeMessage::CWelcomeMessage(unsigned char*, int)
                0x0400c6cc                CWelcomeMessage::CWelcomeMessage(unsigned char*, int)
 .text          0x0400c828       0xf8 obj/default/etc/utility.o
                0x0400c828                delay(unsigned int)
                0x0400c870                swapEndianess(unsigned char*, unsigned long)
 .text          0x0400c920      0x110 obj/default/external_drivers/accelerometer_interface.o
                0x0400c920                getAcceleration(short*)
 .text          0x0400ca30      0x1fc obj/default/external_drivers/adc_interface.o
                0x0400ca30                ReadADCChannels(unsigned char*, unsigned char, unsigned long*)
 .text          0x0400cc2c      0x104 obj/default/external_drivers/ultrasound_interface.o
                0x0400cc2c                measuredistance(unsigned long)
 .text          0x0400cd30      0x4c4 obj/default/sensors/ADCSensor.o
                0x0400cd30                CADCSensor::updateSensorState(CCarMessage*)
                0x0400cd58                CADCSensor::getValueByChannel(unsigned char)
                0x0400cdd8                CADCSensor::getChannelAliasStrings()
                0x0400ce00                CADCSensor::getCarMessage()
                0x0400d014                CADCSensor::~CADCSensor()
                0x0400d06c                CADCSensor::~CADCSensor()
                0x0400d0c4                CADCSensor::~CADCSensor()
                0x0400d11c                CADCSensor::CADCSensor()
                0x0400d188                CADCSensor::CADCSensor()
 .text          0x0400d1f4      0x3bc obj/default/sensors/AccelerationSensor.o
                0x0400d1f4                CAccelerationSensor::updateSensorState(CCarMessage*)
                0x0400d21c                CAccelerationSensor::getXAcceleration()
                0x0400d250                CAccelerationSensor::getYAcceleration()
                0x0400d284                CAccelerationSensor::getZAcceleration()
                0x0400d2b8                CAccelerationSensor::isAccelerationValid()
                0x0400d2e4                CAccelerationSensor::getCarMessage()
                0x0400d400                CAccelerationSensor::~CAccelerationSensor()
                0x0400d458                CAccelerationSensor::~CAccelerationSensor()
                0x0400d4b0                CAccelerationSensor::~CAccelerationSensor()
                0x0400d508                CAccelerationSensor::CAccelerationSensor()
                0x0400d55c                CAccelerationSensor::CAccelerationSensor()
 .text          0x0400d5b0      0x1f4 obj/default/sensors/SensorState.o
                0x0400d5b0                CSensorState::CSensorState()
                0x0400d5e0                CSensorState::CSensorState()
                0x0400d610                CSensorState::getCarMessage()
                0x0400d634                CSensorState::updateSensorState(CCarMessage*)
                0x0400d65c                CSensorState::getType()
                0x0400d688                CSensorState::isValid()
                0x0400d6b4                CSensorState::~CSensorState()
                0x0400d704                CSensorState::~CSensorState()
                0x0400d754                CSensorState::~CSensorState()
 .text          0x0400d7a4      0x340 obj/default/sensors/UltrasoundSensor.o
                0x0400d7a4                CUltrasoundSensor::updateSensorState(CCarMessage*)
                0x0400d7cc                CUltrasoundSensor::getDistance()
                0x0400d7f8                CUltrasoundSensor::isDistanceValid()
                0x0400d828                CUltrasoundSensor::getCarMessage()
                0x0400d944                CUltrasoundSensor::~CUltrasoundSensor()
                0x0400d99c                CUltrasoundSensor::~CUltrasoundSensor()
                0x0400d9f4                CUltrasoundSensor::~CUltrasoundSensor()
                0x0400da4c                CUltrasoundSensor::CUltrasoundSensor()
                0x0400da98                CUltrasoundSensor::CUltrasoundSensor()
 .text          0x0400dae4      0xc90 obj/default/socketserver.o
                0x0400db14                sss_reset_connection(SSS_SOCKET*)
                0x0400db7c                sss_handle_receive(SSS_SOCKET*)
                0x0400dc18                receive_bytes(SSS_SOCKET*)
                0x0400dca4                sss_exec_command(CCarProtocol*, SSS_SOCKET*)
                0x0400de10                sss_handle_receive_new(SSS_SOCKET*)
                0x0400e218                sss_handle_accept(int, SSS_SOCKET*)
                0x0400e3d8                SSSSimpleSocketServerTask
 .text._ZnwmPv  0x0400e774       0x28 obj/default/socketserver.o
                0x0400e774                operator new(unsigned long, void*)
 .text._ZN9__gnu_cxx13new_allocatorI10SSS_SOCKETEC2Ev
                0x0400e79c       0x20 obj/default/socketserver.o
                0x0400e79c                __gnu_cxx::new_allocator<SSS_SOCKET>::new_allocator()
 .text._ZNSaI10SSS_SOCKETEC1Ev
                0x0400e7bc       0x30 obj/default/socketserver.o
                0x0400e7bc                std::allocator<SSS_SOCKET>::allocator()
 .text._ZN9__gnu_cxx13new_allocatorI10SSS_SOCKETED2Ev
                0x0400e7ec       0x20 obj/default/socketserver.o
                0x0400e7ec                __gnu_cxx::new_allocator<SSS_SOCKET>::~new_allocator()
 .text._ZNSaI10SSS_SOCKETED1Ev
                0x0400e80c       0x30 obj/default/socketserver.o
                0x0400e80c                std::allocator<SSS_SOCKET>::~allocator()
 .text._ZNSaI10SSS_SOCKETED2Ev
                0x0400e83c       0x30 obj/default/socketserver.o
                0x0400e83c                std::allocator<SSS_SOCKET>::~allocator()
 .text._ZN9__gnu_cxx13new_allocatorI10SSS_SOCKETEC2ERKS2_
                0x0400e86c       0x24 obj/default/socketserver.o
                0x0400e86c                __gnu_cxx::new_allocator<SSS_SOCKET>::new_allocator(__gnu_cxx::new_allocator<SSS_SOCKET> const&)
 .text._ZNSaI10SSS_SOCKETEC2ERKS0_
                0x0400e890       0x38 obj/default/socketserver.o
                0x0400e890                std::allocator<SSS_SOCKET>::allocator(std::allocator<SSS_SOCKET> const&)
 .text._ZNSaI10SSS_SOCKETEC1ERKS0_
                0x0400e8c8       0x38 obj/default/socketserver.o
                0x0400e8c8                std::allocator<SSS_SOCKET>::allocator(std::allocator<SSS_SOCKET> const&)
 .text._ZNSt12_Vector_baseI10SSS_SOCKETSaIS0_EE12_Vector_implD1Ev
                0x0400e900       0x30 obj/default/socketserver.o
                0x0400e900                std::_Vector_base<SSS_SOCKET, std::allocator<SSS_SOCKET> >::_Vector_impl::~_Vector_impl()
 .text._ZNSt12_Vector_baseI10SSS_SOCKETSaIS0_EE19_M_get_Tp_allocatorEv
                0x0400e930       0x24 obj/default/socketserver.o
                0x0400e930                std::_Vector_base<SSS_SOCKET, std::allocator<SSS_SOCKET> >::_M_get_Tp_allocator()
 .text._ZNK9__gnu_cxx17__normal_iteratorIP10SSS_SOCKETSt6vectorIS1_SaIS1_EEEdeEv
                0x0400e954       0x28 obj/default/socketserver.o
                0x0400e954                __gnu_cxx::__normal_iterator<SSS_SOCKET*, std::vector<SSS_SOCKET, std::allocator<SSS_SOCKET> > >::operator*() const
 .text._ZN9__gnu_cxx17__normal_iteratorIP10SSS_SOCKETSt6vectorIS1_SaIS1_EEEC1ERKS2_
                0x0400e97c       0x34 obj/default/socketserver.o
                0x0400e97c                __gnu_cxx::__normal_iterator<SSS_SOCKET*, std::vector<SSS_SOCKET, std::allocator<SSS_SOCKET> > >::__normal_iterator(SSS_SOCKET* const&)
 .text._ZNSt6vectorI10SSS_SOCKETSaIS0_EE5beginEv
                0x0400e9b0       0x38 obj/default/socketserver.o
                0x0400e9b0                std::vector<SSS_SOCKET, std::allocator<SSS_SOCKET> >::begin()
 .text._ZNK9__gnu_cxx17__normal_iteratorIP10SSS_SOCKETSt6vectorIS1_SaIS1_EEEplERKl
                0x0400e9e8       0x58 obj/default/socketserver.o
                0x0400e9e8                __gnu_cxx::__normal_iterator<SSS_SOCKET*, std::vector<SSS_SOCKET, std::allocator<SSS_SOCKET> > >::operator+(long const&) const
 .text._ZNSt6vectorI10SSS_SOCKETSaIS0_EEixEm
                0x0400ea40       0x58 obj/default/socketserver.o
                0x0400ea40                std::vector<SSS_SOCKET, std::allocator<SSS_SOCKET> >::operator[](unsigned long)
 .text._ZNSt6vectorI10SSS_SOCKETSaIS0_EE3endEv
                0x0400ea98       0x3c obj/default/socketserver.o
                0x0400ea98                std::vector<SSS_SOCKET, std::allocator<SSS_SOCKET> >::end()
 .text._ZN10SSS_SOCKETD1Ev
                0x0400ead4       0x20 obj/default/socketserver.o
                0x0400ead4                SSS_SOCKET::~SSS_SOCKET()
 .text._ZN9__gnu_cxx13new_allocatorI10SSS_SOCKETE7destroyEPS1_
                0x0400eaf4       0x34 obj/default/socketserver.o
                0x0400eaf4                __gnu_cxx::new_allocator<SSS_SOCKET>::destroy(SSS_SOCKET*)
 .text._ZN9__gnu_cxx13new_allocatorI10SSS_SOCKETE9constructEPS1_RKS1_
                0x0400eb28       0x60 obj/default/socketserver.o
                0x0400eb28                __gnu_cxx::new_allocator<SSS_SOCKET>::construct(SSS_SOCKET*, SSS_SOCKET const&)
 .text._ZNSt12_Vector_baseI10SSS_SOCKETSaIS0_EE12_Vector_implC1ERKS1_
                0x0400eb88       0x50 obj/default/socketserver.o
                0x0400eb88                std::_Vector_base<SSS_SOCKET, std::allocator<SSS_SOCKET> >::_Vector_impl::_Vector_impl(std::allocator<SSS_SOCKET> const&)
 .text._ZNSt12_Vector_baseI10SSS_SOCKETSaIS0_EEC2ERKS1_
                0x0400ebd8       0x38 obj/default/socketserver.o
                0x0400ebd8                std::_Vector_base<SSS_SOCKET, std::allocator<SSS_SOCKET> >::_Vector_base(std::allocator<SSS_SOCKET> const&)
 .text._ZNSt6vectorI10SSS_SOCKETSaIS0_EEC1ERKS1_
                0x0400ec10       0x38 obj/default/socketserver.o
                0x0400ec10                std::vector<SSS_SOCKET, std::allocator<SSS_SOCKET> >::vector(std::allocator<SSS_SOCKET> const&)
 .text._ZN9__gnu_cxx17__normal_iteratorIPK10SSS_SOCKETSt6vectorIS1_SaIS1_EEEC1ERKS3_
                0x0400ec48       0x34 obj/default/socketserver.o
                0x0400ec48                __gnu_cxx::__normal_iterator<SSS_SOCKET const*, std::vector<SSS_SOCKET, std::allocator<SSS_SOCKET> > >::__normal_iterator(SSS_SOCKET const* const&)
 .text._ZNKSt6vectorI10SSS_SOCKETSaIS0_EE3endEv
                0x0400ec7c       0x44 obj/default/socketserver.o
                0x0400ec7c                std::vector<SSS_SOCKET, std::allocator<SSS_SOCKET> >::end() const
 .text._ZNKSt6vectorI10SSS_SOCKETSaIS0_EE5beginEv
                0x0400ecc0       0x44 obj/default/socketserver.o
                0x0400ecc0                std::vector<SSS_SOCKET, std::allocator<SSS_SOCKET> >::begin() const
 .text._ZNK9__gnu_cxx17__normal_iteratorIPK10SSS_SOCKETSt6vectorIS1_SaIS1_EEE4baseEv
                0x0400ed04       0x24 obj/default/socketserver.o
                0x0400ed04                __gnu_cxx::__normal_iterator<SSS_SOCKET const*, std::vector<SSS_SOCKET, std::allocator<SSS_SOCKET> > >::base() const
 .text._ZN9__gnu_cxxmiIPK10SSS_SOCKETS3_St6vectorIS1_SaIS1_EEEENS_17__normal_iteratorIT_T1_E15difference_typeERKSA_RKNS7_IT0_S9_EE
                0x0400ed28       0x64 obj/default/socketserver.o
                0x0400ed28                __gnu_cxx::__normal_iterator<SSS_SOCKET const*, std::vector<SSS_SOCKET, std::allocator<SSS_SOCKET> > >::difference_type __gnu_cxx::operator-<SSS_SOCKET const*, SSS_SOCKET const*, std::vector<SSS_SOCKET, std::allocator<SSS_SOCKET> > >(__gnu_cxx::__normal_iterator<SSS_SOCKET const*, std::vector<SSS_SOCKET, std::allocator<SSS_SOCKET> > > const&, __gnu_cxx::__normal_iterator<SSS_SOCKET const*, std::vector<SSS_SOCKET, std::allocator<SSS_SOCKET> > > const&)
 .text._ZNKSt6vectorI10SSS_SOCKETSaIS0_EE4sizeEv
                0x0400ed8c       0x4c obj/default/socketserver.o
                0x0400ed8c                std::vector<SSS_SOCKET, std::allocator<SSS_SOCKET> >::size() const
 .text._ZNK9__gnu_cxx17__normal_iteratorIP10SSS_SOCKETSt6vectorIS1_SaIS1_EEE4baseEv
                0x0400edd8       0x24 obj/default/socketserver.o
                0x0400edd8                __gnu_cxx::__normal_iterator<SSS_SOCKET*, std::vector<SSS_SOCKET, std::allocator<SSS_SOCKET> > >::base() const
 .text._ZN9__gnu_cxxneIP10SSS_SOCKETSt6vectorIS1_SaIS1_EEEEbRKNS_17__normal_iteratorIT_T0_EESB_
                0x0400edfc       0x50 obj/default/socketserver.o
                0x0400edfc                bool __gnu_cxx::operator!=<SSS_SOCKET*, std::vector<SSS_SOCKET, std::allocator<SSS_SOCKET> > >(__gnu_cxx::__normal_iterator<SSS_SOCKET*, std::vector<SSS_SOCKET, std::allocator<SSS_SOCKET> > > const&, __gnu_cxx::__normal_iterator<SSS_SOCKET*, std::vector<SSS_SOCKET, std::allocator<SSS_SOCKET> > > const&)
 .text._ZNKSt6vectorI10SSS_SOCKETSaIS0_EE8max_sizeEv
                0x0400ee4c       0x28 obj/default/socketserver.o
                0x0400ee4c                std::vector<SSS_SOCKET, std::allocator<SSS_SOCKET> >::max_size() const
 .text._ZN9__gnu_cxx17__normal_iteratorIP10SSS_SOCKETSt6vectorIS1_SaIS1_EEEppEv
                0x0400ee74       0x38 obj/default/socketserver.o
                0x0400ee74                __gnu_cxx::__normal_iterator<SSS_SOCKET*, std::vector<SSS_SOCKET, std::allocator<SSS_SOCKET> > >::operator++()
 .text._ZSt8_DestroyI10SSS_SOCKETEvPT_
                0x0400eeac       0x30 obj/default/socketserver.o
                0x0400eeac                void std::_Destroy<SSS_SOCKET>(SSS_SOCKET*)
 .text._ZSt13__destroy_auxIP10SSS_SOCKETEvT_S2_12__false_type
                0x0400eedc       0x54 obj/default/socketserver.o
                0x0400eedc                void std::__destroy_aux<SSS_SOCKET*>(SSS_SOCKET*, SSS_SOCKET*, __false_type)
 .text._ZSt8_DestroyIP10SSS_SOCKETEvT_S2_
                0x0400ef30       0x3c obj/default/socketserver.o
                0x0400ef30                void std::_Destroy<SSS_SOCKET*>(SSS_SOCKET*, SSS_SOCKET*)
 .text._ZSt8_DestroyIP10SSS_SOCKETS0_EvT_S2_SaIT0_E
                0x0400ef6c       0x3c obj/default/socketserver.o
                0x0400ef6c                void std::_Destroy<SSS_SOCKET*, SSS_SOCKET>(SSS_SOCKET*, SSS_SOCKET*, std::allocator<SSS_SOCKET>)
 .text._ZNSt6__copyILb0ESt26random_access_iterator_tagE4copyIP10SSS_SOCKETS4_EET0_T_S6_S5_
                0x0400efa8       0xa0 obj/default/socketserver.o
                0x0400efa8                SSS_SOCKET* std::__copy<false, std::random_access_iterator_tag>::copy<SSS_SOCKET*, SSS_SOCKET*>(SSS_SOCKET*, SSS_SOCKET*, SSS_SOCKET*)
 .text._ZSt10__copy_auxIP10SSS_SOCKETS1_ET0_T_S3_S2_
                0x0400f048       0x44 obj/default/socketserver.o
                0x0400f048                SSS_SOCKET* std::__copy_aux<SSS_SOCKET*, SSS_SOCKET*>(SSS_SOCKET*, SSS_SOCKET*, SSS_SOCKET*)
 .text._ZNSt13__copy_normalILb1ELb1EE6copy_nIN9__gnu_cxx17__normal_iteratorIP10SSS_SOCKETSt6vectorIS4_SaIS4_EEEES9_EET0_T_SB_SA_
                0x0400f08c       0x84 obj/default/socketserver.o
                0x0400f08c                __gnu_cxx::__normal_iterator<SSS_SOCKET*, std::vector<SSS_SOCKET, std::allocator<SSS_SOCKET> > > std::__copy_normal<true, true>::copy_n<__gnu_cxx::__normal_iterator<SSS_SOCKET*, std::vector<SSS_SOCKET, std::allocator<SSS_SOCKET> > >, __gnu_cxx::__normal_iterator<SSS_SOCKET*, std::vector<SSS_SOCKET, std::allocator<SSS_SOCKET> > > >(__gnu_cxx::__normal_iterator<SSS_SOCKET*, std::vector<SSS_SOCKET, std::allocator<SSS_SOCKET> > >, __gnu_cxx::__normal_iterator<SSS_SOCKET*, std::vector<SSS_SOCKET, std::allocator<SSS_SOCKET> > >, __gnu_cxx::__normal_iterator<SSS_SOCKET*, std::vector<SSS_SOCKET, std::allocator<SSS_SOCKET> > >)
 .text._ZSt4copyIN9__gnu_cxx17__normal_iteratorIP10SSS_SOCKETSt6vectorIS2_SaIS2_EEEES7_ET0_T_S9_S8_
                0x0400f110       0x50 obj/default/socketserver.o
                0x0400f110                __gnu_cxx::__normal_iterator<SSS_SOCKET*, std::vector<SSS_SOCKET, std::allocator<SSS_SOCKET> > > std::copy<__gnu_cxx::__normal_iterator<SSS_SOCKET*, std::vector<SSS_SOCKET, std::allocator<SSS_SOCKET> > >, __gnu_cxx::__normal_iterator<SSS_SOCKET*, std::vector<SSS_SOCKET, std::allocator<SSS_SOCKET> > > >(__gnu_cxx::__normal_iterator<SSS_SOCKET*, std::vector<SSS_SOCKET, std::allocator<SSS_SOCKET> > >, __gnu_cxx::__normal_iterator<SSS_SOCKET*, std::vector<SSS_SOCKET, std::allocator<SSS_SOCKET> > >, __gnu_cxx::__normal_iterator<SSS_SOCKET*, std::vector<SSS_SOCKET, std::allocator<SSS_SOCKET> > >)
 .text._ZNSt6vectorI10SSS_SOCKETSaIS0_EE5eraseEN9__gnu_cxx17__normal_iteratorIPS0_S2_EE
                0x0400f160       0xcc obj/default/socketserver.o
                0x0400f160                std::vector<SSS_SOCKET, std::allocator<SSS_SOCKET> >::erase(__gnu_cxx::__normal_iterator<SSS_SOCKET*, std::vector<SSS_SOCKET, std::allocator<SSS_SOCKET> > >)
 .text._ZNK9__gnu_cxx13new_allocatorI10SSS_SOCKETE8max_sizeEv
                0x0400f22c       0x28 obj/default/socketserver.o
                0x0400f22c                __gnu_cxx::new_allocator<SSS_SOCKET>::max_size() const
 .text._ZSt13__destroy_auxIN9__gnu_cxx17__normal_iteratorIP10SSS_SOCKETSt6vectorIS2_SaIS2_EEEEEvT_S8_12__false_type
                0x0400f254       0x64 obj/default/socketserver.o
                0x0400f254                void std::__destroy_aux<__gnu_cxx::__normal_iterator<SSS_SOCKET*, std::vector<SSS_SOCKET, std::allocator<SSS_SOCKET> > > >(__gnu_cxx::__normal_iterator<SSS_SOCKET*, std::vector<SSS_SOCKET, std::allocator<SSS_SOCKET> > >, __gnu_cxx::__normal_iterator<SSS_SOCKET*, std::vector<SSS_SOCKET, std::allocator<SSS_SOCKET> > >, __false_type)
 .text._ZSt8_DestroyIN9__gnu_cxx17__normal_iteratorIP10SSS_SOCKETSt6vectorIS2_SaIS2_EEEEEvT_S8_
                0x0400f2b8       0x3c obj/default/socketserver.o
                0x0400f2b8                void std::_Destroy<__gnu_cxx::__normal_iterator<SSS_SOCKET*, std::vector<SSS_SOCKET, std::allocator<SSS_SOCKET> > > >(__gnu_cxx::__normal_iterator<SSS_SOCKET*, std::vector<SSS_SOCKET, std::allocator<SSS_SOCKET> > >, __gnu_cxx::__normal_iterator<SSS_SOCKET*, std::vector<SSS_SOCKET, std::allocator<SSS_SOCKET> > >)
 .text._ZSt8_DestroyIN9__gnu_cxx17__normal_iteratorIP10SSS_SOCKETSt6vectorIS2_SaIS2_EEEES2_EvT_S8_SaIT0_E
                0x0400f2f4       0x3c obj/default/socketserver.o
                0x0400f2f4                void std::_Destroy<__gnu_cxx::__normal_iterator<SSS_SOCKET*, std::vector<SSS_SOCKET, std::allocator<SSS_SOCKET> > >, SSS_SOCKET>(__gnu_cxx::__normal_iterator<SSS_SOCKET*, std::vector<SSS_SOCKET, std::allocator<SSS_SOCKET> > >, __gnu_cxx::__normal_iterator<SSS_SOCKET*, std::vector<SSS_SOCKET, std::allocator<SSS_SOCKET> > >, std::allocator<SSS_SOCKET>)
 .text._ZNSt15__copy_backwardILb0ESt26random_access_iterator_tagE6copy_bIP10SSS_SOCKETS4_EET0_T_S6_S5_
                0x0400f330       0xa0 obj/default/socketserver.o
                0x0400f330                SSS_SOCKET* std::__copy_backward<false, std::random_access_iterator_tag>::copy_b<SSS_SOCKET*, SSS_SOCKET*>(SSS_SOCKET*, SSS_SOCKET*, SSS_SOCKET*)
 .text._ZSt19__copy_backward_auxIP10SSS_SOCKETS1_ET0_T_S3_S2_
                0x0400f3d0       0x44 obj/default/socketserver.o
                0x0400f3d0                SSS_SOCKET* std::__copy_backward_aux<SSS_SOCKET*, SSS_SOCKET*>(SSS_SOCKET*, SSS_SOCKET*, SSS_SOCKET*)
 .text._ZNSt22__copy_backward_normalILb1ELb1EE8copy_b_nIN9__gnu_cxx17__normal_iteratorIP10SSS_SOCKETSt6vectorIS4_SaIS4_EEEES9_EET0_T_SB_SA_
                0x0400f414       0x84 obj/default/socketserver.o
                0x0400f414                __gnu_cxx::__normal_iterator<SSS_SOCKET*, std::vector<SSS_SOCKET, std::allocator<SSS_SOCKET> > > std::__copy_backward_normal<true, true>::copy_b_n<__gnu_cxx::__normal_iterator<SSS_SOCKET*, std::vector<SSS_SOCKET, std::allocator<SSS_SOCKET> > >, __gnu_cxx::__normal_iterator<SSS_SOCKET*, std::vector<SSS_SOCKET, std::allocator<SSS_SOCKET> > > >(__gnu_cxx::__normal_iterator<SSS_SOCKET*, std::vector<SSS_SOCKET, std::allocator<SSS_SOCKET> > >, __gnu_cxx::__normal_iterator<SSS_SOCKET*, std::vector<SSS_SOCKET, std::allocator<SSS_SOCKET> > >, __gnu_cxx::__normal_iterator<SSS_SOCKET*, std::vector<SSS_SOCKET, std::allocator<SSS_SOCKET> > >)
 .text._ZSt13copy_backwardIN9__gnu_cxx17__normal_iteratorIP10SSS_SOCKETSt6vectorIS2_SaIS2_EEEES7_ET0_T_S9_S8_
                0x0400f498       0x50 obj/default/socketserver.o
                0x0400f498                __gnu_cxx::__normal_iterator<SSS_SOCKET*, std::vector<SSS_SOCKET, std::allocator<SSS_SOCKET> > > std::copy_backward<__gnu_cxx::__normal_iterator<SSS_SOCKET*, std::vector<SSS_SOCKET, std::allocator<SSS_SOCKET> > >, __gnu_cxx::__normal_iterator<SSS_SOCKET*, std::vector<SSS_SOCKET, std::allocator<SSS_SOCKET> > > >(__gnu_cxx::__normal_iterator<SSS_SOCKET*, std::vector<SSS_SOCKET, std::allocator<SSS_SOCKET> > >, __gnu_cxx::__normal_iterator<SSS_SOCKET*, std::vector<SSS_SOCKET, std::allocator<SSS_SOCKET> > >, __gnu_cxx::__normal_iterator<SSS_SOCKET*, std::vector<SSS_SOCKET, std::allocator<SSS_SOCKET> > >)
 .text._ZSt10_ConstructI10SSS_SOCKETS0_EvPT_RKT0_
                0x0400f4e8       0x5c obj/default/socketserver.o
                0x0400f4e8                void std::_Construct<SSS_SOCKET, SSS_SOCKET>(SSS_SOCKET*, SSS_SOCKET const&)
 .text._ZSt24__uninitialized_copy_auxIN9__gnu_cxx17__normal_iteratorIP10SSS_SOCKETSt6vectorIS2_SaIS2_EEEES7_ET0_T_S9_S8_12__false_type
                0x0400f544       0x94 obj/default/socketserver.o
                0x0400f544                __gnu_cxx::__normal_iterator<SSS_SOCKET*, std::vector<SSS_SOCKET, std::allocator<SSS_SOCKET> > > std::__uninitialized_copy_aux<__gnu_cxx::__normal_iterator<SSS_SOCKET*, std::vector<SSS_SOCKET, std::allocator<SSS_SOCKET> > >, __gnu_cxx::__normal_iterator<SSS_SOCKET*, std::vector<SSS_SOCKET, std::allocator<SSS_SOCKET> > > >(__gnu_cxx::__normal_iterator<SSS_SOCKET*, std::vector<SSS_SOCKET, std::allocator<SSS_SOCKET> > >, __gnu_cxx::__normal_iterator<SSS_SOCKET*, std::vector<SSS_SOCKET, std::allocator<SSS_SOCKET> > >, __gnu_cxx::__normal_iterator<SSS_SOCKET*, std::vector<SSS_SOCKET, std::allocator<SSS_SOCKET> > >, __false_type)
 .text._ZSt18uninitialized_copyIN9__gnu_cxx17__normal_iteratorIP10SSS_SOCKETSt6vectorIS2_SaIS2_EEEES7_ET0_T_S9_S8_
                0x0400f5d8       0x44 obj/default/socketserver.o
                0x0400f5d8                __gnu_cxx::__normal_iterator<SSS_SOCKET*, std::vector<SSS_SOCKET, std::allocator<SSS_SOCKET> > > std::uninitialized_copy<__gnu_cxx::__normal_iterator<SSS_SOCKET*, std::vector<SSS_SOCKET, std::allocator<SSS_SOCKET> > >, __gnu_cxx::__normal_iterator<SSS_SOCKET*, std::vector<SSS_SOCKET, std::allocator<SSS_SOCKET> > > >(__gnu_cxx::__normal_iterator<SSS_SOCKET*, std::vector<SSS_SOCKET, std::allocator<SSS_SOCKET> > >, __gnu_cxx::__normal_iterator<SSS_SOCKET*, std::vector<SSS_SOCKET, std::allocator<SSS_SOCKET> > >, __gnu_cxx::__normal_iterator<SSS_SOCKET*, std::vector<SSS_SOCKET, std::allocator<SSS_SOCKET> > >)
 .text._ZSt22__uninitialized_copy_aIN9__gnu_cxx17__normal_iteratorIP10SSS_SOCKETSt6vectorIS2_SaIS2_EEEES7_S2_ET0_T_S9_S8_SaIT1_E
                0x0400f61c       0x44 obj/default/socketserver.o
                0x0400f61c                __gnu_cxx::__normal_iterator<SSS_SOCKET*, std::vector<SSS_SOCKET, std::allocator<SSS_SOCKET> > > std::__uninitialized_copy_a<__gnu_cxx::__normal_iterator<SSS_SOCKET*, std::vector<SSS_SOCKET, std::allocator<SSS_SOCKET> > >, __gnu_cxx::__normal_iterator<SSS_SOCKET*, std::vector<SSS_SOCKET, std::allocator<SSS_SOCKET> > >, SSS_SOCKET>(__gnu_cxx::__normal_iterator<SSS_SOCKET*, std::vector<SSS_SOCKET, std::allocator<SSS_SOCKET> > >, __gnu_cxx::__normal_iterator<SSS_SOCKET*, std::vector<SSS_SOCKET, std::allocator<SSS_SOCKET> > >, __gnu_cxx::__normal_iterator<SSS_SOCKET*, std::vector<SSS_SOCKET, std::allocator<SSS_SOCKET> > >, std::allocator<SSS_SOCKET>)
 .text._ZN9__gnu_cxx13new_allocatorI10SSS_SOCKETE8allocateEmPKv
                0x0400f660       0x64 obj/default/socketserver.o
                0x0400f660                __gnu_cxx::new_allocator<SSS_SOCKET>::allocate(unsigned long, void const*)
 .text._ZNSt12_Vector_baseI10SSS_SOCKETSaIS0_EE11_M_allocateEm
                0x0400f6c4       0x40 obj/default/socketserver.o
                0x0400f6c4                std::_Vector_base<SSS_SOCKET, std::allocator<SSS_SOCKET> >::_M_allocate(unsigned long)
 .text._ZN9__gnu_cxx13new_allocatorI10SSS_SOCKETE10deallocateEPS1_m
                0x0400f704       0x38 obj/default/socketserver.o
                0x0400f704                __gnu_cxx::new_allocator<SSS_SOCKET>::deallocate(SSS_SOCKET*, unsigned long)
 .text._ZNSt12_Vector_baseI10SSS_SOCKETSaIS0_EE13_M_deallocateEPS0_m
                0x0400f73c       0x50 obj/default/socketserver.o
                0x0400f73c                std::_Vector_base<SSS_SOCKET, std::allocator<SSS_SOCKET> >::_M_deallocate(SSS_SOCKET*, unsigned long)
 .text._ZNSt6vectorI10SSS_SOCKETSaIS0_EE13_M_insert_auxEN9__gnu_cxx17__normal_iteratorIPS0_S2_EERKS0_
                0x0400f78c      0x314 obj/default/socketserver.o
                0x0400f78c                std::vector<SSS_SOCKET, std::allocator<SSS_SOCKET> >::_M_insert_aux(__gnu_cxx::__normal_iterator<SSS_SOCKET*, std::vector<SSS_SOCKET, std::allocator<SSS_SOCKET> > >, SSS_SOCKET const&)
 .text._ZNSt6vectorI10SSS_SOCKETSaIS0_EE9push_backERKS0_
                0x0400faa0       0x88 obj/default/socketserver.o
                0x0400faa0                std::vector<SSS_SOCKET, std::allocator<SSS_SOCKET> >::push_back(SSS_SOCKET const&)
 .text._ZNSt12_Vector_baseI10SSS_SOCKETSaIS0_EED2Ev
                0x0400fb28       0x6c obj/default/socketserver.o
                0x0400fb28                std::_Vector_base<SSS_SOCKET, std::allocator<SSS_SOCKET> >::~_Vector_base()
 .text._ZNSt6vectorI10SSS_SOCKETSaIS0_EED1Ev
                0x0400fb94       0x7c obj/default/socketserver.o
                0x0400fb94                std::vector<SSS_SOCKET, std::allocator<SSS_SOCKET> >::~vector()
 .text          0x0400fc10      0xb44 obj/default/terasic_lib/I2C.o
                0x0400fc10                i2c_stop(unsigned long, unsigned long)
                0x0400fc88                i2c_start(unsigned long, unsigned long)
                0x0400fd10                i2c_read(unsigned long, unsigned long, unsigned char*, bool)
                0x0400fe64                i2c_write(unsigned long, unsigned long, unsigned char)
                0x0400ff84                I2C_MultipleRead(unsigned long, unsigned long, signed char, unsigned char, unsigned char*, unsigned short)
                0x04010150                I2C_MultipleWrite(unsigned long, unsigned long, signed char, unsigned char, unsigned char*, unsigned short)
                0x0401029c                I2C_Read(unsigned long, unsigned long, signed char, unsigned char, unsigned char*)
                0x04010410                I2C_Write(unsigned long, unsigned long, signed char, unsigned char, unsigned char)
                0x04010558                i2c_data_verify(unsigned long, unsigned long, unsigned char)
                0x040106d0                I2C_Verify(unsigned long, unsigned long, unsigned long)
 .text          0x04010754      0x324 obj/default/terasic_lib/accelerometer_adxl345_spi.o
                0x04010754                ADXL345_SPI_IdRead(unsigned long, unsigned char*)
                0x04010798                ADXL345_SPI_IsDataReady(unsigned long)
                0x04010804                ADXL345_SPI_XYZ_Read(unsigned long, unsigned short*)
                0x040108d0                ADXL345_SPI_Init(unsigned long)
                0x040109a0                ADXL345_SPI_WaitDataReady(unsigned long)
 .text          0x04010a78      0x108 obj/default/terasic_lib/adc_spi_read.o
                0x04010a78                ADC_Read(unsigned char)
 .text          0x04010b80      0x3c4 obj/default/terasic_lib/terasic_spi.o
                0x04010b80                SPI_Init(unsigned long)
                0x04010bcc                SPI_MultipleRead(unsigned long, unsigned char, unsigned char*, unsigned char)
                0x04010d50                SPI_Read(unsigned long, unsigned char, unsigned char*)
                0x04010d98                SPI_MultipleWrite(unsigned long, unsigned char, unsigned char*, unsigned char)
                0x04010efc                SPI_Write(unsigned long, unsigned char, unsigned char)
 .text          0x04010f44      0xfe8 c:/altera/12.1/nios2eds/bin/gnu/h-i686-mingw32/bin/../lib/gcc/nios2-elf/4.1.2/../../../../nios2-elf/lib\libstdc++.a(functexcept.o)
                0x04010f44                std::__throw_bad_typeid()
                0x04010f78                std::__throw_bad_cast()
                0x04010fac                std::__throw_bad_alloc()
                0x04010fe0                std::__throw_bad_exception()
                0x04011014                std::__throw_ios_failure(char const*)
                0x0401111c                std::__throw_logic_error(char const*)
                0x040112ac                std::__throw_underflow_error(char const*)
                0x0401143c                std::__throw_overflow_error(char const*)
                0x040115cc                std::__throw_invalid_argument(char const*)
                0x0401175c                std::__throw_domain_error(char const*)
                0x040118ec                std::__throw_range_error(char const*)
                0x04011a7c                std::__throw_runtime_error(char const*)
                0x04011c0c                std::__throw_out_of_range(char const*)
                0x04011d9c                std::__throw_length_error(char const*)
 .text._ZNSt15underflow_errorD0Ev
                0x04011f2c       0x34 c:/altera/12.1/nios2eds/bin/gnu/h-i686-mingw32/bin/../lib/gcc/nios2-elf/4.1.2/../../../../nios2-elf/lib\libstdc++.a(functexcept.o)
                0x04011f2c                std::underflow_error::~underflow_error()
 .text._ZNSt15underflow_errorD1Ev
                0x04011f60       0x10 c:/altera/12.1/nios2eds/bin/gnu/h-i686-mingw32/bin/../lib/gcc/nios2-elf/4.1.2/../../../../nios2-elf/lib\libstdc++.a(functexcept.o)
                0x04011f60                std::underflow_error::~underflow_error()
 .text._ZNSt14overflow_errorD0Ev
                0x04011f70       0x34 c:/altera/12.1/nios2eds/bin/gnu/h-i686-mingw32/bin/../lib/gcc/nios2-elf/4.1.2/../../../../nios2-elf/lib\libstdc++.a(functexcept.o)
                0x04011f70                std::overflow_error::~overflow_error()
 .text._ZNSt14overflow_errorD1Ev
                0x04011fa4       0x10 c:/altera/12.1/nios2eds/bin/gnu/h-i686-mingw32/bin/../lib/gcc/nios2-elf/4.1.2/../../../../nios2-elf/lib\libstdc++.a(functexcept.o)
                0x04011fa4                std::overflow_error::~overflow_error()
 .text._ZNSt11range_errorD0Ev
                0x04011fb4       0x34 c:/altera/12.1/nios2eds/bin/gnu/h-i686-mingw32/bin/../lib/gcc/nios2-elf/4.1.2/../../../../nios2-elf/lib\libstdc++.a(functexcept.o)
                0x04011fb4                std::range_error::~range_error()
 .text._ZNSt11range_errorD1Ev
                0x04011fe8       0x10 c:/altera/12.1/nios2eds/bin/gnu/h-i686-mingw32/bin/../lib/gcc/nios2-elf/4.1.2/../../../../nios2-elf/lib\libstdc++.a(functexcept.o)
                0x04011fe8                std::range_error::~range_error()
 .text._ZNSt12out_of_rangeD0Ev
                0x04011ff8       0x34 c:/altera/12.1/nios2eds/bin/gnu/h-i686-mingw32/bin/../lib/gcc/nios2-elf/4.1.2/../../../../nios2-elf/lib\libstdc++.a(functexcept.o)
                0x04011ff8                std::out_of_range::~out_of_range()
 .text._ZNSt12out_of_rangeD1Ev
                0x0401202c       0x10 c:/altera/12.1/nios2eds/bin/gnu/h-i686-mingw32/bin/../lib/gcc/nios2-elf/4.1.2/../../../../nios2-elf/lib\libstdc++.a(functexcept.o)
                0x0401202c                std::out_of_range::~out_of_range()
 .text._ZNSt12length_errorD0Ev
                0x0401203c       0x34 c:/altera/12.1/nios2eds/bin/gnu/h-i686-mingw32/bin/../lib/gcc/nios2-elf/4.1.2/../../../../nios2-elf/lib\libstdc++.a(functexcept.o)
                0x0401203c                std::length_error::~length_error()
 .text._ZNSt12length_errorD1Ev
                0x04012070       0x10 c:/altera/12.1/nios2eds/bin/gnu/h-i686-mingw32/bin/../lib/gcc/nios2-elf/4.1.2/../../../../nios2-elf/lib\libstdc++.a(functexcept.o)
                0x04012070                std::length_error::~length_error()
 .text._ZNSt16invalid_argumentD0Ev
                0x04012080       0x34 c:/altera/12.1/nios2eds/bin/gnu/h-i686-mingw32/bin/../lib/gcc/nios2-elf/4.1.2/../../../../nios2-elf/lib\libstdc++.a(functexcept.o)
                0x04012080                std::invalid_argument::~invalid_argument()
 .text._ZNSt16invalid_argumentD1Ev
                0x040120b4       0x10 c:/altera/12.1/nios2eds/bin/gnu/h-i686-mingw32/bin/../lib/gcc/nios2-elf/4.1.2/../../../../nios2-elf/lib\libstdc++.a(functexcept.o)
                0x040120b4                std::invalid_argument::~invalid_argument()
 .text._ZNSt12domain_errorD0Ev
                0x040120c4       0x34 c:/altera/12.1/nios2eds/bin/gnu/h-i686-mingw32/bin/../lib/gcc/nios2-elf/4.1.2/../../../../nios2-elf/lib\libstdc++.a(functexcept.o)
                0x040120c4                std::domain_error::~domain_error()
 .text._ZNSt12domain_errorD1Ev
                0x040120f8       0x10 c:/altera/12.1/nios2eds/bin/gnu/h-i686-mingw32/bin/../lib/gcc/nios2-elf/4.1.2/../../../../nios2-elf/lib\libstdc++.a(functexcept.o)
                0x040120f8                std::domain_error::~domain_error()
 .text          0x04012108      0x4bc c:/altera/12.1/nios2eds/bin/gnu/h-i686-mingw32/bin/../lib/gcc/nios2-elf/4.1.2/../../../../nios2-elf/lib\libstdc++.a(ios_failure.o)
                0x04012108                std::ios_base::failure::what() const
                0x04012110                std::ios_base::failure::~failure()
                0x04012214                std::ios_base::failure::failure(std::string const&)
                0x040122e4                std::ios_base::failure::failure(std::string const&)
                0x040123b4                std::ios_base::failure::~failure()
                0x040124b8                std::ios_base::failure::~failure()
 .text          0x040125c4      0xb98 c:/altera/12.1/nios2eds/bin/gnu/h-i686-mingw32/bin/../lib/gcc/nios2-elf/4.1.2/../../../../nios2-elf/lib\libstdc++.a(stdexcept.o)
                0x040125c4                std::runtime_error::what() const
                0x040125cc                std::logic_error::~logic_error()
                0x040126d0                std::runtime_error::runtime_error(std::string const&)
                0x04012780                std::underflow_error::underflow_error(std::string const&)
                0x040127b0                std::underflow_error::underflow_error(std::string const&)
                0x040127e0                std::overflow_error::overflow_error(std::string const&)
                0x04012810                std::overflow_error::overflow_error(std::string const&)
                0x04012840                std::range_error::range_error(std::string const&)
                0x04012870                std::range_error::range_error(std::string const&)
                0x040128a0                std::logic_error::logic_error(std::string const&)
                0x04012950                std::logic_error::logic_error(std::string const&)
                0x04012a00                std::out_of_range::out_of_range(std::string const&)
                0x04012a30                std::out_of_range::out_of_range(std::string const&)
                0x04012a60                std::length_error::length_error(std::string const&)
                0x04012a90                std::length_error::length_error(std::string const&)
                0x04012ac0                std::invalid_argument::invalid_argument(std::string const&)
                0x04012af0                std::invalid_argument::invalid_argument(std::string const&)
                0x04012b20                std::domain_error::domain_error(std::string const&)
                0x04012b50                std::domain_error::domain_error(std::string const&)
                0x04012b80                std::logic_error::what() const
                0x04012b88                std::runtime_error::runtime_error(std::string const&)
                0x04012c38                std::runtime_error::~runtime_error()
                0x04012d3c                std::runtime_error::~runtime_error()
                0x04012e40                std::runtime_error::~runtime_error()
                0x04012f4c                std::logic_error::~logic_error()
                0x04013050                std::logic_error::~logic_error()
 .text          0x0401315c        0x0 c:/altera/12.1/nios2eds/bin/gnu/h-i686-mingw32/bin/../lib/gcc/nios2-elf/4.1.2/../../../../nios2-elf/lib\libstdc++.a(string-inst.o)
 .text._ZNSt11char_traitsIcE2eqERKcS2_
                0x0401315c       0x10 c:/altera/12.1/nios2eds/bin/gnu/h-i686-mingw32/bin/../lib/gcc/nios2-elf/4.1.2/../../../../nios2-elf/lib\libstdc++.a(string-inst.o)
                0x0401315c                std::char_traits<char>::eq(char const&, char const&)
 .text._ZNKSs7_M_dataEv
                0x0401316c        0x8 c:/altera/12.1/nios2eds/bin/gnu/h-i686-mingw32/bin/../lib/gcc/nios2-elf/4.1.2/../../../../nios2-elf/lib\libstdc++.a(string-inst.o)
                0x0401316c                std::string::_M_data() const
 .text._ZNSs7_M_dataEPc
                0x04013174        0xc c:/altera/12.1/nios2eds/bin/gnu/h-i686-mingw32/bin/../lib/gcc/nios2-elf/4.1.2/../../../../nios2-elf/lib\libstdc++.a(string-inst.o)
                0x04013174                std::string::_M_data(char*)
 .text._ZNKSs6_M_repEv
                0x04013180        0xc c:/altera/12.1/nios2eds/bin/gnu/h-i686-mingw32/bin/../lib/gcc/nios2-elf/4.1.2/../../../../nios2-elf/lib\libstdc++.a(string-inst.o)
                0x04013180                std::string::_M_rep() const
 .text._ZNKSs9_M_ibeginEv
                0x0401318c        0x8 c:/altera/12.1/nios2eds/bin/gnu/h-i686-mingw32/bin/../lib/gcc/nios2-elf/4.1.2/../../../../nios2-elf/lib\libstdc++.a(string-inst.o)
                0x0401318c                std::string::_M_ibegin() const
 .text._ZNKSs7_M_iendEv
                0x04013194       0x10 c:/altera/12.1/nios2eds/bin/gnu/h-i686-mingw32/bin/../lib/gcc/nios2-elf/4.1.2/../../../../nios2-elf/lib\libstdc++.a(string-inst.o)
                0x04013194                std::string::_M_iend() const
 .text._ZNKSs8_M_limitEmm
                0x040131a4       0x18 c:/altera/12.1/nios2eds/bin/gnu/h-i686-mingw32/bin/../lib/gcc/nios2-elf/4.1.2/../../../../nios2-elf/lib\libstdc++.a(string-inst.o)
                0x040131a4                std::string::_M_limit(unsigned long, unsigned long) const
 .text._ZNKSs11_M_disjunctEPKc
                0x040131bc       0x1c c:/altera/12.1/nios2eds/bin/gnu/h-i686-mingw32/bin/../lib/gcc/nios2-elf/4.1.2/../../../../nios2-elf/lib\libstdc++.a(string-inst.o)
                0x040131bc                std::string::_M_disjunct(char const*) const
 .text._ZNSs12_S_empty_repEv
                0x040131d8        0xc c:/altera/12.1/nios2eds/bin/gnu/h-i686-mingw32/bin/../lib/gcc/nios2-elf/4.1.2/../../../../nios2-elf/lib\libstdc++.a(string-inst.o)
                0x040131d8                std::string::_S_empty_rep()
 .text._ZNSsC1Ev
                0x040131e4       0x10 c:/altera/12.1/nios2eds/bin/gnu/h-i686-mingw32/bin/../lib/gcc/nios2-elf/4.1.2/../../../../nios2-elf/lib\libstdc++.a(string-inst.o)
                0x040131e4                std::basic_string<char, std::char_traits<char>, std::allocator<char> >::basic_string()
 .text._ZNKSs5beginEv
                0x040131f4        0x8 c:/altera/12.1/nios2eds/bin/gnu/h-i686-mingw32/bin/../lib/gcc/nios2-elf/4.1.2/../../../../nios2-elf/lib\libstdc++.a(string-inst.o)
                0x040131f4                std::string::begin() const
 .text._ZNKSs3endEv
                0x040131fc       0x10 c:/altera/12.1/nios2eds/bin/gnu/h-i686-mingw32/bin/../lib/gcc/nios2-elf/4.1.2/../../../../nios2-elf/lib\libstdc++.a(string-inst.o)
                0x040131fc                std::string::end() const
 .text._ZNKSs4sizeEv
                0x0401320c        0xc c:/altera/12.1/nios2eds/bin/gnu/h-i686-mingw32/bin/../lib/gcc/nios2-elf/4.1.2/../../../../nios2-elf/lib\libstdc++.a(string-inst.o)
                0x0401320c                std::string::size() const
 .text._ZNKSs8max_sizeEv
                0x04013218        0xc c:/altera/12.1/nios2eds/bin/gnu/h-i686-mingw32/bin/../lib/gcc/nios2-elf/4.1.2/../../../../nios2-elf/lib\libstdc++.a(string-inst.o)
                0x04013218                std::string::max_size() const
 .text._ZNKSs8capacityEv
                0x04013224        0xc c:/altera/12.1/nios2eds/bin/gnu/h-i686-mingw32/bin/../lib/gcc/nios2-elf/4.1.2/../../../../nios2-elf/lib\libstdc++.a(string-inst.o)
                0x04013224                std::string::capacity() const
 .text._ZNKSs4dataEv
                0x04013230        0x8 c:/altera/12.1/nios2eds/bin/gnu/h-i686-mingw32/bin/../lib/gcc/nios2-elf/4.1.2/../../../../nios2-elf/lib\libstdc++.a(string-inst.o)
                0x04013230                std::string::data() const
 .text._ZNKSs13get_allocatorEv
                0x04013238        0x8 c:/altera/12.1/nios2eds/bin/gnu/h-i686-mingw32/bin/../lib/gcc/nios2-elf/4.1.2/../../../../nios2-elf/lib\libstdc++.a(string-inst.o)
                0x04013238                std::string::get_allocator() const
 .text._ZNSs12_Alloc_hiderC1EPcRKSaIcE
                0x04013240        0x8 c:/altera/12.1/nios2eds/bin/gnu/h-i686-mingw32/bin/../lib/gcc/nios2-elf/4.1.2/../../../../nios2-elf/lib\libstdc++.a(string-inst.o)
                0x04013240                std::string::_Alloc_hider::_Alloc_hider(char*, std::allocator<char> const&)
 .text._ZNSs4_Rep12_S_empty_repEv
                0x04013248        0xc c:/altera/12.1/nios2eds/bin/gnu/h-i686-mingw32/bin/../lib/gcc/nios2-elf/4.1.2/../../../../nios2-elf/lib\libstdc++.a(string-inst.o)
                0x04013248                std::string::_Rep::_S_empty_rep()
 .text._ZNKSs4_Rep12_M_is_leakedEv
                0x04013254        0xc c:/altera/12.1/nios2eds/bin/gnu/h-i686-mingw32/bin/../lib/gcc/nios2-elf/4.1.2/../../../../nios2-elf/lib\libstdc++.a(string-inst.o)
                0x04013254                std::string::_Rep::_M_is_leaked() const
 .text._ZNKSs4_Rep12_M_is_sharedEv
                0x04013260        0xc c:/altera/12.1/nios2eds/bin/gnu/h-i686-mingw32/bin/../lib/gcc/nios2-elf/4.1.2/../../../../nios2-elf/lib\libstdc++.a(string-inst.o)
                0x04013260                std::string::_Rep::_M_is_shared() const
 .text._ZNSs4_Rep13_M_set_leakedEv
                0x0401326c        0xc c:/altera/12.1/nios2eds/bin/gnu/h-i686-mingw32/bin/../lib/gcc/nios2-elf/4.1.2/../../../../nios2-elf/lib\libstdc++.a(string-inst.o)
                0x0401326c                std::string::_Rep::_M_set_leaked()
 .text._ZNSs4_Rep15_M_set_sharableEv
                0x04013278        0x8 c:/altera/12.1/nios2eds/bin/gnu/h-i686-mingw32/bin/../lib/gcc/nios2-elf/4.1.2/../../../../nios2-elf/lib\libstdc++.a(string-inst.o)
                0x04013278                std::string::_Rep::_M_set_sharable()
 .text._ZNSs4_Rep26_M_set_length_and_sharableEm
                0x04013280       0x14 c:/altera/12.1/nios2eds/bin/gnu/h-i686-mingw32/bin/../lib/gcc/nios2-elf/4.1.2/../../../../nios2-elf/lib\libstdc++.a(string-inst.o)
                0x04013280                std::string::_Rep::_M_set_length_and_sharable(unsigned long)
 .text._ZNSs4_Rep10_M_refdataEv
                0x04013294        0x8 c:/altera/12.1/nios2eds/bin/gnu/h-i686-mingw32/bin/../lib/gcc/nios2-elf/4.1.2/../../../../nios2-elf/lib\libstdc++.a(string-inst.o)
                0x04013294                std::string::_Rep::_M_refdata()
 .text._ZSt6searchIPKcS1_PFbRS0_S2_EET_S5_S5_T0_S6_T1_
                0x0401329c      0x14c c:/altera/12.1/nios2eds/bin/gnu/h-i686-mingw32/bin/../lib/gcc/nios2-elf/4.1.2/../../../../nios2-elf/lib\libstdc++.a(string-inst.o)
                0x0401329c                char const* std::search<char const*, char const*, bool (*)(char const&, char const&)>(char const*, char const*, char const*, char const*, bool (*)(char const&, char const&))
 .text._ZN9__gnu_cxxeqIPcSsEEbRKNS_17__normal_iteratorIT_T0_EES7_
                0x040133e8       0x10 c:/altera/12.1/nios2eds/bin/gnu/h-i686-mingw32/bin/../lib/gcc/nios2-elf/4.1.2/../../../../nios2-elf/lib\libstdc++.a(string-inst.o)
                0x040133e8                bool __gnu_cxx::operator==<char*, std::string>(__gnu_cxx::__normal_iterator<char*, std::string> const&, __gnu_cxx::__normal_iterator<char*, std::string> const&)
 .text._ZNSs12_Alloc_hiderC2EPcRKSaIcE
                0x040133f8        0x8 c:/altera/12.1/nios2eds/bin/gnu/h-i686-mingw32/bin/../lib/gcc/nios2-elf/4.1.2/../../../../nios2-elf/lib\libstdc++.a(string-inst.o)
                0x040133f8                std::string::_Alloc_hider::_Alloc_hider(char*, std::allocator<char> const&)
 .text._ZNSs4_Rep10_M_refcopyEv
                0x04013400       0xbc c:/altera/12.1/nios2eds/bin/gnu/h-i686-mingw32/bin/../lib/gcc/nios2-elf/4.1.2/../../../../nios2-elf/lib\libstdc++.a(string-inst.o)
                0x04013400                std::string::_Rep::_M_refcopy()
 .text._ZNKSs15_M_check_lengthEmmPKc
                0x040134bc       0x38 c:/altera/12.1/nios2eds/bin/gnu/h-i686-mingw32/bin/../lib/gcc/nios2-elf/4.1.2/../../../../nios2-elf/lib\libstdc++.a(string-inst.o)
                0x040134bc                std::string::_M_check_length(unsigned long, unsigned long, char const*) const
 .text._ZNKSs8_M_checkEmPKc
                0x040134f4       0x2c c:/altera/12.1/nios2eds/bin/gnu/h-i686-mingw32/bin/../lib/gcc/nios2-elf/4.1.2/../../../../nios2-elf/lib\libstdc++.a(string-inst.o)
                0x040134f4                std::string::_M_check(unsigned long, char const*) const
 .text._ZNSs9_M_assignEPcmc
                0x04013520       0x2c c:/altera/12.1/nios2eds/bin/gnu/h-i686-mingw32/bin/../lib/gcc/nios2-elf/4.1.2/../../../../nios2-elf/lib\libstdc++.a(string-inst.o)
                0x04013520                std::string::_M_assign(char*, unsigned long, char)
 .text._ZNSs7_M_moveEPcPKcm
                0x0401354c       0x18 c:/altera/12.1/nios2eds/bin/gnu/h-i686-mingw32/bin/../lib/gcc/nios2-elf/4.1.2/../../../../nios2-elf/lib\libstdc++.a(string-inst.o)
                0x0401354c                std::string::_M_move(char*, char const*, unsigned long)
 .text._ZNSs7_M_copyEPcPKcm
                0x04013564       0x18 c:/altera/12.1/nios2eds/bin/gnu/h-i686-mingw32/bin/../lib/gcc/nios2-elf/4.1.2/../../../../nios2-elf/lib\libstdc++.a(string-inst.o)
                0x04013564                std::string::_M_copy(char*, char const*, unsigned long)
 .text._ZNKSs5c_strEv
                0x0401357c        0x8 c:/altera/12.1/nios2eds/bin/gnu/h-i686-mingw32/bin/../lib/gcc/nios2-elf/4.1.2/../../../../nios2-elf/lib\libstdc++.a(string-inst.o)
                0x0401357c                std::string::c_str() const
 .text._ZNKSsixEm
                0x04013584        0xc c:/altera/12.1/nios2eds/bin/gnu/h-i686-mingw32/bin/../lib/gcc/nios2-elf/4.1.2/../../../../nios2-elf/lib\libstdc++.a(string-inst.o)
                0x04013584                std::string::operator[](unsigned long) const
 .text._ZNKSs17find_first_not_ofEPKcmm
                0x04013590       0xa4 c:/altera/12.1/nios2eds/bin/gnu/h-i686-mingw32/bin/../lib/gcc/nios2-elf/4.1.2/../../../../nios2-elf/lib\libstdc++.a(string-inst.o)
                0x04013590                std::string::find_first_not_of(char const*, unsigned long, unsigned long) const
 .text._ZNKSs4findEPKcmm
                0x04013634       0x94 c:/altera/12.1/nios2eds/bin/gnu/h-i686-mingw32/bin/../lib/gcc/nios2-elf/4.1.2/../../../../nios2-elf/lib\libstdc++.a(string-inst.o)
                0x04013634                std::string::find(char const*, unsigned long, unsigned long) const
 .text._ZNKSs2atEm
                0x040136c8       0x30 c:/altera/12.1/nios2eds/bin/gnu/h-i686-mingw32/bin/../lib/gcc/nios2-elf/4.1.2/../../../../nios2-elf/lib\libstdc++.a(string-inst.o)
                0x040136c8                std::string::at(unsigned long) const
 .text._ZNKSs5emptyEv
                0x040136f8       0x10 c:/altera/12.1/nios2eds/bin/gnu/h-i686-mingw32/bin/../lib/gcc/nios2-elf/4.1.2/../../../../nios2-elf/lib\libstdc++.a(string-inst.o)
                0x040136f8                std::string::empty() const
 .text._ZNKSs6lengthEv
                0x04013708        0xc c:/altera/12.1/nios2eds/bin/gnu/h-i686-mingw32/bin/../lib/gcc/nios2-elf/4.1.2/../../../../nios2-elf/lib\libstdc++.a(string-inst.o)
                0x04013708                std::string::length() const
 .text._ZNKSs4findERKSsm
                0x04013714        0xc c:/altera/12.1/nios2eds/bin/gnu/h-i686-mingw32/bin/../lib/gcc/nios2-elf/4.1.2/../../../../nios2-elf/lib\libstdc++.a(string-inst.o)
                0x04013714                std::string::find(std::string const&, unsigned long) const
 .text._ZNKSs17find_first_not_ofERKSsm
                0x04013720        0xc c:/altera/12.1/nios2eds/bin/gnu/h-i686-mingw32/bin/../lib/gcc/nios2-elf/4.1.2/../../../../nios2-elf/lib\libstdc++.a(string-inst.o)
                0x04013720                std::string::find_first_not_of(std::string const&, unsigned long) const
 .text._ZNKSs5rfindEPKcmm
                0x0401372c       0xa8 c:/altera/12.1/nios2eds/bin/gnu/h-i686-mingw32/bin/../lib/gcc/nios2-elf/4.1.2/../../../../nios2-elf/lib\libstdc++.a(string-inst.o)
                0x0401372c                std::string::rfind(char const*, unsigned long, unsigned long) const
 .text._ZNKSs5rfindEPKcm
                0x040137d4       0x50 c:/altera/12.1/nios2eds/bin/gnu/h-i686-mingw32/bin/../lib/gcc/nios2-elf/4.1.2/../../../../nios2-elf/lib\libstdc++.a(string-inst.o)
                0x040137d4                std::string::rfind(char const*, unsigned long) const
 .text._ZNKSs5rfindERKSsm
                0x04013824        0xc c:/altera/12.1/nios2eds/bin/gnu/h-i686-mingw32/bin/../lib/gcc/nios2-elf/4.1.2/../../../../nios2-elf/lib\libstdc++.a(string-inst.o)
                0x04013824                std::string::rfind(std::string const&, unsigned long) const
 .text._ZNSsC2Ev
                0x04013830       0x10 c:/altera/12.1/nios2eds/bin/gnu/h-i686-mingw32/bin/../lib/gcc/nios2-elf/4.1.2/../../../../nios2-elf/lib\libstdc++.a(string-inst.o)
                0x04013830                std::basic_string<char, std::char_traits<char>, std::allocator<char> >::basic_string()
 .text._ZN9__gnu_cxxeqIPKcSsEEbRKNS_17__normal_iteratorIT_T0_EES8_
                0x04013840       0x10 c:/altera/12.1/nios2eds/bin/gnu/h-i686-mingw32/bin/../lib/gcc/nios2-elf/4.1.2/../../../../nios2-elf/lib\libstdc++.a(string-inst.o)
                0x04013840                bool __gnu_cxx::operator==<char const*, std::string>(__gnu_cxx::__normal_iterator<char const*, std::string> const&, __gnu_cxx::__normal_iterator<char const*, std::string> const&)
 .text._ZNKSs5rfindEcm
                0x04013850       0x64 c:/altera/12.1/nios2eds/bin/gnu/h-i686-mingw32/bin/../lib/gcc/nios2-elf/4.1.2/../../../../nios2-elf/lib\libstdc++.a(string-inst.o)
                0x04013850                std::string::rfind(char, unsigned long) const
 .text._ZNKSs12find_last_ofEcm
                0x040138b4       0x10 c:/altera/12.1/nios2eds/bin/gnu/h-i686-mingw32/bin/../lib/gcc/nios2-elf/4.1.2/../../../../nios2-elf/lib\libstdc++.a(string-inst.o)
                0x040138b4                std::string::find_last_of(char, unsigned long) const
 .text._ZNKSs16find_last_not_ofEcm
                0x040138c4       0x58 c:/altera/12.1/nios2eds/bin/gnu/h-i686-mingw32/bin/../lib/gcc/nios2-elf/4.1.2/../../../../nios2-elf/lib\libstdc++.a(string-inst.o)
                0x040138c4                std::string::find_last_not_of(char, unsigned long) const
 .text._ZNKSs17find_first_not_ofEcm
                0x0401391c       0x64 c:/altera/12.1/nios2eds/bin/gnu/h-i686-mingw32/bin/../lib/gcc/nios2-elf/4.1.2/../../../../nios2-elf/lib\libstdc++.a(string-inst.o)
                0x0401391c                std::string::find_first_not_of(char, unsigned long) const
 .text._ZNSs4_Rep9_S_createEmmRKSaIcE
                0x04013980      0x130 c:/altera/12.1/nios2eds/bin/gnu/h-i686-mingw32/bin/../lib/gcc/nios2-elf/4.1.2/../../../../nios2-elf/lib\libstdc++.a(string-inst.o)
                0x04013980                std::string::_Rep::_S_create(unsigned long, unsigned long, std::allocator<char> const&)
 .text._ZNSs4_Rep10_M_destroyERKSaIcE
                0x04013ab0        0x4 c:/altera/12.1/nios2eds/bin/gnu/h-i686-mingw32/bin/../lib/gcc/nios2-elf/4.1.2/../../../../nios2-elf/lib\libstdc++.a(string-inst.o)
                0x04013ab0                std::string::_Rep::_M_destroy(std::allocator<char> const&)
 .text._ZNSs4_Rep10_M_disposeERKSaIcE
                0x04013ab4       0x64 c:/altera/12.1/nios2eds/bin/gnu/h-i686-mingw32/bin/../lib/gcc/nios2-elf/4.1.2/../../../../nios2-elf/lib\libstdc++.a(string-inst.o)
                0x04013ab4                std::string::_Rep::_M_dispose(std::allocator<char> const&)
 .text._ZNKSs12find_last_ofEPKcmm
                0x04013b18       0xe4 c:/altera/12.1/nios2eds/bin/gnu/h-i686-mingw32/bin/../lib/gcc/nios2-elf/4.1.2/../../../../nios2-elf/lib\libstdc++.a(string-inst.o)
                0x04013b18                std::string::find_last_of(char const*, unsigned long, unsigned long) const
 .text._ZNKSs12find_last_ofERKSsm
                0x04013bfc        0xc c:/altera/12.1/nios2eds/bin/gnu/h-i686-mingw32/bin/../lib/gcc/nios2-elf/4.1.2/../../../../nios2-elf/lib\libstdc++.a(string-inst.o)
                0x04013bfc                std::string::find_last_of(std::string const&, unsigned long) const
 .text._ZNKSs13find_first_ofEPKcmm
                0x04013c08       0x88 c:/altera/12.1/nios2eds/bin/gnu/h-i686-mingw32/bin/../lib/gcc/nios2-elf/4.1.2/../../../../nios2-elf/lib\libstdc++.a(string-inst.o)
                0x04013c08                std::string::find_first_of(char const*, unsigned long, unsigned long) const
 .text._ZNKSs13find_first_ofERKSsm
                0x04013c90        0xc c:/altera/12.1/nios2eds/bin/gnu/h-i686-mingw32/bin/../lib/gcc/nios2-elf/4.1.2/../../../../nios2-elf/lib\libstdc++.a(string-inst.o)
                0x04013c90                std::string::find_first_of(std::string const&, unsigned long) const
 .text._ZNKSs4findEcm
                0x04013c9c       0x68 c:/altera/12.1/nios2eds/bin/gnu/h-i686-mingw32/bin/../lib/gcc/nios2-elf/4.1.2/../../../../nios2-elf/lib\libstdc++.a(string-inst.o)
                0x04013c9c                std::string::find(char, unsigned long) const
 .text._ZNKSs13find_first_ofEcm
                0x04013d04       0x10 c:/altera/12.1/nios2eds/bin/gnu/h-i686-mingw32/bin/../lib/gcc/nios2-elf/4.1.2/../../../../nios2-elf/lib\libstdc++.a(string-inst.o)
                0x04013d04                std::string::find_first_of(char, unsigned long) const
 .text._ZNKSs16find_last_not_ofEPKcmm
                0x04013d14       0xe0 c:/altera/12.1/nios2eds/bin/gnu/h-i686-mingw32/bin/../lib/gcc/nios2-elf/4.1.2/../../../../nios2-elf/lib\libstdc++.a(string-inst.o)
                0x04013d14                std::string::find_last_not_of(char const*, unsigned long, unsigned long) const
 .text._ZNKSs16find_last_not_ofERKSsm
                0x04013df4        0xc c:/altera/12.1/nios2eds/bin/gnu/h-i686-mingw32/bin/../lib/gcc/nios2-elf/4.1.2/../../../../nios2-elf/lib\libstdc++.a(string-inst.o)
                0x04013df4                std::string::find_last_not_of(std::string const&, unsigned long) const
 .text._ZNKSs7compareERKSs
                0x04013e00       0x60 c:/altera/12.1/nios2eds/bin/gnu/h-i686-mingw32/bin/../lib/gcc/nios2-elf/4.1.2/../../../../nios2-elf/lib\libstdc++.a(string-inst.o)
                0x04013e00                std::string::compare(std::string const&) const
 .text._ZNKSs4findEPKcm
                0x04013e60       0x50 c:/altera/12.1/nios2eds/bin/gnu/h-i686-mingw32/bin/../lib/gcc/nios2-elf/4.1.2/../../../../nios2-elf/lib\libstdc++.a(string-inst.o)
                0x04013e60                std::string::find(char const*, unsigned long) const
 .text._ZNKSs7compareEPKc
                0x04013eb0       0x7c c:/altera/12.1/nios2eds/bin/gnu/h-i686-mingw32/bin/../lib/gcc/nios2-elf/4.1.2/../../../../nios2-elf/lib\libstdc++.a(string-inst.o)
                0x04013eb0                std::string::compare(char const*) const
 .text._ZNKSs16find_last_not_ofEPKcm
                0x04013f2c       0x50 c:/altera/12.1/nios2eds/bin/gnu/h-i686-mingw32/bin/../lib/gcc/nios2-elf/4.1.2/../../../../nios2-elf/lib\libstdc++.a(string-inst.o)
                0x04013f2c                std::string::find_last_not_of(char const*, unsigned long) const
 .text._ZNKSs17find_first_not_ofEPKcm
                0x04013f7c       0x50 c:/altera/12.1/nios2eds/bin/gnu/h-i686-mingw32/bin/../lib/gcc/nios2-elf/4.1.2/../../../../nios2-elf/lib\libstdc++.a(string-inst.o)
                0x04013f7c                std::string::find_first_not_of(char const*, unsigned long) const
 .text._ZNKSs12find_last_ofEPKcm
                0x04013fcc       0x50 c:/altera/12.1/nios2eds/bin/gnu/h-i686-mingw32/bin/../lib/gcc/nios2-elf/4.1.2/../../../../nios2-elf/lib\libstdc++.a(string-inst.o)
                0x04013fcc                std::string::find_last_of(char const*, unsigned long) const
 .text._ZNKSs13find_first_ofEPKcm
                0x0401401c       0x50 c:/altera/12.1/nios2eds/bin/gnu/h-i686-mingw32/bin/../lib/gcc/nios2-elf/4.1.2/../../../../nios2-elf/lib\libstdc++.a(string-inst.o)
                0x0401401c                std::string::find_first_of(char const*, unsigned long) const
 .text._ZNKSs4rendEv
                0x0401406c       0x10 c:/altera/12.1/nios2eds/bin/gnu/h-i686-mingw32/bin/../lib/gcc/nios2-elf/4.1.2/../../../../nios2-elf/lib\libstdc++.a(string-inst.o)
                0x0401406c                std::string::rend() const
 .text._ZNKSs6rbeginEv
                0x0401407c       0x18 c:/altera/12.1/nios2eds/bin/gnu/h-i686-mingw32/bin/../lib/gcc/nios2-elf/4.1.2/../../../../nios2-elf/lib\libstdc++.a(string-inst.o)
                0x0401407c                std::string::rbegin() const
 .text._ZNSs12_S_constructEmcRKSaIcE
                0x04014094       0xc0 c:/altera/12.1/nios2eds/bin/gnu/h-i686-mingw32/bin/../lib/gcc/nios2-elf/4.1.2/../../../../nios2-elf/lib\libstdc++.a(string-inst.o)
                0x04014094                std::string::_S_construct(unsigned long, char, std::allocator<char> const&)
 .text._ZNSsC1EmcRKSaIcE
                0x04014154       0x3c c:/altera/12.1/nios2eds/bin/gnu/h-i686-mingw32/bin/../lib/gcc/nios2-elf/4.1.2/../../../../nios2-elf/lib\libstdc++.a(string-inst.o)
                0x04014154                std::basic_string<char, std::char_traits<char>, std::allocator<char> >::basic_string(unsigned long, char, std::allocator<char> const&)
 .text._ZNSsC2EmcRKSaIcE
                0x04014190       0x3c c:/altera/12.1/nios2eds/bin/gnu/h-i686-mingw32/bin/../lib/gcc/nios2-elf/4.1.2/../../../../nios2-elf/lib\libstdc++.a(string-inst.o)
                0x04014190                std::basic_string<char, std::char_traits<char>, std::allocator<char> >::basic_string(unsigned long, char, std::allocator<char> const&)
 .text._ZNSsC1ERKSaIcE
                0x040141cc       0x34 c:/altera/12.1/nios2eds/bin/gnu/h-i686-mingw32/bin/../lib/gcc/nios2-elf/4.1.2/../../../../nios2-elf/lib\libstdc++.a(string-inst.o)
                0x040141cc                std::basic_string<char, std::char_traits<char>, std::allocator<char> >::basic_string(std::allocator<char> const&)
 .text._ZNSsC2ERKSaIcE
                0x04014200       0x34 c:/altera/12.1/nios2eds/bin/gnu/h-i686-mingw32/bin/../lib/gcc/nios2-elf/4.1.2/../../../../nios2-elf/lib\libstdc++.a(string-inst.o)
                0x04014200                std::basic_string<char, std::char_traits<char>, std::allocator<char> >::basic_string(std::allocator<char> const&)
 .text._ZNKSs7compareEmmPKcm
                0x04014234       0x90 c:/altera/12.1/nios2eds/bin/gnu/h-i686-mingw32/bin/../lib/gcc/nios2-elf/4.1.2/../../../../nios2-elf/lib\libstdc++.a(string-inst.o)
                0x04014234                std::string::compare(unsigned long, unsigned long, char const*, unsigned long) const
 .text._ZNKSs7compareEmmPKc
                0x040142c4       0xc8 c:/altera/12.1/nios2eds/bin/gnu/h-i686-mingw32/bin/../lib/gcc/nios2-elf/4.1.2/../../../../nios2-elf/lib\libstdc++.a(string-inst.o)
                0x040142c4                std::string::compare(unsigned long, unsigned long, char const*) const
 .text._ZNKSs7compareEmmRKSsmm
                0x0401438c       0xc0 c:/altera/12.1/nios2eds/bin/gnu/h-i686-mingw32/bin/../lib/gcc/nios2-elf/4.1.2/../../../../nios2-elf/lib\libstdc++.a(string-inst.o)
                0x0401438c                std::string::compare(unsigned long, unsigned long, std::string const&, unsigned long, unsigned long) const
 .text._ZNKSs7compareEmmRKSs
                0x0401444c       0xa0 c:/altera/12.1/nios2eds/bin/gnu/h-i686-mingw32/bin/../lib/gcc/nios2-elf/4.1.2/../../../../nios2-elf/lib\libstdc++.a(string-inst.o)
                0x0401444c                std::string::compare(unsigned long, unsigned long, std::string const&) const
 .text._ZNSs4_Rep8_M_cloneERKSaIcEm
                0x040144ec       0x9c c:/altera/12.1/nios2eds/bin/gnu/h-i686-mingw32/bin/../lib/gcc/nios2-elf/4.1.2/../../../../nios2-elf/lib\libstdc++.a(string-inst.o)
                0x040144ec                std::string::_Rep::_M_clone(std::allocator<char> const&, unsigned long)
 .text._ZNSs4_Rep7_M_grabERKSaIcES2_
                0x04014588      0x104 c:/altera/12.1/nios2eds/bin/gnu/h-i686-mingw32/bin/../lib/gcc/nios2-elf/4.1.2/../../../../nios2-elf/lib\libstdc++.a(string-inst.o)
                0x04014588                std::string::_Rep::_M_grab(std::allocator<char> const&, std::allocator<char> const&)
 .text._ZNKSs4copyEPcmm
                0x0401468c       0x88 c:/altera/12.1/nios2eds/bin/gnu/h-i686-mingw32/bin/../lib/gcc/nios2-elf/4.1.2/../../../../nios2-elf/lib\libstdc++.a(string-inst.o)
                0x0401468c                std::string::copy(char*, unsigned long, unsigned long) const
 .text._ZNSs13_S_copy_charsEPcPKcS1_
                0x04014714       0x20 c:/altera/12.1/nios2eds/bin/gnu/h-i686-mingw32/bin/../lib/gcc/nios2-elf/4.1.2/../../../../nios2-elf/lib\libstdc++.a(string-inst.o)
                0x04014714                std::string::_S_copy_chars(char*, char const*, char const*)
 .text._ZNSs13_S_copy_charsEPcS_S_
                0x04014734       0x20 c:/altera/12.1/nios2eds/bin/gnu/h-i686-mingw32/bin/../lib/gcc/nios2-elf/4.1.2/../../../../nios2-elf/lib\libstdc++.a(string-inst.o)
                0x04014734                std::string::_S_copy_chars(char*, char*, char*)
 .text._ZNSs12_S_constructIPcEES0_T_S1_RKSaIcESt20forward_iterator_tag
                0x04014754       0xc4 c:/altera/12.1/nios2eds/bin/gnu/h-i686-mingw32/bin/../lib/gcc/nios2-elf/4.1.2/../../../../nios2-elf/lib\libstdc++.a(string-inst.o)
                0x04014754                char* std::string::_S_construct<char*>(char*, char*, std::allocator<char> const&, std::forward_iterator_tag)
 .text._ZNSsC2IPcEET_S1_RKSaIcE
                0x04014818       0x34 c:/altera/12.1/nios2eds/bin/gnu/h-i686-mingw32/bin/../lib/gcc/nios2-elf/4.1.2/../../../../nios2-elf/lib\libstdc++.a(string-inst.o)
                0x04014818                std::basic_string<char, std::char_traits<char>, std::allocator<char> >::basic_string<char*>(char*, char*, std::allocator<char> const&)
 .text._ZNSsC1ERKSsmmRKSaIcE
                0x0401484c       0x60 c:/altera/12.1/nios2eds/bin/gnu/h-i686-mingw32/bin/../lib/gcc/nios2-elf/4.1.2/../../../../nios2-elf/lib\libstdc++.a(string-inst.o)
                0x0401484c                std::basic_string<char, std::char_traits<char>, std::allocator<char> >::basic_string(std::string const&, unsigned long, unsigned long, std::allocator<char> const&)
 .text._ZNSsC2ERKSsmmRKSaIcE
                0x040148ac       0x60 c:/altera/12.1/nios2eds/bin/gnu/h-i686-mingw32/bin/../lib/gcc/nios2-elf/4.1.2/../../../../nios2-elf/lib\libstdc++.a(string-inst.o)
                0x040148ac                std::basic_string<char, std::char_traits<char>, std::allocator<char> >::basic_string(std::string const&, unsigned long, unsigned long, std::allocator<char> const&)
 .text._ZNSsC1ERKSsmm
                0x0401490c       0xec c:/altera/12.1/nios2eds/bin/gnu/h-i686-mingw32/bin/../lib/gcc/nios2-elf/4.1.2/../../../../nios2-elf/lib\libstdc++.a(string-inst.o)
                0x0401490c                std::basic_string<char, std::char_traits<char>, std::allocator<char> >::basic_string(std::string const&, unsigned long, unsigned long)
 .text._ZNKSs6substrEmm
                0x040149f8       0x40 c:/altera/12.1/nios2eds/bin/gnu/h-i686-mingw32/bin/../lib/gcc/nios2-elf/4.1.2/../../../../nios2-elf/lib\libstdc++.a(string-inst.o)
                0x040149f8                std::string::substr(unsigned long, unsigned long) const
 .text._ZNSsC2ERKSsmm
                0x04014a38       0xec c:/altera/12.1/nios2eds/bin/gnu/h-i686-mingw32/bin/../lib/gcc/nios2-elf/4.1.2/../../../../nios2-elf/lib\libstdc++.a(string-inst.o)
                0x04014a38                std::basic_string<char, std::char_traits<char>, std::allocator<char> >::basic_string(std::string const&, unsigned long, unsigned long)
 .text._ZNSsC1IPcEET_S1_RKSaIcE
                0x04014b24       0x34 c:/altera/12.1/nios2eds/bin/gnu/h-i686-mingw32/bin/../lib/gcc/nios2-elf/4.1.2/../../../../nios2-elf/lib\libstdc++.a(string-inst.o)
                0x04014b24                std::basic_string<char, std::char_traits<char>, std::allocator<char> >::basic_string<char*>(char*, char*, std::allocator<char> const&)
 .text._ZNSs13_S_copy_charsEPcN9__gnu_cxx17__normal_iteratorIS_SsEES2_
                0x04014b58       0x20 c:/altera/12.1/nios2eds/bin/gnu/h-i686-mingw32/bin/../lib/gcc/nios2-elf/4.1.2/../../../../nios2-elf/lib\libstdc++.a(string-inst.o)
                0x04014b58                std::string::_S_copy_chars(char*, __gnu_cxx::__normal_iterator<char*, std::string>, __gnu_cxx::__normal_iterator<char*, std::string>)
 .text._ZNSs12_S_constructIPKcEEPcT_S3_RKSaIcESt20forward_iterator_tag
                0x04014b78       0xc4 c:/altera/12.1/nios2eds/bin/gnu/h-i686-mingw32/bin/../lib/gcc/nios2-elf/4.1.2/../../../../nios2-elf/lib\libstdc++.a(string-inst.o)
                0x04014b78                char* std::string::_S_construct<char const*>(char const*, char const*, std::allocator<char> const&, std::forward_iterator_tag)
 .text._ZNSsC2IPKcEET_S2_RKSaIcE
                0x04014c3c       0x34 c:/altera/12.1/nios2eds/bin/gnu/h-i686-mingw32/bin/../lib/gcc/nios2-elf/4.1.2/../../../../nios2-elf/lib\libstdc++.a(string-inst.o)
                0x04014c3c                std::basic_string<char, std::char_traits<char>, std::allocator<char> >::basic_string<char const*>(char const*, char const*, std::allocator<char> const&)
 .text._ZNSsC1EPKcmRKSaIcE
                0x04014c70       0x34 c:/altera/12.1/nios2eds/bin/gnu/h-i686-mingw32/bin/../lib/gcc/nios2-elf/4.1.2/../../../../nios2-elf/lib\libstdc++.a(string-inst.o)
                0x04014c70                std::basic_string<char, std::char_traits<char>, std::allocator<char> >::basic_string(char const*, unsigned long, std::allocator<char> const&)
 .text._ZNSsC2EPKcmRKSaIcE
                0x04014ca4       0x34 c:/altera/12.1/nios2eds/bin/gnu/h-i686-mingw32/bin/../lib/gcc/nios2-elf/4.1.2/../../../../nios2-elf/lib\libstdc++.a(string-inst.o)
                0x04014ca4                std::basic_string<char, std::char_traits<char>, std::allocator<char> >::basic_string(char const*, unsigned long, std::allocator<char> const&)
 .text._ZNSsC1IPKcEET_S2_RKSaIcE
                0x04014cd8       0x34 c:/altera/12.1/nios2eds/bin/gnu/h-i686-mingw32/bin/../lib/gcc/nios2-elf/4.1.2/../../../../nios2-elf/lib\libstdc++.a(string-inst.o)
                0x04014cd8                std::basic_string<char, std::char_traits<char>, std::allocator<char> >::basic_string<char const*>(char const*, char const*, std::allocator<char> const&)
 .text._ZNSsC1EPKcRKSaIcE
                0x04014d0c       0x60 c:/altera/12.1/nios2eds/bin/gnu/h-i686-mingw32/bin/../lib/gcc/nios2-elf/4.1.2/../../../../nios2-elf/lib\libstdc++.a(string-inst.o)
                0x04014d0c                std::basic_string<char, std::char_traits<char>, std::allocator<char> >::basic_string(char const*, std::allocator<char> const&)
 .text._ZNSsC2EPKcRKSaIcE
                0x04014d6c       0x60 c:/altera/12.1/nios2eds/bin/gnu/h-i686-mingw32/bin/../lib/gcc/nios2-elf/4.1.2/../../../../nios2-elf/lib\libstdc++.a(string-inst.o)
                0x04014d6c                std::basic_string<char, std::char_traits<char>, std::allocator<char> >::basic_string(char const*, std::allocator<char> const&)
 .text._ZNSs13_S_copy_charsEPcN9__gnu_cxx17__normal_iteratorIPKcSsEES4_
                0x04014dcc       0x20 c:/altera/12.1/nios2eds/bin/gnu/h-i686-mingw32/bin/../lib/gcc/nios2-elf/4.1.2/../../../../nios2-elf/lib\libstdc++.a(string-inst.o)
                0x04014dcc                std::string::_S_copy_chars(char*, __gnu_cxx::__normal_iterator<char const*, std::string>, __gnu_cxx::__normal_iterator<char const*, std::string>)
 .text._ZNSs12_S_constructIN9__gnu_cxx17__normal_iteratorIPcSsEEEES2_T_S4_RKSaIcESt20forward_iterator_tag
                0x04014dec       0xb4 c:/altera/12.1/nios2eds/bin/gnu/h-i686-mingw32/bin/../lib/gcc/nios2-elf/4.1.2/../../../../nios2-elf/lib\libstdc++.a(string-inst.o)
                0x04014dec                char* std::string::_S_construct<__gnu_cxx::__normal_iterator<char*, std::string> >(__gnu_cxx::__normal_iterator<char*, std::string>, __gnu_cxx::__normal_iterator<char*, std::string>, std::allocator<char> const&, std::forward_iterator_tag)
 .text._ZNSsC2IN9__gnu_cxx17__normal_iteratorIPcSsEEEET_S4_RKSaIcE
                0x04014ea0       0x34 c:/altera/12.1/nios2eds/bin/gnu/h-i686-mingw32/bin/../lib/gcc/nios2-elf/4.1.2/../../../../nios2-elf/lib\libstdc++.a(string-inst.o)
                0x04014ea0                std::basic_string<char, std::char_traits<char>, std::allocator<char> >::basic_string<__gnu_cxx::__normal_iterator<char*, std::string> >(__gnu_cxx::__normal_iterator<char*, std::string>, __gnu_cxx::__normal_iterator<char*, std::string>, std::allocator<char> const&)
 .text._ZNSsC1IN9__gnu_cxx17__normal_iteratorIPcSsEEEET_S4_RKSaIcE
                0x04014ed4       0x34 c:/altera/12.1/nios2eds/bin/gnu/h-i686-mingw32/bin/../lib/gcc/nios2-elf/4.1.2/../../../../nios2-elf/lib\libstdc++.a(string-inst.o)
                0x04014ed4                std::basic_string<char, std::char_traits<char>, std::allocator<char> >::basic_string<__gnu_cxx::__normal_iterator<char*, std::string> >(__gnu_cxx::__normal_iterator<char*, std::string>, __gnu_cxx::__normal_iterator<char*, std::string>, std::allocator<char> const&)
 .text._ZNSsC1ERKSs
                0x04014f08       0xfc c:/altera/12.1/nios2eds/bin/gnu/h-i686-mingw32/bin/../lib/gcc/nios2-elf/4.1.2/../../../../nios2-elf/lib\libstdc++.a(string-inst.o)
                0x04014f08                std::basic_string<char, std::char_traits<char>, std::allocator<char> >::basic_string(std::string const&)
 .text._ZNSsC2ERKSs
                0x04015004       0xfc c:/altera/12.1/nios2eds/bin/gnu/h-i686-mingw32/bin/../lib/gcc/nios2-elf/4.1.2/../../../../nios2-elf/lib\libstdc++.a(string-inst.o)
                0x04015004                std::basic_string<char, std::char_traits<char>, std::allocator<char> >::basic_string(std::string const&)
 .text._ZNSs6assignERKSs
                0x04015100      0x174 c:/altera/12.1/nios2eds/bin/gnu/h-i686-mingw32/bin/../lib/gcc/nios2-elf/4.1.2/../../../../nios2-elf/lib\libstdc++.a(string-inst.o)
                0x04015100                std::string::assign(std::string const&)
 .text._ZNSsaSERKSs