Archive member included because of file (symbol)

c:/altera/12.1/nios2eds/bin/gnu/h-i686-mingw32/bin/../lib/gcc/nios2-elf/4.1.2/../../../../nios2-elf/lib\libstdc++.a(eh_personality.o)
                              obj/default/COMM_CarProtocol/ADCInfoMessage.o (__gxx_personality_sj0)
c:/altera/12.1/nios2eds/bin/gnu/h-i686-mingw32/bin/../lib/gcc/nios2-elf/4.1.2/../../../../nios2-elf/lib\libstdc++.a(eh_exception.o)
                              c:/altera/12.1/nios2eds/bin/gnu/h-i686-mingw32/bin/../lib/gcc/nios2-elf/4.1.2/../../../../nios2-elf/lib\libstdc++.a(eh_personality.o) (vtable for std::bad_exception)
c:/altera/12.1/nios2eds/bin/gnu/h-i686-mingw32/bin/../lib/gcc/nios2-elf/4.1.2/../../../../nios2-elf/lib\libstdc++.a(del_op.o)
                              obj/default/COMM_CarProtocol/ADCInfoMessage.o (operator delete(void*))
c:/altera/12.1/nios2eds/bin/gnu/h-i686-mingw32/bin/../lib/gcc/nios2-elf/4.1.2/../../../../nios2-elf/lib\libstdc++.a(eh_call.o)
                              c:/altera/12.1/nios2eds/bin/gnu/h-i686-mingw32/bin/../lib/gcc/nios2-elf/4.1.2/../../../../nios2-elf/lib\libstdc++.a(eh_personality.o) (__cxa_call_terminate)
c:/altera/12.1/nios2eds/bin/gnu/h-i686-mingw32/bin/../lib/gcc/nios2-elf/4.1.2/../../../../nios2-elf/lib\libstdc++.a(class_type_info.o)
                              obj/default/COMM_CarProtocol/CarMessage.o (vtable for __cxxabiv1::__class_type_info)
c:/altera/12.1/nios2eds/bin/gnu/h-i686-mingw32/bin/../lib/gcc/nios2-elf/4.1.2/../../../../nios2-elf/lib\libstdc++.a(new_op.o)
                              obj/default/COMM_CarProtocol/CarProtocol.o (operator new(unsigned long))
c:/altera/12.1/nios2eds/bin/gnu/h-i686-mingw32/bin/../lib/gcc/nios2-elf/4.1.2/../../../../nios2-elf/lib\libstdc++.a(si_class_type_info.o)
                              obj/default/COMM_CarProtocol/ADCInfoMessage.o (vtable for __cxxabiv1::__si_class_type_info)
c:/altera/12.1/nios2eds/bin/gnu/h-i686-mingw32/bin/../lib/gcc/nios2-elf/4.1.2/../../../../nios2-elf/lib\libstdc++.a(eh_alloc.o)
                              c:/altera/12.1/nios2eds/bin/gnu/h-i686-mingw32/bin/../lib/gcc/nios2-elf/4.1.2/../../../../nios2-elf/lib\libstdc++.a(eh_personality.o) (__cxa_allocate_exception)
c:/altera/12.1/nios2eds/bin/gnu/h-i686-mingw32/bin/../lib/gcc/nios2-elf/4.1.2/../../../../nios2-elf/lib\libstdc++.a(tinfo.o)
                              c:/altera/12.1/nios2eds/bin/gnu/h-i686-mingw32/bin/../lib/gcc/nios2-elf/4.1.2/../../../../nios2-elf/lib\libstdc++.a(class_type_info.o) (std::type_info::__is_pointer_p() const)
c:/altera/12.1/nios2eds/bin/gnu/h-i686-mingw32/bin/../lib/gcc/nios2-elf/4.1.2/../../../../nios2-elf/lib\libstdc++.a(eh_throw.o)
                              c:/altera/12.1/nios2eds/bin/gnu/h-i686-mingw32/bin/../lib/gcc/nios2-elf/4.1.2/../../../../nios2-elf/lib\libstdc++.a(eh_personality.o) (__cxa_rethrow)
c:/altera/12.1/nios2eds/bin/gnu/h-i686-mingw32/bin/../lib/gcc/nios2-elf/4.1.2/../../../../nios2-elf/lib\libstdc++.a(eh_terminate.o)
                              c:/altera/12.1/nios2eds/bin/gnu/h-i686-mingw32/bin/../lib/gcc/nios2-elf/4.1.2/../../../../nios2-elf/lib\libstdc++.a(eh_personality.o) (__cxxabiv1::__terminate(void (*)()))
c:/altera/12.1/nios2eds/bin/gnu/h-i686-mingw32/bin/../lib/gcc/nios2-elf/4.1.2/../../../../nios2-elf/lib\libstdc++.a(eh_globals.o)
                              c:/altera/12.1/nios2eds/bin/gnu/h-i686-mingw32/bin/../lib/gcc/nios2-elf/4.1.2/../../../../nios2-elf/lib\libstdc++.a(eh_personality.o) (__cxa_get_globals_fast)
c:/altera/12.1/nios2eds/bin/gnu/h-i686-mingw32/bin/../lib/gcc/nios2-elf/4.1.2/../../../../nios2-elf/lib\libstdc++.a(eh_unex_handler.o)
                              c:/altera/12.1/nios2eds/bin/gnu/h-i686-mingw32/bin/../lib/gcc/nios2-elf/4.1.2/../../../../nios2-elf/lib\libstdc++.a(eh_throw.o) (__cxxabiv1::__unexpected_handler)
c:/altera/12.1/nios2eds/bin/gnu/h-i686-mingw32/bin/../lib/gcc/nios2-elf/4.1.2/../../../../nios2-elf/lib\libstdc++.a(new_handler.o)
                              c:/altera/12.1/nios2eds/bin/gnu/h-i686-mingw32/bin/../lib/gcc/nios2-elf/4.1.2/../../../../nios2-elf/lib\libstdc++.a(new_op.o) (__new_handler)
c:/altera/12.1/nios2eds/bin/gnu/h-i686-mingw32/bin/../lib/gcc/nios2-elf/4.1.2/../../../../nios2-elf/lib\libstdc++.a(eh_catch.o)
                              c:/altera/12.1/nios2eds/bin/gnu/h-i686-mingw32/bin/../lib/gcc/nios2-elf/4.1.2/../../../../nios2-elf/lib\libstdc++.a(eh_personality.o) (__cxa_end_catch)
c:/altera/12.1/nios2eds/bin/gnu/h-i686-mingw32/bin/../lib/gcc/nios2-elf/4.1.2/../../../../nios2-elf/lib\libstdc++.a(eh_term_handler.o)
                              c:/altera/12.1/nios2eds/bin/gnu/h-i686-mingw32/bin/../lib/gcc/nios2-elf/4.1.2/../../../../nios2-elf/lib\libstdc++.a(eh_throw.o) (__cxxabiv1::__terminate_handler)
c:/altera/12.1/nios2eds/bin/gnu/h-i686-mingw32/bin/../lib/gcc/nios2-elf/4.1.2\libgcc.a(lib2-divmod.o)
                              obj/default/external_drivers/adc_interface.o (__udivsi3)
[...]
Memory Configuration

Name             Origin             Length             Attributes
com_memory_BEFORE_RESET 0x04000000         0x00005000
reset            0x04005000         0x00000020
com_memory       0x04005020         0x03ffafe0
ethernet_subsystem_descriptor_memory 0x08000000         0x00002000
shared_memory    0x08002000         0x00001000
com_ocmemory     0x08004000         0x00000400
*default*        0x00000000         0xffffffff

Linker script and memory map

LOAD ../Car2X_communication_bsp//obj/HAL/src/crt0.o
LOAD obj/default/alt_error_handler.o
LOAD obj/default/main.o
LOAD obj/default/network_utilities.o
LOAD obj/default/tse_my_system.o
LOAD obj/default/COMM_CarProtocol/ADCInfoMessage.o
LOAD obj/default/COMM_CarProtocol/ADCValuesMessage.o
LOAD obj/default/COMM_CarProtocol/AccelerationValuesMessage.o
LOAD obj/default/COMM_CarProtocol/CarMessage.o
LOAD obj/default/COMM_CarProtocol/CarProtocol.o
LOAD obj/default/COMM_CarProtocol/MotorMeasurementMessage.o
LOAD obj/default/COMM_CarProtocol/MotorVelocityMessage.o
LOAD obj/default/COMM_CarProtocol/UltrasoundDistanceMessage.o
LOAD obj/default/COMM_CarProtocol/WelcomeMessage.o
LOAD obj/default/CarMessages/CControlMessage.o
LOAD obj/default/CarMessages/CEmergencyBrakeMessage.o
LOAD obj/default/etc/utility.o
LOAD obj/default/external_drivers/accelerometer_interface.o
LOAD obj/default/external_drivers/adc_interface.o
LOAD obj/default/external_drivers/ultrasound_interface.o
LOAD obj/default/sensors/ADCSensor.o
LOAD obj/default/sensors/AccelerationSensor.o
LOAD obj/default/sensors/SensorState.o
LOAD obj/default/sensors/UltrasoundSensor.o
LOAD obj/default/socketserver.o
LOAD obj/default/terasic_lib/I2C.o
LOAD obj/default/terasic_lib/accelerometer_adxl345_spi.o
LOAD obj/default/terasic_lib/adc_spi_read.o
LOAD obj/default/terasic_lib/terasic_spi.o
LOAD c:/altera/12.1/nios2eds/bin/gnu/h-i686-mingw32/bin/../lib/gcc/nios2-elf/4.1.2/../../../../nios2-elf/lib\libstdc++.a
LOAD c:/altera/12.1/nios2eds/bin/gnu/h-i686-mingw32/bin/../lib/gcc/nios2-elf/4.1.2/../../../../nios2-elf/lib\libm.a
LOAD c:/altera/12.1/nios2eds/bin/gnu/h-i686-mingw32/bin/../lib/gcc/nios2-elf/4.1.2\libgcc.a
START GROUP
LOAD c:/altera/12.1/nios2eds/bin/gnu/h-i686-mingw32/bin/../lib/gcc/nios2-elf/4.1.2/../../../../nios2-elf/lib\libc.a
LOAD c:/altera/12.1/nios2eds/bin/gnu/h-i686-mingw32/bin/../lib/gcc/nios2-elf/4.1.2\libgcc.a
LOAD ../Car2X_communication_bsp/\libucosii_bsp.a
END GROUP
LOAD c:/altera/12.1/nios2eds/bin/gnu/h-i686-mingw32/bin/../lib/gcc/nios2-elf/4.1.2\libgcc.a
                0x04000000                __alt_mem_com_memory = 0x4000000
                0x08000000                __alt_mem_ethernet_subsystem_descriptor_memory = 0x8000000
                0x08002000                __alt_mem_shared_memory = 0x8002000
                0x08004000                __alt_mem_com_ocmemory = 0x8004000

.entry          0x04005000       0x20
 *(.entry)
 .entry         0x04005000       0x20 ../Car2X_communication_bsp//obj/HAL/src/crt0.o
                0x04005000                __reset

.exceptions     0x04005020      0x19c
                0x04005020                PROVIDE (__ram_exceptions_start, ABSOLUTE (.))
                0x04005020                . = ALIGN (0x20)
 *(.irq)
 *(.exceptions.entry.label)
 .exceptions.entry.label
                0x04005020        0x0 ../Car2X_communication_bsp/\libucosii_bsp.a(alt_irq_entry.o)
                0x04005020                alt_irq_entry
 .exceptions.entry.label
                0x04005020        0x0 ../Car2X_communication_bsp/\libucosii_bsp.a(alt_exception_entry.o)
                0x04005020                alt_exception
 *(.exceptions.entry.user)
 *(.exceptions.entry)
 .exceptions.entry
                0x04005020       0x54 ../Car2X_communication_bsp/\libucosii_bsp.a(alt_exception_entry.o)
 *(.exceptions.irqtest.user)
 *(.exceptions.irqtest)
 .exceptions.irqtest
                0x04005074       0x10 ../Car2X_communication_bsp/\libucosii_bsp.a(alt_irq_entry.o)
 *(.exceptions.irqhandler.user)
 *(.exceptions.irqhandler)
 .exceptions.irqhandler
                0x04005084        0x4 ../Car2X_communication_bsp/\libucosii_bsp.a(alt_irq_entry.o)
 *(.exceptions.irqreturn.user)
 *(.exceptions.irqreturn)
 .exceptions.irqreturn
                0x04005088        0x4 ../Car2X_communication_bsp/\libucosii_bsp.a(alt_irq_entry.o)
 *(.exceptions.notirq.label)
 .exceptions.notirq.label
                0x0400508c        0x0 ../Car2X_communication_bsp/\libucosii_bsp.a(alt_irq_entry.o)
 *(.exceptions.notirq.user)
 *(.exceptions.notirq)
 .exceptions.notirq
                0x0400508c        0x8 ../Car2X_communication_bsp/\libucosii_bsp.a(alt_exception_entry.o)
 *(.exceptions.soft.user)
 *(.exceptions.soft)
 *(.exceptions.unknown.user)
 *(.exceptions.unknown)
 .exceptions.unknown
                0x04005094        0x4 ../Car2X_communication_bsp/\libucosii_bsp.a(alt_exception_entry.o)
 *(.exceptions.exit.label)
 .exceptions.exit.label
                0x04005098        0x0 ../Car2X_communication_bsp/\libucosii_bsp.a(alt_irq_entry.o)
 .exceptions.exit.label
                0x04005098        0x0 ../Car2X_communication_bsp/\libucosii_bsp.a(alt_exception_entry.o)
 *(.exceptions.exit.user)
 *(.exceptions.exit)
 .exceptions.exit
                0x04005098       0x54 ../Car2X_communication_bsp/\libucosii_bsp.a(alt_exception_entry.o)
 *(.exceptions)
 .exceptions    0x040050ec       0xd0 ../Car2X_communication_bsp/\libucosii_bsp.a(alt_irq_handler.o)
                0x040050ec                alt_irq_handler
                0x040051bc                PROVIDE (__ram_exceptions_end, ABSOLUTE (.))
                0x04005020                PROVIDE (__flash_exceptions_start, LOADADDR (.exceptions))

.text           0x040051bc    0x4ebac
                0x040051bc                PROVIDE (stext, ABSOLUTE (.))
 *(.interp)
 *(.hash)
 *(.dynsym)
 *(.dynstr)
 *(.gnu.version)
 *(.gnu.version_d)
 *(.gnu.version_r)
 *(.rel.init)
 *(.rela.init)
 *(.rel.text .rel.text.* .rel.gnu.linkonce.t.*)
 *(.rela.text .rela.text.* .rela.gnu.linkonce.t.*)
 *(.rel.fini)
 *(.rela.fini)
 *(.rel.rodata .rel.rodata.* .rel.gnu.linkonce.r.*)
 *(.rela.rodata .rela.rodata.* .rela.gnu.linkonce.r.*)
 *(.rel.data .rel.data.* .rel.gnu.linkonce.d.*)
 *(.rela.data .rela.data.* .rela.gnu.linkonce.d.*)
 *(.rel.tdata .rel.tdata.* .rel.gnu.linkonce.td.*)
 *(.rela.tdata .rela.tdata.* .rela.gnu.linkonce.td.*)
 *(.rel.tbss .rel.tbss.* .rel.gnu.linkonce.tb.*)
 *(.rela.tbss .rela.tbss.* .rela.gnu.linkonce.tb.*)
 *(.rel.ctors)
 *(.rela.ctors)
 *(.rel.dtors)
 *(.rela.dtors)
 *(.rel.got)
 *(.rela.got)
 *(.rel.sdata .rel.sdata.* .rel.gnu.linkonce.s.*)
 *(.rela.sdata .rela.sdata.* .rela.gnu.linkonce.s.*)
 *(.rel.sbss .rel.sbss.* .rel.gnu.linkonce.sb.*)
 *(.rela.sbss .rela.sbss.* .rela.gnu.linkonce.sb.*)
 *(.rel.sdata2 .rel.sdata2.* .rel.gnu.linkonce.s2.*)
 *(.rela.sdata2 .rela.sdata2.* .rela.gnu.linkonce.s2.*)
 *(.rel.sbss2 .rel.sbss2.* .rel.gnu.linkonce.sb2.*)
 *(.rela.sbss2 .rela.sbss2.* .rela.gnu.linkonce.sb2.*)
 *(.rel.bss .rel.bss.* .rel.gnu.linkonce.b.*)
 *(.rela.bss .rela.bss.* .rela.gnu.linkonce.b.*)
 *(.rel.plt)
 *(.rela.plt)
 *(.rel.dyn)
 *(.init)
 *(.plt)
 *(.text .stub .text.* .gnu.linkonce.t.*)
 .text          0x040051bc       0x4c ../Car2X_communication_bsp//obj/HAL/src/crt0.o
                0x040051bc                _start
 .text          0x04005208      0xba8 obj/default/alt_error_handler.o
                0x04005208                alt_uCOSIIErrorHandler
                0x0400582c                alt_NetworkErrorHandler
                0x04005ac4                alt_SSSErrorHandler
 .text          0x04005db0       0xec obj/default/main.o
                0x04005db0                SSSInitialTask
                0x04005e20                main
 .text          0x04005e9c      0x5f8 obj/default/network_utilities.o
                0x04005e9c                get_mac_addr
                0x04005ef4                get_ip_addr
                0x040060b8                get_serial_number
                0x04006294                generate_and_store_mac_addr
                0x040062c0                generate_mac_addr
                0x040063fc                get_board_mac_addr
                0x0400646c                FindLastFlashSectorOffset
 .text          0x04006494        0x0 obj/default/tse_my_system.o
 .text          0x04006494      0xb78 obj/default/COMM_CarProtocol/ADCInfoMessage.o
                0x04006494                CADCInfoMessage::doAction()
                0x040064b4                CADCInfoMessage::answerMessage(unsigned char, unsigned char*, unsigned char*)
                0x04006614                CADCInfoMessage::getLength()
                0x04006638                CADCInfoMessage::parseMessage(unsigned char*, int)
                0x040067c8                CADCInfoMessage::getBytes(unsigned char*)
                0x04006984                CADCInfoMessage::~CADCInfoMessage()
                0x040069dc                CADCInfoMessage::~CADCInfoMessage()
                0x04006a34                CADCInfoMessage::~CADCInfoMessage()
                0x04006a8c                CADCInfoMessage::CADCInfoMessage(unsigned char*, int)
                0x04006be8                CADCInfoMessage::CADCInfoMessage(unsigned char*, int)
                0x04006d44                CADCInfoMessage::CADCInfoMessage(unsigned char*)
                0x04006ea8                CADCInfoMessage::CADCInfoMessage(unsigned char*)
 .text          0x0400700c      0x914 obj/default/COMM_CarProtocol/ADCValuesMessage.o
                0x0400700c                CADCValuesMessage::doAction()
                0x0400702c                CADCValuesMessage::answerMessage(unsigned char*, unsigned short*)
                0x04007090                CADCValuesMessage::getLength()
                0x040070b4                CADCValuesMessage::parseMessage(unsigned char*, int)
                0x04007194                CADCValuesMessage::getBytes(unsigned char*)
                0x040072a8                CADCValuesMessage::~CADCValuesMessage()
                0x04007300                CADCValuesMessage::~CADCValuesMessage()
                0x04007358                CADCValuesMessage::~CADCValuesMessage()
                0x040073b0                CADCValuesMessage::CADCValuesMessage(unsigned char*, int)
                0x0400750c                CADCValuesMessage::CADCValuesMessage(unsigned char*, int)
                0x04007668                CADCValuesMessage::CADCValuesMessage(unsigned char*)
                0x040077c4                CADCValuesMessage::CADCValuesMessage(unsigned char*)
 .text          0x04007920      0xa48 obj/default/COMM_CarProtocol/AccelerationValuesMessage.o
                0x04007920                CAccelerationValuesMessage::answerMessage(short, short, short, unsigned char)
                0x0400799c                CAccelerationValuesMessage::getLength()
                0x040079c0                CAccelerationValuesMessage::parseMessage(unsigned char*, int)
                0x04007ab8                CAccelerationValuesMessage::getBytes(unsigned char*)
                0x04007c3c                CAccelerationValuesMessage::doAction()
                0x04007d00                CAccelerationValuesMessage::~CAccelerationValuesMessage()
                0x04007d58                CAccelerationValuesMessage::~CAccelerationValuesMessage()
                0x04007db0                CAccelerationValuesMessage::~CAccelerationValuesMessage()
                0x04007e08                CAccelerationValuesMessage::CAccelerationValuesMessage(unsigned char*, int)
                0x04007f64                CAccelerationValuesMessage::CAccelerationValuesMessage(unsigned char*, int)
                0x040080c0                CAccelerationValuesMessage::CAccelerationValuesMessage()
                0x04008214                CAccelerationValuesMessage::CAccelerationValuesMessage()
 .text          0x04008368      0x614 obj/default/COMM_CarProtocol/CarMessage.o
                0x04008368                CCarMessage::CCarMessage()
                0x040083a0                CCarMessage::CCarMessage()
                0x040083d8                CCarMessage::doAction()
                0x040083f8                CCarMessage::getBytes(unsigned char*)
                0x04008494                CCarMessage::getLength()
                0x040084b8                CCarMessage::getType()
                0x040084e4                CCarMessage::getSubType()
                0x04008510                CCarMessage::isValid()
                0x0400853c                CCarMessage::setHeader(unsigned char, unsigned char, bool)
                0x040085a0                CCarMessage::CCarMessage(unsigned char, unsigned char, bool)
                0x040085f8                CCarMessage::CCarMessage(unsigned char, unsigned char, bool)
                0x04008650                CCarMessage::setHeader(unsigned char, unsigned char, unsigned char, bool)
                0x040086c0                CCarMessage::parseHeader(unsigned char*, int)
                0x0400874c                CCarMessage::CCarMessage(unsigned char*, int)
                0x040087a4                CCarMessage::CCarMessage(unsigned char*, int)
                0x040087fc                CCarMessage::writeHeaderToBuffer(unsigned char*, int)
                0x0400888c                CCarMessage::~CCarMessage()
                0x040088dc                CCarMessage::~CCarMessage()
                0x0400892c                CCarMessage::~CCarMessage()
 .text          0x0400897c     0x1688 obj/default/COMM_CarProtocol/CarProtocol.o
                0x0400897c                CCarProtocol::CCarProtocol(unsigned short, CCarMessage**, unsigned long)
                0x04008a3c                CCarProtocol::CCarProtocol(unsigned short, CCarMessage**, unsigned long)
                0x04008afc                CCarProtocol::isValid()
                0x04008b28                CCarProtocol::getLength()
                0x04008bd8                CCarProtocol::getNthMessage(unsigned long)
                0x04008c38                CCarProtocol::getMessageCount()
                0x04008c60                CCarProtocol::getBytes(unsigned char*)
                0x04008e6c                CCarProtocol::~CCarProtocol()
                0x04008f8c                CCarProtocol::~CCarProtocol()
                0x040090ac                CCarProtocol::~CCarProtocol()
                0x040091cc                CCarProtocol::parsePacket(unsigned char*, int)
                0x04009f44                CCarProtocol::CCarProtocol(unsigned char*, int)
                0x04009fa4                CCarProtocol::CCarProtocol(unsigned char*, int)
 .text          0x0400a004      0x9e0 obj/default/COMM_CarProtocol/MotorMeasurementMessage.o
                0x0400a004                CMotorMeasurementMessage::doAction()
                0x0400a024                CMotorMeasurementMessage::getLength()
                0x0400a048                CMotorMeasurementMessage::answerMessage(short, unsigned short, short, short, short)
                0x0400a0d8                CMotorMeasurementMessage::getBytes(unsigned char*)
                0x0400a20c                CMotorMeasurementMessage::parseMessage(unsigned char*, int)
                0x0400a344                CMotorMeasurementMessage::~CMotorMeasurementMessage()
                0x0400a39c                CMotorMeasurementMessage::~CMotorMeasurementMessage()
                0x0400a3f4                CMotorMeasurementMessage::~CMotorMeasurementMessage()
                0x0400a44c                CMotorMeasurementMessage::CMotorMeasurementMessage(unsigned char*, int)
                0x0400a5a8                CMotorMeasurementMessage::CMotorMeasurementMessage(unsigned char*, int)
                0x0400a704                CMotorMeasurementMessage::CMotorMeasurementMessage()
                0x0400a874                CMotorMeasurementMessage::CMotorMeasurementMessage()
 .text          0x0400a9e4      0x824 obj/default/COMM_CarProtocol/MotorVelocityMessage.o
                0x0400a9e4                CMotorVelocityMessage::doAction()
                0x0400aa04                CMotorVelocityMessage::getLength()
                0x0400aa28                CMotorVelocityMessage::answerMessage(short)
                0x0400aa70                CMotorVelocityMessage::parseMessage(unsigned char*, int)
                0x0400ab04                CMotorVelocityMessage::getBytes(unsigned char*)
                0x0400ab98                CMotorVelocityMessage::~CMotorVelocityMessage()
                0x0400abf0                CMotorVelocityMessage::~CMotorVelocityMessage()
                0x0400ac48                CMotorVelocityMessage::~CMotorVelocityMessage()
                0x0400aca0                CMotorVelocityMessage::CMotorVelocityMessage(unsigned char*, int)
                0x0400adfc                CMotorVelocityMessage::CMotorVelocityMessage(unsigned char*, int)
                0x0400af58                CMotorVelocityMessage::CMotorVelocityMessage(short)
                0x0400b0b0                CMotorVelocityMessage::CMotorVelocityMessage(short)
 .text          0x0400b208      0x864 obj/default/COMM_CarProtocol/UltrasoundDistanceMessage.o
                0x0400b208                CUltrasoundDistanceMessage::doAction()
                0x0400b228                CUltrasoundDistanceMessage::answerMessage(long)
                0x0400b298                CUltrasoundDistanceMessage::getLength()
                0x0400b2bc                CUltrasoundDistanceMessage::parseMessage(unsigned char*, int)
                0x0400b350                CUltrasoundDistanceMessage::getBytes(unsigned char*)
                0x0400b40c                CUltrasoundDistanceMessage::~CUltrasoundDistanceMessage()
                0x0400b464                CUltrasoundDistanceMessage::~CUltrasoundDistanceMessage()
                0x0400b4bc                CUltrasoundDistanceMessage::~CUltrasoundDistanceMessage()
                0x0400b514                CUltrasoundDistanceMessage::CUltrasoundDistanceMessage(unsigned char*, int)
                0x0400b670                CUltrasoundDistanceMessage::CUltrasoundDistanceMessage(unsigned char*, int)
                0x0400b7cc                CUltrasoundDistanceMessage::CUltrasoundDistanceMessage()
                0x0400b91c                CUltrasoundDistanceMessage::CUltrasoundDistanceMessage()
 .text          0x0400ba6c      0x9b0 obj/default/COMM_CarProtocol/WelcomeMessage.o
                0x0400ba6c                CWelcomeMessage::doAction()
                0x0400ba8c                CWelcomeMessage::getLength()
                0x0400bab0                CWelcomeMessage::parseMessage(unsigned char*, int)
                0x0400bb84                CWelcomeMessage::answerMessage(unsigned char, unsigned char, unsigned char, unsigned char*)
                0x0400bc48                CWelcomeMessage::getBytes(unsigned char*)
                0x0400bd24                CWelcomeMessage::~CWelcomeMessage()
                0x0400bd7c                CWelcomeMessage::~CWelcomeMessage()
                0x0400bdd4                CWelcomeMessage::~CWelcomeMessage()
                0x0400be2c                CWelcomeMessage::CWelcomeMessage(unsigned char)
                0x0400bfc8                CWelcomeMessage::CWelcomeMessage(unsigned char)
                0x0400c164                CWelcomeMessage::CWelcomeMessage(unsigned char*, int)
                0x0400c2c0                CWelcomeMessage::CWelcomeMessage(unsigned char*, int)
 .text          0x0400c41c      0x2d0 obj/default/CarMessages/CControlMessage.o
                0x0400c41c                CControlMessage::answerMessage(bool)
                0x0400c440                CControlMessage::doAction()
                0x0400c460                CControlMessage::getBytes(unsigned char*)
                0x0400c488                CControlMessage::getLength()
                0x0400c4ac                CControlMessage::parseMessage(unsigned char*, int)
                0x0400c4d4                CControlMessage::~CControlMessage()
                0x0400c52c                CControlMessage::~CControlMessage()
                0x0400c584                CControlMessage::~CControlMessage()
                0x0400c5dc                CControlMessage::CControlMessage(unsigned char*, int)
                0x0400c624                CControlMessage::CControlMessage(unsigned char*, int)
                0x0400c66c                CControlMessage::CControlMessage()
                0x0400c6ac                CControlMessage::CControlMessage()
 .text          0x0400c6ec      0x2d0 obj/default/CarMessages/CEmergencyBrakeMessage.o
                0x0400c6ec                CEmergencyBrakeMessage::answerMessage(bool)
                0x0400c710                CEmergencyBrakeMessage::doAction()
                0x0400c730                CEmergencyBrakeMessage::getBytes(unsigned char*)
                0x0400c758                CEmergencyBrakeMessage::getLength()
                0x0400c77c                CEmergencyBrakeMessage::parseMessage(unsigned char*, int)
                0x0400c7a4                CEmergencyBrakeMessage::~CEmergencyBrakeMessage()
                0x0400c7fc                CEmergencyBrakeMessage::~CEmergencyBrakeMessage()
                0x0400c854                CEmergencyBrakeMessage::~CEmergencyBrakeMessage()
                0x0400c8ac                CEmergencyBrakeMessage::CEmergencyBrakeMessage(unsigned char*, int)
                0x0400c8f4                CEmergencyBrakeMessage::CEmergencyBrakeMessage(unsigned char*, int)
                0x0400c93c                CEmergencyBrakeMessage::CEmergencyBrakeMessage()
                0x0400c97c                CEmergencyBrakeMessage::CEmergencyBrakeMessage()
 .text          0x0400c9bc       0xf8 obj/default/etc/utility.o
                0x0400c9bc                delay(unsigned int)
                0x0400ca04                swapEndianess(unsigned char*, unsigned long)
 .text          0x0400cab4      0x110 obj/default/external_drivers/accelerometer_interface.o
                0x0400cab4                getAcceleration(short*)
 .text          0x0400cbc4      0x1fc obj/default/external_drivers/adc_interface.o
                0x0400cbc4                ReadADCChannels(unsigned char*, unsigned char, unsigned long*)
 .text          0x0400cdc0      0x104 obj/default/external_drivers/ultrasound_interface.o
                0x0400cdc0                measuredistance(unsigned long)
 .text          0x0400cec4      0x4c4 obj/default/sensors/ADCSensor.o
                0x0400cec4                CADCSensor::updateSensorState(CCarMessage*)
                0x0400ceec                CADCSensor::getValueByChannel(unsigned char)
                0x0400cf6c                CADCSensor::getChannelAliasStrings()
                0x0400cf94                CADCSensor::getCarMessage()
                0x0400d1a8                CADCSensor::~CADCSensor()
                0x0400d200                CADCSensor::~CADCSensor()
                0x0400d258                CADCSensor::~CADCSensor()
                0x0400d2b0                CADCSensor::CADCSensor()
                0x0400d31c                CADCSensor::CADCSensor()
 .text          0x0400d388      0x3bc obj/default/sensors/AccelerationSensor.o
                0x0400d388                CAccelerationSensor::updateSensorState(CCarMessage*)
                0x0400d3b0                CAccelerationSensor::getXAcceleration()
                0x0400d3e4                CAccelerationSensor::getYAcceleration()
                0x0400d418                CAccelerationSensor::getZAcceleration()
                0x0400d44c                CAccelerationSensor::isAccelerationValid()
                0x0400d478                CAccelerationSensor::getCarMessage()
                0x0400d594                CAccelerationSensor::~CAccelerationSensor()
                0x0400d5ec                CAccelerationSensor::~CAccelerationSensor()
                0x0400d644                CAccelerationSensor::~CAccelerationSensor()
                0x0400d69c                CAccelerationSensor::CAccelerationSensor()
                0x0400d6f0                CAccelerationSensor::CAccelerationSensor()
 .text          0x0400d744      0x1f4 obj/default/sensors/SensorState.o
                0x0400d744                CSensorState::CSensorState()
                0x0400d774                CSensorState::CSensorState()
                0x0400d7a4                CSensorState::getCarMessage()
                0x0400d7c8                CSensorState::updateSensorState(CCarMessage*)
                0x0400d7f0                CSensorState::getType()
                0x0400d81c                CSensorState::isValid()
                0x0400d848                CSensorState::~CSensorState()
                0x0400d898                CSensorState::~CSensorState()
                0x0400d8e8                CSensorState::~CSensorState()
 .text          0x0400d938      0x340 obj/default/sensors/UltrasoundSensor.o
                0x0400d938                CUltrasoundSensor::updateSensorState(CCarMessage*)
                0x0400d960                CUltrasoundSensor::getDistance()
                0x0400d98c                CUltrasoundSensor::isDistanceValid()
                0x0400d9bc                CUltrasoundSensor::getCarMessage()
                0x0400dad8                CUltrasoundSensor::~CUltrasoundSensor()
                0x0400db30                CUltrasoundSensor::~CUltrasoundSensor()
                0x0400db88                CUltrasoundSensor::~CUltrasoundSensor()
                0x0400dbe0                CUltrasoundSensor::CUltrasoundSensor()
                0x0400dc2c                CUltrasoundSensor::CUltrasoundSensor()
 .text          0x0400dc78      0xabc obj/default/socketserver.o
                0x0400dc78                sss_reset_connection(SSS_SOCKET*)
                0x0400dcd8                receive_bytes(SSS_SOCKET*)
                0x0400dd64                sss_exec_command(CCarProtocol*)
                0x0400decc                sss_handle_receive(SSS_SOCKET*)
                0x0400e458                sss_handle_accept(int, SSS_SOCKET*)
                0x0400e518                SSSSimpleSocketServerTask
 .text          0x0400e734      0xb44 obj/default/terasic_lib/I2C.o
                0x0400e734                i2c_stop(unsigned long, unsigned long)
                0x0400e7ac                i2c_start(unsigned long, unsigned long)
                0x0400e834                i2c_read(unsigned long, unsigned long, unsigned char*, bool)
                0x0400e988                i2c_write(unsigned long, unsigned long, unsigned char)
                0x0400eaa8                I2C_MultipleRead(unsigned long, unsigned long, signed char, unsigned char, unsigned char*, unsigned short)
                0x0400ec74                I2C_MultipleWrite(unsigned long, unsigned long, signed char, unsigned char, unsigned char*, unsigned short)
                0x0400edc0                I2C_Read(unsigned long, unsigned long, signed char, unsigned char, unsigned char*)
                0x0400ef34                I2C_Write(unsigned long, unsigned long, signed char, unsigned char, unsigned char)
                0x0400f07c                i2c_data_verify(unsigned long, unsigned long, unsigned char)
                0x0400f1f4                I2C_Verify(unsigned long, unsigned long, unsigned long)
 .text          0x0400f278      0x324 obj/default/terasic_lib/accelerometer_adxl345_spi.o
                0x0400f278                ADXL345_SPI_IdRead(unsigned long, unsigned char*)
                0x0400f2bc                ADXL345_SPI_IsDataReady(unsigned long)
                0x0400f328                ADXL345_SPI_XYZ_Read(unsigned long, unsigned short*)
                0x0400f3f4                ADXL345_SPI_Init(unsigned long)
                0x0400f4c4                ADXL345_SPI_WaitDataReady(unsigned long)
 .text          0x0400f59c      0x108 obj/default/terasic_lib/adc_spi_read.o
                0x0400f59c                ADC_Read(unsigned char)
 .text          0x0400f6a4      0x3c4 obj/default/terasic_lib/terasic_spi.o
                0x0400f6a4                SPI_Init(unsigned long)
                0x0400f6f0                SPI_MultipleRead(unsigned long, unsigned char, unsigned char*, unsigned char)
                0x0400f874                SPI_Read(unsigned long, unsigned char, unsigned char*)
                0x0400f8bc                SPI_MultipleWrite(unsigned long, unsigned char, unsigned char*, unsigned char)
                0x0400fa20                SPI_Write(unsigned long, unsigned char, unsigned char)
 .text          0x0400fa68      0xbec c:/altera/12.1/nios2eds/bin/gnu/h-i686-mingw32/bin/../lib/gcc/nios2-elf/4.1.2/../../../../nios2-elf/lib\libstdc++.a(eh_personality.o)
                0x0400fff4                __cxa_call_unexpected
                0x04010174                __gxx_personality_sj0
 .text          0x04010654       0x94 c:/altera/12.1/nios2eds/bin/gnu/h-i686-mingw32/bin/../lib/gcc/nios2-elf/4.1.2/../../../../nios2-elf/lib\libstdc++.a(eh_exception.o)
                0x04010654                std::exception::what() const
                0x04010664                std::exception::~exception()
                0x04010674                std::exception::~exception()
                0x04010684                std::exception::~exception()
                0x04010694                std::bad_exception::~bad_exception()
                0x040106c8                std::bad_exception::~bad_exception()
                0x040106d8                std::bad_exception::~bad_exception()
 .text          0x040106e8        0xc c:/altera/12.1/nios2eds/bin/gnu/h-i686-mingw32/bin/../lib/gcc/nios2-elf/4.1.2/../../../../nios2-elf/lib\libstdc++.a(del_op.o)
                0x040106e8                operator delete(void*)
 .text          0x040106f4       0x44 c:/altera/12.1/nios2eds/bin/gnu/h-i686-mingw32/bin/../lib/gcc/nios2-elf/4.1.2/../../../../nios2-elf/lib\libstdc++.a(eh_call.o)
                0x040106f4                __cxa_call_terminate
 .text          0x04010738      0x1bc c:/altera/12.1/nios2eds/bin/gnu/h-i686-mingw32/bin/../lib/gcc/nios2-elf/4.1.2/../../../../nios2-elf/lib\libstdc++.a(class_type_info.o)
                0x04010738                __cxxabiv1::__class_type_info::__do_upcast(__cxxabiv1::__class_type_info const*, void**) const
                0x040107a4                __cxxabiv1::__class_type_info::__do_find_public_src(long, void const*, __cxxabiv1::__class_type_info const*, void const*) const
                0x040107c4                __cxxabiv1::__class_type_info::~__class_type_info()
                0x040107f8                __cxxabiv1::__class_type_info::~__class_type_info()
                0x04010808                __cxxabiv1::__class_type_info::~__class_type_info()
                0x04010818                __cxxabiv1::__class_type_info::__do_catch(std::type_info const*, void**, unsigned int) const
                0x04010878                __cxxabiv1::__class_type_info::__do_upcast(__cxxabiv1::__class_type_info const*, void const*, __cxxabiv1::__class_type_info::__upcast_result&) const
                0x040108a8                __cxxabiv1::__class_type_info::__do_dyncast(long, __cxxabiv1::__class_type_info::__sub_kind, __cxxabiv1::__class_type_info const*, void const*, __cxxabiv1::__class_type_info const*, void const*, __cxxabiv1::__class_type_info::__dyncast_result&) const
 .text          0x040108f4      0x100 c:/altera/12.1/nios2eds/bin/gnu/h-i686-mingw32/bin/../lib/gcc/nios2-elf/4.1.2/../../../../nios2-elf/lib\libstdc++.a(new_op.o)
                0x040108f4                operator new(unsigned long)
 .text          0x040109f4      0x1c8 c:/altera/12.1/nios2eds/bin/gnu/h-i686-mingw32/bin/../lib/gcc/nios2-elf/4.1.2/../../../../nios2-elf/lib\libstdc++.a(si_class_type_info.o)
                0x040109f4                __cxxabiv1::__si_class_type_info::__do_upcast(__cxxabiv1::__class_type_info const*, void const*, __cxxabiv1::__class_type_info::__upcast_result&) const
                0x04010a6c                __cxxabiv1::__si_class_type_info::~__si_class_type_info()
                0x04010aa0                __cxxabiv1::__si_class_type_info::~__si_class_type_info()
                0x04010ab0                __cxxabiv1::__si_class_type_info::~__si_class_type_info()
                0x04010ac0                __cxxabiv1::__si_class_type_info::__do_find_public_src(long, void const*, __cxxabiv1::__class_type_info const*, void const*) const
                0x04010af4                __cxxabiv1::__si_class_type_info::__do_dyncast(long, __cxxabiv1::__class_type_info::__sub_kind, __cxxabiv1::__class_type_info const*, void const*, __cxxabiv1::__class_type_info const*, void const*, __cxxabiv1::__class_type_info::__dyncast_result&) const
 .text          0x04010bbc      0x174 c:/altera/12.1/nios2eds/bin/gnu/h-i686-mingw32/bin/../lib/gcc/nios2-elf/4.1.2/../../../../nios2-elf/lib\libstdc++.a(eh_alloc.o)
                0x04010bbc                __cxa_free_exception
                0x04010bfc                __cxa_allocate_exception
 .text          0x04010d30       0x58 c:/altera/12.1/nios2eds/bin/gnu/h-i686-mingw32/bin/../lib/gcc/nios2-elf/4.1.2/../../../../nios2-elf/lib\libstdc++.a(tinfo.o)
                0x04010d30                std::type_info::__is_pointer_p() const
                0x04010d38                std::type_info::__is_function_p() const
                0x04010d40                std::type_info::__do_catch(std::type_info const*, void**, unsigned int) const
                0x04010d50                std::type_info::__do_upcast(__cxxabiv1::__class_type_info const*, void**) const
                0x04010d58                std::type_info::~type_info()
                0x04010d68                std::type_info::~type_info()
                0x04010d78                std::type_info::~type_info()
 .text          0x04010d88      0x148 c:/altera/12.1/nios2eds/bin/gnu/h-i686-mingw32/bin/../lib/gcc/nios2-elf/4.1.2/../../../../nios2-elf/lib\libstdc++.a(eh_throw.o)
                0x04010d88                __cxa_rethrow
                0x04010dfc                __cxa_throw
 .text          0x04010ed0      0x10c c:/altera/12.1/nios2eds/bin/gnu/h-i686-mingw32/bin/../lib/gcc/nios2-elf/4.1.2/../../../../nios2-elf/lib\libstdc++.a(eh_terminate.o)
                0x04010ed0                std::set_terminate(void (*)())
                0x04010ee4                std::set_unexpected(void (*)())
                0x04010ef8                __cxxabiv1::__terminate(void (*)())
                0x04010f9c                std::terminate()
                0x04010fb4                __cxxabiv1::__unexpected(void (*)())
                0x04010fc4                std::unexpected()
 .text          0x04010fdc       0x10 c:/altera/12.1/nios2eds/bin/gnu/h-i686-mingw32/bin/../lib/gcc/nios2-elf/4.1.2/../../../../nios2-elf/lib\libstdc++.a(eh_globals.o)
                0x04010fdc                __cxa_get_globals_fast
                0x04010fe4                __cxa_get_globals
 .text          0x04010fec        0x0 c:/altera/12.1/nios2eds/bin/gnu/h-i686-mingw32/bin/../lib/gcc/nios2-elf/4.1.2/../../../../nios2-elf/lib\libstdc++.a(eh_unex_handler.o)
 .text          0x04010fec       0x60 c:/altera/12.1/nios2eds/bin/gnu/h-i686-mingw32/bin/../lib/gcc/nios2-elf/4.1.2/../../../../nios2-elf/lib\libstdc++.a(new_handler.o)
                0x04010fec                std::set_new_handler(void (*)())
                0x04010ff8                std::bad_alloc::~bad_alloc()
                0x0401102c                std::bad_alloc::~bad_alloc()
                0x0401103c                std::bad_alloc::~bad_alloc()
 .text          0x0401104c      0x1e4 c:/altera/12.1/nios2eds/bin/gnu/h-i686-mingw32/bin/../lib/gcc/nios2-elf/4.1.2/../../../../nios2-elf/lib\libstdc++.a(eh_catch.o)
                0x0401104c                __cxa_get_exception_ptr
                0x04011054                std::uncaught_exception()
                0x04011074                __cxa_end_catch
                0x04011118                __cxa_begin_catch
 .text          0x04011230        0x0 c:/altera/12.1/nios2eds/bin/gnu/h-i686-mingw32/bin/../lib/gcc/nios2-elf/4.1.2/../../../../nios2-elf/lib\libstdc++.a(eh_term_handler.o)
 .text          0x04011230      0x14c c:/altera/12.1/nios2eds/bin/gnu/h-i686-mingw32/bin/../lib/gcc/nios2-elf/4.1.2\libgcc.a(lib2-divmod.o)
                0x040112ac                __divsi3
                0x0401130c                __modsi3
                0x0401136c                __udivsi3
                0x04011374                __umodsi3
 .text          0x0401137c      0x548 c:/altera/12.1/nios2eds/bin/gnu/h-i686-mingw32/bin/../lib/gcc/nios2-elf/4.1.2\libgcc.a(unwind-sjlj.o)
                0x0401137c                _Unwind_SjLj_Register
                0x0401138c                _Unwind_SjLj_Unregister
                0x04011398                _Unwind_GetGR
                0x040113b0                _Unwind_GetCFA
                0x040113c4                _Unwind_SetGR
                0x040113dc                _Unwind_GetIP
                0x040113ec                _Unwind_GetIPInfo
                0x04011400                _Unwind_SetIP
                0x04011410                _Unwind_GetLanguageSpecificData
                0x0401141c                _Unwind_GetRegionStart
                0x04011424                _Unwind_FindEnclosingFunction
                0x0401142c                _Unwind_GetDataRelBase
                0x04011434                _Unwind_GetTextRelBase
                0x0401153c                _Unwind_DeleteException
                0x04011648                _Unwind_SjLj_Resume
                0x040116a4                _Unwind_SjLj_RaiseException
                0x0401179c                _Unwind_SjLj_ForcedUnwind
                0x040117ec                _Unwind_Backtrace
                0x0401186c                _Unwind_SjLj_Resume_or_Rethrow
 .text          0x040118c4       0x18 c:/altera/12.1/nios2eds/bin/gnu/h-i686-mingw32/bin/../lib/gcc/nios2-elf/4.1.2/../../../../nios2-elf/lib\libc.a(lib_a-abort.o)
                0x040118c4                abort
 .text          0x040118dc        0x0 c:/altera/12.1/nios2eds/bin/gnu/h-i686-mingw32/bin/../lib/gcc/nios2-elf/4.1.2/../../../../nios2-elf/lib\libc.a(lib_a-ctype_.o)
 .text          0x040118dc       0x60 c:/altera/12.1/nios2eds/bin/gnu/h-i686-mingw32/bin/../lib/gcc/nios2-elf/4.1.2/../../../../nios2-elf/lib\libc.a(lib_a-fprintf.o)
                0x040118dc                fprintf
                0x04011908                _fprintf_r
 .text          0x0401193c       0xdc c:/altera/12.1/nios2eds/bin/gnu/h-i686-mingw32/bin/../lib/gcc/nios2-elf/4.1.2/../../../../nios2-elf/lib\libc.a(lib_a-fwrite.o)
                0x0401193c                _fwrite_r
                0x040119d8                fwrite
 .text          0x04011a18      0x128 c:/altera/12.1/nios2eds/bin/gnu/h-i686-mingw32/bin/../lib/gcc/nios2-elf/4.1.2/../../../../nios2-elf/lib\libc.a(lib_a-getc.o)
                0x04011a18                getc
                0x04011ab0                _getc_r
 .text          0x04011b40        0x0 c:/altera/12.1/nios2eds/bin/gnu/h-i686-mingw32/bin/../lib/gcc/nios2-elf/4.1.2/../../../../nios2-elf/lib\libc.a(lib_a-impure.o)
 .text          0x04011b40       0x28 c:/altera/12.1/nios2eds/bin/gnu/h-i686-mingw32/bin/../lib/gcc/nios2-elf/4.1.2/../../../../nios2-elf/lib\libc.a(lib_a-malloc.o)
                0x04011b40                free
                0x04011b54                malloc
 .text          0x04011b68      0x740 c:/altera/12.1/nios2eds/bin/gnu/h-i686-mingw32/bin/../lib/gcc/nios2-elf/4.1.2/../../../../nios2-elf/lib\libc.a(lib_a-mallocr.o)
                0x04011b68                _malloc_r
 .text          0x040122a8       0xe0 c:/altera/12.1/nios2eds/bin/gnu/h-i686-mingw32/bin/../lib/gcc/nios2-elf/4.1.2/../../../../nios2-elf/lib\libc.a(lib_a-memmove.o)
                0x040122a8                memmove
 .text          0x04012388       0x98 c:/altera/12.1/nios2eds/bin/gnu/h-i686-mingw32/bin/../lib/gcc/nios2-elf/4.1.2/../../../../nios2-elf/lib\libc.a(lib_a-memset.o)
                0x04012388                memset
 .text          0x04012420       0x80 c:/altera/12.1/nios2eds/bin/gnu/h-i686-mingw32/bin/../lib/gcc/nios2-elf/4.1.2/../../../../nios2-elf/lib\libc.a(lib_a-perror.o)
                0x04012420                _perror_r
                0x0401248c                perror
 .text          0x040124a0       0x78 c:/altera/12.1/nios2eds/bin/gnu/h-i686-mingw32/bin/../lib/gcc/nios2-elf/4.1.2/../../../../nios2-elf/lib\libc.a(lib_a-printf.o)
                0x040124a0                printf
                0x040124e4                _printf_r
 .text          0x04012518      0x1ec c:/altera/12.1/nios2eds/bin/gnu/h-i686-mingw32/bin/../lib/gcc/nios2-elf/4.1.2/../../../../nios2-elf/lib\libc.a(lib_a-putc.o)
                0x04012518                putc
                0x0401261c                _putc_r
 .text          0x04012704       0x24 c:/altera/12.1/nios2eds/bin/gnu/h-i686-mingw32/bin/../lib/gcc/nios2-elf/4.1.2/../../../../nios2-elf/lib\libc.a(lib_a-putchar.o)
                0x04012704                putchar
                0x04012720                _putchar_r
 .text          0x04012728       0xb4 c:/altera/12.1/nios2eds/bin/gnu/h-i686-mingw32/bin/../lib/gcc/nios2-elf/4.1.2/../../../../nios2-elf/lib\libc.a(lib_a-puts.o)
                0x04012728                _puts_r
                0x040127c8                puts
 .text          0x040127dc       0x60 c:/altera/12.1/nios2eds/bin/gnu/h-i686-mingw32/bin/../lib/gcc/nios2-elf/4.1.2/../../../../nios2-elf/lib\libc.a(lib_a-rget.o)
                0x040127dc                __srget_r
                0x04012828                __srget
 .text          0x0401283c       0x70 c:/altera/12.1/nios2eds/bin/gnu/h-i686-mingw32/bin/../lib/gcc/nios2-elf/4.1.2/../../../../nios2-elf/lib\libc.a(lib_a-sbrkr.o)
                0x0401283c                _sbrk_r
 .text          0x040128ac      0x2d8 c:/altera/12.1/nios2eds/bin/gnu/h-i686-mingw32/bin/../lib/gcc/nios2-elf/4.1.2/../../../../nios2-elf/lib\libc.a(lib_a-signal.o)
                0x040128ac                _raise_r
                0x04012978                raise
                0x0401298c                _init_signal_r
                0x040129f0                _init_signal
                0x04012a00                __sigtramp_r
                0x04012ab4                __sigtramp
                0x04012ac8                _signal_r
                0x04012b68                signal
 .text          0x04012b84       0x78 c:/altera/12.1/nios2eds/bin/gnu/h-i686-mingw32/bin/../lib/gcc/nios2-elf/4.1.2/../../../../nios2-elf/lib\libc.a(lib_a-signalr.o)
                0x04012b84                _getpid_r
                0x04012b88                _kill_r
 .text          0x04012bfc      0x674 c:/altera/12.1/nios2eds/bin/gnu/h-i686-mingw32/bin/../lib/gcc/nios2-elf/4.1.2/../../../../nios2-elf/lib\libc.a(lib_a-strerror.o)
                0x04012bfc                strerror
 .text          0x04013270       0x74 c:/altera/12.1/nios2eds/bin/gnu/h-i686-mingw32/bin/../lib/gcc/nios2-elf/4.1.2/../../../../nios2-elf/lib\libc.a(lib_a-strlen.o)
                0x04013270                strlen
 .text          0x040132e4        0x8 c:/altera/12.1/nios2eds/bin/gnu/h-i686-mingw32/bin/../lib/gcc/nios2-elf/4.1.2/../../../../nios2-elf/lib\libc.a(lib_a-u_strerr.o)
                0x040132e4                _user_strerror
 .text          0x040132ec     0x1f28 c:/altera/12.1/nios2eds/bin/gnu/h-i686-mingw32/bin/../lib/gcc/nios2-elf/4.1.2/../../../../nios2-elf/lib\libc.a(lib_a-vfprintf.o)
                0x04013344                ___vfprintf_internal_r
                0x040151f0                __vfprintf_internal
 .text          0x04015214      0x14c c:/altera/12.1/nios2eds/bin/gnu/h-i686-mingw32/bin/../lib/gcc/nios2-elf/4.1.2/../../../../nios2-elf/lib\libc.a(lib_a-wbuf.o)
                0x04015214                __swbuf_r
                0x04015344                __swbuf
 .text          0x04015360      0x13c c:/altera/12.1/nios2eds/bin/gnu/h-i686-mingw32/bin/../lib/gcc/nios2-elf/4.1.2/../../../../nios2-elf/lib\libc.a(lib_a-wsetup.o)
                0x04015360                __swsetup_r
 .text          0x0401549c     0x17cc c:/altera/12.1/nios2eds/bin/gnu/h-i686-mingw32/bin/../lib/gcc/nios2-elf/4.1.2/../../../../nios2-elf/lib\libc.a(lib_a-dtoa.o)
                0x040156b4                _dtoa_r
 .text          0x04016c68      0x230 c:/altera/12.1/nios2eds/bin/gnu/h-i686-mingw32/bin/../lib/gcc/nios2-elf/4.1.2/../../../../nios2-elf/lib\libc.a(lib_a-fflush.o)
                0x04016c68                _fflush_r
                0x04016e64                fflush
 .text          0x04016e98      0x2c0 c:/altera/12.1/nios2eds/bin/gnu/h-i686-mingw32/bin/../lib/gcc/nios2-elf/4.1.2/../../../../nios2-elf/lib\libc.a(lib_a-findfp.o)
                0x04016ef0                __sfp_lock_acquire
                0x04016ef4                __sfp_lock_release
                0x04016ef8                __sinit_lock_acquire
                0x04016efc                __sinit_lock_release
                0x04016f00                __sinit
                0x04016fb4                __fp_unlock_all
                0x04016fcc                __fp_lock_all
                0x04016fe4                _cleanup_r
                0x04016ff0                _cleanup
                0x04017000                __sfmoreglue
                0x04017068                __sfp
 .text          0x04017158       0xbc c:/altera/12.1/nios2eds/bin/gnu/h-i686-mingw32/bin/../lib/gcc/nios2-elf/4.1.2/../../../../nios2-elf/lib\libc.a(lib_a-fputc.o)
                0x04017158                fputc
                0x040171bc                _fputc_r
 .text          0x04017214       0x90 c:/altera/12.1/nios2eds/bin/gnu/h-i686-mingw32/bin/../lib/gcc/nios2-elf/4.1.2/../../../../nios2-elf/lib\libc.a(lib_a-fputs.o)
                0x04017214                _fputs_r
                0x04017288                fputs
 .text          0x040172a4      0x440 c:/altera/12.1/nios2eds/bin/gnu/h-i686-mingw32/bin/../lib/gcc/nios2-elf/4.1.2/../../../../nios2-elf/lib\libc.a(lib_a-freer.o)
                0x040172a4                _malloc_trim_r
                0x040173d0                _free_r
 .text          0x040176e4      0x49c c:/altera/12.1/nios2eds/bin/gnu/h-i686-mingw32/bin/../lib/gcc/nios2-elf/4.1.2/../../../../nios2-elf/lib\libc.a(lib_a-fvwrite.o)
                0x040176e4                __sfvwrite_r
 .text          0x04017b80      0x180 c:/altera/12.1/nios2eds/bin/gnu/h-i686-mingw32/bin/../lib/gcc/nios2-elf/4.1.2/../../../../nios2-elf/lib\libc.a(lib_a-fwalk.o)
                0x04017b80                _fwalk_reent
                0x04017c48                _fwalk
 .text          0x04017d00        0x0 c:/altera/12.1/nios2eds/bin/gnu/h-i686-mingw32/bin/../lib/gcc/nios2-elf/4.1.2/../../../../nios2-elf/lib\libc.a(lib_a-int_errno.o)
 .text          0x04017d00       0xc4 c:/altera/12.1/nios2eds/bin/gnu/h-i686-mingw32/bin/../lib/gcc/nios2-elf/4.1.2/../../../../nios2-elf/lib\libc.a(lib_a-locale.o)
                0x04017d00                __locale_charset
                0x04017d08                _localeconv_r
                0x04017d14                localeconv
                0x04017d24                _setlocale_r
                0x04017da8                setlocale
 .text          0x04017dc4      0x194 c:/altera/12.1/nios2eds/bin/gnu/h-i686-mingw32/bin/../lib/gcc/nios2-elf/4.1.2/../../../../nios2-elf/lib\libc.a(lib_a-makebuf.o)
                0x04017dc4                __smakebuf_r
 .text          0x04017f58       0xe4 c:/altera/12.1/nios2eds/bin/gnu/h-i686-mingw32/bin/../lib/gcc/nios2-elf/4.1.2/../../../../nios2-elf/lib\libc.a(lib_a-memchr.o)
                0x04017f58                memchr
 .text          0x0401803c       0xa0 c:/altera/12.1/nios2eds/bin/gnu/h-i686-mingw32/bin/../lib/gcc/nios2-elf/4.1.2/../../../../nios2-elf/lib\libc.a(lib_a-memcpy.o)
                0x0401803c                memcpy
 .text          0x040180dc      0xff4 c:/altera/12.1/nios2eds/bin/gnu/h-i686-mingw32/bin/../lib/gcc/nios2-elf/4.1.2/../../../../nios2-elf/lib\libc.a(lib_a-mprec.o)
                0x040180dc                _Bfree
                0x04018104                __hi0bits
                0x04018174                __lo0bits
                0x04018238                __mcmp
                0x04018298                __ulp
                0x04018318                __b2d
                0x04018438                __ratio
                0x040184e8                _mprec_log10
                0x0401857c                __copybits
                0x040185d4                __any_on
                0x0401865c                _Balloc
                0x04018718                __d2b
                0x04018894                __mdiff
                0x04018a20                __lshift
                0x04018b6c                __multiply
                0x04018d54                __i2b
                0x04018d90                __multadd
                0x04018e90                __pow5mult
                0x04018fb0                __s2b
 .text          0x040190d0      0x5f4 c:/altera/12.1/nios2eds/bin/gnu/h-i686-mingw32/bin/../lib/gcc/nios2-elf/4.1.2/../../../../nios2-elf/lib\libc.a(lib_a-reallocr.o)
                0x040190d0                _realloc_r
 .text          0x040196c4      0x1e0 c:/altera/12.1/nios2eds/bin/gnu/h-i686-mingw32/bin/../lib/gcc/nios2-elf/4.1.2/../../../../nios2-elf/lib\libc.a(lib_a-refill.o)
                0x040196c4                __srefill_r
 .text          0x040198a4       0x40 c:/altera/12.1/nios2eds/bin/gnu/h-i686-mingw32/bin/../lib/gcc/nios2-elf/4.1.2/../../../../nios2-elf/lib\libc.a(lib_a-s_isinfd.o)
                0x040198a4                __isinfd
 .text          0x040198e4       0x30 c:/altera/12.1/nios2eds/bin/gnu/h-i686-mingw32/bin/../lib/gcc/nios2-elf/4.1.2/../../../../nios2-elf/lib\libc.a(lib_a-s_isnand.o)
                0x040198e4                __isnand
 .text          0x04019914      0x14c c:/altera/12.1/nios2eds/bin/gnu/h-i686-mingw32/bin/../lib/gcc/nios2-elf/4.1.2/../../../../nios2-elf/lib\libc.a(lib_a-stdio.o)
                0x04019914                __sclose
                0x0401991c                __sseek
                0x04019984                __swrite
                0x04019a00                __sread
 .text          0x04019a60       0xbc c:/altera/12.1/nios2eds/bin/gnu/h-i686-mingw32/bin/../lib/gcc/nios2-elf/4.1.2/../../../../nios2-elf/lib\libc.a(lib_a-strcmp.o)
                0x04019a60                strcmp
 .text          0x04019b1c       0x78 c:/altera/12.1/nios2eds/bin/gnu/h-i686-mingw32/bin/../lib/gcc/nios2-elf/4.1.2/../../../../nios2-elf/lib\libc.a(lib_a-writer.o)
                0x04019b1c                _write_r
 .text          0x04019b94       0xb4 c:/altera/12.1/nios2eds/bin/gnu/h-i686-mingw32/bin/../lib/gcc/nios2-elf/4.1.2/../../../../nios2-elf/lib\libc.a(lib_a-callocr.o)
                0x04019b94                _calloc_r
 .text          0x04019c48       0x70 c:/altera/12.1/nios2eds/bin/gnu/h-i686-mingw32/bin/../lib/gcc/nios2-elf/4.1.2/../../../../nios2-elf/lib\libc.a(lib_a-closer.o)
                0x04019c48                _close_r
 .text          0x04019cb8      0x124 c:/altera/12.1/nios2eds/bin/gnu/h-i686-mingw32/bin/../lib/gcc/nios2-elf/4.1.2/../../../../nios2-elf/lib\libc.a(lib_a-fclose.o)
                0x04019cb8                _fclose_r
                0x04019dc8                fclose
 .text          0x04019ddc       0x74 c:/altera/12.1/nios2eds/bin/gnu/h-i686-mingw32/bin/../lib/gcc/nios2-elf/4.1.2/../../../../nios2-elf/lib\libc.a(lib_a-fstatr.o)
                0x04019ddc                _fstat_r
 .text          0x04019e50       0x70 c:/altera/12.1/nios2eds/bin/gnu/h-i686-mingw32/bin/../lib/gcc/nios2-elf/4.1.2/../../../../nios2-elf/lib\libc.a(lib_a-isattyr.o)
                0x04019e50                _isatty_r
 .text          0x04019ec0       0x78 c:/altera/12.1/nios2eds/bin/gnu/h-i686-mingw32/bin/../lib/gcc/nios2-elf/4.1.2/../../../../nios2-elf/lib\libc.a(lib_a-lseekr.o)
                0x04019ec0                _lseek_r
 .text          0x04019f38       0x78 c:/altera/12.1/nios2eds/bin/gnu/h-i686-mingw32/bin/../lib/gcc/nios2-elf/4.1.2/../../../../nios2-elf/lib\libc.a(lib_a-readr.o)
                0x04019f38                _read_r
 .text          0x04019fb0      0x5dc c:/altera/12.1/nios2eds/bin/gnu/h-i686-mingw32/bin/../lib/gcc/nios2-elf/4.1.2\libgcc.a(_udivdi3.o)
                0x04019fb0                __udivdi3
 .text          0x0401a58c      0x5b0 c:/altera/12.1/nios2eds/bin/gnu/h-i686-mingw32/bin/../lib/gcc/nios2-elf/4.1.2\libgcc.a(_umoddi3.o)
                0x0401a58c                __umoddi3
 .text          0x0401ab3c      0x504 c:/altera/12.1/nios2eds/bin/gnu/h-i686-mingw32/bin/../lib/gcc/nios2-elf/4.1.2\libgcc.a(_addsub_df.o)
                0x0401af4c                __subdf3
                0x0401afcc                __adddf3
 .text          0x0401b040      0x3c4 c:/altera/12.1/nios2eds/bin/gnu/h-i686-mingw32/bin/../lib/gcc/nios2-elf/4.1.2\libgcc.a(_mul_df.o)
                0x0401b040                __muldf3
 .text          0x0401b404      0x258 c:/altera/12.1/nios2eds/bin/gnu/h-i686-mingw32/bin/../lib/gcc/nios2-elf/4.1.2\libgcc.a(_div_df.o)
                0x0401b404                __divdf3
 .text          0x0401b65c       0x88 c:/altera/12.1/nios2eds/bin/gnu/h-i686-mingw32/bin/../lib/gcc/nios2-elf/4.1.2\libgcc.a(_eq_df.o)
                0x0401b65c                __eqdf2
 .text          0x0401b6e4       0x88 c:/altera/12.1/nios2eds/bin/gnu/h-i686-mingw32/bin/../lib/gcc/nios2-elf/4.1.2\libgcc.a(_ne_df.o)
                0x0401b6e4                __nedf2
 .text          0x0401b76c       0x88 c:/altera/12.1/nios2eds/bin/gnu/h-i686-mingw32/bin/../lib/gcc/nios2-elf/4.1.2\libgcc.a(_gt_df.o)
                0x0401b76c                __gtdf2
 .text          0x0401b7f4       0x88 c:/altera/12.1/nios2eds/bin/gnu/h-i686-mingw32/bin/../lib/gcc/nios2-elf/4.1.2\libgcc.a(_ge_df.o)
                0x0401b7f4                __gedf2
 .text          0x0401b87c       0x88 c:/altera/12.1/nios2eds/bin/gnu/h-i686-mingw32/bin/../lib/gcc/nios2-elf/4.1.2\libgcc.a(_lt_df.o)
                0x0401b87c                __ltdf2
 .text          0x0401b904       0xf8 c:/altera/12.1/nios2eds/bin/gnu/h-i686-mingw32/bin/../lib/gcc/nios2-elf/4.1.2\libgcc.a(_si_to_df.o)
                0x0401b904                __floatsidf
 .text          0x0401b9fc       0xd8 c:/altera/12.1/nios2eds/bin/gnu/h-i686-mingw32/bin/../lib/gcc/nios2-elf/4.1.2\libgcc.a(_df_to_si.o)
                0x0401b9fc                __fixdfsi
 .text          0x0401bad4        0x0 c:/altera/12.1/nios2eds/bin/gnu/h-i686-mingw32/bin/../lib/gcc/nios2-elf/4.1.2\libgcc.a(_thenan_df.o)
 .text          0x0401bad4      0x194 c:/altera/12.1/nios2eds/bin/gnu/h-i686-mingw32/bin/../lib/gcc/nios2-elf/4.1.2\libgcc.a(_usi_to_df.o)
                0x0401bad4                __floatunsidf
 .text          0x0401bc68       0x98 c:/altera/12.1/nios2eds/bin/gnu/h-i686-mingw32/bin/../lib/gcc/nios2-elf/4.1.2\libgcc.a(_muldi3.o)
                0x0401bc68                __muldi3
 .text          0x0401bd00        0x0 c:/altera/12.1/nios2eds/bin/gnu/h-i686-mingw32/bin/../lib/gcc/nios2-elf/4.1.2\libgcc.a(_clz.o)
 .text          0x0401bd00       0x80 c:/altera/12.1/nios2eds/bin/gnu/h-i686-mingw32/bin/../lib/gcc/nios2-elf/4.1.2\libgcc.a(_clzsi2.o)
                0x0401bd00                __clzsi2
 .text          0x0401bd80      0x314 c:/altera/12.1/nios2eds/bin/gnu/h-i686-mingw32/bin/../lib/gcc/nios2-elf/4.1.2\libgcc.a(_pack_df.o)
                0x0401bd80                __pack_d
 .text          0x0401c094      0x138 c:/altera/12.1/nios2eds/bin/gnu/h-i686-mingw32/bin/../lib/gcc/nios2-elf/4.1.2\libgcc.a(_unpack_df.o)
                0x0401c094                __unpack_d
 .text          0x0401c1cc       0xc8 c:/altera/12.1/nios2eds/bin/gnu/h-i686-mingw32/bin/../lib/gcc/nios2-elf/4.1.2\libgcc.a(_fpcmp_parts_df.o)
                0x0401c1cc                __fpcmp_parts_d
 .text          0x0401c294       0x6c ../Car2X_communication_bsp/\libucosii_bsp.a(alt_exit.o)
                0x0401c2d4                _exit
 .text          0x0401c300      0x134 ../Car2X_communication_bsp/\libucosii_bsp.a(alt_fstat.o)
                0x0401c300                fstat
 .text          0x0401c434       0x20 ../Car2X_communication_bsp/\libucosii_bsp.a(alt_getpid.o)
                0x0401c434                getpid
 .text          0x0401c454      0x120 ../Car2X_communication_bsp/\libucosii_bsp.a(alt_isatty.o)
                0x0401c454                isatty
 .text          0x0401c574      0x1a0 ../Car2X_communication_bsp/\libucosii_bsp.a(alt_kill.o)
                0x0401c574                kill
 .text          0x0401c714       0xec ../Car2X_communication_bsp/\libucosii_bsp.a(alt_load.o)
                0x0401c714                alt_load
 .text          0x0401c800      0x150 ../Car2X_communication_bsp/\libucosii_bsp.a(alt_lseek.o)
                0x0401c800                lseek
 .text          0x0401c950       0xc8 ../Car2X_communication_bsp/\libucosii_bsp.a(alt_main.o)
                0x0401c950                alt_main
 .text          0x0401ca18       0xbc ../Car2X_communication_bsp/\libucosii_bsp.a(alt_sbrk.o)
                0x0401ca18                sbrk
 .text          0x0401cad4      0x1a8 ../Car2X_communication_bsp/\libucosii_bsp.a(alt_tick.o)
                0x0401cad4                alt_alarm_stop
                0x0401cb6c                alt_tick
 .text          0x0401cc7c      0x118 ../Car2X_communication_bsp/\libucosii_bsp.a(alt_usleep.o)
                0x0401cc7c                usleep
 .text          0x0401cd94      0x108 ../Car2X_communication_bsp/\libucosii_bsp.a(alt_env_lock.o)
                0x0401cd94                __env_lock
                0x0401ce40                __env_unlock
 .text          0x0401ce9c      0x1d8 ../Car2X_communication_bsp/\libucosii_bsp.a(alt_malloc_lock.o)
                0x0401ce9c                __malloc_lock
                0x0401cfa4                __malloc_unlock
 .text          0x0401d074     0x2128 ../Car2X_communication_bsp/\libucosii_bsp.a(os_core.o)
                0x0401d074                OSEventNameGet
                0x0401d1a4                OSEventNameSet
                0x0401d2e8                OSEventPendMulti
                0x0401d99c                OSInit
                0x0401d9f0                OSIntEnter
                0x0401da6c                OSIntExit
                0x0401db6c                OSSchedLock
                0x0401dbf8                OSSchedUnlock
                0x0401dcdc                OSStart
                0x0401dd4c                OSStatInit
                0x0401ddf8                OSTimeTick
                0x0401e038                OSVersion
                0x0401e058                OS_Dummy
                0x0401e074                OS_EventTaskRdy
                0x0401e208                OS_EventTaskWait
                0x0401e318                OS_EventTaskWaitMulti
                0x0401e46c                OS_EventTaskRemove
                0x0401e524                OS_EventTaskRemoveMulti
                0x0401e628                OS_EventWaitListInit
                0x0401e9f4                OS_MemClr
                0x0401ea48                OS_MemCopy
                0x0401eab4                OS_Sched
                0x0401ebf8                OS_StrCopy
                0x0401ec78                OS_StrLen
                0x0401ecd0                OS_TaskIdle
                0x0401ed2c                OS_TaskStat
                0x0401edf4                OS_TaskStatStkChk
                0x0401eebc                OS_TCBInit
 .text          0x0401f19c      0x18c ../Car2X_communication_bsp/\libucosii_bsp.a(os_dbg.o)
                0x0401f19c                OSDebugInit
 .text          0x0401f328     0x193c ../Car2X_communication_bsp/\libucosii_bsp.a(os_flag.o)
                0x0401f328                OSFlagAccept
                0x0401f65c                OSFlagCreate
                0x0401f798                OSFlagDel
                0x0401fa40                OSFlagNameGet
                0x0401fb84                OSFlagNameSet
                0x0401fcd8                OSFlagPend
                0x0402031c                OSFlagPendGetFlagsRdy
                0x04020384                OSFlagPost
                0x0402072c                OSFlagQuery
                0x040209c4                OS_FlagInit
                0x04020bb8                OS_FlagUnlink
 .text          0x04020c64      0x808 ../Car2X_communication_bsp/\libucosii_bsp.a(os_mem.o)
                0x04020c64                OSMemCreate
                0x04020e80                OSMemGet
                0x04020f84                OSMemNameGet
                0x04021090                OSMemNameSet
                0x040211b0                OSMemPut
                0x040212a0                OSMemQuery
                0x0402139c                OS_MemInit
 .text          0x0402146c     0x1334 ../Car2X_communication_bsp/\libucosii_bsp.a(os_q.o)
                0x0402146c                OSQAccept
                0x040215c0                OSQCreate
                0x040217d4                OSQDel
                0x04021ad4                OSQFlush
                0x04021b9c                OSQPend
                0x04021ebc                OSQPendAbort
                0x04022038                OSQPost
                0x040221b8                OSQPostFront
                0x04022340                OSQPostOpt
                0x04022574                OSQQuery
                0x040226f4                OS_QInit
 .text          0x040227a0      0xbd4 ../Car2X_communication_bsp/\libucosii_bsp.a(os_sem.o)
                0x040227a0                OSSemAccept
                0x04022860                OSSemCreate
                0x04022974                OSSemDel
                0x04022c14                OSSemPend
                0x04022e9c                OSSemPendAbort
                0x04023018                OSSemPost
                0x04023140                OSSemQuery
                0x04023270                OSSemSet
 .text          0x04023374     0x1a40 ../Car2X_communication_bsp/\libucosii_bsp.a(os_task.o)
                0x04023374                OSTaskChangePrio
                0x040238e8                OSTaskCreate
                0x04023abc                OSTaskCreateExt
                0x04023cbc                OSTaskDel
                0x040240c8                OSTaskDelReq
                0x04024238                OSTaskNameGet
                0x040243f0                OSTaskNameSet
                0x040245b4                OSTaskResume
                0x040247cc                OSTaskStkChk
                0x040249c8                OSTaskSuspend
                0x04024bf4                OSTaskQuery
                0x04024d38                OS_TaskStkClr
 .text          0x04024db4      0x59c ../Car2X_communication_bsp/\libucosii_bsp.a(os_time.o)
                0x04024db4                OSTimeDly
                0x04024f00                OSTimeDlyHMSM
                0x04025078                OSTimeDlyResume
                0x04025288                OSTimeGet
                0x040252ec                OSTimeSet
 .text          0x04025350      0x3dc ../Car2X_communication_bsp/\libucosii_bsp.a(alt_sys_init.o)
                0x04025350                alt_irq_init
                0x04025384                alt_sys_init
 .text          0x0402572c      0x148 ../Car2X_communication_bsp/\libucosii_bsp.a(altera_avalon_jtag_uart_fd.o)
                0x0402572c                altera_avalon_jtag_uart_read_fd
                0x04025784                altera_avalon_jtag_uart_write_fd
                0x040257dc                altera_avalon_jtag_uart_close_fd
                0x04025824                altera_avalon_jtag_uart_ioctl_fd
 .text          0x04025874      0x584 ../Car2X_communication_bsp/\libucosii_bsp.a(altera_avalon_jtag_uart_init.o)
                0x04025874                altera_avalon_jtag_uart_init
                0x04025d84                altera_avalon_jtag_uart_close
 .text          0x04025df8       0xf4 ../Car2X_communication_bsp/\libucosii_bsp.a(altera_avalon_jtag_uart_ioctl.o)
                0x04025df8                altera_avalon_jtag_uart_ioctl
 .text          0x04025eec      0x2c0 ../Car2X_communication_bsp/\libucosii_bsp.a(altera_avalon_jtag_uart_read.o)
                0x04025eec                altera_avalon_jtag_uart_read
 .text          0x040261ac      0x2dc ../Car2X_communication_bsp/\libucosii_bsp.a(altera_avalon_jtag_uart_write.o)
                0x040261ac                altera_avalon_jtag_uart_write
 .text          0x04026488      0x370 ../Car2X_communication_bsp/\libucosii_bsp.a(altera_avalon_mutex.o)
                0x04026504                altera_avalon_mutex_open
                0x040265bc                altera_avalon_mutex_close
                0x040265dc                altera_avalon_mutex_lock
                0x0402663c                altera_avalon_mutex_trylock
                0x040266b4                altera_avalon_mutex_unlock
                0x04026724                altera_avalon_mutex_is_mine
                0x040267a0                altera_avalon_mutex_first_lock
 .text          0x040267f8      0xde4 ../Car2X_communication_bsp/\libucosii_bsp.a(altera_avalon_sgdma.o)
                0x040267f8                alt_avalon_sgdma_do_async_transfer
                0x04026934                alt_avalon_sgdma_do_sync_transfer
                0x04026a58                alt_avalon_sgdma_construct_mem_to_mem_desc
                0x04026ac8                alt_avalon_sgdma_construct_mem_to_mem_desc_burst
                0x04026b48                alt_avalon_sgdma_construct_stream_to_mem_desc
                0x04026b9c                alt_avalon_sgdma_construct_stream_to_mem_desc_burst
                0x04026c0c                alt_avalon_sgdma_construct_mem_to_stream_desc
                0x04026c80                alt_avalon_sgdma_construct_mem_to_stream_desc_burst
                0x04026d04                alt_avalon_sgdma_register_callback
                0x04026d54                alt_avalon_sgdma_start
                0x04026da8                alt_avalon_sgdma_stop
                0x04026e00                alt_avalon_sgdma_check_descriptor_status
                0x04026e70                alt_avalon_sgdma_open
                0x04026f28                alt_avalon_sgdma_construct_descriptor
                0x04026fb0                alt_avalon_sgdma_enable_desc_poll
                0x0402702c                alt_avalon_sgdma_disable_desc_poll
                0x04027088                alt_avalon_sgdma_construct_descriptor_burst
                0x04027530                alt_avalon_sgdma_init
 .text          0x040275dc      0x100 ../Car2X_communication_bsp/\libucosii_bsp.a(altera_avalon_timer_sc.o)
                0x0402764c                alt_avalon_timer_sc_init
 .text          0x040276dc     0x5340 ../Car2X_communication_bsp/\libucosii_bsp.a(altera_avalon_tse.o)
                0x040276dc                no_printf
                0x04027708                tse_mac_initTransInfo2
                0x04027768                tse_mac_sTxWrite
                0x04027858                tse_mac_aRxRead
                0x040278fc                tse_mac_SwReset
                0x04027990                tse_mac_setMIImode
                0x040279e8                tse_mac_setGMIImode
                0x04027a3c                alt_tse_phy_add_profile
                0x04027c14                alt_tse_system_add_sys
                0x04028628                alt_tse_sys_enable_mdio_sharing
                0x040287a0                alt_tse_mac_get_common_speed
                0x040287e0                alt_tse_mac_set_common_speed
                0x04028828                alt_tse_get_system_index
                0x040288a4                alt_tse_get_mac_group_index
                0x04028924                alt_tse_get_mac_info_index
                0x040289b0                alt_tse_get_mac_info
                0x04028a90                alt_tse_mac_set_speed
                0x04028b7c                alt_tse_mac_set_duplex
                0x04028c14                getPHYSpeed
                0x04029a1c                alt_tse_phy_rd_mdio_addr
                0x04029a64                alt_tse_phy_wr_mdio_addr
                0x04029ab8                alt_tse_phy_wr_mdio_reg
                0x04029be0                alt_tse_phy_rd_mdio_reg
                0x04029ca4                alt_tse_phy_add_profile_default
                0x04029f1c                alt_tse_phy_print_profile
                0x0402a10c                alt_tse_mac_group_init
                0x0402a818                alt_tse_mac_get_phy
                0x0402ac30                alt_tse_mac_associate_phy
                0x0402ae68                alt_tse_phy_cfg_pcs
                0x0402af88                alt_tse_phy_init
                0x0402b09c                alt_tse_phy_restart_an
                0x0402b24c                alt_tse_phy_check_link
                0x0402b390                alt_tse_phy_get_cap
                0x0402b8d0                alt_tse_phy_set_adv_1000
                0x0402ba64                alt_tse_phy_set_adv_100
                0x0402bc74                alt_tse_phy_set_adv_10
                0x0402be0c                alt_tse_phy_get_common_speed
                0x0402c128                alt_tse_phy_set_common_speed
                0x0402c60c                marvell_phy_cfg
                0x0402c6b4                marvell_cfg_gmii
                0x0402c7a8                marvell_cfg_sgmii
                0x0402c89c                marvell_cfg_rgmii
                0x0402c99c                DP83848C_link_status_read
 .text          0x0402ca1c     0x1784 ../Car2X_communication_bsp/\libucosii_bsp.a(ins_tse_mac.o)
                0x0402ca1c                triple_speed_ethernet_init
                0x0402cb78                prep_tse_mac
                0x0402cddc                tse_mac_init
                0x0402d8c4                tse_mac_raw_send
                0x0402dbbc                tse_sgdmaRx_isr
                0x0402dc64                tse_sgdma_read_init
                0x0402de0c                tse_mac_rcv
                0x0402e05c                tse_mac_stats
                0x0402e09c                tse_mac_close
 .text          0x0402e1a0       0x54 ../Car2X_communication_bsp/\libucosii_bsp.a(alt_iniche_close.o)
                0x0402e1a0                close
 .text          0x0402e1f4      0x124 ../Car2X_communication_bsp/\libucosii_bsp.a(alt_iniche_dev.o)
                0x0402e1f4                iniche_devices_init
 .text          0x0402e318       0x78 ../Car2X_communication_bsp/\libucosii_bsp.a(alt_iniche_read.o)
                0x0402e318                read
 .text          0x0402e390       0x70 ../Car2X_communication_bsp/\libucosii_bsp.a(alt_iniche_write.o)
                0x0402e390                write
 .text          0x0402e400      0xedc ../Car2X_communication_bsp/\libucosii_bsp.a(ipnet.o)
                0x0402e400                Netinit
                0x0402ea4c                fixup_subnet_mask
                0x0402ebac                netclose
                0x0402ec94                pktdemux
                0x0402f068                c_older
                0x0402f138                ip2mac
 .text          0x0402f2dc      0x4b0 ../Car2X_communication_bsp/\libucosii_bsp.a(ipstart.o)
                0x0402f2dc                ip_startup
                0x0402f5c0                exit_hook
                0x0402f62c                ip_exit
                0x0402f6fc                if_netnumber
 .text          0x0402f78c     0x100c ../Car2X_communication_bsp/\libucosii_bsp.a(igmp_cmn.o)
                0x0402f78c                igmp_init
                0x0402f83c                igmp_input
                0x0402f934                igmp_fasttimo
                0x0402facc                igmp_send
                0x0402fd74                igmp_joingroup
                0x0402ffe0                igmp_leavegroup
                0x0403005c                igmp_validate
                0x040303b8                igmp_print_stats
 .text          0x04030798      0xb50 ../Car2X_communication_bsp/\libucosii_bsp.a(bsdsock.o)
                0x04030798                bsd_accept
                0x040308d0                bsd_getpeername
                0x040309fc                bsd_getsockname
                0x04030b28                bsd_i_sockoptlen
                0x04030ce0                bsd_getsockopt
                0x04030e00                bsd_ioctl
                0x04030f04                bsd_inet_ntoa
                0x04030f34                bsd_recvfrom
                0x04031094                bsd_select
                0x040311fc                bsd_setsockopt
 .text          0x040312e8      0x118 ../Car2X_communication_bsp/\libucosii_bsp.a(cksum.o)
                0x040312e8                ccksum
                0x04031398                cksum
 .text          0x04031400      0xa9c ../Car2X_communication_bsp/\libucosii_bsp.a(in_utils.o)
                0x04031400                do_trap
                0x0403142c                nextarg
                0x040314a8                hexdump
                0x040315f0                print_ipad
                0x04031664                print_uptime
                0x04031790                panic
                0x040317d4                print_eth
                0x04031938                uslash
                0x040319b8                ns_printf
                0x04031b3c                std_out
                0x04031b80                con_page
                0x04031c70                parse_args
 .text          0x04031e9c      0x1c4 ../Car2X_communication_bsp/\libucosii_bsp.a(netmain.o)
                0x04031e9c                netmain
                0x04031f90                tk_netmain
                0x04032018                tk_nettick
 .text          0x04032060      0x618 ../Car2X_communication_bsp/\libucosii_bsp.a(tk_crnos.o)
                0x04032060                TK_OSTimeDly
                0x0403208c                TK_OSTaskResume
                0x040320fc                tcp_sleep
                0x040322cc                tcp_wakeup
                0x040323d0                TK_OSTaskQuery
                0x04032444                tk_yield
                0x04032470                tk_stats
 .text          0x04032678      0x79c ../Car2X_communication_bsp/\libucosii_bsp.a(pktalloc.o)
                0x04032678                pk_init
                0x04032908                pk_alloc
                0x040329e4                pk_validate
                0x04032c9c                pk_free
                0x04032d48                pk_get_max_intrsafe_buf_len
                0x04032d68                dump_buf_estats
 .text          0x04032e14      0x288 ../Car2X_communication_bsp/\libucosii_bsp.a(q.o)
                0x04032e14                getq
                0x04032edc                putq
                0x04032f8c                qdel
 .text          0x0403309c      0x194 ../Car2X_communication_bsp/\libucosii_bsp.a(asm_cksum.o)
                0x0403309c                asm_cksum
 .text          0x04033230      0x2a0 ../Car2X_communication_bsp/\libucosii_bsp.a(brdutils.o)
                0x04033230                dtrap
                0x04033260                kbhit
                0x0403330c                getch
                0x0403336c                clock_init
                0x040333a8                clock_c
                0x040333c4                cticks_hook
                0x04033430                irq_Mask
                0x0403348c                irq_Unmask
 .text          0x040334d0      0x494 ../Car2X_communication_bsp/\libucosii_bsp.a(osportco.o)
                0x040334d0                LOCK_NET_RESOURCE
                0x0403359c                UNLOCK_NET_RESOURCE
                0x04033624                TK_NEWTASK
                0x04033838                wait_app_sem
                0x040338ec                post_app_sem
 .text          0x04033964      0x568 ../Car2X_communication_bsp/\libucosii_bsp.a(targnios.o)
                0x04033964                alt_iniche_init
                0x04033b80                pre_task_setup
                0x04033bf4                post_task_setup
                0x04033c14                prep_armintcp
                0x04033c4c                calloc2
                0x04033c80                npalloc
                0x04033d74                npfree
                0x04033e2c                ncpalloc
                0x04033e80                ncpfree
 .text          0x04033ecc     0x197c ../Car2X_communication_bsp/\libucosii_bsp.a(nptcp.o)
                0x04033ecc                pffindtype
                0x04033f6c                pffindproto
                0x0403403c                m_getnbuf
                0x040341e4                m_free
                0x04034318                m_freem
                0x0403435c                m_copy
                0x04034680                m_adj
                0x04034850                mbuf_len
                0x040348a8                dtom
                0x04034950                remque
                0x040349c0                insque
                0x04034a3c                nptcp_init
                0x04034b60                tcp_rcv
                0x04034d4c                ip_output
                0x04035344                in_broadcast
                0x04035384                np_stripoptions
                0x0403546c                so_icmpdu
                0x040357c4                tcp_tick
 .text          0x04035848      0xa2c ../Car2X_communication_bsp/\libucosii_bsp.a(rawsock.o)
                0x04035848                rawip_lookup
                0x040358b8                rawip_soinput
                0x04035a8c                rawip_usrreq
 .text          0x04036274     0x17fc ../Car2X_communication_bsp/\libucosii_bsp.a(sockcall.o)
                0x04036274                DOMAIN_CHECK
                0x040362c0                t_socket
                0x04036350                t_bind
                0x040364cc                t_listen
                0x040365b0                t_accept
                0x04036848                t_connect
                0x04036af0                t_getpeername
                0x04036b34                t_getsockname
                0x04036d74                t_setsockopt
                0x04036f50                t_getsockopt
                0x040370f4                t_recv
                0x040371e4                t_recvfrom
                0x04037334                t_sendto
                0x04037560                t_send
                0x04037788                t_shutdown
                0x0403786c                t_socketclose
                0x040379d4                t_errno
 .text          0x04037a70     0x2374 ../Car2X_communication_bsp/\libucosii_bsp.a(socket.o)
                0x04037a70                socreate
                0x04037c3c                sobind
                0x04037c98                solisten
                0x04037d88                sofree
                0x04037eb8                soclose
                0x040381ac                soabort
                0x040381fc                soaccept
                0x04038298                soconnect
                0x0403836c                sodisconnect
                0x0403840c                sosend
                0x04038a14                soreceive
                0x040391f8                soshutdown
                0x040392a0                sorflush
                0x040393a0                sosetopt
                0x04039860                sogetopt
                0x04039da0                sohasoutofband
 .text          0x04039de4     0x1318 ../Car2X_communication_bsp/\libucosii_bsp.a(socket2.o)
                0x04039de4                soisconnecting
                0x04039e50                soisconnected
                0x04039f4c                soisdisconnecting
                0x04039fd8                soisdisconnected
                0x0403a094                sonewconn
                0x0403a2b0                soqinsque
                0x0403a35c                soqremque
                0x0403a47c                socantsendmore
                0x0403a4cc                socantrcvmore
                0x0403a51c                sbselqueue
                0x0403a554                sbwait
                0x0403a5bc                sbwakeup
                0x0403a658                soreserve
                0x0403a6d8                sbreserve
                0x0403a738                sbrelease
                0x0403a780                sbappend
                0x0403a828                sbappendrecord
                0x0403a908                sbappendaddr
                0x0403ab10                sbcompress
                0x0403acf8                sbflush
                0x0403ad88                sbdrop
                0x0403af58                sbdropend
                0x0403b068                sbdroprecord
 .text          0x0403b0fc      0x954 ../Car2X_communication_bsp/\libucosii_bsp.a(soselect.o)
                0x0403b0fc                t_select
                0x0403b35c                sock_selscan
                0x0403b4b4                sock_select
                0x0403b6c8                in_pcbnotify
                0x0403b794                tcp_notify
                0x0403b7fc                ifd_clr
                0x0403b8ec                ifd_set
                0x0403b960                ifd_isset
                0x0403b9e0                ifd_get
 .text          0x0403ba50     0x2fe8 ../Car2X_communication_bsp/\libucosii_bsp.a(tcp_in.o)
                0x0403ba50                tcp_reass
                0x0403be58                tcp_input
                0x0403e3ac                tcp_dooptions
                0x0403e53c                tcp_pulloutofband
                0x0403e668                tcp_xmit_timer
                0x0403e8d4                ip4_tcpmss
                0x0403e91c                tcp_mss
 .text          0x0403ea38     0x1360 ../Car2X_communication_bsp/\libucosii_bsp.a(tcp_out.o)
                0x0403ea38                tcp_output
                0x0403fbb4                tcp_setpersist
 .text          0x0403fd98      0x9e8 ../Car2X_communication_bsp/\libucosii_bsp.a(tcp_subr.o)
                0x0403fd98                tcp_init
                0x0403fdf0                tcp_template
                0x0403ff08                tcp_respond
                0x04040390                tcp_newtcpcb
                0x040404a8                tcp_drop
                0x04040554                tcp_close
                0x0404063c                tcp_quench
                0x04040688                tcp_putseq
                0x04040708                tcp_getseq
 .text          0x04040780      0x798 ../Car2X_communication_bsp/\libucosii_bsp.a(tcp_timr.o)
                0x04040780                tcp_slowtimo
                0x04040a20                tcp_canceltimers
                0x04040a7c                tcp_timers
 .text          0x04040f18      0x9ec ../Car2X_communication_bsp/\libucosii_bsp.a(tcp_usr.o)
                0x04040f18                tcp_usrreq
                0x0404161c                tcp_attach
                0x04041750                tcp_disconnect
                0x04041824                tcp_usrclosed
 .text          0x04041904       0x4c ../Car2X_communication_bsp/\libucosii_bsp.a(tcpport.o)
                0x04041904                tcpinit
 .text          0x04041950      0xd20 ../Car2X_communication_bsp/\libucosii_bsp.a(udpsock.o)
                0x04041950                udp_lookup
                0x040419c0                udp_soinput
                0x04041b78                udp_usrreq
                0x04041dfc                udp4_sockbind
                0x04042138                udp4_socksend
                0x04042514                udp4_sockaddr
 .text          0x04042670      0x154 ../Car2X_communication_bsp/\libucosii_bsp.a(alt_alarm_start.o)
                0x04042670                alt_alarm_start
 .text          0x040427c4      0x14c ../Car2X_communication_bsp/\libucosii_bsp.a(alt_busy_sleep.o)
                0x040427c4                alt_busy_sleep
 .text          0x04042910      0x15c ../Car2X_communication_bsp/\libucosii_bsp.a(alt_close.o)
                0x04042910                alt_close
 .text          0x04042a6c       0x44 ../Car2X_communication_bsp/\libucosii_bsp.a(alt_dcache_flush_all.o)
                0x04042a6c                alt_dcache_flush_all
 .text          0x04042ab0       0x2c ../Car2X_communication_bsp/\libucosii_bsp.a(alt_dev.o)
 .text          0x04042adc      0x114 ../Car2X_communication_bsp/\libucosii_bsp.a(alt_dev_llist_insert.o)
                0x04042adc                alt_dev_llist_insert
 .text          0x04042bf0       0x64 ../Car2X_communication_bsp/\libucosii_bsp.a(alt_do_ctors.o)
                0x04042bf0                _do_ctors
 .text          0x04042c54       0x64 ../Car2X_communication_bsp/\libucosii_bsp.a(alt_do_dtors.o)
                0x04042c54                _do_dtors
 .text          0x04042cb8        0x0 ../Car2X_communication_bsp/\libucosii_bsp.a(alt_errno.o)
 .text          0x04042cb8       0x94 ../Car2X_communication_bsp/\libucosii_bsp.a(alt_find_dev.o)
                0x04042cb8                alt_find_dev
 .text          0x04042d4c       0x30 ../Car2X_communication_bsp/\libucosii_bsp.a(alt_icache_flush_all.o)
                0x04042d4c                alt_icache_flush_all
 .text          0x04042d7c      0x1d4 ../Car2X_communication_bsp/\libucosii_bsp.a(alt_iic.o)
                0x04042d7c                alt_ic_isr_register
                0x04042dcc                alt_ic_irq_enable
                0x04042e68                alt_ic_irq_disable
                0x04042f08                alt_ic_irq_enabled
 .text          0x04042f50       0xf8 ../Car2X_communication_bsp/\libucosii_bsp.a(alt_iic_isr_register.o)
                0x04042f50                alt_iic_isr_register
 .text          0x04043048      0x13c ../Car2X_communication_bsp/\libucosii_bsp.a(alt_io_redirect.o)
                0x0404310c                alt_io_redirect
 .text          0x04043184        0x0 ../Car2X_communication_bsp/\libucosii_bsp.a(alt_irq_entry.o)
 .text          0x04043184        0x0 ../Car2X_communication_bsp/\libucosii_bsp.a(alt_irq_handler.o)
 .text          0x04043184        0x0 ../Car2X_communication_bsp/\libucosii_bsp.a(alt_irq_vars.o)
 .text          0x04043184      0x2c4 ../Car2X_communication_bsp/\libucosii_bsp.a(alt_open.o)
                0x04043260                open
 .text          0x04043448      0x180 ../Car2X_communication_bsp/\libucosii_bsp.a(alt_read.o)
                0x04043448                alt_read
 .text          0x040435c8       0x60 ../Car2X_communication_bsp/\libucosii_bsp.a(alt_release_fd.o)
                0x040435c8                alt_release_fd
 .text          0x04043628       0x38 ../Car2X_communication_bsp/\libucosii_bsp.a(alt_remap_cached.o)
                0x04043628                alt_remap_cached
 .text          0x04043660       0x40 ../Car2X_communication_bsp/\libucosii_bsp.a(alt_remap_uncached.o)
                0x04043660                alt_remap_uncached
 .text          0x040436a0       0x64 ../Car2X_communication_bsp/\libucosii_bsp.a(alt_uncached_malloc.o)
                0x040436a0                alt_uncached_malloc
 .text          0x04043704      0x180 ../Car2X_communication_bsp/\libucosii_bsp.a(alt_write.o)
                0x04043704                alt_write
 .text          0x04043884       0x20 ../Car2X_communication_bsp/\libucosii_bsp.a(altera_nios2_qsys_irq.o)
                0x04043884                altera_nios2_qsys_irq_init
 .text          0x040438a4       0xd0 ../Car2X_communication_bsp/\libucosii_bsp.a(os_cpu_a.o)
                0x040438a4                OSCtxSw
                0x040438a4                OSIntCtxSw
                0x04043930                OSStartHighRdy
                0x04043950                OSStartTsk
 .text          0x04043974      0x424 ../Car2X_communication_bsp/\libucosii_bsp.a(os_cpu_c.o)
                0x04043974                OSTaskStkInit
                0x04043c84                OSTaskCreateHook
                0x04043ca4                OSTaskDelHook
                0x04043cc4                OSTaskSwHook
                0x04043ce0                OSTaskStatHook
                0x04043cfc                OSTimeTickHook
                0x04043d24                OSInitHookBegin
                0x04043d40                OSInitHookEnd
                0x04043d5c                OSTaskIdleHook
                0x04043d78                OSTCBInitHook
 .text          0x04043d98      0x3d4 ../Car2X_communication_bsp/\libucosii_bsp.a(allports.o)
                0x04043d98                netmain_init
                0x04043e90                icmp_port_du
                0x04043f18                station_state
                0x04044068                sysuptime
                0x040440a4                packet_check
                0x040440f0                mcastlist
                0x04044114                prep_modules
 .text          0x0404416c      0x47c ../Car2X_communication_bsp/\libucosii_bsp.a(timeouts.o)
                0x0404416c                inet_timer
                0x040443c4                in_timerset
                0x04044540                in_timerkill
 .text          0x040445e8       0xa4 ../Car2X_communication_bsp/\libucosii_bsp.a(tk_misc.o)
                0x040445e8                create_apptasks
                0x0404460c                task_stats
 .text          0x0404468c       0xb0 ../Car2X_communication_bsp/\libucosii_bsp.a(alt_iniche_fcntl.o)
                0x0404468c                fcntl
 .text          0x0404473c     0x14a0 ../Car2X_communication_bsp/\libucosii_bsp.a(et_arp.o)
                0x0404473c                etainit
                0x04044790                et_send
                0x0404490c                arp_free_pending
                0x04044994                arp_send_pending
                0x04044a08                send_arp
                0x04044ea0                find_oldest_arp
                0x04045048                make_arp_entry
                0x0404515c                arpReply
                0x040453f0                arprcv
                0x04045650                send_via_arp
                0x040457f8                cb_arpent_tmo
                0x04045910                grat_arp
 .text          0x04045bdc      0x298 ../Car2X_communication_bsp/\libucosii_bsp.a(iface.o)
                0x04045bdc                if_getbynum
                0x04045c60                isbcast
                0x04045d40                reg_type
                0x04045ddc                if_killsocks
 .text          0x04045e74     0x22a4 ../Car2X_communication_bsp/\libucosii_bsp.a(ip.o)
                0x04045e74                ip_init
                0x04045f70                ip_bldhead
                0x04046114                ip_write_internal
                0x04046894                ip_write
                0x04046adc                ip_write2
                0x04046e8c                ip_raw_write
                0x04046f64                ip_fragment_lc
                0x040473ec                ip_fragment
                0x04047a10                ip_mymach
                0x04047abc                ip_dump
                0x04047d74                iproute
                0x04047fe0                ip_copypkt
 .text          0x04048118     0x1d9c ../Car2X_communication_bsp/\libucosii_bsp.a(ip_reasm.o)
                0x04048118                ip_reasm_match_frag_with_ire
                0x040481e8                ip_reasm_determine_type_of_frag
                0x040482d4                ip_reasm_check_mem_useage
                0x0404836c                ip_reasm_incr_mem_useage
                0x04048414                ip_reasm_decr_mem_useage
                0x040484b4                ip_reasm_process_first_fragment
                0x04048794                ip_reassm
                0x04048834                ip_reasm_compute_overlap
                0x04048dc4                ip_reasm_process_subsequent_fragments
                0x04049358                ip_reasm_find_ire
                0x040493bc                ip_reasm_copy_queued_fragments_into_reassy_buffer
                0x04049718                ip_reasm_process_timer_tick
                0x040497fc                ip_reasm_delete_ire
                0x040499c4                ip_reasm_mark_compact_rfq
                0x04049b0c                ipr_stats
                0x04049e60                ip_reasm_send_icmp_timex
 .text          0x04049eb4      0xe3c ../Car2X_communication_bsp/\libucosii_bsp.a(ipdemux.o)
                0x04049eb4                ip_rcv