Archive member included because of file (symbol)

c:/altera/12.1/nios2eds/bin/gnu/h-i686-mingw32/bin/../lib/gcc/nios2-elf/4.1.2/../../../../nios2-elf/lib\libc.a(lib_a-puts.o)
                              obj/default/carCont.o (puts)
c:/altera/12.1/nios2eds/bin/gnu/h-i686-mingw32/bin/../lib/gcc/nios2-elf/4.1.2/../../../../nios2-elf/lib\libc.a(lib_a-strlen.o)
                              c:/altera/12.1/nios2eds/bin/gnu/h-i686-mingw32/bin/../lib/gcc/nios2-elf/4.1.2/../../../../nios2-elf/lib\libc.a(lib_a-puts.o) (strlen)
c:/altera/12.1/nios2eds/bin/gnu/h-i686-mingw32/bin/../lib/gcc/nios2-elf/4.1.2/../../../../nios2-elf/lib\libc.a(lib_a-fvwrite.o)
                              c:/altera/12.1/nios2eds/bin/gnu/h-i686-mingw32/bin/../lib/gcc/nios2-elf/4.1.2/../../../../nios2-elf/lib\libc.a(lib_a-puts.o) (__sfvwrite_r)
c:/altera/12.1/nios2eds/bin/gnu/h-i686-mingw32/bin/../lib/gcc/nios2-elf/4.1.2/../../../../nios2-elf/lib\libc.a(lib_a-impure.o)
                              c:/altera/12.1/nios2eds/bin/gnu/h-i686-mingw32/bin/../lib/gcc/nios2-elf/4.1.2/../../../../nios2-elf/lib\libc.a(lib_a-puts.o) (_impure_ptr)
c:/altera/12.1/nios2eds/bin/gnu/h-i686-mingw32/bin/../lib/gcc/nios2-elf/4.1.2/../../../../nios2-elf/lib\libc.a(lib_a-mallocr.o)
                              c:/altera/12.1/nios2eds/bin/gnu/h-i686-mingw32/bin/../lib/gcc/nios2-elf/4.1.2/../../../../nios2-elf/lib\libc.a(lib_a-fvwrite.o) (_malloc_r)
c:/altera/12.1/nios2eds/bin/gnu/h-i686-mingw32/bin/../lib/gcc/nios2-elf/4.1.2/../../../../nios2-elf/lib\libc.a(lib_a-memchr.o)
                              c:/altera/12.1/nios2eds/bin/gnu/h-i686-mingw32/bin/../lib/gcc/nios2-elf/4.1.2/../../../../nios2-elf/lib\libc.a(lib_a-fvwrite.o) (memchr)
c:/altera/12.1/nios2eds/bin/gnu/h-i686-mingw32/bin/../lib/gcc/nios2-elf/4.1.2/../../../../nios2-elf/lib\libc.a(lib_a-memcpy.o)
                              c:/altera/12.1/nios2eds/bin/gnu/h-i686-mingw32/bin/../lib/gcc/nios2-elf/4.1.2/../../../../nios2-elf/lib\libc.a(lib_a-fvwrite.o) (memcpy)
c:/altera/12.1/nios2eds/bin/gnu/h-i686-mingw32/bin/../lib/gcc/nios2-elf/4.1.2/../../../../nios2-elf/lib\libc.a(lib_a-memmove.o)
                              c:/altera/12.1/nios2eds/bin/gnu/h-i686-mingw32/bin/../lib/gcc/nios2-elf/4.1.2/../../../../nios2-elf/lib\libc.a(lib_a-fvwrite.o) (memmove)
c:/altera/12.1/nios2eds/bin/gnu/h-i686-mingw32/bin/../lib/gcc/nios2-elf/4.1.2/../../../../nios2-elf/lib\libc.a(lib_a-reallocr.o)
                              c:/altera/12.1/nios2eds/bin/gnu/h-i686-mingw32/bin/../lib/gcc/nios2-elf/4.1.2/../../../../nios2-elf/lib\libc.a(lib_a-fvwrite.o) (_realloc_r)
c:/altera/12.1/nios2eds/bin/gnu/h-i686-mingw32/bin/../lib/gcc/nios2-elf/4.1.2/../../../../nios2-elf/lib\libc.a(lib_a-sbrkr.o)
                              c:/altera/12.1/nios2eds/bin/gnu/h-i686-mingw32/bin/../lib/gcc/nios2-elf/4.1.2/../../../../nios2-elf/lib\libc.a(lib_a-mallocr.o) (_sbrk_r)
c:/altera/12.1/nios2eds/bin/gnu/h-i686-mingw32/bin/../lib/gcc/nios2-elf/4.1.2/../../../../nios2-elf/lib\libc.a(lib_a-wsetup.o)
                              c:/altera/12.1/nios2eds/bin/gnu/h-i686-mingw32/bin/../lib/gcc/nios2-elf/4.1.2/../../../../nios2-elf/lib\libc.a(lib_a-fvwrite.o) (__swsetup_r)
c:/altera/12.1/nios2eds/bin/gnu/h-i686-mingw32/bin/../lib/gcc/nios2-elf/4.1.2/../../../../nios2-elf/lib\libc.a(lib_a-fflush.o)
                              c:/altera/12.1/nios2eds/bin/gnu/h-i686-mingw32/bin/../lib/gcc/nios2-elf/4.1.2/../../../../nios2-elf/lib\libc.a(lib_a-fvwrite.o) (_fflush_r)
c:/altera/12.1/nios2eds/bin/gnu/h-i686-mingw32/bin/../lib/gcc/nios2-elf/4.1.2/../../../../nios2-elf/lib\libc.a(lib_a-findfp.o)
                              c:/altera/12.1/nios2eds/bin/gnu/h-i686-mingw32/bin/../lib/gcc/nios2-elf/4.1.2/../../../../nios2-elf/lib\libc.a(lib_a-wsetup.o) (__sinit)
c:/altera/12.1/nios2eds/bin/gnu/h-i686-mingw32/bin/../lib/gcc/nios2-elf/4.1.2/../../../../nios2-elf/lib\libc.a(lib_a-freer.o)
                              c:/altera/12.1/nios2eds/bin/gnu/h-i686-mingw32/bin/../lib/gcc/nios2-elf/4.1.2/../../../../nios2-elf/lib\libc.a(lib_a-fvwrite.o) (_free_r)
c:/altera/12.1/nios2eds/bin/gnu/h-i686-mingw32/bin/../lib/gcc/nios2-elf/4.1.2/../../../../nios2-elf/lib\libc.a(lib_a-fwalk.o)
                              c:/altera/12.1/nios2eds/bin/gnu/h-i686-mingw32/bin/../lib/gcc/nios2-elf/4.1.2/../../../../nios2-elf/lib\libc.a(lib_a-fflush.o) (_fwalk_reent)
c:/altera/12.1/nios2eds/bin/gnu/h-i686-mingw32/bin/../lib/gcc/nios2-elf/4.1.2/../../../../nios2-elf/lib\libc.a(lib_a-int_errno.o)
                              c:/altera/12.1/nios2eds/bin/gnu/h-i686-mingw32/bin/../lib/gcc/nios2-elf/4.1.2/../../../../nios2-elf/lib\libc.a(lib_a-sbrkr.o) (errno)
c:/altera/12.1/nios2eds/bin/gnu/h-i686-mingw32/bin/../lib/gcc/nios2-elf/4.1.2/../../../../nios2-elf/lib\libc.a(lib_a-makebuf.o)
                              c:/altera/12.1/nios2eds/bin/gnu/h-i686-mingw32/bin/../lib/gcc/nios2-elf/4.1.2/../../../../nios2-elf/lib\libc.a(lib_a-wsetup.o) (__smakebuf_r)
[...]
Memory Configuration

Name             Origin             Length             Attributes
reset            0x00080000         0x00000020
onchip_memory2_0 0x00080020         0x0004afe0
shared_memory    0x08000000         0x00001000
*default*        0x00000000         0xffffffff

Linker script and memory map

LOAD C:/Users/Florian/Documents/GitHub/Car2X/software/Car2X_carControl_bsp//obj/HAL/src/crt0.o
LOAD obj/default/carCont.o
LOAD c:/altera/12.1/nios2eds/bin/gnu/h-i686-mingw32/bin/../lib/gcc/nios2-elf/4.1.2/../../../../nios2-elf/lib\libstdc++.a
LOAD c:/altera/12.1/nios2eds/bin/gnu/h-i686-mingw32/bin/../lib/gcc/nios2-elf/4.1.2/../../../../nios2-elf/lib\libm.a
LOAD c:/altera/12.1/nios2eds/bin/gnu/h-i686-mingw32/bin/../lib/gcc/nios2-elf/4.1.2\libgcc.a
START GROUP
LOAD c:/altera/12.1/nios2eds/bin/gnu/h-i686-mingw32/bin/../lib/gcc/nios2-elf/4.1.2/../../../../nios2-elf/lib\libc.a
LOAD c:/altera/12.1/nios2eds/bin/gnu/h-i686-mingw32/bin/../lib/gcc/nios2-elf/4.1.2\libgcc.a
LOAD C:/Users/Florian/Documents/GitHub/Car2X/software/Car2X_carControl_bsp/\libhal_bsp.a
END GROUP
LOAD c:/altera/12.1/nios2eds/bin/gnu/h-i686-mingw32/bin/../lib/gcc/nios2-elf/4.1.2\libgcc.a
                0x00080000                __alt_mem_onchip_memory2_0 = 0x80000
                0x08000000                __alt_mem_shared_memory = 0x8000000

.entry          0x00080000       0x20
 *(.entry)
 .entry         0x00080000       0x20 C:/Users/Florian/Documents/GitHub/Car2X/software/Car2X_carControl_bsp//obj/HAL/src/crt0.o
                0x00080000                __reset

.exceptions     0x00080020      0x194
                0x00080020                PROVIDE (__ram_exceptions_start, ABSOLUTE (.))
                0x00080020                . = ALIGN (0x20)
 *(.irq)
 *(.exceptions.entry.label)
 .exceptions.entry.label
                0x00080020        0x0 C:/Users/Florian/Documents/GitHub/Car2X/software/Car2X_carControl_bsp/\libhal_bsp.a(alt_irq_entry.o)
                0x00080020                alt_irq_entry
 .exceptions.entry.label
                0x00080020        0x0 C:/Users/Florian/Documents/GitHub/Car2X/software/Car2X_carControl_bsp/\libhal_bsp.a(alt_exception_entry.o)
                0x00080020                alt_exception
 *(.exceptions.entry.user)
 *(.exceptions.entry)
 .exceptions.entry
                0x00080020       0x54 C:/Users/Florian/Documents/GitHub/Car2X/software/Car2X_carControl_bsp/\libhal_bsp.a(alt_exception_entry.o)
 *(.exceptions.irqtest.user)
 *(.exceptions.irqtest)
 .exceptions.irqtest
                0x00080074       0x10 C:/Users/Florian/Documents/GitHub/Car2X/software/Car2X_carControl_bsp/\libhal_bsp.a(alt_irq_entry.o)
 *(.exceptions.irqhandler.user)
 *(.exceptions.irqhandler)
 .exceptions.irqhandler
                0x00080084        0x4 C:/Users/Florian/Documents/GitHub/Car2X/software/Car2X_carControl_bsp/\libhal_bsp.a(alt_irq_entry.o)
 *(.exceptions.irqreturn.user)
 *(.exceptions.irqreturn)
 .exceptions.irqreturn
                0x00080088        0x4 C:/Users/Florian/Documents/GitHub/Car2X/software/Car2X_carControl_bsp/\libhal_bsp.a(alt_irq_entry.o)
 *(.exceptions.notirq.label)
 .exceptions.notirq.label
                0x0008008c        0x0 C:/Users/Florian/Documents/GitHub/Car2X/software/Car2X_carControl_bsp/\libhal_bsp.a(alt_irq_entry.o)
 *(.exceptions.notirq.user)
 *(.exceptions.notirq)
 .exceptions.notirq
                0x0008008c        0x8 C:/Users/Florian/Documents/GitHub/Car2X/software/Car2X_carControl_bsp/\libhal_bsp.a(alt_exception_entry.o)
 *(.exceptions.soft.user)
 *(.exceptions.soft)
 *(.exceptions.unknown.user)
 *(.exceptions.unknown)
 .exceptions.unknown
                0x00080094        0x4 C:/Users/Florian/Documents/GitHub/Car2X/software/Car2X_carControl_bsp/\libhal_bsp.a(alt_exception_entry.o)
 *(.exceptions.exit.label)
 .exceptions.exit.label
                0x00080098        0x0 C:/Users/Florian/Documents/GitHub/Car2X/software/Car2X_carControl_bsp/\libhal_bsp.a(alt_irq_entry.o)
 .exceptions.exit.label
                0x00080098        0x0 C:/Users/Florian/Documents/GitHub/Car2X/software/Car2X_carControl_bsp/\libhal_bsp.a(alt_exception_entry.o)
 *(.exceptions.exit.user)
 *(.exceptions.exit)
 .exceptions.exit
                0x00080098       0x54 C:/Users/Florian/Documents/GitHub/Car2X/software/Car2X_carControl_bsp/\libhal_bsp.a(alt_exception_entry.o)
 *(.exceptions)
 .exceptions    0x000800ec       0xc8 C:/Users/Florian/Documents/GitHub/Car2X/software/Car2X_carControl_bsp/\libhal_bsp.a(alt_irq_handler.o)
                0x000800ec                alt_irq_handler
                0x000801b4                PROVIDE (__ram_exceptions_end, ABSOLUTE (.))
                0x00080020                PROVIDE (__flash_exceptions_start, LOADADDR (.exceptions))

.text           0x000801b4     0x56ac
                0x000801b4                PROVIDE (stext, ABSOLUTE (.))
 *(.interp)
 *(.hash)
 *(.dynsym)
 *(.dynstr)
 *(.gnu.version)
 *(.gnu.version_d)
 *(.gnu.version_r)
 *(.rel.init)
 *(.rela.init)
 *(.rel.text .rel.text.* .rel.gnu.linkonce.t.*)
 *(.rela.text .rela.text.* .rela.gnu.linkonce.t.*)
 *(.rel.fini)
 *(.rela.fini)
 *(.rel.rodata .rel.rodata.* .rel.gnu.linkonce.r.*)
 *(.rela.rodata .rela.rodata.* .rela.gnu.linkonce.r.*)
 *(.rel.data .rel.data.* .rel.gnu.linkonce.d.*)
 *(.rela.data .rela.data.* .rela.gnu.linkonce.d.*)
 *(.rel.tdata .rel.tdata.* .rel.gnu.linkonce.td.*)
 *(.rela.tdata .rela.tdata.* .rela.gnu.linkonce.td.*)
 *(.rel.tbss .rel.tbss.* .rel.gnu.linkonce.tb.*)
 *(.rela.tbss .rela.tbss.* .rela.gnu.linkonce.tb.*)
 *(.rel.ctors)
 *(.rela.ctors)
 *(.rel.dtors)
 *(.rela.dtors)
 *(.rel.got)
 *(.rela.got)
 *(.rel.sdata .rel.sdata.* .rel.gnu.linkonce.s.*)
 *(.rela.sdata .rela.sdata.* .rela.gnu.linkonce.s.*)
 *(.rel.sbss .rel.sbss.* .rel.gnu.linkonce.sb.*)
 *(.rela.sbss .rela.sbss.* .rela.gnu.linkonce.sb.*)
 *(.rel.sdata2 .rel.sdata2.* .rel.gnu.linkonce.s2.*)
 *(.rela.sdata2 .rela.sdata2.* .rela.gnu.linkonce.s2.*)
 *(.rel.sbss2 .rel.sbss2.* .rel.gnu.linkonce.sb2.*)
 *(.rela.sbss2 .rela.sbss2.* .rela.gnu.linkonce.sb2.*)
 *(.rel.bss .rel.bss.* .rel.gnu.linkonce.b.*)
 *(.rela.bss .rela.bss.* .rela.gnu.linkonce.b.*)
 *(.rel.plt)
 *(.rela.plt)
 *(.rel.dyn)
 *(.init)
 *(.plt)
 *(.text .stub .text.* .gnu.linkonce.t.*)
 .text          0x000801b4       0x3c C:/Users/Florian/Documents/GitHub/Car2X/software/Car2X_carControl_bsp//obj/HAL/src/crt0.o
                0x000801b4                _start
 .text          0x000801f0       0x34 obj/default/carCont.o
                0x000801f0                main
 .text          0x00080224       0xb4 c:/altera/12.1/nios2eds/bin/gnu/h-i686-mingw32/bin/../lib/gcc/nios2-elf/4.1.2/../../../../nios2-elf/lib\libc.a(lib_a-puts.o)
                0x00080224                _puts_r
                0x000802c4                puts
 .text          0x000802d8       0x74 c:/altera/12.1/nios2eds/bin/gnu/h-i686-mingw32/bin/../lib/gcc/nios2-elf/4.1.2/../../../../nios2-elf/lib\libc.a(lib_a-strlen.o)
                0x000802d8                strlen
 .text          0x0008034c      0x49c c:/altera/12.1/nios2eds/bin/gnu/h-i686-mingw32/bin/../lib/gcc/nios2-elf/4.1.2/../../../../nios2-elf/lib\libc.a(lib_a-fvwrite.o)
                0x0008034c                __sfvwrite_r
 .text          0x000807e8        0x0 c:/altera/12.1/nios2eds/bin/gnu/h-i686-mingw32/bin/../lib/gcc/nios2-elf/4.1.2/../../../../nios2-elf/lib\libc.a(lib_a-impure.o)
 .text          0x000807e8      0x740 c:/altera/12.1/nios2eds/bin/gnu/h-i686-mingw32/bin/../lib/gcc/nios2-elf/4.1.2/../../../../nios2-elf/lib\libc.a(lib_a-mallocr.o)
                0x000807e8                _malloc_r
 .text          0x00080f28       0xe4 c:/altera/12.1/nios2eds/bin/gnu/h-i686-mingw32/bin/../lib/gcc/nios2-elf/4.1.2/../../../../nios2-elf/lib\libc.a(lib_a-memchr.o)
                0x00080f28                memchr
 .text          0x0008100c       0xa0 c:/altera/12.1/nios2eds/bin/gnu/h-i686-mingw32/bin/../lib/gcc/nios2-elf/4.1.2/../../../../nios2-elf/lib\libc.a(lib_a-memcpy.o)
                0x0008100c                memcpy
 .text          0x000810ac       0xe0 c:/altera/12.1/nios2eds/bin/gnu/h-i686-mingw32/bin/../lib/gcc/nios2-elf/4.1.2/../../../../nios2-elf/lib\libc.a(lib_a-memmove.o)
                0x000810ac                memmove
 .text          0x0008118c      0x5f4 c:/altera/12.1/nios2eds/bin/gnu/h-i686-mingw32/bin/../lib/gcc/nios2-elf/4.1.2/../../../../nios2-elf/lib\libc.a(lib_a-reallocr.o)
                0x0008118c                _realloc_r
 .text          0x00081780       0x70 c:/altera/12.1/nios2eds/bin/gnu/h-i686-mingw32/bin/../lib/gcc/nios2-elf/4.1.2/../../../../nios2-elf/lib\libc.a(lib_a-sbrkr.o)
                0x00081780                _sbrk_r
 .text          0x000817f0      0x13c c:/altera/12.1/nios2eds/bin/gnu/h-i686-mingw32/bin/../lib/gcc/nios2-elf/4.1.2/../../../../nios2-elf/lib\libc.a(lib_a-wsetup.o)
                0x000817f0                __swsetup_r
 .text          0x0008192c      0x230 c:/altera/12.1/nios2eds/bin/gnu/h-i686-mingw32/bin/../lib/gcc/nios2-elf/4.1.2/../../../../nios2-elf/lib\libc.a(lib_a-fflush.o)
                0x0008192c                _fflush_r
                0x00081b28                fflush
 .text          0x00081b5c      0x2c0 c:/altera/12.1/nios2eds/bin/gnu/h-i686-mingw32/bin/../lib/gcc/nios2-elf/4.1.2/../../../../nios2-elf/lib\libc.a(lib_a-findfp.o)
                0x00081bb4                __sfp_lock_acquire
                0x00081bb8                __sfp_lock_release
                0x00081bbc                __sinit_lock_acquire
                0x00081bc0                __sinit_lock_release
                0x00081bc4                __sinit
                0x00081c78                __fp_unlock_all
                0x00081c90                __fp_lock_all
                0x00081ca8                _cleanup_r
                0x00081cb4                _cleanup
                0x00081cc4                __sfmoreglue
                0x00081d2c                __sfp
 .text          0x00081e1c      0x440 c:/altera/12.1/nios2eds/bin/gnu/h-i686-mingw32/bin/../lib/gcc/nios2-elf/4.1.2/../../../../nios2-elf/lib\libc.a(lib_a-freer.o)
                0x00081e1c                _malloc_trim_r
                0x00081f48                _free_r
 .text          0x0008225c      0x180 c:/altera/12.1/nios2eds/bin/gnu/h-i686-mingw32/bin/../lib/gcc/nios2-elf/4.1.2/../../../../nios2-elf/lib\libc.a(lib_a-fwalk.o)
                0x0008225c                _fwalk_reent
                0x00082324                _fwalk
 .text          0x000823dc        0x0 c:/altera/12.1/nios2eds/bin/gnu/h-i686-mingw32/bin/../lib/gcc/nios2-elf/4.1.2/../../../../nios2-elf/lib\libc.a(lib_a-int_errno.o)
 .text          0x000823dc      0x194 c:/altera/12.1/nios2eds/bin/gnu/h-i686-mingw32/bin/../lib/gcc/nios2-elf/4.1.2/../../../../nios2-elf/lib\libc.a(lib_a-makebuf.o)
                0x000823dc                __smakebuf_r
 .text          0x00082570       0x98 c:/altera/12.1/nios2eds/bin/gnu/h-i686-mingw32/bin/../lib/gcc/nios2-elf/4.1.2/../../../../nios2-elf/lib\libc.a(lib_a-memset.o)
                0x00082570                memset
 .text          0x00082608      0x14c c:/altera/12.1/nios2eds/bin/gnu/h-i686-mingw32/bin/../lib/gcc/nios2-elf/4.1.2/../../../../nios2-elf/lib\libc.a(lib_a-stdio.o)
                0x00082608                __sclose
                0x00082610                __sseek
                0x00082678                __swrite
                0x000826f4                __sread
 .text          0x00082754       0x78 c:/altera/12.1/nios2eds/bin/gnu/h-i686-mingw32/bin/../lib/gcc/nios2-elf/4.1.2/../../../../nios2-elf/lib\libc.a(lib_a-writer.o)
                0x00082754                _write_r
 .text          0x000827cc       0x70 c:/altera/12.1/nios2eds/bin/gnu/h-i686-mingw32/bin/../lib/gcc/nios2-elf/4.1.2/../../../../nios2-elf/lib\libc.a(lib_a-closer.o)
                0x000827cc                _close_r
 .text          0x0008283c      0x124 c:/altera/12.1/nios2eds/bin/gnu/h-i686-mingw32/bin/../lib/gcc/nios2-elf/4.1.2/../../../../nios2-elf/lib\libc.a(lib_a-fclose.o)
                0x0008283c                _fclose_r
                0x0008294c                fclose
 .text          0x00082960       0x74 c:/altera/12.1/nios2eds/bin/gnu/h-i686-mingw32/bin/../lib/gcc/nios2-elf/4.1.2/../../../../nios2-elf/lib\libc.a(lib_a-fstatr.o)
                0x00082960                _fstat_r
 .text          0x000829d4       0x70 c:/altera/12.1/nios2eds/bin/gnu/h-i686-mingw32/bin/../lib/gcc/nios2-elf/4.1.2/../../../../nios2-elf/lib\libc.a(lib_a-isattyr.o)
                0x000829d4                _isatty_r
 .text          0x00082a44       0x78 c:/altera/12.1/nios2eds/bin/gnu/h-i686-mingw32/bin/../lib/gcc/nios2-elf/4.1.2/../../../../nios2-elf/lib\libc.a(lib_a-lseekr.o)
                0x00082a44                _lseek_r
 .text          0x00082abc       0x78 c:/altera/12.1/nios2eds/bin/gnu/h-i686-mingw32/bin/../lib/gcc/nios2-elf/4.1.2/../../../../nios2-elf/lib\libc.a(lib_a-readr.o)
                0x00082abc                _read_r
 .text          0x00082b34      0x15c C:/Users/Florian/Documents/GitHub/Car2X/software/Car2X_carControl_bsp/\libhal_bsp.a(alt_close.o)
                0x00082b34                close
 .text          0x00082c90       0x2c C:/Users/Florian/Documents/GitHub/Car2X/software/Car2X_carControl_bsp/\libhal_bsp.a(alt_dev.o)
 .text          0x00082cbc        0x0 C:/Users/Florian/Documents/GitHub/Car2X/software/Car2X_carControl_bsp/\libhal_bsp.a(alt_errno.o)
 .text          0x00082cbc      0x134 C:/Users/Florian/Documents/GitHub/Car2X/software/Car2X_carControl_bsp/\libhal_bsp.a(alt_fstat.o)
                0x00082cbc                fstat
 .text          0x00082df0      0x120 C:/Users/Florian/Documents/GitHub/Car2X/software/Car2X_carControl_bsp/\libhal_bsp.a(alt_isatty.o)
                0x00082df0                isatty
 .text          0x00082f10       0xec C:/Users/Florian/Documents/GitHub/Car2X/software/Car2X_carControl_bsp/\libhal_bsp.a(alt_load.o)
                0x00082f10                alt_load
 .text          0x00082ffc      0x150 C:/Users/Florian/Documents/GitHub/Car2X/software/Car2X_carControl_bsp/\libhal_bsp.a(alt_lseek.o)
                0x00082ffc                lseek
 .text          0x0008314c       0x6c C:/Users/Florian/Documents/GitHub/Car2X/software/Car2X_carControl_bsp/\libhal_bsp.a(alt_main.o)
                0x0008314c                alt_main
 .text          0x000831b8       0x40 C:/Users/Florian/Documents/GitHub/Car2X/software/Car2X_carControl_bsp/\libhal_bsp.a(alt_malloc_lock.o)
                0x000831b8                __malloc_lock
                0x000831d8                __malloc_unlock
 .text          0x000831f8      0x180 C:/Users/Florian/Documents/GitHub/Car2X/software/Car2X_carControl_bsp/\libhal_bsp.a(alt_read.o)
                0x000831f8                read
 .text          0x00083378       0x60 C:/Users/Florian/Documents/GitHub/Car2X/software/Car2X_carControl_bsp/\libhal_bsp.a(alt_release_fd.o)
                0x00083378                alt_release_fd
 .text          0x000833d8       0xbc C:/Users/Florian/Documents/GitHub/Car2X/software/Car2X_carControl_bsp/\libhal_bsp.a(alt_sbrk.o)
                0x000833d8                sbrk
 .text          0x00083494      0x180 C:/Users/Florian/Documents/GitHub/Car2X/software/Car2X_carControl_bsp/\libhal_bsp.a(alt_write.o)
                0x00083494                write
 .text          0x00083614      0x188 C:/Users/Florian/Documents/GitHub/Car2X/software/Car2X_carControl_bsp/\libhal_bsp.a(alt_sys_init.o)
                0x00083614                alt_irq_init
                0x00083648                alt_sys_init
 .text          0x0008379c      0x148 C:/Users/Florian/Documents/GitHub/Car2X/software/Car2X_carControl_bsp/\libhal_bsp.a(altera_avalon_jtag_uart_fd.o)
                0x0008379c                altera_avalon_jtag_uart_read_fd
                0x000837f4                altera_avalon_jtag_uart_write_fd
                0x0008384c                altera_avalon_jtag_uart_close_fd
                0x00083894                altera_avalon_jtag_uart_ioctl_fd
 .text          0x000838e4      0x40c C:/Users/Florian/Documents/GitHub/Car2X/software/Car2X_carControl_bsp/\libhal_bsp.a(altera_avalon_jtag_uart_init.o)
                0x000838e4                altera_avalon_jtag_uart_init
                0x00083c7c                altera_avalon_jtag_uart_close
 .text          0x00083cf0       0xf4 C:/Users/Florian/Documents/GitHub/Car2X/software/Car2X_carControl_bsp/\libhal_bsp.a(altera_avalon_jtag_uart_ioctl.o)
                0x00083cf0                altera_avalon_jtag_uart_ioctl
 .text          0x00083de4      0x224 C:/Users/Florian/Documents/GitHub/Car2X/software/Car2X_carControl_bsp/\libhal_bsp.a(altera_avalon_jtag_uart_read.o)
                0x00083de4                altera_avalon_jtag_uart_read
 .text          0x00084008      0x240 C:/Users/Florian/Documents/GitHub/Car2X/software/Car2X_carControl_bsp/\libhal_bsp.a(altera_avalon_jtag_uart_write.o)
                0x00084008                altera_avalon_jtag_uart_write
 .text          0x00084248      0x304 C:/Users/Florian/Documents/GitHub/Car2X/software/Car2X_carControl_bsp/\libhal_bsp.a(altera_avalon_mutex.o)
                0x000842c4                altera_avalon_mutex_open
                0x0008437c                altera_avalon_mutex_close
                0x0008439c                altera_avalon_mutex_lock
                0x000843dc                altera_avalon_mutex_trylock
                0x0008441c                altera_avalon_mutex_unlock
                0x00084478                altera_avalon_mutex_is_mine
                0x000844f4                altera_avalon_mutex_first_lock
 .text          0x0008454c      0x154 C:/Users/Florian/Documents/GitHub/Car2X/software/Car2X_carControl_bsp/\libhal_bsp.a(alt_alarm_start.o)
                0x0008454c                alt_alarm_start
 .text          0x000846a0       0x1c C:/Users/Florian/Documents/GitHub/Car2X/software/Car2X_carControl_bsp/\libhal_bsp.a(alt_dcache_flush_all.o)
                0x000846a0                alt_dcache_flush_all
 .text          0x000846bc      0x114 C:/Users/Florian/Documents/GitHub/Car2X/software/Car2X_carControl_bsp/\libhal_bsp.a(alt_dev_llist_insert.o)
                0x000846bc                alt_dev_llist_insert
 .text          0x000847d0       0x64 C:/Users/Florian/Documents/GitHub/Car2X/software/Car2X_carControl_bsp/\libhal_bsp.a(alt_do_ctors.o)
                0x000847d0                _do_ctors
 .text          0x00084834       0x64 C:/Users/Florian/Documents/GitHub/Car2X/software/Car2X_carControl_bsp/\libhal_bsp.a(alt_do_dtors.o)
                0x00084834                _do_dtors
 .text          0x00084898       0x94 C:/Users/Florian/Documents/GitHub/Car2X/software/Car2X_carControl_bsp/\libhal_bsp.a(alt_find_dev.o)
                0x00084898                alt_find_dev
 .text          0x0008492c       0x30 C:/Users/Florian/Documents/GitHub/Car2X/software/Car2X_carControl_bsp/\libhal_bsp.a(alt_icache_flush_all.o)
                0x0008492c                alt_icache_flush_all
 .text          0x0008495c      0x1d4 C:/Users/Florian/Documents/GitHub/Car2X/software/Car2X_carControl_bsp/\libhal_bsp.a(alt_iic.o)
                0x0008495c                alt_ic_isr_register
                0x000849ac                alt_ic_irq_enable
                0x00084a48                alt_ic_irq_disable
                0x00084ae8                alt_ic_irq_enabled
 .text          0x00084b30       0xf8 C:/Users/Florian/Documents/GitHub/Car2X/software/Car2X_carControl_bsp/\libhal_bsp.a(alt_iic_isr_register.o)
                0x00084b30                alt_iic_isr_register
 .text          0x00084c28      0x13c C:/Users/Florian/Documents/GitHub/Car2X/software/Car2X_carControl_bsp/\libhal_bsp.a(alt_io_redirect.o)
                0x00084cec                alt_io_redirect
 .text          0x00084d64        0x0 C:/Users/Florian/Documents/GitHub/Car2X/software/Car2X_carControl_bsp/\libhal_bsp.a(alt_irq_entry.o)
 .text          0x00084d64        0x0 C:/Users/Florian/Documents/GitHub/Car2X/software/Car2X_carControl_bsp/\libhal_bsp.a(alt_irq_handler.o)
 .text          0x00084d64        0x0 C:/Users/Florian/Documents/GitHub/Car2X/software/Car2X_carControl_bsp/\libhal_bsp.a(alt_irq_vars.o)
 .text          0x00084d64      0x2c4 C:/Users/Florian/Documents/GitHub/Car2X/software/Car2X_carControl_bsp/\libhal_bsp.a(alt_open.o)
                0x00084e40                open
 .text          0x00085028      0x1a4 C:/Users/Florian/Documents/GitHub/Car2X/software/Car2X_carControl_bsp/\libhal_bsp.a(alt_tick.o)
                0x00085028                alt_alarm_stop
                0x000850c0                alt_tick
 .text          0x000851cc       0x20 C:/Users/Florian/Documents/GitHub/Car2X/software/Car2X_carControl_bsp/\libhal_bsp.a(altera_nios2_qsys_irq.o)
                0x000851cc                altera_nios2_qsys_irq_init
 .text          0x000851ec        0x0 C:/Users/Florian/Documents/GitHub/Car2X/software/Car2X_carControl_bsp/\libhal_bsp.a(alt_exception_entry.o)
 .text          0x000851ec      0x120 C:/Users/Florian/Documents/GitHub/Car2X/software/Car2X_carControl_bsp/\libhal_bsp.a(alt_find_file.o)
                0x000851ec                alt_find_file
 .text          0x0008530c       0xb8 C:/Users/Florian/Documents/GitHub/Car2X/software/Car2X_carControl_bsp/\libhal_bsp.a(alt_get_fd.o)
                0x0008530c                alt_get_fd
 .text          0x000853c4       0x90 C:/Users/Florian/Documents/GitHub/Car2X/software/Car2X_carControl_bsp/\libhal_bsp.a(alt_icache_flush.o)
                0x000853c4                alt_icache_flush
 .text          0x00085454       0x14 c:/altera/12.1/nios2eds/bin/gnu/h-i686-mingw32/bin/../lib/gcc/nios2-elf/4.1.2/../../../../nios2-elf/lib\libc.a(lib_a-atexit.o)
                0x00085454                atexit
 .text          0x00085468       0x38 c:/altera/12.1/nios2eds/bin/gnu/h-i686-mingw32/bin/../lib/gcc/nios2-elf/4.1.2/../../../../nios2-elf/lib\libc.a(lib_a-exit.o)
                0x00085468                exit
 .text          0x000854a0       0x74 c:/altera/12.1/nios2eds/bin/gnu/h-i686-mingw32/bin/../lib/gcc/nios2-elf/4.1.2/../../../../nios2-elf/lib\libc.a(lib_a-memcmp.o)
                0x000854a0                memcmp
 .text          0x00085514      0x134 c:/altera/12.1/nios2eds/bin/gnu/h-i686-mingw32/bin/../lib/gcc/nios2-elf/4.1.2/../../../../nios2-elf/lib\libc.a(lib_a-__atexit.o)
                0x00085514                __register_exitproc
 .text          0x00085648      0x1b4 c:/altera/12.1/nios2eds/bin/gnu/h-i686-mingw32/bin/../lib/gcc/nios2-elf/4.1.2/../../../../nios2-elf/lib\libc.a(lib_a-__call_atexit.o)
                0x0008564c                __call_exitprocs
 .text          0x000857fc       0x60 C:/Users/Florian/Documents/GitHub/Car2X/software/Car2X_carControl_bsp/\libhal_bsp.a(alt_exit.o)
                0x0008583c                _exit
 *(.gnu.warning.*)
 *(.fini)
                0x0008585c                PROVIDE (__etext, ABSOLUTE (.))
                0x0008585c                PROVIDE (_etext, ABSOLUTE (.))
                0x0008585c                PROVIDE (etext, ABSOLUTE (.))
 *(.eh_frame_hdr)
                0x0008585c                . = ALIGN (0x4)
                0x0008585c                PROVIDE (__preinit_array_start, ABSOLUTE (.))
 *(.preinit_array)
                0x0008585c                PROVIDE (__preinit_array_end, ABSOLUTE (.))
                0x0008585c                PROVIDE (__init_array_start, ABSOLUTE (.))
 *(.init_array)
                0x0008585c                PROVIDE (__init_array_end, ABSOLUTE (.))
                0x0008585c                PROVIDE (__fini_array_start, ABSOLUTE (.))
 *(.fini_array)
                0x0008585c                PROVIDE (__fini_array_end, ABSOLUTE (.))
 *(.eh_frame)
 *(.gcc_except_table)
 *(.dynamic)
                0x0008585c                PROVIDE (__CTOR_LIST__, ABSOLUTE (.))
 *(.ctors)
 *(SORT(.ctors.*))
 .ctors.65535   0x0008585c        0x4 c:/altera/12.1/nios2eds/bin/gnu/h-i686-mingw32/bin/../lib/gcc/nios2-elf/4.1.2/../../../../nios2-elf/lib\libc.a(lib_a-__call_atexit.o)
                0x00085860                PROVIDE (__CTOR_END__, ABSOLUTE (.))
                0x00085860                PROVIDE (__DTOR_LIST__, ABSOLUTE (.))
 *(.dtors)
 *(SORT(.dtors.*))
                0x00085860                PROVIDE (__DTOR_END__, ABSOLUTE (.))
 *(.jcr)
                0x00085860                . = ALIGN (0x4)

.rodata         0x00085860       0x60
                0x00085860                PROVIDE (__ram_rodata_start, ABSOLUTE (.))
                0x00085860                . = ALIGN (0x4)
 *(.rodata .rodata.* .gnu.linkonce.r.*)
 .rodata        0x00085860       0x10 obj/default/carCont.o
 .rodata.str1.4
                0x00085870        0x2 c:/altera/12.1/nios2eds/bin/gnu/h-i686-mingw32/bin/../lib/gcc/nios2-elf/4.1.2/../../../../nios2-elf/lib\libc.a(lib_a-puts.o)
                                  0x4 (size before relaxing)
 *fill*         0x00085872        0x2 00
 .rodata.str1.4
                0x00085874        0x4 c:/altera/12.1/nios2eds/bin/gnu/h-i686-mingw32/bin/../lib/gcc/nios2-elf/4.1.2/../../../../nios2-elf/lib\libc.a(lib_a-impure.o)
 .rodata        0x00085878        0xc C:/Users/Florian/Documents/GitHub/Car2X/software/Car2X_carControl_bsp/\libhal_bsp.a(alt_dev.o)
 .rodata        0x00085884       0x10 C:/Users/Florian/Documents/GitHub/Car2X/software/Car2X_carControl_bsp/\libhal_bsp.a(alt_main.o)
 .rodata        0x00085894       0x2c C:/Users/Florian/Documents/GitHub/Car2X/software/Car2X_carControl_bsp/\libhal_bsp.a(alt_sys_init.o)
 *(.rodata1)
                0x000858c0                . = ALIGN (0x4)
                0x000858c0                PROVIDE (__ram_rodata_end, ABSOLUTE (.))
                0x00085860                PROVIDE (__flash_rodata_start, LOADADDR (.rodata))

.rwdata         0x000858c0     0x1a60 load address 0x00087320
                0x000858c0                PROVIDE (__ram_rwdata_start, ABSOLUTE (.))
                0x000858c0                . = ALIGN (0x4)
 *(.got.plt)
 *(.got)
 *(.data1)
 *(.data .data.* .gnu.linkonce.d.*)
 .data          0x000858c0        0x0 C:/Users/Florian/Documents/GitHub/Car2X/software/Car2X_carControl_bsp//obj/HAL/src/crt0.o
 .data          0x000858c0        0x0 obj/default/carCont.o
 .data          0x000858c0        0x0 c:/altera/12.1/nios2eds/bin/gnu/h-i686-mingw32/bin/../lib/gcc/nios2-elf/4.1.2/../../../../nios2-elf/lib\libc.a(lib_a-puts.o)
 .data          0x000858c0        0x0 c:/altera/12.1/nios2eds/bin/gnu/h-i686-mingw32/bin/../lib/gcc/nios2-elf/4.1.2/../../../../nios2-elf/lib\libc.a(lib_a-strlen.o)
 .data          0x000858c0        0x0 c:/altera/12.1/nios2eds/bin/gnu/h-i686-mingw32/bin/../lib/gcc/nios2-elf/4.1.2/../../../../nios2-elf/lib\libc.a(lib_a-fvwrite.o)
 .data          0x000858c0      0x400 c:/altera/12.1/nios2eds/bin/gnu/h-i686-mingw32/bin/../lib/gcc/nios2-elf/4.1.2/../../../../nios2-elf/lib\libc.a(lib_a-impure.o)
 .data          0x00085cc0      0x408 c:/altera/12.1/nios2eds/bin/gnu/h-i686-mingw32/bin/../lib/gcc/nios2-elf/4.1.2/../../../../nios2-elf/lib\libc.a(lib_a-mallocr.o)
                0x00085cc0                __malloc_av_
 .data          0x000860c8        0x0 c:/altera/12.1/nios2eds/bin/gnu/h-i686-mingw32/bin/../lib/gcc/nios2-elf/4.1.2/../../../../nios2-elf/lib\libc.a(lib_a-memchr.o)
 .data          0x000860c8        0x0 c:/altera/12.1/nios2eds/bin/gnu/h-i686-mingw32/bin/../lib/gcc/nios2-elf/4.1.2/../../../../nios2-elf/lib\libc.a(lib_a-memcpy.o)
 .data          0x000860c8        0x0 c:/altera/12.1/nios2eds/bin/gnu/h-i686-mingw32/bin/../lib/gcc/nios2-elf/4.1.2/../../../../nios2-elf/lib\libc.a(lib_a-memmove.o)
 .data          0x000860c8        0x0 c:/altera/12.1/nios2eds/bin/gnu/h-i686-mingw32/bin/../lib/gcc/nios2-elf/4.1.2/../../../../nios2-elf/lib\libc.a(lib_a-reallocr.o)
 .data          0x000860c8        0x0 c:/altera/12.1/nios2eds/bin/gnu/h-i686-mingw32/bin/../lib/gcc/nios2-elf/4.1.2/../../../../nios2-elf/lib\libc.a(lib_a-sbrkr.o)
 .data          0x000860c8        0x0 c:/altera/12.1/nios2eds/bin/gnu/h-i686-mingw32/bin/../lib/gcc/nios2-elf/4.1.2/../../../../nios2-elf/lib\libc.a(lib_a-wsetup.o)
 .data          0x000860c8        0x0 c:/altera/12.1/nios2eds/bin/gnu/h-i686-mingw32/bin/../lib/gcc/nios2-elf/4.1.2/../../../../nios2-elf/lib\libc.a(lib_a-fflush.o)
 .data          0x000860c8        0x0 c:/altera/12.1/nios2eds/bin/gnu/h-i686-mingw32/bin/../lib/gcc/nios2-elf/4.1.2/../../../../nios2-elf/lib\libc.a(lib_a-findfp.o)
 .data          0x000860c8        0x0 c:/altera/12.1/nios2eds/bin/gnu/h-i686-mingw32/bin/../lib/gcc/nios2-elf/4.1.2/../../../../nios2-elf/lib\libc.a(lib_a-freer.o)
 .data          0x000860c8        0x0 c:/altera/12.1/nios2eds/bin/gnu/h-i686-mingw32/bin/../lib/gcc/nios2-elf/4.1.2/../../../../nios2-elf/lib\libc.a(lib_a-fwalk.o)
 .data          0x000860c8        0x0 c:/altera/12.1/nios2eds/bin/gnu/h-i686-mingw32/bin/../lib/gcc/nios2-elf/4.1.2/../../../../nios2-elf/lib\libc.a(lib_a-int_errno.o)
 .data          0x000860c8        0x0 c:/altera/12.1/nios2eds/bin/gnu/h-i686-mingw32/bin/../lib/gcc/nios2-elf/4.1.2/../../../../nios2-elf/lib\libc.a(lib_a-makebuf.o)
 .data          0x000860c8        0x0 c:/altera/12.1/nios2eds/bin/gnu/h-i686-mingw32/bin/../lib/gcc/nios2-elf/4.1.2/../../../../nios2-elf/lib\libc.a(lib_a-memset.o)
 .data          0x000860c8        0x0 c:/altera/12.1/nios2eds/bin/gnu/h-i686-mingw32/bin/../lib/gcc/nios2-elf/4.1.2/../../../../nios2-elf/lib\libc.a(lib_a-stdio.o)
 .data          0x000860c8        0x0 c:/altera/12.1/nios2eds/bin/gnu/h-i686-mingw32/bin/../lib/gcc/nios2-elf/4.1.2/../../../../nios2-elf/lib\libc.a(lib_a-writer.o)
 .data          0x000860c8        0x0 c:/altera/12.1/nios2eds/bin/gnu/h-i686-mingw32/bin/../lib/gcc/nios2-elf/4.1.2/../../../../nios2-elf/lib\libc.a(lib_a-closer.o)
 .data          0x000860c8        0x0 c:/altera/12.1/nios2eds/bin/gnu/h-i686-mingw32/bin/../lib/gcc/nios2-elf/4.1.2/../../../../nios2-elf/lib\libc.a(lib_a-fclose.o)
 .data          0x000860c8        0x0 c:/altera/12.1/nios2eds/bin/gnu/h-i686-mingw32/bin/../lib/gcc/nios2-elf/4.1.2/../../../../nios2-elf/lib\libc.a(lib_a-fstatr.o)
 .data          0x000860c8        0x0 c:/altera/12.1/nios2eds/bin/gnu/h-i686-mingw32/bin/../lib/gcc/nios2-elf/4.1.2/../../../../nios2-elf/lib\libc.a(lib_a-isattyr.o)
 .data          0x000860c8        0x0 c:/altera/12.1/nios2eds/bin/gnu/h-i686-mingw32/bin/../lib/gcc/nios2-elf/4.1.2/../../../../nios2-elf/lib\libc.a(lib_a-lseekr.o)
 .data          0x000860c8        0x0 c:/altera/12.1/nios2eds/bin/gnu/h-i686-mingw32/bin/../lib/gcc/nios2-elf/4.1.2/../../../../nios2-elf/lib\libc.a(lib_a-readr.o)
 .data          0x000860c8        0x0 C:/Users/Florian/Documents/GitHub/Car2X/software/Car2X_carControl_bsp/\libhal_bsp.a(alt_close.o)
 .data          0x000860c8      0x1a8 C:/Users/Florian/Documents/GitHub/Car2X/software/Car2X_carControl_bsp/\libhal_bsp.a(alt_dev.o)
                0x000860c8                alt_dev_null
                0x000860f0                alt_fd_list
 .data          0x00086270        0x0 C:/Users/Florian/Documents/GitHub/Car2X/software/Car2X_carControl_bsp/\libhal_bsp.a(alt_errno.o)
 .data          0x00086270        0x0 C:/Users/Florian/Documents/GitHub/Car2X/software/Car2X_carControl_bsp/\libhal_bsp.a(alt_fstat.o)
 .data          0x00086270        0x0 C:/Users/Florian/Documents/GitHub/Car2X/software/Car2X_carControl_bsp/\libhal_bsp.a(alt_isatty.o)
 .data          0x00086270        0x0 C:/Users/Florian/Documents/GitHub/Car2X/software/Car2X_carControl_bsp/\libhal_bsp.a(alt_load.o)
 .data          0x00086270        0x0 C:/Users/Florian/Documents/GitHub/Car2X/software/Car2X_carControl_bsp/\libhal_bsp.a(alt_lseek.o)
 .data          0x00086270        0x0 C:/Users/Florian/Documents/GitHub/Car2X/software/Car2X_carControl_bsp/\libhal_bsp.a(alt_main.o)
 .data          0x00086270        0x0 C:/Users/Florian/Documents/GitHub/Car2X/software/Car2X_carControl_bsp/\libhal_bsp.a(alt_malloc_lock.o)
 .data          0x00086270        0x0 C:/Users/Florian/Documents/GitHub/Car2X/software/Car2X_carControl_bsp/\libhal_bsp.a(alt_read.o)
 .data          0x00086270        0x0 C:/Users/Florian/Documents/GitHub/Car2X/software/Car2X_carControl_bsp/\libhal_bsp.a(alt_release_fd.o)
 .data          0x00086270        0x0 C:/Users/Florian/Documents/GitHub/Car2X/software/Car2X_carControl_bsp/\libhal_bsp.a(alt_sbrk.o)
 .data          0x00086270        0x0 C:/Users/Florian/Documents/GitHub/Car2X/software/Car2X_carControl_bsp/\libhal_bsp.a(alt_write.o)
 .data          0x00086270     0x1070 C:/Users/Florian/Documents/GitHub/Car2X/software/Car2X_carControl_bsp/\libhal_bsp.a(alt_sys_init.o)
 .data          0x000872e0        0x0 C:/Users/Florian/Documents/GitHub/Car2X/software/Car2X_carControl_bsp/\libhal_bsp.a(altera_avalon_jtag_uart_fd.o)
 .data          0x000872e0        0x0 C:/Users/Florian/Documents/GitHub/Car2X/software/Car2X_carControl_bsp/\libhal_bsp.a(altera_avalon_jtag_uart_init.o)
 .data          0x000872e0        0x0 C:/Users/Florian/Documents/GitHub/Car2X/software/Car2X_carControl_bsp/\libhal_bsp.a(altera_avalon_jtag_uart_ioctl.o)
 .data          0x000872e0        0x0 C:/Users/Florian/Documents/GitHub/Car2X/software/Car2X_carControl_bsp/\libhal_bsp.a(altera_avalon_jtag_uart_read.o)
 .data          0x000872e0        0x0 C:/Users/Florian/Documents/GitHub/Car2X/software/Car2X_carControl_bsp/\libhal_bsp.a(altera_avalon_jtag_uart_write.o)
 .data          0x000872e0        0x0 C:/Users/Florian/Documents/GitHub/Car2X/software/Car2X_carControl_bsp/\libhal_bsp.a(altera_avalon_mutex.o)
 .data          0x000872e0        0x0 C:/Users/Florian/Documents/GitHub/Car2X/software/Car2X_carControl_bsp/\libhal_bsp.a(alt_alarm_start.o)
 .data          0x000872e0        0x0 C:/Users/Florian/Documents/GitHub/Car2X/software/Car2X_carControl_bsp/\libhal_bsp.a(alt_dcache_flush_all.o)
 .data          0x000872e0        0x0 C:/Users/Florian/Documents/GitHub/Car2X/software/Car2X_carControl_bsp/\libhal_bsp.a(alt_dev_llist_insert.o)
 .data          0x000872e0        0x0 C:/Users/Florian/Documents/GitHub/Car2X/software/Car2X_carControl_bsp/\libhal_bsp.a(alt_do_ctors.o)
 .data          0x000872e0        0x0 C:/Users/Florian/Documents/GitHub/Car2X/software/Car2X_carControl_bsp/\libhal_bsp.a(alt_do_dtors.o)
 .data          0x000872e0        0x0 C:/Users/Florian/Documents/GitHub/Car2X/software/Car2X_carControl_bsp/\libhal_bsp.a(alt_find_dev.o)
 .data          0x000872e0        0x0 C:/Users/Florian/Documents/GitHub/Car2X/software/Car2X_carControl_bsp/\libhal_bsp.a(alt_icache_flush_all.o)
 .data          0x000872e0        0x0 C:/Users/Florian/Documents/GitHub/Car2X/software/Car2X_carControl_bsp/\libhal_bsp.a(alt_iic.o)
 .data          0x000872e0        0x0 C:/Users/Florian/Documents/GitHub/Car2X/software/Car2X_carControl_bsp/\libhal_bsp.a(alt_iic_isr_register.o)
 .data          0x000872e0        0x0 C:/Users/Florian/Documents/GitHub/Car2X/software/Car2X_carControl_bsp/\libhal_bsp.a(alt_io_redirect.o)
 .data          0x000872e0        0x0 C:/Users/Florian/Documents/GitHub/Car2X/software/Car2X_carControl_bsp/\libhal_bsp.a(alt_irq_entry.o)
 .data          0x000872e0        0x0 C:/Users/Florian/Documents/GitHub/Car2X/software/Car2X_carControl_bsp/\libhal_bsp.a(alt_irq_handler.o)
 .data          0x000872e0        0x0 C:/Users/Florian/Documents/GitHub/Car2X/software/Car2X_carControl_bsp/\libhal_bsp.a(alt_irq_vars.o)
 .data          0x000872e0        0x0 C:/Users/Florian/Documents/GitHub/Car2X/software/Car2X_carControl_bsp/\libhal_bsp.a(alt_open.o)
 .data          0x000872e0        0x0 C:/Users/Florian/Documents/GitHub/Car2X/software/Car2X_carControl_bsp/\libhal_bsp.a(alt_tick.o)
 .data          0x000872e0        0x0 C:/Users/Florian/Documents/GitHub/Car2X/software/Car2X_carControl_bsp/\libhal_bsp.a(altera_nios2_qsys_irq.o)
 .data          0x000872e0        0x0 C:/Users/Florian/Documents/GitHub/Car2X/software/Car2X_carControl_bsp/\libhal_bsp.a(alt_exception_entry.o)
 .data          0x000872e0        0x0 C:/Users/Florian/Documents/GitHub/Car2X/software/Car2X_carControl_bsp/\libhal_bsp.a(alt_find_file.o)
 .data          0x000872e0        0x0 C:/Users/Florian/Documents/GitHub/Car2X/software/Car2X_carControl_bsp/\libhal_bsp.a(alt_get_fd.o)
 .data          0x000872e0        0x0 C:/Users/Florian/Documents/GitHub/Car2X/software/Car2X_carControl_bsp/\libhal_bsp.a(alt_icache_flush.o)
 .data          0x000872e0        0x0 c:/altera/12.1/nios2eds/bin/gnu/h-i686-mingw32/bin/../lib/gcc/nios2-elf/4.1.2/../../../../nios2-elf/lib\libc.a(lib_a-atexit.o)
 .data          0x000872e0        0x0 c:/altera/12.1/nios2eds/bin/gnu/h-i686-mingw32/bin/../lib/gcc/nios2-elf/4.1.2/../../../../nios2-elf/lib\libc.a(lib_a-exit.o)
 .data          0x000872e0        0x0 c:/altera/12.1/nios2eds/bin/gnu/h-i686-mingw32/bin/../lib/gcc/nios2-elf/4.1.2/../../../../nios2-elf/lib\libc.a(lib_a-memcmp.o)
 .data          0x000872e0        0x0 c:/altera/12.1/nios2eds/bin/gnu/h-i686-mingw32/bin/../lib/gcc/nios2-elf/4.1.2/../../../../nios2-elf/lib\libc.a(lib_a-__atexit.o)
 .data          0x000872e0        0x0 c:/altera/12.1/nios2eds/bin/gnu/h-i686-mingw32/bin/../lib/gcc/nios2-elf/4.1.2/../../../../nios2-elf/lib\libc.a(lib_a-__call_atexit.o)
 .data          0x000872e0        0x0 C:/Users/Florian/Documents/GitHub/Car2X/software/Car2X_carControl_bsp/\libhal_bsp.a(alt_exit.o)
                0x0008f2e0                _gp = ABSOLUTE ((. + 0x8000))
                0x0008f2e0                PROVIDE (gp, _gp)
 *(.rwdata .rwdata.*)
 *(.sdata .sdata.* .gnu.linkonce.s.*)
 .sdata         0x000872e0        0x8 c:/altera/12.1/nios2eds/bin/gnu/h-i686-mingw32/bin/../lib/gcc/nios2-elf/4.1.2/../../../../nios2-elf/lib\libc.a(lib_a-impure.o)
                0x000872e0                _impure_ptr
                0x000872e4                _global_impure_ptr
 .sdata         0x000872e8        0x8 c:/altera/12.1/nios2eds/bin/gnu/h-i686-mingw32/bin/../lib/gcc/nios2-elf/4.1.2/../../../../nios2-elf/lib\libc.a(lib_a-mallocr.o)
                0x000872e8                __malloc_trim_threshold
                0x000872ec                __malloc_sbrk_base
 .sdata         0x000872f0       0x14 C:/Users/Florian/Documents/GitHub/Car2X/software/Car2X_carControl_bsp/\libhal_bsp.a(alt_dev.o)
                0x000872f0                alt_fs_list
                0x000872f8                alt_dev_list
                0x00087300                alt_max_fd
 .sdata         0x00087304        0x4 C:/Users/Florian/Documents/GitHub/Car2X/software/Car2X_carControl_bsp/\libhal_bsp.a(alt_errno.o)
                0x00087304                alt_errno
 .sdata         0x00087308        0x4 C:/Users/Florian/Documents/GitHub/Car2X/software/Car2X_carControl_bsp/\libhal_bsp.a(alt_sbrk.o)
 .sdata         0x0008730c        0x8 C:/Users/Florian/Documents/GitHub/Car2X/software/Car2X_carControl_bsp/\libhal_bsp.a(altera_avalon_mutex.o)
                0x0008730c                alt_mutex_list
 .sdata         0x00087314        0x4 C:/Users/Florian/Documents/GitHub/Car2X/software/Car2X_carControl_bsp/\libhal_bsp.a(alt_irq_vars.o)
                0x00087314                alt_priority_mask
 .sdata         0x00087318        0x8 C:/Users/Florian/Documents/GitHub/Car2X/software/Car2X_carControl_bsp/\libhal_bsp.a(alt_tick.o)
                0x00087318                alt_alarm_list
 *(.sdata2 .sdata2.* .gnu.linkonce.s2.*)
                0x00087320                . = ALIGN (0x4)
                0x00087320                _edata = ABSOLUTE (.)
                0x00087320                PROVIDE (edata, ABSOLUTE (.))
                0x00087320                PROVIDE (__ram_rwdata_end, ABSOLUTE (.))
                0x00087320                PROVIDE (__flash_rwdata_start, LOADADDR (.rwdata))

.bss            0x00088d80      0x2e0
                0x00088d80                __bss_start = ABSOLUTE (.)
                0x00088d80                PROVIDE (__sbss_start, ABSOLUTE (.))
                0x00088d80                PROVIDE (___sbss_start, ABSOLUTE (.))
 *(.dynsbss)
 *(.sbss .sbss.* .gnu.linkonce.sb.*)
 .sbss          0x00088d80        0xc c:/altera/12.1/nios2eds/bin/gnu/h-i686-mingw32/bin/../lib/gcc/nios2-elf/4.1.2/../../../../nios2-elf/lib\libc.a(lib_a-mallocr.o)
                0x00088d80                __malloc_top_pad
                0x00088d84                __malloc_max_sbrked_mem
                0x00088d88                __malloc_max_total_mem
 .sbss          0x00088d8c        0x4 c:/altera/12.1/nios2eds/bin/gnu/h-i686-mingw32/bin/../lib/gcc/nios2-elf/4.1.2/../../../../nios2-elf/lib\libc.a(lib_a-int_errno.o)
                0x00088d8c                errno
 .sbss          0x00088d90        0xc C:/Users/Florian/Documents/GitHub/Car2X/software/Car2X_carControl_bsp/\libhal_bsp.a(alt_main.o)
                0x00088d90                alt_argc
                0x00088d94                alt_argv
                0x00088d98                alt_envp
 .sbss          0x00088d9c        0x4 C:/Users/Florian/Documents/GitHub/Car2X/software/Car2X_carControl_bsp/\libhal_bsp.a(alt_irq_vars.o)
                0x00088d9c                alt_irq_active
 .sbss          0x00088da0        0x8 C:/Users/Florian/Documents/GitHub/Car2X/software/Car2X_carControl_bsp/\libhal_bsp.a(alt_tick.o)
                0x00088da0                _alt_tick_rate
                0x00088da4                _alt_nticks
 *(.sbss2 .sbss2.* .gnu.linkonce.sb2.*)
 *(.scommon)
                0x00088da8                PROVIDE (__sbss_end, ABSOLUTE (.))
                0x00088da8                PROVIDE (___sbss_end, ABSOLUTE (.))
 *(.dynbss)
 *(.bss .bss.* .gnu.linkonce.b.*)
 .bss           0x00088da8        0x0 C:/Users/Florian/Documents/GitHub/Car2X/software/Car2X_carControl_bsp//obj/HAL/src/crt0.o
 .bss           0x00088da8        0x0 obj/default/carCont.o
 .bss           0x00088da8        0x0 c:/altera/12.1/nios2eds/bin/gnu/h-i686-mingw32/bin/../lib/gcc/nios2-elf/4.1.2/../../../../nios2-elf/lib\libc.a(lib_a-puts.o)
 .bss           0x00088da8        0x0 c:/altera/12.1/nios2eds/bin/gnu/h-i686-mingw32/bin/../lib/gcc/nios2-elf/4.1.2/../../../../nios2-elf/lib\libc.a(lib_a-strlen.o)
 .bss           0x00088da8        0x0 c:/altera/12.1/nios2eds/bin/gnu/h-i686-mingw32/bin/../lib/gcc/nios2-elf/4.1.2/../../../../nios2-elf/lib\libc.a(lib_a-fvwrite.o)
 .bss           0x00088da8        0x0 c:/altera/12.1/nios2eds/bin/gnu/h-i686-mingw32/bin/../lib/gcc/nios2-elf/4.1.2/../../../../nios2-elf/lib\libc.a(lib_a-impure.o)
 .bss           0x00088da8       0x28 c:/altera/12.1/nios2eds/bin/gnu/h-i686-mingw32/bin/../lib/gcc/nios2-elf/4.1.2/../../../../nios2-elf/lib\libc.a(lib_a-mallocr.o)
                0x00088da8                __malloc_current_mallinfo
 .bss           0x00088dd0        0x0 c:/altera/12.1/nios2eds/bin/gnu/h-i686-mingw32/bin/../lib/gcc/nios2-elf/4.1.2/../../../../nios2-elf/lib\libc.a(lib_a-memchr.o)
 .bss           0x00088dd0        0x0 c:/altera/12.1/nios2eds/bin/gnu/h-i686-mingw32/bin/../lib/gcc/nios2-elf/4.1.2/../../../../nios2-elf/lib\libc.a(lib_a-memcpy.o)
 .bss           0x00088dd0        0x0 c:/altera/12.1/nios2eds/bin/gnu/h-i686-mingw32/bin/../lib/gcc/nios2-elf/4.1.2/../../../../nios2-elf/lib\libc.a(lib_a-memmove.o)
 .bss           0x00088dd0        0x0 c:/altera/12.1/nios2eds/bin/gnu/h-i686-mingw32/bin/../lib/gcc/nios2-elf/4.1.2/../../../../nios2-elf/lib\libc.a(lib_a-reallocr.o)
 .bss           0x00088dd0        0x0 c:/altera/12.1/nios2eds/bin/gnu/h-i686-mingw32/bin/../lib/gcc/nios2-elf/4.1.2/../../../../nios2-elf/lib\libc.a(lib_a-sbrkr.o)
 .bss           0x00088dd0        0x0 c:/altera/12.1/nios2eds/bin/gnu/h-i686-mingw32/bin/../lib/gcc/nios2-elf/4.1.2/../../../../nios2-elf/lib\libc.a(lib_a-wsetup.o)
 .bss           0x00088dd0        0x0 c:/altera/12.1/nios2eds/bin/gnu/h-i686-mingw32/bin/../lib/gcc/nios2-elf/4.1.2/../../../../nios2-elf/lib\libc.a(lib_a-fflush.o)
 .bss           0x00088dd0        0x0 c:/altera/12.1/nios2eds/bin/gnu/h-i686-mingw32/bin/../lib/gcc/nios2-elf/4.1.2/../../../../nios2-elf/lib\libc.a(lib_a-findfp.o)
 .bss           0x00088dd0        0x0 c:/altera/12.1/nios2eds/bin/gnu/h-i686-mingw32/bin/../lib/gcc/nios2-elf/4.1.2/../../../../nios2-elf/lib\libc.a(lib_a-freer.o)
 .bss           0x00088dd0        0x0 c:/altera/12.1/nios2eds/bin/gnu/h-i686-mingw32/bin/../lib/gcc/nios2-elf/4.1.2/../../../../nios2-elf/lib\libc.a(lib_a-fwalk.o)
 .bss           0x00088dd0        0x0 c:/altera/12.1/nios2eds/bin/gnu/h-i686-mingw32/bin/../lib/gcc/nios2-elf/4.1.2/../../../../nios2-elf/lib\libc.a(lib_a-int_errno.o)
 .bss           0x00088dd0        0x0 c:/altera/12.1/nios2eds/bin/gnu/h-i686-mingw32/bin/../lib/gcc/nios2-elf/4.1.2/../../../../nios2-elf/lib\libc.a(lib_a-makebuf.o)
 .bss           0x00088dd0        0x0 c:/altera/12.1/nios2eds/bin/gnu/h-i686-mingw32/bin/../lib/gcc/nios2-elf/4.1.2/../../../../nios2-elf/lib\libc.a(lib_a-memset.o)
 .bss           0x00088dd0        0x0 c:/altera/12.1/nios2eds/bin/gnu/h-i686-mingw32/bin/../lib/gcc/nios2-elf/4.1.2/../../../../nios2-elf/lib\libc.a(lib_a-stdio.o)
 .bss           0x00088dd0        0x0 c:/altera/12.1/nios2eds/bin/gnu/h-i686-mingw32/bin/../lib/gcc/nios2-elf/4.1.2/../../../../nios2-elf/lib\libc.a(lib_a-writer.o)
 .bss           0x00088dd0        0x0 c:/altera/12.1/nios2eds/bin/gnu/h-i686-mingw32/bin/../lib/gcc/nios2-elf/4.1.2/../../../../nios2-elf/lib\libc.a(lib_a-closer.o)
 .bss           0x00088dd0        0x0 c:/altera/12.1/nios2eds/bin/gnu/h-i686-mingw32/bin/../lib/gcc/nios2-elf/4.1.2/../../../../nios2-elf/lib\libc.a(lib_a-fclose.o)
 .bss           0x00088dd0        0x0 c:/altera/12.1/nios2eds/bin/gnu/h-i686-mingw32/bin/../lib/gcc/nios2-elf/4.1.2/../../../../nios2-elf/lib\libc.a(lib_a-fstatr.o)
 .bss           0x00088dd0        0x0 c:/altera/12.1/nios2eds/bin/gnu/h-i686-mingw32/bin/../lib/gcc/nios2-elf/4.1.2/../../../../nios2-elf/lib\libc.a(lib_a-isattyr.o)
 .bss           0x00088dd0        0x0 c:/altera/12.1/nios2eds/bin/gnu/h-i686-mingw32/bin/../lib/gcc/nios2-elf/4.1.2/../../../../nios2-elf/lib\libc.a(lib_a-lseekr.o)
 .bss           0x00088dd0        0x0 c:/altera/12.1/nios2eds/bin/gnu/h-i686-mingw32/bin/../lib/gcc/nios2-elf/4.1.2/../../../../nios2-elf/lib\libc.a(lib_a-readr.o)
 .bss           0x00088dd0        0x0 C:/Users/Florian/Documents/GitHub/Car2X/software/Car2X_carControl_bsp/\libhal_bsp.a(alt_close.o)
 .bss           0x00088dd0        0x0 C:/Users/Florian/Documents/GitHub/Car2X/software/Car2X_carControl_bsp/\libhal_bsp.a(alt_dev.o)
 .bss           0x00088dd0        0x0 C:/Users/Florian/Documents/GitHub/Car2X/software/Car2X_carControl_bsp/\libhal_bsp.a(alt_errno.o)
 .bss           0x00088dd0        0x0 C:/Users/Florian/Documents/GitHub/Car2X/software/Car2X_carControl_bsp/\libhal_bsp.a(alt_fstat.o)
 .bss           0x00088dd0        0x0 C:/Users/Florian/Documents/GitHub/Car2X/software/Car2X_carControl_bsp/\libhal_bsp.a(alt_isatty.o)
 .bss           0x00088dd0        0x0 C:/Users/Florian/Documents/GitHub/Car2X/software/Car2X_carControl_bsp/\libhal_bsp.a(alt_load.o)
 .bss           0x00088dd0        0x0 C:/Users/Florian/Documents/GitHub/Car2X/software/Car2X_carControl_bsp/\libhal_bsp.a(alt_lseek.o)
 .bss           0x00088dd0        0x0 C:/Users/Florian/Documents/GitHub/Car2X/software/Car2X_carControl_bsp/\libhal_bsp.a(alt_main.o)
 .bss           0x00088dd0        0x0 C:/Users/Florian/Documents/GitHub/Car2X/software/Car2X_carControl_bsp/\libhal_bsp.a(alt_malloc_lock.o)
 .bss           0x00088dd0        0x0 C:/Users/Florian/Documents/GitHub/Car2X/software/Car2X_carControl_bsp/\libhal_bsp.a(alt_read.o)
 .bss           0x00088dd0        0x0 C:/Users/Florian/Documents/GitHub/Car2X/software/Car2X_carControl_bsp/\libhal_bsp.a(alt_release_fd.o)
 .bss           0x00088dd0        0x0 C:/Users/Florian/Documents/GitHub/Car2X/software/Car2X_carControl_bsp/\libhal_bsp.a(alt_sbrk.o)
 .bss           0x00088dd0        0x0 C:/Users/Florian/Documents/GitHub/Car2X/software/Car2X_carControl_bsp/\libhal_bsp.a(alt_write.o)
 .bss           0x00088dd0        0x0 C:/Users/Florian/Documents/GitHub/Car2X/software/Car2X_carControl_bsp/\libhal_bsp.a(alt_sys_init.o)
 .bss           0x00088dd0        0x0 C:/Users/Florian/Documents/GitHub/Car2X/software/Car2X_carControl_bsp/\libhal_bsp.a(altera_avalon_jtag_uart_fd.o)
 .bss           0x00088dd0        0x0 C:/Users/Florian/Documents/GitHub/Car2X/software/Car2X_carControl_bsp/\libhal_bsp.a(altera_avalon_jtag_uart_init.o)
 .bss           0x00088dd0        0x0 C:/Users/Florian/Documents/GitHub/Car2X/software/Car2X_carControl_bsp/\libhal_bsp.a(altera_avalon_jtag_uart_ioctl.o)
 .bss           0x00088dd0        0x0 C:/Users/Florian/Documents/GitHub/Car2X/software/Car2X_carControl_bsp/\libhal_bsp.a(altera_avalon_jtag_uart_read.o)
 .bss           0x00088dd0        0x0 C:/Users/Florian/Documents/GitHub/Car2X/software/Car2X_carControl_bsp/\libhal_bsp.a(altera_avalon_jtag_uart_write.o)
 .bss           0x00088dd0        0x0 C:/Users/Florian/Documents/GitHub/Car2X/software/Car2X_carControl_bsp/\libhal_bsp.a(altera_avalon_mutex.o)
 .bss           0x00088dd0        0x0 C:/Users/Florian/Documents/GitHub/Car2X/software/Car2X_carControl_bsp/\libhal_bsp.a(alt_alarm_start.o)
 .bss           0x00088dd0        0x0 C:/Users/Florian/Documents/GitHub/Car2X/software/Car2X_carControl_bsp/\libhal_bsp.a(alt_dcache_flush_all.o)
 .bss           0x00088dd0        0x0 C:/Users/Florian/Documents/GitHub/Car2X/software/Car2X_carControl_bsp/\libhal_bsp.a(alt_dev_llist_insert.o)
 .bss           0x00088dd0        0x0 C:/Users/Florian/Documents/GitHub/Car2X/software/Car2X_carControl_bsp/\libhal_bsp.a(alt_do_ctors.o)
 .bss           0x00088dd0        0x0 C:/Users/Florian/Documents/GitHub/Car2X/software/Car2X_carControl_bsp/\libhal_bsp.a(alt_do_dtors.o)
 .bss           0x00088dd0        0x0 C:/Users/Florian/Documents/GitHub/Car2X/software/Car2X_carControl_bsp/\libhal_bsp.a(alt_find_dev.o)
 .bss           0x00088dd0        0x0 C:/Users/Florian/Documents/GitHub/Car2X/software/Car2X_carControl_bsp/\libhal_bsp.a(alt_icache_flush_all.o)
 .bss           0x00088dd0        0x0 C:/Users/Florian/Documents/GitHub/Car2X/software/Car2X_carControl_bsp/\libhal_bsp.a(alt_iic.o)
 .bss           0x00088dd0        0x0 C:/Users/Florian/Documents/GitHub/Car2X/software/Car2X_carControl_bsp/\libhal_bsp.a(alt_iic_isr_register.o)
 .bss           0x00088dd0        0x0 C:/Users/Florian/Documents/GitHub/Car2X/software/Car2X_carControl_bsp/\libhal_bsp.a(alt_io_redirect.o)
 .bss           0x00088dd0        0x0 C:/Users/Florian/Documents/GitHub/Car2X/software/Car2X_carControl_bsp/\libhal_bsp.a(alt_irq_entry.o)
 .bss           0x00088dd0        0x0 C:/Users/Florian/Documents/GitHub/Car2X/software/Car2X_carControl_bsp/\libhal_bsp.a(alt_irq_handler.o)
 .bss           0x00088dd0        0x0 C:/Users/Florian/Documents/GitHub/Car2X/software/Car2X_carControl_bsp/\libhal_bsp.a(alt_irq_vars.o)
 .bss           0x00088dd0        0x0 C:/Users/Florian/Documents/GitHub/Car2X/software/Car2X_carControl_bsp/\libhal_bsp.a(alt_open.o)
 .bss           0x00088dd0        0x0 C:/Users/Florian/Documents/GitHub/Car2X/software/Car2X_carControl_bsp/\libhal_bsp.a(alt_tick.o)
 .bss           0x00088dd0        0x0 C:/Users/Florian/Documents/GitHub/Car2X/software/Car2X_carControl_bsp/\libhal_bsp.a(altera_nios2_qsys_irq.o)
 .bss           0x00088dd0        0x0 C:/Users/Florian/Documents/GitHub/Car2X/software/Car2X_carControl_bsp/\libhal_bsp.a(alt_exception_entry.o)
 .bss           0x00088dd0        0x0 C:/Users/Florian/Documents/GitHub/Car2X/software/Car2X_carControl_bsp/\libhal_bsp.a(alt_find_file.o)
 .bss           0x00088dd0        0x0 C:/Users/Florian/Documents/GitHub/Car2X/software/Car2X_carControl_bsp/\libhal_bsp.a(alt_get_fd.o)
 .bss           0x00088dd0        0x0 C:/Users/Florian/Documents/GitHub/Car2X/software/Car2X_carControl_bsp/\libhal_bsp.a(alt_icache_flush.o)
 .bss           0x00088dd0        0x0 c:/altera/12.1/nios2eds/bin/gnu/h-i686-mingw32/bin/../lib/gcc/nios2-elf/4.1.2/../../../../nios2-elf/lib\libc.a(lib_a-atexit.o)
 .bss           0x00088dd0        0x0 c:/altera/12.1/nios2eds/bin/gnu/h-i686-mingw32/bin/../lib/gcc/nios2-elf/4.1.2/../../../../nios2-elf/lib\libc.a(lib_a-exit.o)
 .bss           0x00088dd0        0x0 c:/altera/12.1/nios2eds/bin/gnu/h-i686-mingw32/bin/../lib/gcc/nios2-elf/4.1.2/../../../../nios2-elf/lib\libc.a(lib_a-memcmp.o)
 .bss           0x00088dd0        0x0 c:/altera/12.1/nios2eds/bin/gnu/h-i686-mingw32/bin/../lib/gcc/nios2-elf/4.1.2/../../../../nios2-elf/lib\libc.a(lib_a-__atexit.o)
 .bss           0x00088dd0        0x0 c:/altera/12.1/nios2eds/bin/gnu/h-i686-mingw32/bin/../lib/gcc/nios2-elf/4.1.2/../../../../nios2-elf/lib\libc.a(lib_a-__call_atexit.o)
 .bss           0x00088dd0        0x0 C:/Users/Florian/Documents/GitHub/Car2X/software/Car2X_carControl_bsp/\libhal_bsp.a(alt_exit.o)
 *(COMMON)
 COMMON         0x00088dd0      0x100 C:/Users/Florian/Documents/GitHub/Car2X/software/Car2X_carControl_bsp/\libhal_bsp.a(alt_irq_handler.o)
                0x00088dd0                alt_irq
 COMMON         0x00088ed0      0x190 c:/altera/12.1/nios2eds/bin/gnu/h-i686-mingw32/bin/../lib/gcc/nios2-elf/4.1.2/../../../../nios2-elf/lib\libc.a(lib_a-atexit.o)
                0x00088ed0                _atexit0
                0x00089060                . = ALIGN (0x4)
                0x00089060                __bss_end = ABSOLUTE (.)

.onchip_memory2_0
                0x00089060        0x0
                0x00089060                PROVIDE (_alt_partition_onchip_memory2_0_start, ABSOLUTE (.))
 *(.onchip_memory2_0. onchip_memory2_0.*)
                0x00089060                . = ALIGN (0x4)
                0x00089060                PROVIDE (_alt_partition_onchip_memory2_0_end, ABSOLUTE (.))
                0x00089060                _end = ABSOLUTE (.)
                0x00089060                end = ABSOLUTE (.)
                0x00089060                __alt_stack_base = ABSOLUTE (.)
                0x00089060                PROVIDE (_alt_partition_onchip_memory2_0_load_addr, LOADADDR (.onchip_memory2_0))

.shared_memory  0x08000000        0x0 load address 0x00089060
                0x08000000                PROVIDE (_alt_partition_shared_memory_start, ABSOLUTE (.))
 *(.shared_memory. shared_memory.*)
                0x08000000                . = ALIGN (0x4)
                0x08000000                PROVIDE (_alt_partition_shared_memory_end, ABSOLUTE (.))
                0x00089060                PROVIDE (_alt_partition_shared_memory_load_addr, LOADADDR (.shared_memory))

.stab
 *(.stab)

.stabstr
 *(.stabstr)

.stab.excl
 *(.stab.excl)

.stab.exclstr
 *(.stab.exclstr)

.stab.index
 *(.stab.index)

.stab.indexstr
 *(.stab.indexstr)

.comment        0x00000000       0x23
 *(.comment)
 .comment       0x00000000       0x23 obj/default/carCont.o
                                 0x24 (size before relaxing)
 .comment       0x00000000       0x24 c:/altera/12.1/nios2eds/bin/gnu/h-i686-mingw32/bin/../lib/gcc/nios2-elf/4.1.2/../../../../nios2-elf/lib\libc.a(lib_a-puts.o)
 .comment       0x00000000       0x24 c:/altera/12.1/nios2eds/bin/gnu/h-i686-mingw32/bin/../lib/gcc/nios2-elf/4.1.2/../../../../nios2-elf/lib\libc.a(lib_a-strlen.o)
 .comment       0x00000000       0x24 c:/altera/12.1/nios2eds/bin/gnu/h-i686-mingw32/bin/../lib/gcc/nios2-elf/4.1.2/../../../../nios2-elf/lib\libc.a(lib_a-fvwrite.o)
 .comment       0x00000000       0x24 c:/altera/12.1/nios2eds/bin/gnu/h-i686-mingw32/bin/../lib/gcc/nios2-elf/4.1.2/../../../../nios2-elf/lib\libc.a(lib_a-impure.o)
 .comment       0x00000000       0x24 c:/altera/12.1/nios2eds/bin/gnu/h-i686-mingw32/bin/../lib/gcc/nios2-elf/4.1.2/../../../../nios2-elf/lib\libc.a(lib_a-mallocr.o)
 .comment       0x00000000       0x24 c:/altera/12.1/nios2eds/bin/gnu/h-i686-mingw32/bin/../lib/gcc/nios2-elf/4.1.2/../../../../nios2-elf/lib\libc.a(lib_a-memchr.o)
 .comment       0x00000000       0x24 c:/altera/12.1/nios2eds/bin/gnu/h-i686-mingw32/bin/../lib/gcc/nios2-elf/4.1.2/../../../../nios2-elf/lib\libc.a(lib_a-memcpy.o)
 .comment       0x00000000       0x24 c:/altera/12.1/nios2eds/bin/gnu/h-i686-mingw32/bin/../lib/gcc/nios2-elf/4.1.2/../../../../nios2-elf/lib\libc.a(lib_a-memmove.o)
 .comment       0x00000000       0x24 c:/altera/12.1/nios2eds/bin/gnu/h-i686-mingw32/bin/../lib/gcc/nios2-elf/4.1.2/../../../../nios2-elf/lib\libc.a(lib_a-reallocr.o)
 .comment       0x00000000       0x24 c:/altera/12.1/nios2eds/bin/gnu/h-i686-mingw32/bin/../lib/gcc/nios2-elf/4.1.2/../../../../nios2-elf/lib\libc.a(lib_a-sbrkr.o)
 .comment       0x00000000       0x24 c:/altera/12.1/nios2eds/bin/gnu/h-i686-mingw32/bin/../lib/gcc/nios2-elf/4.1.2/../../../../nios2-elf/lib\libc.a(lib_a-wsetup.o)
 .comment       0x00000000       0x24 c:/altera/12.1/nios2eds/bin/gnu/h-i686-mingw32/bin/../lib/gcc/nios2-elf/4.1.2/../../../../nios2-elf/lib\libc.a(lib_a-fflush.o)
 .comment       0x00000000       0x24 c:/altera/12.1/nios2eds/bin/gnu/h-i686-mingw32/bin/../lib/gcc/nios2-elf/4.1.2/../../../../nios2-elf/lib\libc.a(lib_a-findfp.o)
 .comment       0x00000000       0x24 c:/altera/12.1/nios2eds/bin/gnu/h-i686-mingw32/bin/../lib/gcc/nios2-elf/4.1.2/../../../../nios2-elf/lib\libc.a(lib_a-freer.o)
 .comment       0x00000000       0x24 c:/altera/12.1/nios2eds/bin/gnu/h-i686-mingw32/bin/../lib/gcc/nios2-elf/4.1.2/../../../../nios2-elf/lib\libc.a(lib_a-fwalk.o)
 .comment       0x00000000       0x24 c:/altera/12.1/nios2eds/bin/gnu/h-i686-mingw32/bin/../lib/gcc/nios2-elf/4.1.2/../../../../nios2-elf/lib\libc.a(lib_a-int_errno.o)
 .comment       0x00000000       0x24 c:/altera/12.1/nios2eds/bin/gnu/h-i686-mingw32/bin/../lib/gcc/nios2-elf/4.1.2/../../../../nios2-elf/lib\libc.a(lib_a-makebuf.o)
 .comment       0x00000000       0x24 c:/altera/12.1/nios2eds/bin/gnu/h-i686-mingw32/bin/../lib/gcc/nios2-elf/4.1.2/../../../../nios2-elf/lib\libc.a(lib_a-memset.o)
 .comment       0x00000000       0x24 c:/altera/12.1/nios2eds/bin/gnu/h-i686-mingw32/bin/../lib/gcc/nios2-elf/4.1.2/../../../../nios2-elf/lib\libc.a(lib_a-stdio.o)
 .comment       0x00000000       0x24 c:/altera/12.1/nios2eds/bin/gnu/h-i686-mingw32/bin/../lib/gcc/nios2-elf/4.1.2/../../../../nios2-elf/lib\libc.a(lib_a-writer.o)
 .comment       0x00000000       0x24 c:/altera/12.1/nios2eds/bin/gnu/h-i686-mingw32/bin/../lib/gcc/nios2-elf/4.1.2/../../../../nios2-elf/lib\libc.a(lib_a-closer.o)
 .comment       0x00000000       0x24 c:/altera/12.1/nios2eds/bin/gnu/h-i686-mingw32/bin/../lib/gcc/nios2-elf/4.1.2/../../../../nios2-elf/lib\libc.a(lib_a-fclose.o)
 .comment       0x00000000       0x24 c:/altera/12.1/nios2eds/bin/gnu/h-i686-mingw32/bin/../lib/gcc/nios2-elf/4.1.2/../../../../nios2-elf/lib\libc.a(lib_a-fstatr.o)
 .comment       0x00000000       0x24 c:/altera/12.1/nios2eds/bin/gnu/h-i686-mingw32/bin/../lib/gcc/nios2-elf/4.1.2/../../../../nios2-elf/lib\libc.a(lib_a-isattyr.o)
 .comment       0x00000000       0x24 c:/altera/12.1/nios2eds/bin/gnu/h-i686-mingw32/bin/../lib/gcc/nios2-elf/4.1.2/../../../../nios2-elf/lib\libc.a(lib_a-lseekr.o)
 .comment       0x00000000       0x24 c:/altera/12.1/nios2eds/bin/gnu/h-i686-mingw32/bin/../lib/gcc/nios2-elf/4.1.2/../../../../nios2-elf/lib\libc.a(lib_a-readr.o)
 .comment       0x00000000       0x24 C:/Users/Florian/Documents/GitHub/Car2X/software/Car2X_carControl_bsp/\libhal_bsp.a(alt_close.o)
 .comment       0x00000000       0x24 C:/Users/Florian/Documents/GitHub/Car2X/software/Car2X_carControl_bsp/\libhal_bsp.a(alt_dev.o)
 .comment       0x00000000       0x24 C:/Users/Florian/Documents/GitHub/Car2X/software/Car2X_carControl_bsp/\libhal_bsp.a(alt_errno.o)
 .comment       0x00000000       0x24 C:/Users/Florian/Documents/GitHub/Car2X/software/Car2X_carControl_bsp/\libhal_bsp.a(alt_fstat.o)
 .comment       0x00000000       0x24 C:/Users/Florian/Documents/GitHub/Car2X/software/Car2X_carControl_bsp/\libhal_bsp.a(alt_isatty.o)
 .comment       0x00000000       0x24 C:/Users/Florian/Documents/GitHub/Car2X/software/Car2X_carControl_bsp/\libhal_bsp.a(alt_load.o)
 .comment       0x00000000       0x24 C:/Users/Florian/Documents/GitHub/Car2X/software/Car2X_carControl_bsp/\libhal_bsp.a(alt_lseek.o)
 .comment       0x00000000       0x24 C:/Users/Florian/Documents/GitHub/Car2X/software/Car2X_carControl_bsp/\libhal_bsp.a(alt_main.o)
 .comment       0x00000000       0x24 C:/Users/Florian/Documents/GitHub/Car2X/software/Car2X_carControl_bsp/\libhal_bsp.a(alt_malloc_lock.o)
 .comment       0x00000000       0x24 C:/Users/Florian/Documents/GitHub/Car2X/software/Car2X_carControl_bsp/\libhal_bsp.a(alt_read.o)
 .comment       0x00000000       0x24 C:/Users/Florian/Documents/GitHub/Car2X/software/Car2X_carControl_bsp/\libhal_bsp.a(alt_release_fd.o)
 .comment       0x00000000       0x24 C:/Users/Florian/Documents/GitHub/Car2X/software/Car2X_carControl_bsp/\libhal_bsp.a(alt_sbrk.o)
 .comment       0x00000000       0x24 C:/Users/Florian/Documents/GitHub/Car2X/software/Car2X_carControl_bsp/\libhal_bsp.a(alt_write.o)
 .comment       0x00000000       0x24 C:/Users/Florian/Documents/GitHub/Car2X/software/Car2X_carControl_bsp/\libhal_bsp.a(alt_sys_init.o)
 .comment       0x00000000       0x24 C:/Users/Florian/Documents/GitHub/Car2X/software/Car2X_carControl_bsp/\libhal_bsp.a(altera_avalon_jtag_uart_fd.o)
 .comment       0x00000000       0x24 C:/Users/Florian/Documents/GitHub/Car2X/software/Car2X_carControl_bsp/\libhal_bsp.a(altera_avalon_jtag_uart_init.o)
 .comment       0x00000000       0x24 C:/Users/Florian/Documents/GitHub/Car2X/software/Car2X_carControl_bsp/\libhal_bsp.a(altera_avalon_jtag_uart_ioctl.o)
 .comment       0x00000000       0x24 C:/Users/Florian/Documents/GitHub/Car2X/software/Car2X_carControl_bsp/\libhal_bsp.a(altera_avalon_jtag_uart_read.o)
 .comment       0x00000000       0x24 C:/Users/Florian/Documents/GitHub/Car2X/software/Car2X_carControl_bsp/\libhal_bsp.a(altera_avalon_jtag_uart_write.o)
 .comment       0x00000000       0x24 C:/Users/Florian/Documents/GitHub/Car2X/software/Car2X_carControl_bsp/\libhal_bsp.a(altera_avalon_mutex.o)
 .comment       0x00000000       0x24 C:/Users/Florian/Documents/GitHub/Car2X/software/Car2X_carControl_bsp/\libhal_bsp.a(alt_alarm_start.o)
 .comment       0x00000000       0x24 C:/Users/Florian/Documents/GitHub/Car2X/software/Car2X_carControl_bsp/\libhal_bsp.a(alt_dcache_flush_all.o)
 .comment       0x00000000       0x24 C:/Users/Florian/Documents/GitHub/Car2X/software/Car2X_carControl_bsp/\libhal_bsp.a(alt_dev_llist_insert.o)
 .comment       0x00000000       0x24 C:/Users/Florian/Documents/GitHub/Car2X/software/Car2X_carControl_bsp/\libhal_bsp.a(alt_do_ctors.o)
 .comment       0x00000000       0x24 C:/Users/Florian/Documents/GitHub/Car2X/software/Car2X_carControl_bsp/\libhal_bsp.a(alt_do_dtors.o)
 .comment       0x00000000       0x24 C:/Users/Florian/Documents/GitHub/Car2X/software/Car2X_carControl_bsp/\libhal_bsp.a(alt_find_dev.o)
 .comment       0x00000000       0x24 C:/Users/Florian/Documents/GitHub/Car2X/software/Car2X_carControl_bsp/\libhal_bsp.a(alt_icache_flush_all.o)
 .comment       0x00000000       0x24 C:/Users/Florian/Documents/GitHub/Car2X/software/Car2X_carControl_bsp/\libhal_bsp.a(alt_iic.o)
 .comment       0x00000000       0x24 C:/Users/Florian/Documents/GitHub/Car2X/software/Car2X_carControl_bsp/\libhal_bsp.a(alt_iic_isr_register.o)
 .comment       0x00000000       0x24 C:/Users/Florian/Documents/GitHub/Car2X/software/Car2X_carControl_bsp/\libhal_bsp.a(alt_io_redirect.o)
 .comment       0x00000000       0x24 C:/Users/Florian/Documents/GitHub/Car2X/software/Car2X_carControl_bsp/\libhal_bsp.a(alt_irq_handler.o)
 .comment       0x00000000       0x24 C:/Users/Florian/Documents/GitHub/Car2X/software/Car2X_carControl_bsp/\libhal_bsp.a(alt_irq_vars.o)
 .comment       0x00000000       0x24 C:/Users/Florian/Documents/GitHub/Car2X/software/Car2X_carControl_bsp/\libhal_bsp.a(alt_open.o)
 .comment       0x00000000       0x24 C:/Users/Florian/Documents/GitHub/Car2X/software/Car2X_carControl_bsp/\libhal_bsp.a(alt_tick.o)
 .comment       0x00000000       0x24 C:/Users/Florian/Documents/GitHub/Car2X/software/Car2X_carControl_bsp/\libhal_bsp.a(altera_nios2_qsys_irq.o)
 .comment       0x00000000       0x24 C:/Users/Florian/Documents/GitHub/Car2X/software/Car2X_carControl_bsp/\libhal_bsp.a(alt_find_file.o)
 .comment       0x00000000       0x24 C:/Users/Florian/Documents/GitHub/Car2X/software/Car2X_carControl_bsp/\libhal_bsp.a(alt_get_fd.o)
 .comment       0x00000000       0x24 C:/Users/Florian/Documents/GitHub/Car2X/software/Car2X_carControl_bsp/\libhal_bsp.a(alt_icache_flush.o)
 .comment       0x00000000       0x24 c:/altera/12.1/nios2eds/bin/gnu/h-i686-mingw32/bin/../lib/gcc/nios2-elf/4.1.2/../../../../nios2-elf/lib\libc.a(lib_a-atexit.o)
 .comment       0x00000000       0x24 c:/altera/12.1/nios2eds/bin/gnu/h-i686-mingw32/bin/../lib/gcc/nios2-elf/4.1.2/../../../../nios2-elf/lib\libc.a(lib_a-exit.o)
 .comment       0x00000000       0x24 c:/altera/12.1/nios2eds/bin/gnu/h-i686-mingw32/bin/../lib/gcc/nios2-elf/4.1.2/../../../../nios2-elf/lib\libc.a(lib_a-memcmp.o)
 .comment       0x00000000       0x24 c:/altera/12.1/nios2eds/bin/gnu/h-i686-mingw32/bin/../lib/gcc/nios2-elf/4.1.2/../../../../nios2-elf/lib\libc.a(lib_a-__atexit.o)
 .comment       0x00000000       0x24 c:/altera/12.1/nios2eds/bin/gnu/h-i686-mingw32/bin/../lib/gcc/nios2-elf/4.1.2/../../../../nios2-elf/lib\libc.a(lib_a-__call_atexit.o)
 .comment       0x00000000       0x24 C:/Users/Florian/Documents/GitHub/Car2X/software/Car2X_carControl_bsp/\libhal_bsp.a(alt_exit.o)

.debug
 *(.debug)

.line
 *(.line)

.debug_srcinfo
 *(.debug_srcinfo)

.debug_sfnames
 *(.debug_sfnames)

.debug_aranges  0x00000000      0x8f8
 *(.debug_aranges)
 .debug_aranges
                0x00000000       0x28 C:/Users/Florian/Documents/GitHub/Car2X/software/Car2X_carControl_bsp//obj/HAL/src/crt0.o
 .debug_aranges
                0x00000028       0x20 obj/default/carCont.o
 .debug_aranges
                0x00000048       0x20 c:/altera/12.1/nios2eds/bin/gnu/h-i686-mingw32/bin/../lib/gcc/nios2-elf/4.1.2/../../../../nios2-elf/lib\libc.a(lib_a-puts.o)
 .debug_aranges
                0x00000068       0x20 c:/altera/12.1/nios2eds/bin/gnu/h-i686-mingw32/bin/../lib/gcc/nios2-elf/4.1.2/../../../../nios2-elf/lib\libc.a(lib_a-strlen.o)
 .debug_aranges
                0x00000088       0x20 c:/altera/12.1/nios2eds/bin/gnu/h-i686-mingw32/bin/../lib/gcc/nios2-elf/4.1.2/../../../../nios2-elf/lib\libc.a(lib_a-fvwrite.o)
 .debug_aranges
                0x000000a8       0x20 c:/altera/12.1/nios2eds/bin/gnu/h-i686-mingw32/bin/../lib/gcc/nios2-elf/4.1.2/../../../../nios2-elf/lib\libc.a(lib_a-mallocr.o)
 .debug_aranges
                0x000000c8       0x20 c:/altera/12.1/nios2eds/bin/gnu/h-i686-mingw32/bin/../lib/gcc/nios2-elf/4.1.2/../../../../nios2-elf/lib\libc.a(lib_a-memchr.o)
 .debug_aranges
                0x000000e8       0x20 c:/altera/12.1/nios2eds/bin/gnu/h-i686-mingw32/bin/../lib/gcc/nios2-elf/4.1.2/../../../../nios2-elf/lib\libc.a(lib_a-memcpy.o)
 .debug_aranges
                0x00000108       0x20 c:/altera/12.1/nios2eds/bin/gnu/h-i686-mingw32/bin/../lib/gcc/nios2-elf/4.1.2/../../../../nios2-elf/lib\libc.a(lib_a-memmove.o)
 .debug_aranges
                0x00000128       0x20 c:/altera/12.1/nios2eds/bin/gnu/h-i686-mingw32/bin/../lib/gcc/nios2-elf/4.1.2/../../../../nios2-elf/lib\libc.a(lib_a-reallocr.o)
 .debug_aranges
                0x00000148       0x20 c:/altera/12.1/nios2eds/bin/gnu/h-i686-mingw32/bin/../lib/gcc/nios2-elf/4.1.2/../../../../nios2-elf/lib\libc.a(lib_a-sbrkr.o)
 .debug_aranges
                0x00000168       0x20 c:/altera/12.1/nios2eds/bin/gnu/h-i686-mingw32/bin/../lib/gcc/nios2-elf/4.1.2/../../../../nios2-elf/lib\libc.a(lib_a-wsetup.o)
 .debug_aranges
                0x00000188       0x20 c:/altera/12.1/nios2eds/bin/gnu/h-i686-mingw32/bin/../lib/gcc/nios2-elf/4.1.2/../../../../nios2-elf/lib\libc.a(lib_a-fflush.o)
 .debug_aranges
                0x000001a8       0x20 c:/altera/12.1/nios2eds/bin/gnu/h-i686-mingw32/bin/../lib/gcc/nios2-elf/4.1.2/../../../../nios2-elf/lib\libc.a(lib_a-findfp.o)
 .debug_aranges
                0x000001c8       0x20 c:/altera/12.1/nios2eds/bin/gnu/h-i686-mingw32/bin/../lib/gcc/nios2-elf/4.1.2/../../../../nios2-elf/lib\libc.a(lib_a-freer.o)
 .debug_aranges
                0x000001e8       0x20 c:/altera/12.1/nios2eds/bin/gnu/h-i686-mingw32/bin/../lib/gcc/nios2-elf/4.1.2/../../../../nios2-elf/lib\libc.a(lib_a-fwalk.o)
 .debug_aranges
                0x00000208       0x20 c:/altera/12.1/nios2eds/bin/gnu/h-i686-mingw32/bin/../lib/gcc/nios2-elf/4.1.2/../../../../nios2-elf/lib\libc.a(lib_a-makebuf.o)
 .debug_aranges
                0x00000228       0x20 c:/altera/12.1/nios2eds/bin/gnu/h-i686-mingw32/bin/../lib/gcc/nios2-elf/4.1.2/../../../../nios2-elf/lib\libc.a(lib_a-memset.o)
 .debug_aranges
                0x00000248       0x20 c:/altera/12.1/nios2eds/bin/gnu/h-i686-mingw32/bin/../lib/gcc/nios2-elf/4.1.2/../../../../nios2-elf/lib\libc.a(lib_a-stdio.o)
 .debug_aranges
                0x00000268       0x20 c:/altera/12.1/nios2eds/bin/gnu/h-i686-mingw32/bin/../lib/gcc/nios2-elf/4.1.2/../../../../nios2-elf/lib\libc.a(lib_a-writer.o)
 .debug_aranges
                0x00000288       0x20 c:/altera/12.1/nios2eds/bin/gnu/h-i686-mingw32/bin/../lib/gcc/nios2-elf/4.1.2/../../../../nios2-elf/lib\libc.a(lib_a-closer.o)
 .debug_aranges
                0x000002a8       0x20 c:/altera/12.1/nios2eds/bin/gnu/h-i686-mingw32/bin/../lib/gcc/nios2-elf/4.1.2/../../../../nios2-elf/lib\libc.a(lib_a-fclose.o)
 .debug_aranges
                0x000002c8       0x20 c:/altera/12.1/nios2eds/bin/gnu/h-i686-mingw32/bin/../lib/gcc/nios2-elf/4.1.2/../../../../nios2-elf/lib\libc.a(lib_a-fstatr.o)
 .debug_aranges
                0x000002e8       0x20 c:/altera/12.1/nios2eds/bin/gnu/h-i686-mingw32/bin/../lib/gcc/nios2-elf/4.1.2/../../../../nios2-elf/lib\libc.a(lib_a-isattyr.o)
 .debug_aranges
                0x00000308       0x20 c:/altera/12.1/nios2eds/bin/gnu/h-i686-mingw32/bin/../lib/gcc/nios2-elf/4.1.2/../../../../nios2-elf/lib\libc.a(lib_a-lseekr.o)
 .debug_aranges
                0x00000328       0x20 c:/altera/12.1/nios2eds/bin/gnu/h-i686-mingw32/bin/../lib/gcc/nios2-elf/4.1.2/../../../../nios2-elf/lib\libc.a(lib_a-readr.o)
 .debug_aranges
                0x00000348       0x20 C:/Users/Florian/Documents/GitHub/Car2X/software/Car2X_carControl_bsp/\libhal_bsp.a(alt_close.o)
 .debug_aranges
                0x00000368       0x20 C:/Users/Florian/Documents/GitHub/Car2X/software/Car2X_carControl_bsp/\libhal_bsp.a(alt_dev.o)
 .debug_aranges
                0x00000388       0x20 C:/Users/Florian/Documents/GitHub/Car2X/software/Car2X_carControl_bsp/\libhal_bsp.a(alt_fstat.o)
 .debug_aranges
                0x000003a8       0x20 C:/Users/Florian/Documents/GitHub/Car2X/software/Car2X_carControl_bsp/\libhal_bsp.a(alt_isatty.o)
 .debug_aranges
                0x000003c8       0x20 C:/Users/Florian/Documents/GitHub/Car2X/software/Car2X_carControl_bsp/\libhal_bsp.a(alt_load.o)
 .debug_aranges
                0x000003e8       0x20 C:/Users/Florian/Documents/GitHub/Car2X/software/Car2X_carControl_bsp/\libhal_bsp.a(alt_lseek.o)
 .debug_aranges
                0x00000408       0x20 C:/Users/Florian/Documents/GitHub/Car2X/software/Car2X_carControl_bsp/\libhal_bsp.a(alt_main.o)
 .debug_aranges
                0x00000428       0x20 C:/Users/Florian/Documents/GitHub/Car2X/software/Car2X_carControl_bsp/\libhal_bsp.a(alt_malloc_lock.o)
 .debug_aranges
                0x00000448       0x20 C:/Users/Florian/Documents/GitHub/Car2X/software/Car2X_carControl_bsp/\libhal_bsp.a(alt_read.o)
 .debug_aranges
                0x00000468       0x20 C:/Users/Florian/Documents/GitHub/Car2X/software/Car2X_carControl_bsp/\libhal_bsp.a(alt_release_fd.o)
 .debug_aranges
                0x00000488       0x20 C:/Users/Florian/Documents/GitHub/Car2X/software/Car2X_carControl_bsp/\libhal_bsp.a(alt_sbrk.o)
 .debug_aranges
                0x000004a8       0x20 C:/Users/Florian/Documents/GitHub/Car2X/software/Car2X_carControl_bsp/\libhal_bsp.a(alt_write.o)
 .debug_aranges
                0x000004c8       0x20 C:/Users/Florian/Documents/GitHub/Car2X/software/Car2X_carControl_bsp/\libhal_bsp.a(alt_sys_init.o)
 .debug_aranges
                0x000004e8       0x20 C:/Users/Florian/Documents/GitHub/Car2X/software/Car2X_carControl_bsp/\libhal_bsp.a(altera_avalon_jtag_uart_fd.o)
 .debug_aranges
                0x00000508       0x20 C:/Users/Florian/Documents/GitHub/Car2X/software/Car2X_carControl_bsp/\libhal_bsp.a(altera_avalon_jtag_uart_init.o)
 .debug_aranges
                0x00000528       0x20 C:/Users/Florian/Documents/GitHub/Car2X/software/Car2X_carControl_bsp/\libhal_bsp.a(altera_avalon_jtag_uart_ioctl.o)
 .debug_aranges
                0x00000548       0x20 C:/Users/Florian/Documents/GitHub/Car2X/software/Car2X_carControl_bsp/\libhal_bsp.a(altera_avalon_jtag_uart_read.o)
 .debug_aranges
                0x00000568       0x20 C:/Users/Florian/Documents/GitHub/Car2X/software/Car2X_carControl_bsp/\libhal_bsp.a(altera_avalon_jtag_uart_write.o)
 .debug_aranges
                0x00000588       0x20 C:/Users/Florian/Documents/GitHub/Car2X/software/Car2X_carControl_bsp/\libhal_bsp.a(altera_avalon_mutex.o)
 .debug_aranges
                0x000005a8       0x20 C:/Users/Florian/Documents/GitHub/Car2X/software/Car2X_carControl_bsp/\libhal_bsp.a(alt_alarm_start.o)
 .debug_aranges
                0x000005c8       0x20 C:/Users/Florian/Documents/GitHub/Car2X/software/Car2X_carControl_bsp/\libhal_bsp.a(alt_dcache_flush_all.o)
 .debug_aranges
                0x000005e8       0x20 C:/Users/Florian/Documents/GitHub/Car2X/software/Car2X_carControl_bsp/\libhal_bsp.a(alt_dev_llist_insert.o)
 .debug_aranges
                0x00000608       0x20 C:/Users/Florian/Documents/GitHub/Car2X/software/Car2X_carControl_bsp/\libhal_bsp.a(alt_do_ctors.o)
 .debug_aranges
                0x00000628       0x20 C:/Users/Florian/Documents/GitHub/Car2X/software/Car2X_carControl_bsp/\libhal_bsp.a(alt_do_dtors.o)
 .debug_aranges
                0x00000648       0x20 C:/Users/Florian/Documents/GitHub/Car2X/software/Car2X_carControl_bsp/\libhal_bsp.a(alt_find_dev.o)
 .debug_aranges
                0x00000668       0x20 C:/Users/Florian/Documents/GitHub/Car2X/software/Car2X_carControl_bsp/\libhal_bsp.a(alt_icache_flush_all.o)
 .debug_aranges
                0x00000688       0x20 C:/Users/Florian/Documents/GitHub/Car2X/software/Car2X_carControl_bsp/\libhal_bsp.a(alt_iic.o)
 .debug_aranges
                0x000006a8       0x20 C:/Users/Florian/Documents/GitHub/Car2X/software/Car2X_carControl_bsp/\libhal_bsp.a(alt_iic_isr_register.o)
 .debug_aranges
                0x000006c8       0x20 C:/Users/Florian/Documents/GitHub/Car2X/software/Car2X_carControl_bsp/\libhal_bsp.a(alt_io_redirect.o)
 .debug_aranges
                0x000006e8       0x30 C:/Users/Florian/Documents/GitHub/Car2X/software/Car2X_carControl_bsp/\libhal_bsp.a(alt_irq_entry.o)
 .debug_aranges
                0x00000718       0x28 C:/Users/Florian/Documents/GitHub/Car2X/software/Car2X_carControl_bsp/\libhal_bsp.a(alt_irq_handler.o)
 .debug_aranges
                0x00000740       0x20 C:/Users/Florian/Documents/GitHub/Car2X/software/Car2X_carControl_bsp/\libhal_bsp.a(alt_open.o)
 .debug_aranges
                0x00000760       0x20 C:/Users/Florian/Documents/GitHub/Car2X/software/Car2X_carControl_bsp/\libhal_bsp.a(alt_tick.o)
 .debug_aranges
                0x00000780       0x20 C:/Users/Florian/Documents/GitHub/Car2X/software/Car2X_carControl_bsp/\libhal_bsp.a(altera_nios2_qsys_irq.o)
 .debug_aranges
                0x000007a0       0x38 C:/Users/Florian/Documents/GitHub/Car2X/software/Car2X_carControl_bsp/\libhal_bsp.a(alt_exception_entry.o)
 .debug_aranges
                0x000007d8       0x20 C:/Users/Florian/Documents/GitHub/Car2X/software/Car2X_carControl_bsp/\libhal_bsp.a(alt_find_file.o)
 .debug_aranges
                0x000007f8       0x20 C:/Users/Florian/Documents/GitHub/Car2X/software/Car2X_carControl_bsp/\libhal_bsp.a(alt_get_fd.o)
 .debug_aranges
                0x00000818       0x20 C:/Users/Florian/Documents/GitHub/Car2X/software/Car2X_carControl_bsp/\libhal_bsp.a(alt_icache_flush.o)
 .debug_aranges
                0x00000838       0x20 c:/altera/12.1/nios2eds/bin/gnu/h-i686-mingw32/bin/../lib/gcc/nios2-elf/4.1.2/../../../../nios2-elf/lib\libc.a(lib_a-atexit.o)
 .debug_aranges
                0x00000858       0x20 c:/altera/12.1/nios2eds/bin/gnu/h-i686-mingw32/bin/../lib/gcc/nios2-elf/4.1.2/../../../../nios2-elf/lib\libc.a(lib_a-exit.o)
 .debug_aranges
                0x00000878       0x20 c:/altera/12.1/nios2eds/bin/gnu/h-i686-mingw32/bin/../lib/gcc/nios2-elf/4.1.2/../../../../nios2-elf/lib\libc.a(lib_a-memcmp.o)
 .debug_aranges
                0x00000898       0x20 c:/altera/12.1/nios2eds/bin/gnu/h-i686-mingw32/bin/../lib/gcc/nios2-elf/4.1.2/../../../../nios2-elf/lib\libc.a(lib_a-__atexit.o)
 .debug_aranges
                0x000008b8       0x20 c:/altera/12.1/nios2eds/bin/gnu/h-i686-mingw32/bin/../lib/gcc/nios2-elf/4.1.2/../../../../nios2-elf/lib\libc.a(lib_a-__call_atexit.o)
 .debug_aranges
                0x000008d8       0x20 C:/Users/Florian/Documents/GitHub/Car2X/software/Car2X_carControl_bsp/\libhal_bsp.a(alt_exit.o)

.debug_pubnames
                0x00000000      0xe21
 *(.debug_pubnames)
 .debug_pubnames
                0x00000000       0x1b obj/default/carCont.o
 .debug_pubnames
                0x0000001b       0x27 c:/altera/12.1/nios2eds/bin/gnu/h-i686-mingw32/bin/../lib/gcc/nios2-elf/4.1.2/../../../../nios2-elf/lib\libc.a(lib_a-puts.o)
 .debug_pubnames
                0x00000042       0x1d c:/altera/12.1/nios2eds/bin/gnu/h-i686-mingw32/bin/../lib/gcc/nios2-elf/4.1.2/../../../../nios2-elf/lib\libc.a(lib_a-strlen.o)
 .debug_pubnames
                0x0000005f       0x23 c:/altera/12.1/nios2eds/bin/gnu/h-i686-mingw32/bin/../lib/gcc/nios2-elf/4.1.2/../../../../nios2-elf/lib\libc.a(lib_a-fvwrite.o)
 .debug_pubnames
                0x00000082       0x39 c:/altera/12.1/nios2eds/bin/gnu/h-i686-mingw32/bin/../lib/gcc/nios2-elf/4.1.2/../../../../nios2-elf/lib\libc.a(lib_a-impure.o)
 .debug_pubnames
                0x000000bb       0xce c:/altera/12.1/nios2eds/bin/gnu/h-i686-mingw32/bin/../lib/gcc/nios2-elf/4.1.2/../../../../nios2-elf/lib\libc.a(lib_a-mallocr.o)
 .debug_pubnames
                0x00000189       0x1d c:/altera/12.1/nios2eds/bin/gnu/h-i686-mingw32/bin/../lib/gcc/nios2-elf/4.1.2/../../../../nios2-elf/lib\libc.a(lib_a-memchr.o)
 .debug_pubnames
                0x000001a6       0x1d c:/altera/12.1/nios2eds/bin/gnu/h-i686-mingw32/bin/../lib/gcc/nios2-elf/4.1.2/../../../../nios2-elf/lib\libc.a(lib_a-memcpy.o)
 .debug_pubnames
                0x000001c3       0x1e c:/altera/12.1/nios2eds/bin/gnu/h-i686-mingw32/bin/../lib/gcc/nios2-elf/4.1.2/../../../../nios2-elf/lib\libc.a(lib_a-memmove.o)
 .debug_pubnames
                0x000001e1       0x21 c:/altera/12.1/nios2eds/bin/gnu/h-i686-mingw32/bin/../lib/gcc/nios2-elf/4.1.2/../../../../nios2-elf/lib\libc.a(lib_a-reallocr.o)
 .debug_pubnames
                0x00000202       0x1e c:/altera/12.1/nios2eds/bin/gnu/h-i686-mingw32/bin/../lib/gcc/nios2-elf/4.1.2/../../../../nios2-elf/lib\libc.a(lib_a-sbrkr.o)
 .debug_pubnames
                0x00000220       0x22 c:/altera/12.1/nios2eds/bin/gnu/h-i686-mingw32/bin/../lib/gcc/nios2-elf/4.1.2/../../../../nios2-elf/lib\libc.a(lib_a-wsetup.o)
 .debug_pubnames
                0x00000242       0x2b c:/altera/12.1/nios2eds/bin/gnu/h-i686-mingw32/bin/../lib/gcc/nios2-elf/4.1.2/../../../../nios2-elf/lib\libc.a(lib_a-fflush.o)
 .debug_pubnames
                0x0000026d       0xdb c:/altera/12.1/nios2eds/bin/gnu/h-i686-mingw32/bin/../lib/gcc/nios2-elf/4.1.2/../../../../nios2-elf/lib\libc.a(lib_a-findfp.o)
 .debug_pubnames
                0x00000348       0x31 c:/altera/12.1/nios2eds/bin/gnu/h-i686-mingw32/bin/../lib/gcc/nios2-elf/4.1.2/../../../../nios2-elf/lib\libc.a(lib_a-freer.o)
 .debug_pubnames
                0x00000379       0x2e c:/altera/12.1/nios2eds/bin/gnu/h-i686-mingw32/bin/../lib/gcc/nios2-elf/4.1.2/../../../../nios2-elf/lib\libc.a(lib_a-fwalk.o)
 .debug_pubnames
                0x000003a7       0x1c c:/altera/12.1/nios2eds/bin/gnu/h-i686-mingw32/bin/../lib/gcc/nios2-elf/4.1.2/../../../../nios2-elf/lib\libc.a(lib_a-int_errno.o)
 .debug_pubnames
                0x000003c3       0x23 c:/altera/12.1/nios2eds/bin/gnu/h-i686-mingw32/bin/../lib/gcc/nios2-elf/4.1.2/../../../../nios2-elf/lib\libc.a(lib_a-makebuf.o)
 .debug_pubnames
                0x000003e6       0x1d c:/altera/12.1/nios2eds/bin/gnu/h-i686-mingw32/bin/../lib/gcc/nios2-elf/4.1.2/../../../../nios2-elf/lib\libc.a(lib_a-memset.o)
 .debug_pubnames
                0x00000403       0x44 c:/altera/12.1/nios2eds/bin/gnu/h-i686-mingw32/bin/../lib/gcc/nios2-elf/4.1.2/../../../../nios2-elf/lib\libc.a(lib_a-stdio.o)
 .debug_pubnames
                0x00000447       0x1f c:/altera/12.1/nios2eds/bin/gnu/h-i686-mingw32/bin/../lib/gcc/nios2-elf/4.1.2/../../../../nios2-elf/lib\libc.a(lib_a-writer.o)
 .debug_pubnames
                0x00000466       0x1f c:/altera/12.1/nios2eds/bin/gnu/h-i686-mingw32/bin/../lib/gcc/nios2-elf/4.1.2/../../../../nios2-elf/lib\libc.a(lib_a-closer.o)
 .debug_pubnames
                0x00000485       0x2b c:/altera/12.1/nios2eds/bin/gnu/h-i686-mingw32/bin/../lib/gcc/nios2-elf/4.1.2/../../../../nios2-elf/lib\libc.a(lib_a-fclose.o)
 .debug_pubnames
                0x000004b0       0x1f c:/altera/12.1/nios2eds/bin/gnu/h-i686-mingw32/bin/../lib/gcc/nios2-elf/4.1.2/../../../../nios2-elf/lib\libc.a(lib_a-fstatr.o)
 .debug_pubnames
                0x000004cf       0x20 c:/altera/12.1/nios2eds/bin/gnu/h-i686-mingw32/bin/../lib/gcc/nios2-elf/4.1.2/../../../../nios2-elf/lib\libc.a(lib_a-isattyr.o)
 .debug_pubnames
                0x000004ef       0x1f c:/altera/12.1/nios2eds/bin/gnu/h-i686-mingw32/bin/../lib/gcc/nios2-elf/4.1.2/../../../../nios2-elf/lib\libc.a(lib_a-lseekr.o)
 .debug_pubnames
                0x0000050e       0x1e c:/altera/12.1/nios2eds/bin/gnu/h-i686-mingw32/bin/../lib/gcc/nios2-elf/4.1.2/../../../../nios2-elf/lib\libc.a(lib_a-readr.o)
 .debug_pubnames
                0x0000052c       0x1c C:/Users/Florian/Documents/GitHub/Car2X/software/Car2X_carControl_bsp/\libhal_bsp.a(alt_close.o)
 .debug_pubnames
                0x00000548       0x63 C:/Users/Florian/Documents/GitHub/Car2X/software/Car2X_carControl_bsp/\libhal_bsp.a(alt_dev.o)
 .debug_pubnames
                0x000005ab       0x20 C:/Users/Florian/Documents/GitHub/Car2X/software/Car2X_carControl_bsp/\libhal_bsp.a(alt_errno.o)
 .debug_pubnames
                0x000005cb       0x1c C:/Users/Florian/Documents/GitHub/Car2X/software/Car2X_carControl_bsp/\libhal_bsp.a(alt_fstat.o)
 .debug_pubnames
                0x000005e7       0x1d C:/Users/Florian/Documents/GitHub/Car2X/software/Car2X_carControl_bsp/\libhal_bsp.a(alt_isatty.o)
 .debug_pubnames
                0x00000604       0x1f C:/Users/Florian/Documents/GitHub/Car2X/software/Car2X_carControl_bsp/\libhal_bsp.a(alt_load.o)
 .debug_pubnames
                0x00000623       0x1c C:/Users/Florian/Documents/GitHub/Car2X/software/Car2X_carControl_bsp/\libhal_bsp.a(alt_lseek.o)
 .debug_pubnames
                0x0000063f       0x46 C:/Users/Florian/Documents/GitHub/Car2X/software/Car2X_carControl_bsp/\libhal_bsp.a(alt_main.o)
 .debug_pubnames
                0x00000685       0x38 C:/Users/Florian/Documents/GitHub/Car2X/software/Car2X_carControl_bsp/\libhal_bsp.a(alt_malloc_lock.o)
 .debug_pubnames
                0x000006bd       0x1b C:/Users/Florian/Documents/GitHub/Car2X/software/Car2X_carControl_bsp/\libhal_bsp.a(alt_read.o)
 .debug_pubnames
                0x000006d8       0x25 C:/Users/Florian/Documents/GitHub/Car2X/software/Car2X_carControl_bsp/\libhal_bsp.a(alt_release_fd.o)
 .debug_pubnames
                0x000006fd       0x1b C:/Users/Florian/Documents/GitHub/Car2X/software/Car2X_carControl_bsp/\libhal_bsp.a(alt_sbrk.o)
 .debug_pubnames
                0x00000718       0x1c C:/Users/Florian/Documents/GitHub/Car2X/software/Car2X_carControl_bsp/\libhal_bsp.a(alt_write.o)
 .debug_pubnames
                0x00000734       0x34 C:/Users/Florian/Documents/GitHub/Car2X/software/Car2X_carControl_bsp/\libhal_bsp.a(alt_sys_init.o)
 .debug_pubnames
                0x00000768       0xa5 C:/Users/Florian/Documents/GitHub/Car2X/software/Car2X_carControl_bsp/\libhal_bsp.a(altera_avalon_jtag_uart_fd.o)
 .debug_pubnames
                0x0000080d       0x55 C:/Users/Florian/Documents/GitHub/Car2X/software/Car2X_carControl_bsp/\libhal_bsp.a(altera_avalon_jtag_uart_init.o)
 .debug_pubnames
                0x00000862       0x34 C:/Users/Florian/Documents/GitHub/Car2X/software/Car2X_carControl_bsp/\libhal_bsp.a(altera_avalon_jtag_uart_ioctl.o)
 .debug_pubnames
                0x00000896       0x33 C:/Users/Florian/Documents/GitHub/Car2X/software/Car2X_carControl_bsp/\libhal_bsp.a(altera_avalon_jtag_uart_read.o)
 .debug_pubnames
                0x000008c9       0x34 C:/Users/Florian/Documents/GitHub/Car2X/software/Car2X_carControl_bsp/\libhal_bsp.a(altera_avalon_jtag_uart_write.o)
 .debug_pubnames
                0x000008fd       0xff C:/Users/Florian/Documents/GitHub/Car2X/software/Car2X_carControl_bsp/\libhal_bsp.a(altera_avalon_mutex.o)
 .debug_pubnames
                0x000009fc       0x26 C:/Users/Florian/Documents/GitHub/Car2X/software/Car2X_carControl_bsp/\libhal_bsp.a(alt_alarm_start.o)
 .debug_pubnames
                0x00000a22       0x2b C:/Users/Florian/Documents/GitHub/Car2X/software/Car2X_carControl_bsp/\libhal_bsp.a(alt_dcache_flush_all.o)
 .debug_pubnames
                0x00000a4d       0x2b C:/Users/Florian/Documents/GitHub/Car2X/software/Car2X_carControl_bsp/\libhal_bsp.a(alt_dev_llist_insert.o)
 .debug_pubnames
                0x00000a78       0x20 C:/Users/Florian/Documents/GitHub/Car2X/software/Car2X_carControl_bsp/\libhal_bsp.a(alt_do_ctors.o)
 .debug_pubnames
                0x00000a98       0x20 C:/Users/Florian/Documents/GitHub/Car2X/software/Car2X_carControl_bsp/\libhal_bsp.a(alt_do_dtors.o)
 .debug_pubnames
                0x00000ab8       0x23 C:/Users/Florian/Documents/GitHub/Car2X/software/Car2X_carControl_bsp/\libhal_bsp.a(alt_find_dev.o)
 .debug_pubnames
                0x00000adb       0x2b C:/Users/Florian/Documents/GitHub/Car2X/software/Car2X_carControl_bsp/\libhal_bsp.a(alt_icache_flush_all.o)
 .debug_pubnames
                0x00000b06       0x6e C:/Users/Florian/Documents/GitHub/Car2X/software/Car2X_carControl_bsp/\libhal_bsp.a(alt_iic.o)
 .debug_pubnames
                0x00000b74       0x2b C:/Users/Florian/Documents/GitHub/Car2X/software/Car2X_carControl_bsp/\libhal_bsp.a(alt_iic_isr_register.o)
 .debug_pubnames
                0x00000b9f       0x26 C:/Users/Florian/Documents/GitHub/Car2X/software/Car2X_carControl_bsp/\libhal_bsp.a(alt_io_redirect.o)
 .debug_pubnames
                0x00000bc5       0x32 C:/Users/Florian/Documents/GitHub/Car2X/software/Car2X_carControl_bsp/\libhal_bsp.a(alt_irq_handler.o)
 .debug_pubnames
                0x00000bf7       0x3b C:/Users/Florian/Documents/GitHub/Car2X/software/Car2X_carControl_bsp/\libhal_bsp.a(alt_irq_vars.o)
 .debug_pubnames
                0x00000c32       0x1b C:/Users/Florian/Documents/GitHub/Car2X/software/Car2X_carControl_bsp/\libhal_bsp.a(alt_open.o)
 .debug_pubnames
                0x00000c4d       0x68 C:/Users/Florian/Documents/GitHub/Car2X/software/Car2X_carControl_bsp/\libhal_bsp.a(alt_tick.o)
 .debug_pubnames
                0x00000cb5       0x31 C:/Users/Florian/Documents/GitHub/Car2X/software/Car2X_carControl_bsp/\libhal_bsp.a(altera_nios2_qsys_irq.o)
 .debug_pubnames
                0x00000ce6       0x24 C:/Users/Florian/Documents/GitHub/Car2X/software/Car2X_carControl_bsp/\libhal_bsp.a(alt_find_file.o)
 .debug_pubnames
                0x00000d0a       0x21 C:/Users/Florian/Documents/GitHub/Car2X/software/Car2X_carControl_bsp/\libhal_bsp.a(alt_get_fd.o)
 .debug_pubnames
                0x00000d2b       0x27 C:/Users/Florian/Documents/GitHub/Car2X/software/Car2X_carControl_bsp/\libhal_bsp.a(alt_icache_flush.o)
 .debug_pubnames
                0x00000d52       0x2a c:/altera/12.1/nios2eds/bin/gnu/h-i686-mingw32/bin/../lib/gcc/nios2-elf/4.1.2/../../../../nios2-elf/lib\libc.a(lib_a-atexit.o)
 .debug_pubnames
                0x00000d7c       0x1b c:/altera/12.1/nios2eds/bin/gnu/h-i686-mingw32/bin/../lib/gcc/nios2-elf/4.1.2/../../../../nios2-elf/lib\libc.a(lib_a-exit.o)
 .debug_pubnames
                0x00000d97       0x1d c:/altera/12.1/nios2eds/bin/gnu/h-i686-mingw32/bin/../lib/gcc/nios2-elf/4.1.2/../../../../nios2-elf/lib\libc.a(lib_a-memcmp.o)
 .debug_pubnames
                0x00000db4       0x2a c:/altera/12.1/nios2eds/bin/gnu/h-i686-mingw32/bin/../lib/gcc/nios2-elf/4.1.2/../../../../nios2-elf/lib\libc.a(lib_a-__atexit.o)
 .debug_pubnames
                0x00000dde       0x27 c:/altera/12.1/nios2eds/bin/gnu/h-i686-mingw32/bin/../lib/gcc/nios2-elf/4.1.2/../../../../nios2-elf/lib\libc.a(lib_a-__call_atexit.o)
 .debug_pubnames
                0x00000e05       0x1c C:/Users/Florian/Documents/GitHub/Car2X/software/Car2X_carControl_bsp/\libhal_bsp.a(alt_exit.o)

.debug_info     0x00000000    0x19b3d
 *(.debug_info .gnu.linkonce.wi.*)
 .debug_info    0x00000000       0x77 C:/Users/Florian/Documents/GitHub/Car2X/software/Car2X_carControl_bsp//obj/HAL/src/crt0.o
 .debug_info    0x00000077      0x132 obj/default/carCont.o
 .debug_info    0x000001a9      0xa25 c:/altera/12.1/nios2eds/bin/gnu/h-i686-mingw32/bin/../lib/gcc/nios2-elf/4.1.2/../../../../nios2-elf/lib\libc.a(lib_a-puts.o)
 .debug_info    0x00000bce       0xdb c:/altera/12.1/nios2eds/bin/gnu/h-i686-mingw32/bin/../lib/gcc/nios2-elf/4.1.2/../../../../nios2-elf/lib\libc.a(lib_a-strlen.o)
 .debug_info    0x00000ca9      0xa88 c:/altera/12.1/nios2eds/bin/gnu/h-i686-mingw32/bin/../lib/gcc/nios2-elf/4.1.2/../../../../nios2-elf/lib\libc.a(lib_a-fvwrite.o)
 .debug_info    0x00001731      0x93d c:/altera/12.1/nios2eds/bin/gnu/h-i686-mingw32/bin/../lib/gcc/nios2-elf/4.1.2/../../../../nios2-elf/lib\libc.a(lib_a-impure.o)
 .debug_info    0x0000206e      0xcd0 c:/altera/12.1/nios2eds/bin/gnu/h-i686-mingw32/bin/../lib/gcc/nios2-elf/4.1.2/../../../../nios2-elf/lib\libc.a(lib_a-mallocr.o)
 .debug_info    0x00002d3e      0x138 c:/altera/12.1/nios2eds/bin/gnu/h-i686-mingw32/bin/../lib/gcc/nios2-elf/4.1.2/../../../../nios2-elf/lib\libc.a(lib_a-memchr.o)
 .debug_info    0x00002e76      0x106 c:/altera/12.1/nios2eds/bin/gnu/h-i686-mingw32/bin/../lib/gcc/nios2-elf/4.1.2/../../../../nios2-elf/lib\libc.a(lib_a-memcpy.o)
 .debug_info    0x00002f7c      0x13e c:/altera/12.1/nios2eds/bin/gnu/h-i686-mingw32/bin/../lib/gcc/nios2-elf/4.1.2/../../../../nios2-elf/lib\libc.a(lib_a-memmove.o)
 .debug_info    0x000030ba      0xbd7 c:/altera/12.1/nios2eds/bin/gnu/h-i686-mingw32/bin/../lib/gcc/nios2-elf/4.1.2/../../../../nios2-elf/lib\libc.a(lib_a-reallocr.o)
 .debug_info    0x00003c91      0x962 c:/altera/12.1/nios2eds/bin/gnu/h-i686-mingw32/bin/../lib/gcc/nios2-elf/4.1.2/../../../../nios2-elf/lib\libc.a(lib_a-sbrkr.o)
 .debug_info    0x000045f3      0x95d c:/altera/12.1/nios2eds/bin/gnu/h-i686-mingw32/bin/../lib/gcc/nios2-elf/4.1.2/../../../../nios2-elf/lib\libc.a(lib_a-wsetup.o)
 .debug_info    0x00004f50      0x9fe c:/altera/12.1/nios2eds/bin/gnu/h-i686-mingw32/bin/../lib/gcc/nios2-elf/4.1.2/../../../../nios2-elf/lib\libc.a(lib_a-fflush.o)
 .debug_info    0x0000594e      0xb72 c:/altera/12.1/nios2eds/bin/gnu/h-i686-mingw32/bin/../lib/gcc/nios2-elf/4.1.2/../../../../nios2-elf/lib\libc.a(lib_a-findfp.o)
 .debug_info    0x000064c0      0xbc9 c:/altera/12.1/nios2eds/bin/gnu/h-i686-mingw32/bin/../lib/gcc/nios2-elf/4.1.2/../../../../nios2-elf/lib\libc.a(lib_a-freer.o)
 .debug_info    0x00007089      0xaed c:/altera/12.1/nios2eds/bin/gnu/h-i686-mingw32/bin/../lib/gcc/nios2-elf/4.1.2/../../../../nios2-elf/lib\libc.a(lib_a-fwalk.o)
 .debug_info    0x00007b76       0x8c c:/altera/12.1/nios2eds/bin/gnu/h-i686-mingw32/bin/../lib/gcc/nios2-elf/4.1.2/../../../../nios2-elf/lib\libc.a(lib_a-int_errno.o)
 .debug_info    0x00007c02      0xb1a c:/altera/12.1/nios2eds/bin/gnu/h-i686-mingw32/bin/../lib/gcc/nios2-elf/4.1.2/../../../../nios2-elf/lib\libc.a(lib_a-makebuf.o)
 .debug_info    0x0000871c      0x113 c:/altera/12.1/nios2eds/bin/gnu/h-i686-mingw32/bin/../lib/gcc/nios2-elf/4.1.2/../../../../nios2-elf/lib\libc.a(lib_a-memset.o)
 .debug_info    0x0000882f      0xaac c:/altera/12.1/nios2eds/bin/gnu/h-i686-mingw32/bin/../lib/gcc/nios2-elf/4.1.2/../../../../nios2-elf/lib\libc.a(lib_a-stdio.o)
 .debug_info    0x000092db      0x993 c:/altera/12.1/nios2eds/bin/gnu/h-i686-mingw32/bin/../lib/gcc/nios2-elf/4.1.2/../../../../nios2-elf/lib\libc.a(lib_a-writer.o)
 .debug_info    0x00009c6e      0x958 c:/altera/12.1/nios2eds/bin/gnu/h-i686-mingw32/bin/../lib/gcc/nios2-elf/4.1.2/../../../../nios2-elf/lib\libc.a(lib_a-closer.o)
 .debug_info    0x0000a5c6      0x994 c:/altera/12.1/nios2eds/bin/gnu/h-i686-mingw32/bin/../lib/gcc/nios2-elf/4.1.2/../../../../nios2-elf/lib\libc.a(lib_a-fclose.o)
 .debug_info    0x0000af5a      0xafc c:/altera/12.1/nios2eds/bin/gnu/h-i686-mingw32/bin/../lib/gcc/nios2-elf/4.1.2/../../../../nios2-elf/lib\libc.a(lib_a-fstatr.o)
 .debug_info    0x0000ba56      0x958 c:/altera/12.1/nios2eds/bin/gnu/h-i686-mingw32/bin/../lib/gcc/nios2-elf/4.1.2/../../../../nios2-elf/lib\libc.a(lib_a-isattyr.o)
 .debug_info    0x0000c3ae      0x981 c:/altera/12.1/nios2eds/bin/gnu/h-i686-mingw32/bin/../lib/gcc/nios2-elf/4.1.2/../../../../nios2-elf/lib\libc.a(lib_a-lseekr.o)
 .debug_info    0x0000cd2f      0x98c c:/altera/12.1/nios2eds/bin/gnu/h-i686-mingw32/bin/../lib/gcc/nios2-elf/4.1.2/../../../../nios2-elf/lib\libc.a(lib_a-readr.o)
 .debug_info    0x0000d6bb      0x463 C:/Users/Florian/Documents/GitHub/Car2X/software/Car2X_carControl_bsp/\libhal_bsp.a(alt_close.o)
 .debug_info    0x0000db1e      0x67b C:/Users/Florian/Documents/GitHub/Car2X/software/Car2X_carControl_bsp/\libhal_bsp.a(alt_dev.o)
 .debug_info    0x0000e199      0x160 C:/Users/Florian/Documents/GitHub/Car2X/software/Car2X_carControl_bsp/\libhal_bsp.a(alt_errno.o)
 .debug_info    0x0000e2f9      0x65c C:/Users/Florian/Documents/GitHub/Car2X/software/Car2X_carControl_bsp/\libhal_bsp.a(alt_fstat.o)
 .debug_info    0x0000e955      0x662 C:/Users/Florian/Documents/GitHub/Car2X/software/Car2X_carControl_bsp/\libhal_bsp.a(alt_isatty.o)
 .debug_info    0x0000efb7      0x289 C:/Users/Florian/Documents/GitHub/Car2X/software/Car2X_carControl_bsp/\libhal_bsp.a(alt_load.o)
 .debug_info    0x0000f240      0x496 C:/Users/Florian/Documents/GitHub/Car2X/software/Car2X_carControl_bsp/\libhal_bsp.a(alt_lseek.o)
 .debug_info    0x0000f6d6      0x221 C:/Users/Florian/Documents/GitHub/Car2X/software/Car2X_carControl_bsp/\libhal_bsp.a(alt_main.o)
 .debug_info    0x0000f8f7      0xc14 C:/Users/Florian/Documents/GitHub/Car2X/software/Car2X_carControl_bsp/\libhal_bsp.a(alt_malloc_lock.o)